[    1.926061] fedora kernel: virt/tdx: TDX not supported by the host platform
[    2.183037] fedora rpc.statd[408]: Failed to open directory sm: No such file or directory
[    2.183052] fedora rpc.statd[408]: Failed to create /var/lib/nfs/statd/.state.new: No such file or directory
[    2.186192] fedora rpc.idmapd[414]: Setting log level to 0
[    2.186382] fedora rpc.idmapd[414]: libnfsidmap: Unable to determine the NFSv4 domain; Using 'localdomain' as the NFSv4 domain which means UIDs will be mapped to the 'Nobody-User' user defined in /etc/idmapd.conf
[    3.140509] fedora rpc.idmapd[414]: exiting on signal 15
[    3.142343] fedora rpcbind[404]: cannot open file = /run/rpcbind/rpcbind.xdr for writing
[    3.142367] fedora rpcbind[404]: cannot save any registration
[    3.142374] fedora rpcbind[404]: cannot open file = /run/rpcbind/portmap.xdr for writing
[    3.142376] fedora rpcbind[404]: cannot save any registration
[    5.250285] fedora kernel: kauditd_printk_skb: 7 callbacks suppressed
[    5.358886] fedora systemd-oomd[692]: No swap; memory pressure usage will be degraded
[    5.730592] fedora (udev-worker)[721]: sr0: Process '/usr/sbin/pktsetup -i -d 11:0' failed with exit code 1.
[    5.914092] fedora sm-notify[774]: Failed to open sm: No such file or directory
[    5.914096] fedora sm-notify[774]: Failed to open directory sm.bak: No such file or directory
[    5.983529] fedora systemd-tmpfiles[776]: Failed to create directory or subvolume "/usr/local/sbin": Read-only file system
[    7.446071] fedora irqbalance[856]: thermal: failed to receive messages.
[    7.449324] fedora irqbalance[856]: Failed to initialize thermal events.
[    7.539248] fedora avahi-daemon[841]: WARNING: No NSS support for mDNS detected, consider installing nss-mdns!
[    7.689487] fedora systemd-logind[948]: Failed to open '/boot/loader/entries': Remote address changed
[    7.931580] fedora (udev-worker)[718]: sr0: Process '/usr/sbin/pktsetup -i -d 11:0' failed with exit code 1.
[    8.170104] fedora systemd-logind[948]: Failed to open '/boot/loader/entries': Remote address changed
[    8.274558] fedora systemd-logind[948]: Failed to open '/boot/loader/entries': Remote address changed
[   12.299615] fedora kernel: kauditd_printk_skb: 130 callbacks suppressed
[   12.529340] fedora systemd-logind[948]: Failed to open '/boot/loader/entries': Remote address changed
[   12.615875] fedora gnome-shell[1178]: Could not issue 'GetUnit' systemd call
[   12.709610] fedora systemd-logind[948]: Failed to open '/boot/loader/entries': Remote address changed
[   12.744576] fedora systemd-logind[948]: Failed to open '/boot/loader/entries': Remote address changed
[   12.763901] fedora gsd-sharing[1298]: Failed to stop gnome-user-share-webdav.service: GDBus.Error:org.freedesktop.systemd1.NoSuchUnit: Unit gnome-user-share-webdav.service not loaded.
[   12.763915] fedora gsd-sharing[1298]: Failed to stop rygel.service: GDBus.Error:org.freedesktop.systemd1.NoSuchUnit: Unit rygel.service not loaded.
[   12.777885] fedora (bunny-first-boot)[1372]: bunny-first-boot.service: Failed to set up mount namespacing: /run/gdm/home/gnome-initial-setup/.config/bunny-os: No such file or directory
[   12.777906] fedora (bunny-first-boot)[1372]: bunny-first-boot.service: Failed at step NAMESPACE spawning /usr/libexec/bunny-first-boot: No such file or directory
[   12.780569] fedora systemd[1112]: bunny-first-boot.service: Failed with result 'exit-code'.
[   12.780817] fedora systemd[1112]: Failed to start bunny-first-boot.service - Bunny OS per-user first-boot preferences.
[   12.878781] fedora malcontent-timerd[1412]: mct_time_span_new: assertion 'start_time_secs < end_time_secs' failed
[   12.889194] fedora malcontent-timerd[1412]: mct_time_span_free: assertion 'self != NULL' failed
[   12.974496] fedora gnome-shell[1178]: Failed to record usage: GDBus.Error:org.freedesktop.MalcontentTimer1.Child.Error.IdentifyingUser: Error identifying user: Invalid or unknown user
[   12.982721] fedora gsd-usb-protection[1303]: Failed to fetch USBGuard parameters: GDBus.Error:org.freedesktop.DBus.Error.ServiceUnknown: The name is not activatable
[   12.986502] fedora gsd-media-keys[1293]: Failed to grab accelerator for keybinding settings:hibernate
[   12.986527] fedora gsd-media-keys[1293]: Failed to grab accelerator for keybinding settings:playback-repeat
[   11.502141] fedora chronyd[944]: System clock wrong by 1.534184 seconds
[   13.037636] fedora chronyd[944]: System clock was stepped by 1.534184 seconds
[   13.081325] fedora wireplumber[1421]: spa.bluez5: BlueZ system service is not available
[   13.490641] fedora gnome-keyring-daemon[1644]: discover_other_daemon: 0
[   13.589593] fedora gnome-initial-setup[1374]: Could not read list of available locales from libc, guessing possible locales from available translations, but list may be incomplete!
[   14.130065] fedora gnome-shell[1178]: Could not issue 'GetUnit' systemd call
[   14.170103] fedora gsd-xsettings[1694]: Failed to get current UI scaling factor: GDBus.Error:org.freedesktop.DBus.Error.NameHasNoOwner: Destination does not exist
[   17.891681] fedora kernel: kauditd_printk_skb: 5 callbacks suppressed
[   18.011419] fedora irqbalance[856]: Cannot change IRQ 25 affinity: Permission denied
[   18.011479] fedora irqbalance[856]: IRQ 25 affinity is now unmanaged
[   18.011512] fedora irqbalance[856]: Cannot change IRQ 28 affinity: Permission denied
[   18.011517] fedora irqbalance[856]: IRQ 28 affinity is now unmanaged
[   73.014135] fedora kernel: kauditd_printk_skb: 4 callbacks suppressed
[   84.557590] fedora gsd-media-keys[1293]: Virtual machines only honor the 'nothing' power-button-action, and will shutdown otherwise
[   84.742156] fedora gnome-shell[1178]: Connection to xwayland lost
[   84.746741] fedora gnome-shell[1178]: Could not issue 'GetUnit' systemd call
[   84.751739] fedora gnome-shell[1178]: Failed to store screen time limits data: Error opening file “/run/gdm/home/gnome-initial-setup/.local/share/gnome-shell/session-active-history.json”: No such file or directory
[   85.122906] fedora gnome-shell[1178]: Could not release device '/dev/input/event0' (13,64): GDBus.Error:org.freedesktop.DBus.Error.UnknownObject: Unknown object '/org/freedesktop/login1/session/c1'.
[   85.124781] fedora gnome-shell[1178]: Could not release device '/dev/input/event1' (13,65): GDBus.Error:org.freedesktop.DBus.Error.UnknownObject: Unknown object '/org/freedesktop/login1/session/c1'.
[   85.124979] fedora gnome-shell[1178]: Could not release device '/dev/input/event3' (13,67): GDBus.Error:org.freedesktop.DBus.Error.UnknownObject: Unknown object '/org/freedesktop/login1/session/c1'.
[   85.125356] fedora gnome-shell[1178]: Could not release device '/dev/input/event2' (13,66): GDBus.Error:org.freedesktop.DBus.Error.UnknownObject: Unknown object '/org/freedesktop/login1/session/c1'.
[   85.139607] fedora systemd[1]: sys-devices-virtual-misc-rfkill.device: Failed to enqueue SYSTEMD_WANTS job, ignoring: Transaction for systemd-rfkill.socket/start is destructive (shutdown.target has 'start' job queued, but 'stop' is included in transaction).
[   85.149141] fedora dbus-broker-launch[811]: Activation request for 'org.freedesktop.ColorManager' failed.
[   85.149232] fedora gnome-shell[1178]: Could not release device '/dev/dri/card1' (226,1): GDBus.Error:org.freedesktop.DBus.Error.UnknownObject: Unknown object '/org/freedesktop/login1/session/c1'.
[   85.157603] fedora (udev-worker)[1780]: sr0: Process '/usr/sbin/pktsetup -i -d 11:0' failed with exit code 1.
[   85.198554] fedora gnome-session-service[1172]: Failed to log out: Logout has been locked down
[  130.347309] fedora systemd[1112]: gnome-session-manager@gnome-initial-setup.service: State 'stop-sigterm' timed out. Aborting.
[  130.350934] fedora kernel: kauditd_printk_skb: 18 callbacks suppressed
[  130.362353] fedora systemd[1112]: gnome-session-manager@gnome-initial-setup.service: Main process exited, code=dumped, status=6/ABRT
[  130.379891] fedora systemd[1112]: gnome-session-manager@gnome-initial-setup.service: Failed with result 'timeout'.
[  130.396606] fedora gnome-session-ctl[1900]: Couldn't connect to session bus: Could not connect: Connection refused
[  130.527547] fedora dbus-broker-launch[811]: Activation request for 'org.freedesktop.nm_dispatcher' failed.
[  130.793578] fedora systemd-udevd[701]: Failed to remove file descriptor "config-serialization" from the store, ignoring: Connection refused
