[    1.819749] fedora kernel: virt/tdx: TDX not supported by the host platform
[    2.064871] fedora rpc.statd[410]: Failed to open directory sm: No such file or directory
[    2.064903] fedora rpc.statd[410]: Failed to create /var/lib/nfs/statd/.state.new: No such file or directory
[    2.068161] fedora rpc.idmapd[415]: Setting log level to 0
[    2.068392] fedora rpc.idmapd[415]: libnfsidmap: Unable to determine the NFSv4 domain; Using 'localdomain' as the NFSv4 domain which means UIDs will be mapped to the 'Nobody-User' user defined in /etc/idmapd.conf
[    3.048268] fedora rpc.idmapd[415]: exiting on signal 15
[    3.049995] fedora rpcbind[406]: cannot open file = /run/rpcbind/rpcbind.xdr for writing
[    3.050053] fedora rpcbind[406]: cannot save any registration
[    3.050062] fedora rpcbind[406]: cannot open file = /run/rpcbind/portmap.xdr for writing
[    3.050063] fedora rpcbind[406]: cannot save any registration
[    5.190581] fedora systemd-oomd[687]: No swap; memory pressure usage will be degraded
[    5.194375] fedora kernel: kauditd_printk_skb: 12 callbacks suppressed
[    5.485510] fedora (udev-worker)[707]: sr0: Process '/usr/sbin/pktsetup -i -d 11:0' failed with exit code 1.
[    5.959688] fedora systemd-tmpfiles[780]: Failed to create directory or subvolume "/usr/local/sbin": Read-only file system
[    6.519563] fedora irqbalance[839]: thermal: failed to receive messages.
[    6.522214] fedora irqbalance[839]: Failed to initialize thermal events.
[    6.623383] fedora avahi-daemon[821]: WARNING: No NSS support for mDNS detected, consider installing nss-mdns!
[    6.753696] fedora systemd-logind[883]: Failed to open '/boot/loader/entries': Remote address changed
[    7.337365] fedora (udev-worker)[696]: sr0: Process '/usr/sbin/pktsetup -i -d 11:0' failed with exit code 1.
[    7.422274] fedora systemd-logind[883]: Failed to open '/boot/loader/entries': Remote address changed
[    7.430407] fedora gnome-session-service[1090]: App gnome-keyring-secrets.desktop sets X-GNOME-Autostart-Phase, but gnome-session no longer manages session services
[    7.430491] fedora gnome-session-service[1090]: App at-spi-dbus-bus.desktop sets X-GNOME-Autostart-Phase, but gnome-session no longer manages session services
[    7.430525] fedora gnome-session-service[1090]: App gnome-keyring-pkcs11.desktop sets X-GNOME-Autostart-Phase, but gnome-session no longer manages session services
[    7.430549] fedora gnome-session-service[1090]: App xdg-user-dirs.desktop sets X-GNOME-Autostart-Phase, but gnome-session no longer manages session services
[    7.430580] fedora gnome-session-service[1090]: App gnome-keyring-ssh.desktop sets X-GNOME-Autostart-Phase, but gnome-session no longer manages session services
[    7.642557] fedora systemd-logind[883]: Failed to open '/boot/loader/entries': Remote address changed
[    8.553731] fedora systemd-logind[883]: Failed to open '/boot/loader/entries': Remote address changed
[    8.764422] fedora gnome-shell[1097]: Could not issue 'GetUnit' systemd call
[    8.866577] fedora systemd-logind[883]: Failed to open '/boot/loader/entries': Remote address changed
[    8.889529] fedora gsd-sharing[1256]: Failed to stop gnome-user-share-webdav.service: GDBus.Error:org.freedesktop.systemd1.NoSuchUnit: Unit gnome-user-share-webdav.service not loaded.
[    8.889554] fedora gsd-sharing[1256]: Failed to stop rygel.service: GDBus.Error:org.freedesktop.systemd1.NoSuchUnit: Unit rygel.service not loaded.
[    8.911600] fedora systemd-logind[883]: Failed to open '/boot/loader/entries': Remote address changed
[    9.009946] fedora gsd-usb-protection[1263]: Failed to fetch USBGuard parameters: GDBus.Error:org.freedesktop.DBus.Error.ServiceUnknown: The name is not activatable
[    9.033416] fedora gsd-keyboard[1244]: g_variant_unref: assertion 'value != NULL' failed
[    9.291800] fedora gsd-media-keys[1246]: Failed to grab accelerator for keybinding settings:hibernate
[    9.292070] fedora gsd-media-keys[1246]: Failed to grab accelerator for keybinding settings:playback-repeat
[    9.323732] fedora gnome-shell-calendar-server[1201]: e_cal_client_set_default_timezone: assertion 'zone != NULL' failed
[    9.325138] fedora gnome-shell-calendar-server[1201]: e_cal_client_set_default_timezone: assertion 'zone != NULL' failed
[    9.327278] fedora gnome-shell-calendar-server[1201]: e_cal_client_set_default_timezone: assertion 'zone != NULL' failed
[    9.328782] fedora gnome-shell-calendar-server[1201]: e_cal_client_set_default_timezone: assertion 'zone != NULL' failed
[    9.496790] fedora colord[1178]: CdMain: failed to profile from filename: failed to load file: Error opening file /var/home/dsq-test/.local/share/icc/edid-bb6ad72dc802b000932c73ad20996ae5.icc: Permission denied
[    9.528857] fedora gnome-shell[1097]: Failed to create colord color profile icc-302b81433083bf3227cc45de10b23f91: failed to load file: Error opening file /var/home/dsq-test/.local/share/icc/edid-bb6ad72dc802b000932c73ad20996ae5.icc: Permission denied
[    9.731527] fedora wireplumber[1675]: spa.bluez5: BlueZ system service is not available
[    9.905512] fedora gnome-keyring-daemon[1827]: discover_other_daemon: 1
[   10.366424] fedora kernel: kauditd_printk_skb: 126 callbacks suppressed
[   11.878079] fedora gnome-software[1374]: Only 0 apps for recent list, hiding
[   11.890130] fedora gnome-software[1374]: Only 0 apps for curated list, hiding
[   12.538102] fedora gnome-software[1374]: updates-shell: failed to get upgrades: no root object
[   17.011514] fedora irqbalance[839]: Cannot change IRQ 25 affinity: Permission denied
[   17.011577] fedora irqbalance[839]: IRQ 25 affinity is now unmanaged
[   17.011608] fedora irqbalance[839]: Cannot change IRQ 28 affinity: Permission denied
[   17.011612] fedora irqbalance[839]: IRQ 28 affinity is now unmanaged
[   17.011659] fedora irqbalance[839]: Cannot change IRQ 26 affinity: Permission denied
[   17.011664] fedora irqbalance[839]: IRQ 26 affinity is now unmanaged
[   17.011707] fedora irqbalance[839]: Cannot change IRQ 27 affinity: Permission denied
[   17.011710] fedora irqbalance[839]: IRQ 27 affinity is now unmanaged
[   70.893907] fedora gnome-software[1374]: failed to get upgrades: no root object
[   73.882086] fedora gnome-software[1374]: updates-shell: failed to get upgrades: [*/*/*/fedora-pkgdb-collections/*] Failed to download ‘https://admin.fedoraproject.org/pkgdb/api/collections/’: Unknown Error: Error resolving “admin.fedoraproject.org”: Temporary failure in name resolution
[   84.798589] fedora gsd-media-keys[1246]: Virtual machines only honor the 'nothing' power-button-action, and will shutdown otherwise
[   84.854204] fedora gnome-shell[1097]: Owner of volume monitor org.gtk.vfs.GoaVolumeMonitor disconnected from the bus; removing drives/volumes/mounts
[   84.854445] fedora gnome-shell[1097]: Owner of volume monitor org.gtk.vfs.UDisks2VolumeMonitor disconnected from the bus; removing drives/volumes/mounts
[   84.856481] fedora localsearch-3[1375]: Owner of volume monitor org.gtk.vfs.GoaVolumeMonitor disconnected from the bus; removing drives/volumes/mounts
[   84.857124] fedora localsearch-3[1375]: Owner of volume monitor org.gtk.vfs.UDisks2VolumeMonitor disconnected from the bus; removing drives/volumes/mounts
[   85.465904] fedora systemd[1]: sys-devices-virtual-misc-rfkill.device: Failed to enqueue SYSTEMD_WANTS job, ignoring: Transaction for systemd-rfkill.socket/start is destructive (shutdown.target has 'start' job queued, but 'stop' is included in transaction).
[   85.469138] fedora polkitd[895]: Error evaluating admin rules: Error: Helper was signaled with signal SIGTERM (15), stdout=`', stderr=`'
[   85.536200] fedora (udev-worker)[2125]: sr0: Process '/usr/sbin/pktsetup -i -d 11:0' failed with exit code 1.
[   85.542570] fedora gnome-shell[1097]: invalid (NULL) pointer instance
[   85.542594] fedora gnome-shell[1097]: g_signal_handler_disconnect: assertion 'G_TYPE_CHECK_INSTANCE (instance)' failed
[   85.546433] fedora dbus-broker-launch[792]: Activation request for 'org.freedesktop.ColorManager' failed.
