[    1.866389] fedora kernel: virt/tdx: TDX not supported by the host platform
[    2.129685] fedora rpc.statd[409]: Failed to open directory sm: No such file or directory
[    2.129714] fedora rpc.statd[409]: Failed to create /var/lib/nfs/statd/.state.new: No such file or directory
[    2.132894] fedora rpc.idmapd[414]: Setting log level to 0
[    2.133093] fedora rpc.idmapd[414]: libnfsidmap: Unable to determine the NFSv4 domain; Using 'localdomain' as the NFSv4 domain which means UIDs will be mapped to the 'Nobody-User' user defined in /etc/idmapd.conf
[    3.072798] fedora rpc.idmapd[414]: exiting on signal 15
[    3.074521] fedora rpcbind[405]: cannot open file = /run/rpcbind/rpcbind.xdr for writing
[    3.074537] fedora rpcbind[405]: cannot save any registration
[    3.074544] fedora rpcbind[405]: cannot open file = /run/rpcbind/portmap.xdr for writing
[    3.074545] fedora rpcbind[405]: cannot save any registration
[    5.263310] fedora kernel: kauditd_printk_skb: 8 callbacks suppressed
[    5.318938] fedora systemd-oomd[695]: No swap; memory pressure usage will be degraded
[    5.666193] fedora (udev-worker)[715]: sr0: Process '/usr/sbin/pktsetup -i -d 11:0' failed with exit code 1.
[    5.868375] fedora sm-notify[777]: Failed to open sm: No such file or directory
[    5.868376] fedora sm-notify[777]: Failed to open directory sm.bak: No such file or directory
[    5.935867] fedora systemd-tmpfiles[779]: Failed to create directory or subvolume "/usr/local/sbin": Read-only file system
[    7.285538] fedora irqbalance[860]: thermal: failed to receive messages.
[    7.287738] fedora irqbalance[860]: Failed to initialize thermal events.
[    7.367179] fedora avahi-daemon[841]: WARNING: No NSS support for mDNS detected, consider installing nss-mdns!
[    7.547322] fedora systemd-logind[977]: Failed to open '/boot/loader/entries': Remote address changed
[    7.999961] fedora (udev-worker)[711]: sr0: Process '/usr/sbin/pktsetup -i -d 11:0' failed with exit code 1.
[    8.069298] fedora systemd-logind[977]: Failed to open '/boot/loader/entries': Remote address changed
[    8.077674] fedora gnome-session-service[1212]: App gnome-keyring-secrets.desktop sets X-GNOME-Autostart-Phase, but gnome-session no longer manages session services
[    8.077789] fedora gnome-session-service[1212]: App at-spi-dbus-bus.desktop sets X-GNOME-Autostart-Phase, but gnome-session no longer manages session services
[    8.077823] fedora gnome-session-service[1212]: App gnome-keyring-pkcs11.desktop sets X-GNOME-Autostart-Phase, but gnome-session no longer manages session services
[    8.077848] fedora gnome-session-service[1212]: App xdg-user-dirs.desktop sets X-GNOME-Autostart-Phase, but gnome-session no longer manages session services
[    8.077878] fedora gnome-session-service[1212]: App gnome-keyring-ssh.desktop sets X-GNOME-Autostart-Phase, but gnome-session no longer manages session services
[    8.172318] fedora systemd-logind[977]: Failed to open '/boot/loader/entries': Remote address changed
[    8.999632] fedora systemd-logind[977]: Failed to open '/boot/loader/entries': Remote address changed
[    9.921684] fedora gnome-shell[1219]: Could not issue 'GetUnit' systemd call
[   10.472888] fedora systemd-logind[977]: Failed to open '/boot/loader/entries': Remote address changed
[   10.485033] fedora systemd-logind[977]: Failed to open '/boot/loader/entries': Remote address changed
[   10.492946] fedora kernel: kauditd_printk_skb: 137 callbacks suppressed
[   10.539458] fedora gsd-sharing[1400]: Failed to stop gnome-user-share-webdav.service: GDBus.Error:org.freedesktop.systemd1.NoSuchUnit: Unit gnome-user-share-webdav.service not loaded.
[   10.542898] fedora gsd-sharing[1400]: Failed to stop rygel.service: GDBus.Error:org.freedesktop.systemd1.NoSuchUnit: Unit rygel.service not loaded.
[   10.579470] fedora gsd-keyboard[1377]: g_variant_unref: assertion 'value != NULL' failed
[   10.712138] fedora gsd-media-keys[1380]: Failed to grab accelerator for keybinding settings:hibernate
[   10.712169] fedora gsd-media-keys[1380]: Failed to grab accelerator for keybinding settings:playback-repeat
[   10.713547] fedora gnome-shell-calendar-server[1326]: e_cal_client_set_default_timezone: assertion 'zone != NULL' failed
[   10.744574] fedora gnome-shell-calendar-server[1326]: e_cal_client_set_default_timezone: assertion 'zone != NULL' failed
[   10.809444] fedora gsd-usb-protection[1412]: Failed to fetch USBGuard parameters: GDBus.Error:org.freedesktop.DBus.Error.ServiceUnknown: The name is not activatable
[   10.968101] fedora colord[1302]: CdMain: failed to profile from filename: failed to load file: Error opening file /var/home/dsq-test/.local/share/icc/edid-bb6ad72dc802b000932c73ad20996ae5.icc: Permission denied
[   11.087790] fedora gnome-shell[1219]: Failed to create colord color profile icc-1af66fee934affd0762c9c465e5d4945: failed to load file: Error opening file /var/home/dsq-test/.local/share/icc/edid-bb6ad72dc802b000932c73ad20996ae5.icc: Permission denied
[   11.412962] fedora wireplumber[1851]: spa.bluez5: BlueZ system service is not available
[   11.569815] fedora gnome-keyring-daemon[1965]: discover_other_daemon: 1
[   11.629121] fedora chronyd[971]: System clock wrong by 1.078060 seconds
[   12.707727] fedora chronyd[971]: System clock was stepped by 1.078060 seconds
[   13.509998] fedora avahi-daemon[841]: Missed message org.freedesktop.DBus.Properties::GetAll()
[   13.510984] fedora avahi-daemon[841]: Missed message org.freedesktop.DBus.Properties::GetAll()
[   17.778706] fedora kernel: kauditd_printk_skb: 14 callbacks suppressed
[   18.011165] fedora irqbalance[860]: Cannot change IRQ 25 affinity: Permission denied
[   18.011225] fedora irqbalance[860]: IRQ 25 affinity is now unmanaged
[   18.011274] fedora irqbalance[860]: Cannot change IRQ 28 affinity: Permission denied
[   18.011279] fedora irqbalance[860]: IRQ 28 affinity is now unmanaged
[   28.004606] fedora irqbalance[860]: Cannot change IRQ 27 affinity: Permission denied
[   28.004647] fedora irqbalance[860]: IRQ 27 affinity is now unmanaged
[   84.691441] fedora gsd-media-keys[1380]: Virtual machines only honor the 'nothing' power-button-action, and will shutdown otherwise
[   84.738538] fedora localsearch-3[1525]: Owner of volume monitor org.gtk.vfs.GoaVolumeMonitor disconnected from the bus; removing drives/volumes/mounts
[   84.749430] fedora gnome-shell[1219]: Owner of volume monitor org.gtk.vfs.GoaVolumeMonitor disconnected from the bus; removing drives/volumes/mounts
[   84.758102] fedora gnome-shell[1219]: Owner of volume monitor org.gtk.vfs.UDisks2VolumeMonitor disconnected from the bus; removing drives/volumes/mounts
[   84.758102] fedora localsearch-3[1525]: Owner of volume monitor org.gtk.vfs.UDisks2VolumeMonitor disconnected from the bus; removing drives/volumes/mounts
[   84.925382] fedora (udev-worker)[2195]: sr0: Process '/usr/sbin/pktsetup -i -d 11:0' failed with exit code 1.
[   85.271483] fedora systemd[1]: sys-devices-virtual-misc-rfkill.device: Failed to enqueue SYSTEMD_WANTS job, ignoring: Transaction for systemd-rfkill.socket/start is destructive (shutdown.target has 'start' job queued, but 'stop' is included in transaction).
[   85.355785] fedora gnome-shell[1219]: invalid (NULL) pointer instance
[   85.355818] fedora gnome-shell[1219]: g_signal_handler_disconnect: assertion 'G_TYPE_CHECK_INSTANCE (instance)' failed
[   85.359157] fedora dbus-broker-launch[813]: Activation request for 'org.freedesktop.ColorManager' failed.
[   85.446364] fedora systemd[1097]: mpris-proxy.service: Failed with result 'exit-code'.
[   85.602218] fedora dbus-broker-launch[813]: Activation request for 'org.freedesktop.nm_dispatcher' failed.
[   85.927939] fedora systemd-udevd[704]: Failed to remove file descriptor "config-serialization" from the store, ignoring: Connection refused
