[    1.797312] fedora kernel: virt/tdx: TDX not supported by the host platform
[    2.047766] fedora rpc.statd[394]: Failed to open directory sm: No such file or directory
[    2.047797] fedora rpc.statd[394]: Failed to create /var/lib/nfs/statd/.state.new: No such file or directory
[    2.050932] fedora rpc.idmapd[399]: Setting log level to 0
[    2.051140] fedora rpc.idmapd[399]: libnfsidmap: Unable to determine the NFSv4 domain; Using 'localdomain' as the NFSv4 domain which means UIDs will be mapped to the 'Nobody-User' user defined in /etc/idmapd.conf
[    3.021571] fedora rpc.idmapd[399]: exiting on signal 15
[    3.023125] fedora rpcbind[390]: cannot open file = /run/rpcbind/rpcbind.xdr for writing
[    3.023131] fedora rpcbind[390]: cannot save any registration
[    3.023136] fedora rpcbind[390]: cannot open file = /run/rpcbind/portmap.xdr for writing
[    3.023137] fedora rpcbind[390]: cannot save any registration
[    5.268403] fedora kernel: kauditd_printk_skb: 8 callbacks suppressed
[    5.337112] fedora systemd-oomd[682]: No swap; memory pressure usage will be degraded
[    5.740582] fedora (udev-worker)[699]: sr0: Process '/usr/sbin/pktsetup -i -d 11:0' failed with exit code 1.
[    5.938081] fedora sm-notify[754]: Failed to open sm: No such file or directory
[    5.938084] fedora sm-notify[754]: Failed to open directory sm.bak: No such file or directory
[    6.012821] fedora systemd-tmpfiles[761]: Failed to create directory or subvolume "/usr/local/sbin": Read-only file system
[    7.553813] fedora irqbalance[845]: thermal: failed to receive messages.
[    7.554716] fedora irqbalance[845]: Failed to initialize thermal events.
[    7.733959] fedora avahi-daemon[823]: WARNING: No NSS support for mDNS detected, consider installing nss-mdns!
[    7.936116] fedora systemd-logind[933]: Failed to open '/boot/loader/entries': Remote address changed
[    8.525088] fedora (udev-worker)[693]: sr0: Process '/usr/sbin/pktsetup -i -d 11:0' failed with exit code 1.
[    8.652249] fedora systemd-logind[933]: Failed to open '/boot/loader/entries': Remote address changed
[    8.663068] fedora gnome-session-service[1204]: App gnome-keyring-secrets.desktop sets X-GNOME-Autostart-Phase, but gnome-session no longer manages session services
[    8.663163] fedora gnome-session-service[1204]: App at-spi-dbus-bus.desktop sets X-GNOME-Autostart-Phase, but gnome-session no longer manages session services
[    8.663199] fedora gnome-session-service[1204]: App gnome-keyring-pkcs11.desktop sets X-GNOME-Autostart-Phase, but gnome-session no longer manages session services
[    8.663221] fedora gnome-session-service[1204]: App xdg-user-dirs.desktop sets X-GNOME-Autostart-Phase, but gnome-session no longer manages session services
[    8.663251] fedora gnome-session-service[1204]: App gnome-keyring-ssh.desktop sets X-GNOME-Autostart-Phase, but gnome-session no longer manages session services
[    8.770781] fedora systemd-logind[933]: Failed to open '/boot/loader/entries': Remote address changed
[    9.621821] fedora systemd-logind[933]: Failed to open '/boot/loader/entries': Remote address changed
[    9.874365] fedora gnome-shell[1215]: Could not issue 'GetUnit' systemd call
[   10.060810] fedora systemd-logind[933]: Failed to open '/boot/loader/entries': Remote address changed
[   10.082792] fedora gsd-keyboard[1342]: g_variant_unref: assertion 'value != NULL' failed
[   10.166762] fedora systemd-logind[933]: Failed to open '/boot/loader/entries': Remote address changed
[   10.211370] fedora gsd-sharing[1351]: Failed to stop gnome-user-share-webdav.service: GDBus.Error:org.freedesktop.systemd1.NoSuchUnit: Unit gnome-user-share-webdav.service not loaded.
[   10.221446] fedora gsd-sharing[1351]: Failed to stop rygel.service: GDBus.Error:org.freedesktop.systemd1.NoSuchUnit: Unit rygel.service not loaded.
[   10.810979] fedora kernel: kauditd_printk_skb: 142 callbacks suppressed
[   10.829519] fedora gsd-media-keys[1343]: Failed to grab accelerator for keybinding settings:hibernate
[   10.829553] fedora gsd-media-keys[1343]: Failed to grab accelerator for keybinding settings:playback-repeat
[   11.654443] fedora gsd-usb-protection[1360]: Failed to fetch USBGuard parameters: GDBus.Error:org.freedesktop.DBus.Error.ServiceUnknown: The name is not activatable
[   12.021346] fedora gnome-shell-calendar-server[1300]: e_cal_client_set_default_timezone: assertion 'zone != NULL' failed
[   12.055290] fedora gnome-shell-calendar-server[1300]: e_cal_client_set_default_timezone: assertion 'zone != NULL' failed
[   12.222651] fedora gnome-shell-calendar-server[1300]: e_cal_client_set_default_timezone: assertion 'zone != NULL' failed
[   12.294742] fedora gnome-shell-calendar-server[1300]: e_cal_client_set_default_timezone: assertion 'zone != NULL' failed
[   12.709965] fedora colord[1277]: CdMain: failed to profile from filename: failed to load file: Error opening file /var/home/dsq-test/.local/share/icc/edid-bb6ad72dc802b000932c73ad20996ae5.icc: Permission denied
[   13.009326] fedora gnome-shell[1215]: Failed to create colord color profile icc-c45c39e80d6535900d94b29e0d499ee1: failed to load file: Error opening file /var/home/dsq-test/.local/share/icc/edid-bb6ad72dc802b000932c73ad20996ae5.icc: Permission denied
[   13.161620] fedora wireplumber[1753]: spa.bluez5: BlueZ system service is not available
[   13.781202] fedora gnome-keyring-daemon[1928]: discover_other_daemon: 1
[   13.221987] fedora chronyd[929]: System clock wrong by 1.432805 seconds
[   14.657872] fedora chronyd[929]: System clock was stepped by 1.432805 seconds
[   15.779292] fedora avahi-daemon[823]: Missed message org.freedesktop.DBus.Properties::GetAll()
[   15.780250] fedora avahi-daemon[823]: Missed message org.freedesktop.DBus.Properties::GetAll()
[   16.137315] fedora kernel: kauditd_printk_skb: 6 callbacks suppressed
[   84.534383] fedora gsd-media-keys[1343]: Virtual machines only honor the 'nothing' power-button-action, and will shutdown otherwise
[   84.584389] fedora localsearch-3[1521]: Owner of volume monitor org.gtk.vfs.GoaVolumeMonitor disconnected from the bus; removing drives/volumes/mounts
[   84.590696] fedora localsearch-3[1521]: Owner of volume monitor org.gtk.vfs.UDisks2VolumeMonitor disconnected from the bus; removing drives/volumes/mounts
[   84.592892] fedora gnome-shell[1215]: Owner of volume monitor org.gtk.vfs.GoaVolumeMonitor disconnected from the bus; removing drives/volumes/mounts
[   84.596290] fedora gnome-shell[1215]: Owner of volume monitor org.gtk.vfs.UDisks2VolumeMonitor disconnected from the bus; removing drives/volumes/mounts
[   85.182690] fedora systemd[1]: sys-devices-virtual-misc-rfkill.device: Failed to enqueue SYSTEMD_WANTS job, ignoring: Transaction for systemd-rfkill.socket/start is destructive (systemd-poweroff.service has 'start' job queued, but 'stop' is included in transaction).
[   85.240242] fedora (udev-worker)[2132]: sr0: Process '/usr/sbin/pktsetup -i -d 11:0' failed with exit code 1.
[   85.243957] fedora gnome-shell[1215]: invalid (NULL) pointer instance
[   85.244059] fedora gnome-shell[1215]: g_signal_handler_disconnect: assertion 'G_TYPE_CHECK_INSTANCE (instance)' failed
[   85.248576] fedora dbus-broker-launch[793]: Activation request for 'org.freedesktop.ColorManager' failed.
[   85.471870] fedora dbus-broker-launch[793]: Activation request for 'org.freedesktop.nm_dispatcher' failed.
