[    1.925518] fedora kernel: virt/tdx: TDX not supported by the host platform
[    2.203338] fedora rpc.statd[408]: Failed to open directory sm: No such file or directory
[    2.203366] fedora rpc.statd[408]: Failed to create /var/lib/nfs/statd/.state.new: No such file or directory
[    2.206677] fedora rpc.idmapd[413]: Setting log level to 0
[    2.206854] fedora rpc.idmapd[413]: libnfsidmap: Unable to determine the NFSv4 domain; Using 'localdomain' as the NFSv4 domain which means UIDs will be mapped to the 'Nobody-User' user defined in /etc/idmapd.conf
[    3.144549] fedora rpc.idmapd[413]: exiting on signal 15
[    3.146655] fedora rpcbind[404]: cannot open file = /run/rpcbind/rpcbind.xdr for writing
[    3.146678] fedora rpcbind[404]: cannot save any registration
[    3.146686] fedora rpcbind[404]: cannot open file = /run/rpcbind/portmap.xdr for writing
[    3.146687] fedora rpcbind[404]: cannot save any registration
[    5.212174] fedora kernel: kauditd_printk_skb: 5 callbacks suppressed
[    5.396615] fedora systemd-oomd[689]: No swap; memory pressure usage will be degraded
[    5.768484] fedora (udev-worker)[714]: sr0: Process '/usr/sbin/pktsetup -i -d 11:0' failed with exit code 1.
[    5.850063] fedora kernel: erofs (device erofs): failed to read inode meta block (nid: 32619): -4
[    5.977689] fedora sm-notify[772]: Failed to open sm: No such file or directory
[    5.977694] fedora sm-notify[772]: Failed to open directory sm.bak: No such file or directory
[    6.048192] fedora systemd-tmpfiles[774]: Failed to create directory or subvolume "/usr/local/sbin": Read-only file system
[    7.900119] fedora irqbalance[855]: thermal: failed to receive messages.
[    7.903724] fedora irqbalance[855]: Failed to initialize thermal events.
[    8.000525] fedora avahi-daemon[836]: WARNING: No NSS support for mDNS detected, consider installing nss-mdns!
[    8.186976] fedora systemd-logind[940]: Failed to open '/boot/loader/entries': Remote address changed
[    8.520154] fedora (udev-worker)[714]: sr0: Process '/usr/sbin/pktsetup -i -d 11:0' failed with exit code 1.
[    8.735140] fedora systemd-logind[940]: Failed to open '/boot/loader/entries': Remote address changed
[    8.849229] fedora systemd-logind[940]: Failed to open '/boot/loader/entries': Remote address changed
[    9.758444] fedora systemd-logind[940]: Failed to open '/boot/loader/entries': Remote address changed
[    9.836864] fedora gnome-shell[1175]: Could not issue 'GetUnit' systemd call
[    9.907460] fedora systemd-logind[940]: Failed to open '/boot/loader/entries': Remote address changed
[    9.935919] fedora gsd-sharing[1296]: Failed to stop gnome-user-share-webdav.service: GDBus.Error:org.freedesktop.systemd1.NoSuchUnit: Unit gnome-user-share-webdav.service not loaded.
[    9.936544] fedora gsd-sharing[1296]: Failed to stop rygel.service: GDBus.Error:org.freedesktop.systemd1.NoSuchUnit: Unit rygel.service not loaded.
[    9.948326] fedora systemd-logind[940]: Failed to open '/boot/loader/entries': Remote address changed
[    9.985561] fedora (bunny-first-boot)[1373]: bunny-first-boot.service: Failed to set up mount namespacing: /run/gdm/home/gnome-initial-setup/.config/bunny-os: No such file or directory
[    9.985690] fedora (bunny-first-boot)[1373]: bunny-first-boot.service: Failed at step NAMESPACE spawning /usr/libexec/bunny-first-boot: No such file or directory
[    9.987914] fedora systemd[1114]: bunny-first-boot.service: Failed with result 'exit-code'.
[    9.988641] fedora systemd[1114]: Failed to start bunny-first-boot.service - Bunny OS per-user first-boot preferences.
[   10.180696] fedora gsd-usb-protection[1299]: Failed to fetch USBGuard parameters: GDBus.Error:org.freedesktop.DBus.Error.ServiceUnknown: The name is not activatable
[   10.181033] fedora gsd-media-keys[1290]: Failed to grab accelerator for keybinding settings:hibernate
[   10.181045] fedora gsd-media-keys[1290]: Failed to grab accelerator for keybinding settings:playback-repeat
[   10.240928] fedora kernel: kauditd_printk_skb: 140 callbacks suppressed
[   10.245363] fedora gnome-shell[1175]: Failed to record usage: GDBus.Error:org.freedesktop.MalcontentTimer1.Child.Error.IdentifyingUser: Error identifying user: Invalid or unknown user
[   10.437559] fedora wireplumber[1517]: spa.bluez5: BlueZ system service is not available
[   10.634922] fedora gnome-keyring-daemon[1618]: discover_other_daemon: 0
[   10.730354] fedora gnome-initial-setup[1375]: Could not read list of available locales from libc, guessing possible locales from available translations, but list may be incomplete!
[   11.272848] fedora gnome-shell[1175]: Could not issue 'GetUnit' systemd call
[   11.313284] fedora gsd-xsettings[1674]: Failed to get current UI scaling factor: GDBus.Error:org.freedesktop.DBus.Error.NameHasNoOwner: Destination does not exist
[   10.904562] fedora chronyd[938]: System clock wrong by 2.494686 seconds
[   13.399344] fedora chronyd[938]: System clock was stepped by 2.494686 seconds
[   18.010768] fedora irqbalance[855]: Cannot change IRQ 25 affinity: Permission denied
[   18.010844] fedora irqbalance[855]: IRQ 25 affinity is now unmanaged
[   18.010944] fedora irqbalance[855]: Cannot change IRQ 28 affinity: Permission denied
[   18.010949] fedora irqbalance[855]: IRQ 28 affinity is now unmanaged
[   71.035142] fedora kernel: kauditd_printk_skb: 4 callbacks suppressed
[   86.096343] fedora gsd-media-keys[1290]: Virtual machines only honor the 'nothing' power-button-action, and will shutdown otherwise
[   86.278547] fedora gnome-shell[1175]: Connection to xwayland lost
[   86.285751] fedora gnome-shell[1175]: Could not issue 'GetUnit' systemd call
[   86.291530] fedora gnome-shell[1175]: Failed to store screen time limits data: Error opening file “/run/gdm/home/gnome-initial-setup/.local/share/gnome-shell/session-active-history.json”: No such file or directory
[   86.638629] fedora systemd[1]: sys-devices-virtual-misc-rfkill.device: Failed to enqueue SYSTEMD_WANTS job, ignoring: Transaction for systemd-rfkill.socket/start is destructive (shutdown.target has 'start' job queued, but 'stop' is included in transaction).
[   86.675420] fedora gnome-shell[1175]: Could not release device '/dev/input/event0' (13,64): GDBus.Error:org.freedesktop.DBus.Error.UnknownObject: Unknown object '/org/freedesktop/login1/session/c1'.
[   86.681627] fedora gnome-shell[1175]: Could not release device '/dev/input/event1' (13,65): GDBus.Error:org.freedesktop.DBus.Error.UnknownObject: Unknown object '/org/freedesktop/login1/session/c1'.
[   86.688603] fedora gnome-shell[1175]: Could not release device '/dev/input/event3' (13,67): GDBus.Error:org.freedesktop.DBus.Error.UnknownObject: Unknown object '/org/freedesktop/login1/session/c1'.
[   86.708798] fedora gnome-shell[1175]: Could not release device '/dev/input/event2' (13,66): GDBus.Error:org.freedesktop.DBus.Error.UnknownObject: Unknown object '/org/freedesktop/login1/session/c1'.
[   86.736325] fedora (udev-worker)[1774]: sr0: Process '/usr/sbin/pktsetup -i -d 11:0' failed with exit code 1.
[   86.741440] fedora gnome-shell[1175]: Could not release device '/dev/dri/card1' (226,1): GDBus.Error:org.freedesktop.DBus.Error.UnknownObject: Unknown object '/org/freedesktop/login1/session/c1'.
[   86.742545] fedora dbus-broker-launch[809]: Activation request for 'org.freedesktop.ColorManager' failed.
[   86.785878] fedora gnome-session-service[1169]: Failed to log out: Logout has been locked down
[  131.980506] fedora systemd[1114]: gnome-session-manager@gnome-initial-setup.service: State 'stop-sigterm' timed out. Aborting.
[  131.982614] fedora kernel: kauditd_printk_skb: 16 callbacks suppressed
[  131.988617] fedora systemd[1114]: gnome-session-manager@gnome-initial-setup.service: Main process exited, code=dumped, status=6/ABRT
[  132.005941] fedora systemd[1114]: gnome-session-manager@gnome-initial-setup.service: Failed with result 'timeout'.
[  132.017586] fedora gnome-session-ctl[1898]: Couldn't connect to session bus: Could not connect: Connection refused
[  132.159126] fedora dbus-broker-launch[809]: Activation request for 'org.freedesktop.nm_dispatcher' failed.
[  132.464601] fedora systemd-udevd[699]: Failed to remove file descriptor "config-serialization" from the store, ignoring: Connection refused
