[    7.225698] fedora systemd[1]: Listening on avahi-daemon.socket - Avahi mDNS/DNS-SD Stack Activation Socket.
[    7.311884] fedora systemd[1]: Starting avahi-daemon.service - Avahi mDNS/DNS-SD Stack...
[    7.506196] fedora avahi-daemon[842]: Found user 'avahi' (UID 70) and group 'avahi' (GID 70).
[    7.507293] fedora avahi-daemon[842]: Successfully dropped root privileges.
[    7.507482] fedora avahi-daemon[842]: avahi-daemon 0.8 starting up.
[    7.507617] fedora avahi-daemon[842]: WARNING: No NSS support for mDNS detected, consider installing nss-mdns!
[    7.508282] fedora avahi-daemon[842]: Successfully called chroot().
[    7.508287] fedora avahi-daemon[842]: Successfully dropped remaining capabilities.
[    7.508878] fedora avahi-daemon[842]: No service file found in /etc/avahi/services.
[    7.509027] fedora systemd[1]: Started avahi-daemon.service - Avahi mDNS/DNS-SD Stack.
[    7.510392] fedora avahi-daemon[842]: Joining mDNS multicast group on interface lo.IPv6 with address ::1.
[    7.510399] fedora avahi-daemon[842]: New relevant interface lo.IPv6 for mDNS.
[    7.510401] fedora avahi-daemon[842]: Joining mDNS multicast group on interface lo.IPv4 with address 127.0.0.1.
[    7.510406] fedora avahi-daemon[842]: New relevant interface lo.IPv4 for mDNS.
[    7.510408] fedora avahi-daemon[842]: Network interface enumeration completed.
[    7.510410] fedora avahi-daemon[842]: Registering new address record for ::1 on lo.*.
[    7.510430] fedora avahi-daemon[842]: Registering new address record for 127.0.0.1 on lo.IPv4.
[    7.636064] fedora avahi-daemon[842]: Joining mDNS multicast group on interface enp0s2.IPv6 with address fe80::5d60:8dc3:1b0:ab11.
[    7.636419] fedora avahi-daemon[842]: New relevant interface enp0s2.IPv6 for mDNS.
[    7.636577] fedora avahi-daemon[842]: Registering new address record for fe80::5d60:8dc3:1b0:ab11 on enp0s2.*.
[    7.789780] fedora avahi-daemon[842]: Joining mDNS multicast group on interface enp0s2.IPv4 with address 10.0.2.15.
[    7.790081] fedora avahi-daemon[842]: New relevant interface enp0s2.IPv4 for mDNS.
[    7.790117] fedora avahi-daemon[842]: Registering new address record for 10.0.2.15 on enp0s2.IPv4.
[    8.545166] fedora avahi-daemon[842]: Server startup complete. Host name is fedora.local. Local service cookie is 874830043.
[    9.573533] fedora avahi-daemon[842]: Leaving mDNS multicast group on interface enp0s2.IPv6 with address fe80::5d60:8dc3:1b0:ab11.
[    9.573747] fedora avahi-daemon[842]: Joining mDNS multicast group on interface enp0s2.IPv6 with address fec0::d023:4987:3044:acf1.
[    9.573760] fedora avahi-daemon[842]: Registering new address record for fec0::d023:4987:3044:acf1 on enp0s2.*.
[    9.573780] fedora avahi-daemon[842]: Withdrawing address record for fe80::5d60:8dc3:1b0:ab11 on enp0s2.
[   86.166715] fedora avahi-daemon[842]: Got SIGTERM, quitting.
[   86.166947] fedora avahi-daemon[842]: Leaving mDNS multicast group on interface enp0s2.IPv6 with address fec0::d023:4987:3044:acf1.
[   86.167020] fedora avahi-daemon[842]: Leaving mDNS multicast group on interface enp0s2.IPv4 with address 10.0.2.15.
[   86.167048] fedora avahi-daemon[842]: Leaving mDNS multicast group on interface lo.IPv6 with address ::1.
[   86.167074] fedora avahi-daemon[842]: Leaving mDNS multicast group on interface lo.IPv4 with address 127.0.0.1.
[   86.141803] fedora systemd[1]: Stopping avahi-daemon.service - Avahi mDNS/DNS-SD Stack...
[   86.173776] fedora avahi-daemon[842]: avahi-daemon 0.8 exiting.
[   86.205373] fedora systemd[1]: avahi-daemon.service: Deactivated successfully.
[   86.205569] fedora systemd[1]: Stopped avahi-daemon.service - Avahi mDNS/DNS-SD Stack.
[  132.017907] fedora systemd[1]: avahi-daemon.socket: Deactivated successfully.
[  132.017982] fedora systemd[1]: Closed avahi-daemon.socket - Avahi mDNS/DNS-SD Stack Activation Socket.
