[    1.862339] fedora kernel: virt/tdx: TDX not supported by the host platform
[    2.111956] fedora rpc.statd[410]: Failed to open directory sm: No such file or directory
[    2.111982] fedora rpc.statd[410]: Failed to create /var/lib/nfs/statd/.state.new: No such file or directory
[    2.116777] fedora rpc.idmapd[415]: Setting log level to 0
[    2.116994] fedora rpc.idmapd[415]: libnfsidmap: Unable to determine the NFSv4 domain; Using 'localdomain' as the NFSv4 domain which means UIDs will be mapped to the 'Nobody-User' user defined in /etc/idmapd.conf
[    3.072901] fedora rpc.idmapd[415]: exiting on signal 15
[    3.074927] fedora rpcbind[406]: cannot open file = /run/rpcbind/rpcbind.xdr for writing
[    3.074951] fedora rpcbind[406]: cannot save any registration
[    3.074958] fedora rpcbind[406]: cannot open file = /run/rpcbind/portmap.xdr for writing
[    3.074960] fedora rpcbind[406]: cannot save any registration
[    5.202347] fedora kernel: kauditd_printk_skb: 8 callbacks suppressed
[    5.251281] fedora systemd-oomd[693]: No swap; memory pressure usage will be degraded
[    5.595118] fedora (udev-worker)[709]: sr0: Process '/usr/sbin/pktsetup -i -d 11:0' failed with exit code 1.
[    5.841120] fedora sm-notify[775]: Failed to open sm: No such file or directory
[    5.841125] fedora sm-notify[775]: Failed to open directory sm.bak: No such file or directory
[    5.903922] fedora systemd-tmpfiles[777]: Failed to create directory or subvolume "/usr/local/sbin": Read-only file system
[    7.386220] fedora irqbalance[861]: thermal: failed to receive messages.
[    7.386248] fedora irqbalance[861]: Failed to initialize thermal events.
[    7.476405] fedora avahi-daemon[844]: WARNING: No NSS support for mDNS detected, consider installing nss-mdns!
[    7.617327] fedora systemd-logind[953]: Failed to open '/boot/loader/entries': Remote address changed
[    7.822591] fedora (udev-worker)[706]: sr0: Process '/usr/sbin/pktsetup -i -d 11:0' failed with exit code 1.
[    8.033986] fedora systemd-logind[953]: Failed to open '/boot/loader/entries': Remote address changed
[    8.150071] fedora systemd-logind[953]: Failed to open '/boot/loader/entries': Remote address changed
[    9.026255] fedora systemd-logind[953]: Failed to open '/boot/loader/entries': Remote address changed
[    9.108882] fedora gnome-shell[1178]: Could not issue 'GetUnit' systemd call
[    9.170725] fedora systemd-logind[953]: Failed to open '/boot/loader/entries': Remote address changed
[    9.191744] fedora systemd-logind[953]: Failed to open '/boot/loader/entries': Remote address changed
[    9.229646] fedora (bunny-first-boot)[1372]: bunny-first-boot.service: Failed to set up mount namespacing: /run/gdm/home/gnome-initial-setup/.config/bunny-os: No such file or directory
[    9.230950] fedora (bunny-first-boot)[1372]: bunny-first-boot.service: Failed at step NAMESPACE spawning /usr/libexec/bunny-first-boot: No such file or directory
[    9.232863] fedora systemd[1084]: bunny-first-boot.service: Failed with result 'exit-code'.
[    9.237477] fedora systemd[1084]: Failed to start bunny-first-boot.service - Bunny OS per-user first-boot preferences.
[    9.245444] fedora gsd-sharing[1297]: Failed to stop gnome-user-share-webdav.service: GDBus.Error:org.freedesktop.systemd1.NoSuchUnit: Unit gnome-user-share-webdav.service not loaded.
[    9.245550] fedora gsd-sharing[1297]: Failed to stop rygel.service: GDBus.Error:org.freedesktop.systemd1.NoSuchUnit: Unit rygel.service not loaded.
[    9.399502] fedora gsd-usb-protection[1307]: Failed to fetch USBGuard parameters: GDBus.Error:org.freedesktop.DBus.Error.ServiceUnknown: The name is not activatable
[    9.408076] fedora gsd-media-keys[1291]: Failed to grab accelerator for keybinding settings:playback-repeat
[    9.408083] fedora gsd-media-keys[1291]: Failed to grab accelerator for keybinding settings:hibernate
[    9.469347] fedora gnome-shell[1178]: Failed to record usage: GDBus.Error:org.freedesktop.MalcontentTimer1.Child.Error.IdentifyingUser: Error identifying user: Invalid or unknown user
[    9.638690] fedora wireplumber[1527]: spa.bluez5: BlueZ system service is not available
[    9.845950] fedora gnome-keyring-daemon[1632]: discover_other_daemon: 0
[    9.932123] fedora gnome-initial-setup[1376]: Could not read list of available locales from libc, guessing possible locales from available translations, but list may be incomplete!
[   10.451720] fedora gnome-shell[1178]: Could not issue 'GetUnit' systemd call
[   10.489289] fedora gsd-xsettings[1684]: Failed to get current UI scaling factor: GDBus.Error:org.freedesktop.DBus.Error.NameHasNoOwner: Destination does not exist
[   11.487277] fedora chronyd[853]: System clock wrong by 1.388113 seconds
[   12.875544] fedora chronyd[853]: System clock was stepped by 1.388113 seconds
[   17.838180] fedora kernel: kauditd_printk_skb: 144 callbacks suppressed
[   18.001403] fedora irqbalance[861]: Cannot change IRQ 25 affinity: Permission denied
[   18.001446] fedora irqbalance[861]: IRQ 25 affinity is now unmanaged
[   18.001467] fedora irqbalance[861]: Cannot change IRQ 28 affinity: Permission denied
[   18.001470] fedora irqbalance[861]: IRQ 28 affinity is now unmanaged
[   70.005616] fedora kernel: kauditd_printk_skb: 4 callbacks suppressed
[   84.353876] fedora gsd-media-keys[1291]: Virtual machines only honor the 'nothing' power-button-action, and will shutdown otherwise
[   84.528740] fedora gnome-shell[1178]: Connection to xwayland lost
[   84.535395] fedora gnome-shell[1178]: Could not issue 'GetUnit' systemd call
[   84.878154] fedora dbus-broker-launch[812]: Activation request for 'org.freedesktop.Accounts' failed.
[   84.918721] fedora gnome-shell[1178]: Could not release device '/dev/input/event0' (13,64): GDBus.Error:org.freedesktop.DBus.Error.UnknownObject: Unknown object '/org/freedesktop/login1/session/c1'.
[   84.919837] fedora gnome-shell[1178]: Could not release device '/dev/input/event1' (13,65): GDBus.Error:org.freedesktop.DBus.Error.UnknownObject: Unknown object '/org/freedesktop/login1/session/c1'.
[   84.920415] fedora gnome-shell[1178]: Could not release device '/dev/input/event3' (13,67): GDBus.Error:org.freedesktop.DBus.Error.UnknownObject: Unknown object '/org/freedesktop/login1/session/c1'.
[   84.920718] fedora gnome-shell[1178]: Could not release device '/dev/input/event2' (13,66): GDBus.Error:org.freedesktop.DBus.Error.UnknownObject: Unknown object '/org/freedesktop/login1/session/c1'.
[   84.927895] fedora systemd[1]: sys-devices-virtual-misc-rfkill.device: Failed to enqueue SYSTEMD_WANTS job, ignoring: Transaction for systemd-rfkill.socket/start is destructive (poweroff.target has 'start' job queued, but 'stop' is included in transaction).
[   84.933640] fedora dbus-broker-launch[812]: Activation request for 'org.freedesktop.Accounts' failed.
[   84.933963] fedora gdm[1036]: Gdm: Failed to list cached users: GDBus.Error:org.freedesktop.DBus.Error.NameHasNoOwner: Could not activate remote peer 'org.freedesktop.Accounts': activation request failed: unit is invalid
[   84.935025] fedora systemd[1]: gdm.service: Failed with result 'exit-code'.
[   84.936392] fedora systemd[1]: gdm.service: Failed to enqueue OnFailure=plymouth-quit.service job, ignoring: Unit plymouth-quit.service not found.
[   84.943385] fedora gnome-shell[1178]: Could not release device '/dev/dri/card1' (226,1): GDBus.Error:org.freedesktop.DBus.Error.UnknownObject: Unknown object '/org/freedesktop/login1/session/c1'.
[   84.945959] fedora dbus-broker-launch[812]: Activation request for 'org.freedesktop.ColorManager' failed.
[   84.965582] fedora (udev-worker)[1868]: sr0: Process '/usr/sbin/pktsetup -i -d 11:0' failed with exit code 1.
[   84.996866] fedora gnome-session-service[1170]: Failed to log out: Logout has been locked down
[  130.233855] fedora systemd[1084]: gnome-session-manager@gnome-initial-setup.service: State 'stop-sigterm' timed out. Aborting.
[  130.235276] fedora kernel: kauditd_printk_skb: 18 callbacks suppressed
[  130.243421] fedora systemd[1084]: gnome-session-manager@gnome-initial-setup.service: Main process exited, code=dumped, status=6/ABRT
[  130.257320] fedora systemd[1084]: gnome-session-manager@gnome-initial-setup.service: Failed with result 'timeout'.
[  130.272251] fedora gnome-session-ctl[1913]: Couldn't connect to session bus: Could not connect: Connection refused
[  130.402325] fedora dbus-broker-launch[812]: Activation request for 'org.freedesktop.nm_dispatcher' failed.
[  130.696645] fedora systemd-udevd[702]: Failed to remove file descriptor "config-serialization" from the store, ignoring: Connection refused
