[    1.841297] fedora kernel: virt/tdx: TDX not supported by the host platform
[    2.094627] fedora rpc.statd[392]: Failed to open directory sm: No such file or directory
[    2.094655] fedora rpc.statd[392]: Failed to create /var/lib/nfs/statd/.state.new: No such file or directory
[    2.098569] fedora rpc.idmapd[397]: Setting log level to 0
[    2.099282] fedora rpc.idmapd[397]: libnfsidmap: Unable to determine the NFSv4 domain; Using 'localdomain' as the NFSv4 domain which means UIDs will be mapped to the 'Nobody-User' user defined in /etc/idmapd.conf
[    3.027899] fedora rpc.idmapd[397]: exiting on signal 15
[    3.029551] fedora rpcbind[388]: cannot open file = /run/rpcbind/rpcbind.xdr for writing
[    3.029696] fedora rpcbind[388]: cannot save any registration
[    3.029705] fedora rpcbind[388]: cannot open file = /run/rpcbind/portmap.xdr for writing
[    3.029706] fedora rpcbind[388]: cannot save any registration
[    5.155479] fedora kernel: kauditd_printk_skb: 6 callbacks suppressed
[    5.340506] fedora systemd-oomd[679]: No swap; memory pressure usage will be degraded
[    5.710038] fedora (udev-worker)[695]: sr0: Process '/usr/sbin/pktsetup -i -d 11:0' failed with exit code 1.
[    5.970859] fedora sm-notify[757]: Failed to open sm: No such file or directory
[    5.970862] fedora sm-notify[757]: Failed to open directory sm.bak: No such file or directory
[    6.043745] fedora systemd-tmpfiles[760]: Failed to create directory or subvolume "/usr/local/sbin": Read-only file system
[    7.586840] fedora irqbalance[843]: thermal: failed to receive messages.
[    7.589296] fedora irqbalance[843]: Failed to initialize thermal events.
[    7.782233] fedora avahi-daemon[822]: WARNING: No NSS support for mDNS detected, consider installing nss-mdns!
[    7.940865] fedora systemd-logind[943]: Failed to open '/boot/loader/entries': Remote address changed
[    8.273864] fedora (udev-worker)[702]: sr0: Process '/usr/sbin/pktsetup -i -d 11:0' failed with exit code 1.
[    8.516406] fedora systemd-logind[943]: Failed to open '/boot/loader/entries': Remote address changed
[    8.628472] fedora systemd-logind[943]: Failed to open '/boot/loader/entries': Remote address changed
[    9.517794] fedora systemd-logind[943]: Failed to open '/boot/loader/entries': Remote address changed
[    9.605527] fedora gnome-shell[1160]: Could not issue 'GetUnit' systemd call
[    9.739821] fedora systemd-logind[943]: Failed to open '/boot/loader/entries': Remote address changed
[    9.762980] fedora systemd-logind[943]: Failed to open '/boot/loader/entries': Remote address changed
[    9.826115] fedora gsd-sharing[1282]: Failed to stop gnome-user-share-webdav.service: GDBus.Error:org.freedesktop.systemd1.NoSuchUnit: Unit gnome-user-share-webdav.service not loaded.
[    9.827811] fedora gsd-sharing[1282]: Failed to stop rygel.service: GDBus.Error:org.freedesktop.systemd1.NoSuchUnit: Unit rygel.service not loaded.
[    9.842775] fedora (bunny-first-boot)[1359]: bunny-first-boot.service: Failed to set up mount namespacing: /run/gdm/home/gnome-initial-setup/.config/bunny-os: No such file or directory
[    9.842792] fedora (bunny-first-boot)[1359]: bunny-first-boot.service: Failed at step NAMESPACE spawning /usr/libexec/bunny-first-boot: No such file or directory
[    9.851929] fedora systemd[1084]: bunny-first-boot.service: Failed with result 'exit-code'.
[    9.852469] fedora systemd[1084]: Failed to start bunny-first-boot.service - Bunny OS per-user first-boot preferences.
[   10.110055] fedora gsd-usb-protection[1284]: Failed to fetch USBGuard parameters: GDBus.Error:org.freedesktop.DBus.Error.ServiceUnknown: The name is not activatable
[   10.115775] fedora gsd-media-keys[1276]: Failed to grab accelerator for keybinding settings:playback-repeat
[   10.115784] fedora gsd-media-keys[1276]: Failed to grab accelerator for keybinding settings:hibernate
[   10.207632] fedora kernel: kauditd_printk_skb: 141 callbacks suppressed
[   10.227260] fedora gnome-shell[1160]: Failed to record usage: GDBus.Error:org.freedesktop.MalcontentTimer1.Child.Error.IdentifyingUser: Error identifying user: Invalid or unknown user
[   10.485603] fedora wireplumber[1490]: spa.bluez5: BlueZ system service is not available
[   10.677808] fedora gnome-keyring-daemon[1578]: discover_other_daemon: 0
[   10.770078] fedora gnome-initial-setup[1362]: Could not read list of available locales from libc, guessing possible locales from available translations, but list may be incomplete!
[   11.277232] fedora gnome-shell[1160]: Could not issue 'GetUnit' systemd call
[   11.309629] fedora gsd-xsettings[1626]: Failed to get current UI scaling factor: GDBus.Error:org.freedesktop.DBus.Error.NameHasNoOwner: Destination does not exist
[   11.838646] fedora chronyd[828]: System clock wrong by 1.359252 seconds
[   13.197947] fedora chronyd[828]: System clock was stepped by 1.359252 seconds
[   48.004945] fedora irqbalance[843]: Cannot change IRQ 26 affinity: Permission denied
[   48.005068] fedora irqbalance[843]: IRQ 26 affinity is now unmanaged
[   71.007519] fedora kernel: kauditd_printk_skb: 4 callbacks suppressed
[   86.483242] fedora gsd-media-keys[1276]: Virtual machines only honor the 'nothing' power-button-action, and will shutdown otherwise
[   86.719450] fedora gnome-shell[1160]: Connection to xwayland lost
[   86.726307] fedora gnome-shell[1160]: Could not issue 'GetUnit' systemd call
[   86.731067] fedora gnome-shell[1160]: Failed to store screen time limits data: Error opening file “/run/gdm/home/gnome-initial-setup/.local/share/gnome-shell/session-active-history.json”: No such file or directory
[   87.053456] fedora systemd[1]: sys-devices-virtual-misc-rfkill.device: Failed to enqueue SYSTEMD_WANTS job, ignoring: Transaction for systemd-rfkill.socket/start is destructive (poweroff.target has 'start' job queued, but 'stop' is included in transaction).
[   87.082223] fedora gnome-shell[1160]: Could not release device '/dev/input/event0' (13,64): GDBus.Error:org.freedesktop.DBus.Error.UnknownObject: Unknown object '/org/freedesktop/login1/session/c1'.
[   87.085856] fedora gnome-shell[1160]: Could not release device '/dev/input/event1' (13,65): GDBus.Error:org.freedesktop.DBus.Error.UnknownObject: Unknown object '/org/freedesktop/login1/session/c1'.
[   87.091435] fedora gnome-shell[1160]: Could not release device '/dev/input/event3' (13,67): GDBus.Error:org.freedesktop.DBus.Error.UnknownObject: Unknown object '/org/freedesktop/login1/session/c1'.
[   87.098539] fedora gnome-shell[1160]: Could not release device '/dev/input/event2' (13,66): GDBus.Error:org.freedesktop.DBus.Error.UnknownObject: Unknown object '/org/freedesktop/login1/session/c1'.
[   87.106108] fedora (udev-worker)[1717]: sr0: Process '/usr/sbin/pktsetup -i -d 11:0' failed with exit code 1.
[   87.116516] fedora gnome-shell[1160]: Could not release device '/dev/dri/card1' (226,1): GDBus.Error:org.freedesktop.DBus.Error.UnknownObject: Unknown object '/org/freedesktop/login1/session/c1'.
[   87.119240] fedora dbus-broker-launch[790]: Activation request for 'org.freedesktop.ColorManager' failed.
[   87.147610] fedora gnome-session-service[1154]: Failed to log out: Logout has been locked down
[  132.394444] fedora systemd[1084]: gnome-session-manager@gnome-initial-setup.service: State 'stop-sigterm' timed out. Aborting.
[  132.397299] fedora kernel: kauditd_printk_skb: 16 callbacks suppressed
[  132.405177] fedora systemd[1084]: gnome-session-manager@gnome-initial-setup.service: Main process exited, code=dumped, status=6/ABRT
[  132.419396] fedora systemd[1084]: gnome-session-manager@gnome-initial-setup.service: Failed with result 'timeout'.
[  132.428341] fedora gnome-session-ctl[1835]: Couldn't connect to session bus: Could not connect: Connection refused
[  132.539648] fedora dbus-broker-launch[790]: Activation request for 'org.freedesktop.nm_dispatcher' failed.
