[    1.853277] fedora kernel: virt/tdx: TDX not supported by the host platform
[    2.099885] fedora rpc.statd[410]: Failed to open directory sm: No such file or directory
[    2.099921] fedora rpc.statd[410]: Failed to create /var/lib/nfs/statd/.state.new: No such file or directory
[    2.102824] fedora rpc.idmapd[415]: Setting log level to 0
[    2.102995] fedora rpc.idmapd[415]: libnfsidmap: Unable to determine the NFSv4 domain; Using 'localdomain' as the NFSv4 domain which means UIDs will be mapped to the 'Nobody-User' user defined in /etc/idmapd.conf
[    3.071899] fedora rpc.idmapd[415]: exiting on signal 15
[    3.073985] fedora rpcbind[406]: cannot open file = /run/rpcbind/rpcbind.xdr for writing
[    3.074034] fedora rpcbind[406]: cannot save any registration
[    3.074063] fedora rpcbind[406]: cannot open file = /run/rpcbind/portmap.xdr for writing
[    3.074064] fedora rpcbind[406]: cannot save any registration
[    5.209432] fedora kernel: kauditd_printk_skb: 8 callbacks suppressed
[    5.260127] fedora systemd-oomd[692]: No swap; memory pressure usage will be degraded
[    5.596626] fedora (udev-worker)[724]: sr0: Process '/usr/sbin/pktsetup -i -d 11:0' failed with exit code 1.
[    5.815054] fedora sm-notify[776]: Failed to open sm: No such file or directory
[    5.815060] fedora sm-notify[776]: Failed to open directory sm.bak: No such file or directory
[    5.875656] fedora systemd-tmpfiles[778]: Failed to create directory or subvolume "/usr/local/sbin": Read-only file system
[    7.274809] fedora irqbalance[859]: thermal: failed to receive messages.
[    7.275547] fedora irqbalance[859]: Failed to initialize thermal events.
[    7.381934] fedora avahi-daemon[842]: WARNING: No NSS support for mDNS detected, consider installing nss-mdns!
[    7.536979] fedora systemd-logind[968]: Failed to open '/boot/loader/entries': Remote address changed
[    7.975744] fedora (udev-worker)[723]: sr0: Process '/usr/sbin/pktsetup -i -d 11:0' failed with exit code 1.
[    8.063464] fedora systemd-logind[968]: Failed to open '/boot/loader/entries': Remote address changed
[    8.070792] fedora gnome-session-service[1210]: App gnome-keyring-secrets.desktop sets X-GNOME-Autostart-Phase, but gnome-session no longer manages session services
[    8.070896] fedora gnome-session-service[1210]: App at-spi-dbus-bus.desktop sets X-GNOME-Autostart-Phase, but gnome-session no longer manages session services
[    8.070930] fedora gnome-session-service[1210]: App gnome-keyring-pkcs11.desktop sets X-GNOME-Autostart-Phase, but gnome-session no longer manages session services
[    8.070954] fedora gnome-session-service[1210]: App xdg-user-dirs.desktop sets X-GNOME-Autostart-Phase, but gnome-session no longer manages session services
[    8.070986] fedora gnome-session-service[1210]: App gnome-keyring-ssh.desktop sets X-GNOME-Autostart-Phase, but gnome-session no longer manages session services
[    8.161639] fedora systemd-logind[968]: Failed to open '/boot/loader/entries': Remote address changed
[    8.939904] fedora systemd-logind[968]: Failed to open '/boot/loader/entries': Remote address changed
[    9.139792] fedora gnome-shell[1217]: Could not issue 'GetUnit' systemd call
[    9.209141] fedora systemd-logind[968]: Failed to open '/boot/loader/entries': Remote address changed
[    9.269771] fedora systemd-logind[968]: Failed to open '/boot/loader/entries': Remote address changed
[    9.300644] fedora gsd-keyboard[1366]: g_variant_unref: assertion 'value != NULL' failed
[    9.312400] fedora gsd-sharing[1379]: Failed to stop gnome-user-share-webdav.service: GDBus.Error:org.freedesktop.systemd1.NoSuchUnit: Unit gnome-user-share-webdav.service not loaded.
[    9.313932] fedora gsd-sharing[1379]: Failed to stop rygel.service: GDBus.Error:org.freedesktop.systemd1.NoSuchUnit: Unit rygel.service not loaded.
[    9.407133] fedora gsd-media-keys[1368]: Failed to grab accelerator for keybinding settings:hibernate
[    9.407142] fedora gsd-media-keys[1368]: Failed to grab accelerator for keybinding settings:playback-repeat
[    9.519994] fedora gsd-usb-protection[1384]: Failed to fetch USBGuard parameters: GDBus.Error:org.freedesktop.DBus.Error.ServiceUnknown: The name is not activatable
[    9.535256] fedora gnome-shell-calendar-server[1322]: e_cal_client_set_default_timezone: assertion 'zone != NULL' failed
[    9.537072] fedora gnome-shell-calendar-server[1322]: e_cal_client_set_default_timezone: assertion 'zone != NULL' failed
[    9.540749] fedora gnome-shell-calendar-server[1322]: e_cal_client_set_default_timezone: assertion 'zone != NULL' failed
[    9.544181] fedora gnome-shell-calendar-server[1322]: e_cal_client_set_default_timezone: assertion 'zone != NULL' failed
[    9.632413] fedora colord[1298]: CdMain: failed to profile from filename: failed to load file: Error opening file /var/home/dsq-test/.local/share/icc/edid-bb6ad72dc802b000932c73ad20996ae5.icc: Permission denied
[    9.633813] fedora gnome-shell[1217]: Failed to create colord color profile icc-e1bf27ebb0e8525eaf5042c0764bea4f: failed to load file: Error opening file /var/home/dsq-test/.local/share/icc/edid-bb6ad72dc802b000932c73ad20996ae5.icc: Permission denied
[    9.650110] fedora malcontent-timerd[1747]: mct_time_span_new: assertion 'start_time_secs < end_time_secs' failed
[    9.651745] fedora malcontent-timerd[1747]: mct_time_span_copy: assertion 'self != NULL' failed
[    9.651754] fedora malcontent-timerd[1747]: mct_time_span_get_start_time_secs: assertion 'self != NULL' failed
[    9.651755] fedora malcontent-timerd[1747]: mct_time_span_get_end_time_secs: assertion 'self != NULL' failed
[    9.651758] fedora malcontent-timerd[1747]: mct_time_span_free: assertion 'self != NULL' failed
[    9.652837] fedora malcontent-timerd[1747]: mct_time_span_free: assertion 'self != NULL' failed
[    9.826418] fedora wireplumber[1765]: spa.bluez5: BlueZ system service is not available
[   10.252212] fedora gnome-keyring-daemon[1968]: discover_other_daemon: 1
[   10.371934] fedora kernel: kauditd_printk_skb: 153 callbacks suppressed
[   12.097170] fedora avahi-daemon[842]: Missed message org.freedesktop.DBus.Properties::GetAll()
[   12.097732] fedora avahi-daemon[842]: Missed message org.freedesktop.DBus.Properties::GetAll()
[   18.011600] fedora irqbalance[859]: Cannot change IRQ 25 affinity: Permission denied
[   18.011647] fedora irqbalance[859]: IRQ 25 affinity is now unmanaged
[   18.011674] fedora irqbalance[859]: Cannot change IRQ 28 affinity: Permission denied
[   18.011677] fedora irqbalance[859]: IRQ 28 affinity is now unmanaged
[   28.009526] fedora irqbalance[859]: Cannot change IRQ 27 affinity: Permission denied
[   28.009588] fedora irqbalance[859]: IRQ 27 affinity is now unmanaged
[   85.668759] fedora gsd-media-keys[1368]: Virtual machines only honor the 'nothing' power-button-action, and will shutdown otherwise
[   85.726538] fedora gnome-shell[1217]: Owner of volume monitor org.gtk.vfs.GoaVolumeMonitor disconnected from the bus; removing drives/volumes/mounts
[   85.726660] fedora localsearch-3[1499]: Owner of volume monitor org.gtk.vfs.GoaVolumeMonitor disconnected from the bus; removing drives/volumes/mounts
[   85.728418] fedora localsearch-3[1499]: Owner of volume monitor org.gtk.vfs.UDisks2VolumeMonitor disconnected from the bus; removing drives/volumes/mounts
[   85.728799] fedora gnome-shell[1217]: Owner of volume monitor org.gtk.vfs.UDisks2VolumeMonitor disconnected from the bus; removing drives/volumes/mounts
[   86.240925] fedora polkitd[946]: Error evaluating admin rules: Error: Helper was signaled with signal SIGTERM (15), stdout=`', stderr=`'
[   86.252868] fedora systemd[1]: sys-devices-virtual-misc-rfkill.device: Failed to enqueue SYSTEMD_WANTS job, ignoring: Transaction for systemd-rfkill.socket/start is destructive (poweroff.target has 'start' job queued, but 'stop' is included in transaction).
[   86.301615] fedora gnome-shell[1217]: invalid (NULL) pointer instance
[   86.301654] fedora gnome-shell[1217]: g_signal_handler_disconnect: assertion 'G_TYPE_CHECK_INSTANCE (instance)' failed
[   86.305432] fedora dbus-broker-launch[811]: Activation request for 'org.freedesktop.ColorManager' failed.
[   86.322540] fedora (udev-worker)[2227]: sr0: Process '/usr/sbin/pktsetup -i -d 11:0' failed with exit code 1.
[   86.503868] fedora dbus-broker-launch[811]: Activation request for 'org.freedesktop.nm_dispatcher' failed.
[   86.976922] fedora systemd-udevd[701]: Failed to remove file descriptor "config-serialization" from the store, ignoring: Connection refused
