[    1.878555] fedora kernel: virt/tdx: TDX not supported by the host platform
[    2.154802] fedora rpc.statd[410]: Failed to open directory sm: No such file or directory
[    2.154837] fedora rpc.statd[410]: Failed to create /var/lib/nfs/statd/.state.new: No such file or directory
[    2.158554] fedora rpc.idmapd[415]: Setting log level to 0
[    2.158763] fedora rpc.idmapd[415]: libnfsidmap: Unable to determine the NFSv4 domain; Using 'localdomain' as the NFSv4 domain which means UIDs will be mapped to the 'Nobody-User' user defined in /etc/idmapd.conf
[    3.087138] fedora rpc.idmapd[415]: exiting on signal 15
[    3.089825] fedora rpcbind[406]: cannot open file = /run/rpcbind/rpcbind.xdr for writing
[    3.089850] fedora rpcbind[406]: cannot save any registration
[    3.089859] fedora rpcbind[406]: cannot open file = /run/rpcbind/portmap.xdr for writing
[    3.089859] fedora rpcbind[406]: cannot save any registration
[    5.208422] fedora kernel: kauditd_printk_skb: 7 callbacks suppressed
[    5.313710] fedora systemd-oomd[693]: No swap; memory pressure usage will be degraded
[    5.706094] fedora (udev-worker)[726]: sr0: Process '/usr/sbin/pktsetup -i -d 11:0' failed with exit code 1.
[    5.926830] fedora sm-notify[777]: Failed to open sm: No such file or directory
[    5.926833] fedora sm-notify[777]: Failed to open directory sm.bak: No such file or directory
[    6.002711] fedora systemd-tmpfiles[779]: Failed to create directory or subvolume "/usr/local/sbin": Read-only file system
[    7.483177] fedora irqbalance[862]: thermal: failed to receive messages.
[    7.483234] fedora irqbalance[862]: Failed to initialize thermal events.
[    7.548528] fedora avahi-daemon[842]: WARNING: No NSS support for mDNS detected, consider installing nss-mdns!
[    7.673902] fedora systemd-logind[955]: Failed to open '/boot/loader/entries': Remote address changed
[    7.885485] fedora (udev-worker)[726]: sr0: Process '/usr/sbin/pktsetup -i -d 11:0' failed with exit code 1.
[    8.119545] fedora systemd-logind[955]: Failed to open '/boot/loader/entries': Remote address changed
[    8.230144] fedora systemd-logind[955]: Failed to open '/boot/loader/entries': Remote address changed
[    9.095557] fedora systemd-logind[955]: Failed to open '/boot/loader/entries': Remote address changed
[    9.169390] fedora gnome-shell[1180]: Could not issue 'GetUnit' systemd call
[    9.212962] fedora systemd-logind[955]: Failed to open '/boot/loader/entries': Remote address changed
[    9.223767] fedora systemd-logind[955]: Failed to open '/boot/loader/entries': Remote address changed
[    9.242079] fedora gsd-sharing[1302]: Failed to stop gnome-user-share-webdav.service: GDBus.Error:org.freedesktop.systemd1.NoSuchUnit: Unit gnome-user-share-webdav.service not loaded.
[    9.242095] fedora gsd-sharing[1302]: Failed to stop rygel.service: GDBus.Error:org.freedesktop.systemd1.NoSuchUnit: Unit rygel.service not loaded.
[    9.285265] fedora (bunny-first-boot)[1376]: bunny-first-boot.service: Failed to set up mount namespacing: /run/gdm/home/gnome-initial-setup/.config/bunny-os: No such file or directory
[    9.285490] fedora (bunny-first-boot)[1376]: bunny-first-boot.service: Failed at step NAMESPACE spawning /usr/libexec/bunny-first-boot: No such file or directory
[    9.289271] fedora systemd[1091]: bunny-first-boot.service: Failed with result 'exit-code'.
[    9.289794] fedora systemd[1091]: Failed to start bunny-first-boot.service - Bunny OS per-user first-boot preferences.
[    9.295060] fedora gsd-media-keys[1291]: Failed to grab accelerator for keybinding settings:hibernate
[    9.295068] fedora gsd-media-keys[1291]: Failed to grab accelerator for keybinding settings:playback-repeat
[    9.502990] fedora gsd-usb-protection[1311]: Failed to fetch USBGuard parameters: GDBus.Error:org.freedesktop.DBus.Error.ServiceUnknown: The name is not activatable
[    9.557541] fedora malcontent-timerd[1506]: mct_time_span_new: assertion 'start_time_secs < end_time_secs' failed
[    9.559109] fedora malcontent-timerd[1506]: mct_time_span_free: assertion 'self != NULL' failed
[    9.580576] fedora gnome-shell[1180]: Failed to record usage: GDBus.Error:org.freedesktop.MalcontentTimer1.Child.Error.IdentifyingUser: Error identifying user: Invalid or unknown user
[    9.688098] fedora wireplumber[1511]: spa.bluez5: BlueZ system service is not available
[    9.910878] fedora gnome-keyring-daemon[1626]: discover_other_daemon: 0
[    9.988817] fedora gnome-initial-setup[1382]: Could not read list of available locales from libc, guessing possible locales from available translations, but list may be incomplete!
[   10.479761] fedora gnome-shell[1180]: Could not issue 'GetUnit' systemd call
[   10.512674] fedora gsd-xsettings[1676]: Failed to get current UI scaling factor: GDBus.Error:org.freedesktop.DBus.Error.NameHasNoOwner: Destination does not exist
[   10.942749] fedora chronyd[850]: System clock wrong by 1.898550 seconds
[   12.841390] fedora chronyd[850]: System clock was stepped by 1.898550 seconds
[   17.900939] fedora kernel: kauditd_printk_skb: 145 callbacks suppressed
[   18.002599] fedora irqbalance[862]: Cannot change IRQ 25 affinity: Permission denied
[   18.002641] fedora irqbalance[862]: IRQ 25 affinity is now unmanaged
[   18.002661] fedora irqbalance[862]: Cannot change IRQ 28 affinity: Permission denied
[   18.002674] fedora irqbalance[862]: IRQ 28 affinity is now unmanaged
[   70.007051] fedora kernel: kauditd_printk_skb: 4 callbacks suppressed
[   84.500564] fedora gsd-media-keys[1291]: Virtual machines only honor the 'nothing' power-button-action, and will shutdown otherwise
[   84.684290] fedora gnome-shell[1180]: Connection to xwayland lost
[   84.689678] fedora gnome-shell[1180]: Could not issue 'GetUnit' systemd call
[   85.075787] fedora gnome-shell[1180]: Could not release device '/dev/input/event0' (13,64): GDBus.Error:org.freedesktop.DBus.Error.UnknownObject: Unknown object '/org/freedesktop/login1/session/c1'.
[   85.079015] fedora gnome-shell[1180]: Could not release device '/dev/input/event1' (13,65): GDBus.Error:org.freedesktop.DBus.Error.UnknownObject: Unknown object '/org/freedesktop/login1/session/c1'.
[   85.079459] fedora systemd[1]: sys-devices-virtual-misc-rfkill.device: Failed to enqueue SYSTEMD_WANTS job, ignoring: Transaction for systemd-rfkill.socket/start is destructive (shutdown.target has 'start' job queued, but 'stop' is included in transaction).
[   85.083300] fedora gnome-shell[1180]: Could not release device '/dev/input/event3' (13,67): GDBus.Error:org.freedesktop.DBus.Error.UnknownObject: Unknown object '/org/freedesktop/login1/session/c1'.
[   85.095523] fedora gnome-shell[1180]: Could not release device '/dev/input/event2' (13,66): GDBus.Error:org.freedesktop.DBus.Error.UnknownObject: Unknown object '/org/freedesktop/login1/session/c1'.
[   85.118160] fedora (udev-worker)[1774]: sr0: Process '/usr/sbin/pktsetup -i -d 11:0' failed with exit code 1.
[   85.126869] fedora gnome-shell[1180]: Could not release device '/dev/dri/card1' (226,1): GDBus.Error:org.freedesktop.DBus.Error.UnknownObject: Unknown object '/org/freedesktop/login1/session/c1'.
[   85.128217] fedora dbus-broker-launch[813]: Activation request for 'org.freedesktop.ColorManager' failed.
[   85.167301] fedora gnome-session-service[1173]: Failed to log out: Logout has been locked down
[  130.202242] fedora systemd[1091]: gnome-session-manager@gnome-initial-setup.service: State 'stop-sigterm' timed out. Aborting.
[  130.206097] fedora kernel: kauditd_printk_skb: 18 callbacks suppressed
[  130.213143] fedora systemd[1091]: gnome-session-manager@gnome-initial-setup.service: Main process exited, code=dumped, status=6/ABRT
[  130.227480] fedora systemd[1091]: gnome-session-manager@gnome-initial-setup.service: Failed with result 'timeout'.
[  130.246693] fedora gnome-session-ctl[1904]: Couldn't connect to session bus: Could not connect: Connection refused
[  130.368043] fedora dbus-broker-launch[813]: Activation request for 'org.freedesktop.nm_dispatcher' failed.
[  130.648329] fedora systemd-udevd[702]: Failed to remove file descriptor "config-serialization" from the store, ignoring: Connection refused
