[    1.850948] fedora kernel: virt/tdx: TDX not supported by the host platform
[    2.112584] fedora rpc.statd[411]: Failed to open directory sm: No such file or directory
[    2.112613] fedora rpc.statd[411]: Failed to create /var/lib/nfs/statd/.state.new: No such file or directory
[    2.116201] fedora rpc.idmapd[416]: Setting log level to 0
[    2.116407] fedora rpc.idmapd[416]: libnfsidmap: Unable to determine the NFSv4 domain; Using 'localdomain' as the NFSv4 domain which means UIDs will be mapped to the 'Nobody-User' user defined in /etc/idmapd.conf
[    3.067036] fedora rpc.idmapd[416]: exiting on signal 15
[    3.068986] fedora rpcbind[407]: cannot open file = /run/rpcbind/rpcbind.xdr for writing
[    3.069034] fedora rpcbind[407]: cannot save any registration
[    3.069042] fedora rpcbind[407]: cannot open file = /run/rpcbind/portmap.xdr for writing
[    3.069043] fedora rpcbind[407]: cannot save any registration
[    5.199942] fedora kernel: kauditd_printk_skb: 6 callbacks suppressed
[    5.338335] fedora systemd-oomd[691]: No swap; memory pressure usage will be degraded
[    5.744402] fedora (udev-worker)[724]: sr0: Process '/usr/sbin/pktsetup -i -d 11:0' failed with exit code 1.
[    5.935415] fedora sm-notify[772]: Failed to open sm: No such file or directory
[    5.935418] fedora sm-notify[772]: Failed to open directory sm.bak: No such file or directory
[    5.994314] fedora systemd-tmpfiles[774]: Failed to create directory or subvolume "/usr/local/sbin": Read-only file system
[    7.737841] fedora irqbalance[855]: thermal: failed to receive messages.
[    7.738166] fedora irqbalance[855]: Failed to initialize thermal events.
[    7.833033] fedora avahi-daemon[835]: WARNING: No NSS support for mDNS detected, consider installing nss-mdns!
[    7.966548] fedora systemd-logind[949]: Failed to open '/boot/loader/entries': Remote address changed
[    8.244938] fedora (udev-worker)[724]: sr0: Process '/usr/sbin/pktsetup -i -d 11:0' failed with exit code 1.
[    8.459257] fedora systemd-logind[949]: Failed to open '/boot/loader/entries': Remote address changed
[    8.561787] fedora systemd-logind[949]: Failed to open '/boot/loader/entries': Remote address changed
[    9.440561] fedora systemd-logind[949]: Failed to open '/boot/loader/entries': Remote address changed
[    9.519720] fedora gnome-shell[1173]: Could not issue 'GetUnit' systemd call
[    9.583863] fedora systemd-logind[949]: Failed to open '/boot/loader/entries': Remote address changed
[    9.602345] fedora systemd-logind[949]: Failed to open '/boot/loader/entries': Remote address changed
[    9.637734] fedora gsd-sharing[1290]: Failed to stop gnome-user-share-webdav.service: GDBus.Error:org.freedesktop.systemd1.NoSuchUnit: Unit gnome-user-share-webdav.service not loaded.
[    9.638398] fedora gsd-sharing[1290]: Failed to stop rygel.service: GDBus.Error:org.freedesktop.systemd1.NoSuchUnit: Unit rygel.service not loaded.
[    9.656811] fedora (bunny-first-boot)[1371]: bunny-first-boot.service: Failed to set up mount namespacing: /run/gdm/home/gnome-initial-setup/.config/bunny-os: No such file or directory
[    9.656834] fedora (bunny-first-boot)[1371]: bunny-first-boot.service: Failed at step NAMESPACE spawning /usr/libexec/bunny-first-boot: No such file or directory
[    9.658259] fedora systemd[1109]: bunny-first-boot.service: Failed with result 'exit-code'.
[    9.659468] fedora systemd[1109]: Failed to start bunny-first-boot.service - Bunny OS per-user first-boot preferences.
[    9.698034] fedora gsd-media-keys[1285]: Failed to grab accelerator for keybinding settings:hibernate
[    9.698433] fedora gsd-media-keys[1285]: Failed to grab accelerator for keybinding settings:playback-repeat
[    9.790575] fedora malcontent-timerd[1424]: mct_time_span_new: assertion 'start_time_secs < end_time_secs' failed
[    9.794208] fedora malcontent-timerd[1424]: mct_time_span_free: assertion 'self != NULL' failed
[    9.818651] fedora gnome-shell[1173]: Failed to record usage: GDBus.Error:org.freedesktop.MalcontentTimer1.Child.Error.IdentifyingUser: Error identifying user: Invalid or unknown user
[    9.821908] fedora gsd-usb-protection[1300]: Failed to fetch USBGuard parameters: GDBus.Error:org.freedesktop.DBus.Error.ServiceUnknown: The name is not activatable
[    9.984210] fedora wireplumber[1434]: spa.bluez5: BlueZ system service is not available
[   10.350552] fedora gnome-keyring-daemon[1628]: discover_other_daemon: 0
[   10.439745] fedora gnome-initial-setup[1373]: Could not read list of available locales from libc, guessing possible locales from available translations, but list may be incomplete!
[   10.618221] fedora kernel: kauditd_printk_skb: 142 callbacks suppressed
[   10.963678] fedora gnome-shell[1173]: Could not issue 'GetUnit' systemd call
[   10.995915] fedora gsd-xsettings[1692]: Failed to get current UI scaling factor: GDBus.Error:org.freedesktop.DBus.Error.NameHasNoOwner: Destination does not exist
[   11.002486] fedora chronyd[942]: System clock wrong by 2.175934 seconds
[   13.178493] fedora chronyd[942]: System clock was stepped by 2.175934 seconds
[   18.010862] fedora irqbalance[855]: Cannot change IRQ 25 affinity: Permission denied
[   18.010881] fedora irqbalance[855]: IRQ 25 affinity is now unmanaged
[   18.010897] fedora irqbalance[855]: Cannot change IRQ 28 affinity: Permission denied
[   18.010899] fedora irqbalance[855]: IRQ 28 affinity is now unmanaged
[   70.034258] fedora kernel: kauditd_printk_skb: 4 callbacks suppressed
[   86.372299] fedora gsd-media-keys[1285]: Virtual machines only honor the 'nothing' power-button-action, and will shutdown otherwise
[   86.505252] fedora gnome-shell[1173]: Connection to xwayland lost
[   86.536048] fedora gnome-shell[1173]: Could not issue 'GetUnit' systemd call
[   86.965778] fedora systemd[1]: sys-devices-virtual-misc-rfkill.device: Failed to enqueue SYSTEMD_WANTS job, ignoring: Transaction for systemd-rfkill.socket/start is destructive (poweroff.target has 'start' job queued, but 'stop' is included in transaction).
[   86.966124] fedora gnome-shell[1173]: Could not release device '/dev/input/event0' (13,64): GDBus.Error:org.freedesktop.DBus.Error.UnknownObject: Unknown object '/org/freedesktop/login1/session/c1'.
[   86.969556] fedora gnome-shell[1173]: Could not release device '/dev/input/event1' (13,65): GDBus.Error:org.freedesktop.DBus.Error.UnknownObject: Unknown object '/org/freedesktop/login1/session/c1'.
[   86.973464] fedora gnome-shell[1173]: Could not release device '/dev/input/event3' (13,67): GDBus.Error:org.freedesktop.DBus.Error.UnknownObject: Unknown object '/org/freedesktop/login1/session/c1'.
[   86.989793] fedora gnome-shell[1173]: Could not release device '/dev/input/event2' (13,66): GDBus.Error:org.freedesktop.DBus.Error.UnknownObject: Unknown object '/org/freedesktop/login1/session/c1'.
[   87.004405] fedora (udev-worker)[1783]: sr0: Process '/usr/sbin/pktsetup -i -d 11:0' failed with exit code 1.
[   87.019080] fedora gnome-shell[1173]: Could not release device '/dev/dri/card1' (226,1): GDBus.Error:org.freedesktop.DBus.Error.UnknownObject: Unknown object '/org/freedesktop/login1/session/c1'.
[   87.020681] fedora dbus-broker-launch[807]: Activation request for 'org.freedesktop.ColorManager' failed.
[   87.053197] fedora gnome-session-service[1167]: Failed to log out: Logout has been locked down
[  132.261093] fedora systemd[1109]: gnome-session-manager@gnome-initial-setup.service: State 'stop-sigterm' timed out. Aborting.
[  132.266732] fedora kernel: kauditd_printk_skb: 18 callbacks suppressed
[  132.274839] fedora systemd[1109]: gnome-session-manager@gnome-initial-setup.service: Main process exited, code=dumped, status=6/ABRT
[  132.293171] fedora systemd[1109]: gnome-session-manager@gnome-initial-setup.service: Failed with result 'timeout'.
[  132.308801] fedora gnome-session-ctl[1918]: Couldn't connect to session bus: Could not connect: Connection refused
[  132.454611] fedora dbus-broker-launch[807]: Activation request for 'org.freedesktop.nm_dispatcher' failed.
[  132.729454] fedora systemd-udevd[700]: Failed to remove file descriptor "config-serialization" from the store, ignoring: Connection refused
