[    1.855194] fedora kernel: virt/tdx: TDX not supported by the host platform
[    2.114949] fedora rpc.statd[409]: Failed to open directory sm: No such file or directory
[    2.114981] fedora rpc.statd[409]: Failed to create /var/lib/nfs/statd/.state.new: No such file or directory
[    2.118131] fedora rpc.idmapd[414]: Setting log level to 0
[    2.118345] fedora rpc.idmapd[414]: libnfsidmap: Unable to determine the NFSv4 domain; Using 'localdomain' as the NFSv4 domain which means UIDs will be mapped to the 'Nobody-User' user defined in /etc/idmapd.conf
[    3.062092] fedora rpc.idmapd[414]: exiting on signal 15
[    3.064082] fedora rpcbind[405]: cannot open file = /run/rpcbind/rpcbind.xdr for writing
[    3.064103] fedora rpcbind[405]: cannot save any registration
[    3.064112] fedora rpcbind[405]: cannot open file = /run/rpcbind/portmap.xdr for writing
[    3.064113] fedora rpcbind[405]: cannot save any registration
[    5.185054] fedora kernel: kauditd_printk_skb: 9 callbacks suppressed
[    5.227287] fedora systemd-oomd[689]: No swap; memory pressure usage will be degraded
[    5.575171] fedora (udev-worker)[715]: sr0: Process '/usr/sbin/pktsetup -i -d 11:0' failed with exit code 1.
[    5.800868] fedora sm-notify[773]: Failed to open sm: No such file or directory
[    5.800907] fedora sm-notify[773]: Failed to open directory sm.bak: No such file or directory
[    5.866059] fedora systemd-tmpfiles[775]: Failed to create directory or subvolume "/usr/local/sbin": Read-only file system
[    7.298899] fedora irqbalance[863]: thermal: failed to receive messages.
[    7.305116] fedora irqbalance[863]: Failed to initialize thermal events.
[    7.392158] fedora avahi-daemon[842]: WARNING: No NSS support for mDNS detected, consider installing nss-mdns!
[    7.501491] fedora systemd-logind[956]: Failed to open '/boot/loader/entries': Remote address changed
[    7.739867] fedora (udev-worker)[715]: sr0: Process '/usr/sbin/pktsetup -i -d 11:0' failed with exit code 1.
[    7.950140] fedora systemd-logind[956]: Failed to open '/boot/loader/entries': Remote address changed
[    8.051969] fedora systemd-logind[956]: Failed to open '/boot/loader/entries': Remote address changed
[    8.920910] fedora systemd-logind[956]: Failed to open '/boot/loader/entries': Remote address changed
[    8.997671] fedora gnome-shell[1175]: Could not issue 'GetUnit' systemd call
[    9.078429] fedora systemd-logind[956]: Failed to open '/boot/loader/entries': Remote address changed
[    9.083315] fedora systemd-logind[956]: Failed to open '/boot/loader/entries': Remote address changed
[    9.106914] fedora gsd-sharing[1299]: Failed to stop gnome-user-share-webdav.service: GDBus.Error:org.freedesktop.systemd1.NoSuchUnit: Unit gnome-user-share-webdav.service not loaded.
[    9.108475] fedora gsd-sharing[1299]: Failed to stop rygel.service: GDBus.Error:org.freedesktop.systemd1.NoSuchUnit: Unit rygel.service not loaded.
[    9.121339] fedora (bunny-first-boot)[1374]: bunny-first-boot.service: Failed to set up mount namespacing: /run/gdm/home/gnome-initial-setup/.config/bunny-os: No such file or directory
[    9.121357] fedora (bunny-first-boot)[1374]: bunny-first-boot.service: Failed at step NAMESPACE spawning /usr/libexec/bunny-first-boot: No such file or directory
[    9.123135] fedora systemd[1077]: bunny-first-boot.service: Failed with result 'exit-code'.
[    9.123715] fedora systemd[1077]: Failed to start bunny-first-boot.service - Bunny OS per-user first-boot preferences.
[    9.167965] fedora malcontent-timerd[1384]: mct_time_span_new: assertion 'start_time_secs < end_time_secs' failed
[    9.172252] fedora malcontent-timerd[1384]: mct_time_span_free: assertion 'self != NULL' failed
[    9.284804] fedora gnome-shell[1175]: Failed to record usage: GDBus.Error:org.freedesktop.MalcontentTimer1.Child.Error.IdentifyingUser: Error identifying user: Invalid or unknown user
[    9.287693] fedora gsd-media-keys[1296]: Failed to grab accelerator for keybinding settings:playback-repeat
[    9.287699] fedora gsd-media-keys[1296]: Failed to grab accelerator for keybinding settings:hibernate
[    9.294467] fedora gsd-usb-protection[1302]: Failed to fetch USBGuard parameters: GDBus.Error:org.freedesktop.DBus.Error.ServiceUnknown: The name is not activatable
[    9.471649] fedora wireplumber[1506]: spa.bluez5: BlueZ system service is not available
[    9.706749] fedora gnome-keyring-daemon[1632]: discover_other_daemon: 0
[    9.780495] fedora gnome-initial-setup[1375]: Could not read list of available locales from libc, guessing possible locales from available translations, but list may be incomplete!
[   10.274201] fedora gnome-shell[1175]: Could not issue 'GetUnit' systemd call
[   10.311324] fedora gsd-xsettings[1685]: Failed to get current UI scaling factor: GDBus.Error:org.freedesktop.DBus.Error.NameHasNoOwner: Destination does not exist
[   11.389197] fedora chronyd[851]: System clock wrong by 1.303553 seconds
[   12.692882] fedora chronyd[851]: System clock was stepped by 1.303553 seconds
[   17.774394] fedora kernel: kauditd_printk_skb: 146 callbacks suppressed
[   18.010636] fedora irqbalance[863]: Cannot change IRQ 25 affinity: Permission denied
[   18.010686] fedora irqbalance[863]: IRQ 25 affinity is now unmanaged
[   18.010712] fedora irqbalance[863]: Cannot change IRQ 28 affinity: Permission denied
[   18.010714] fedora irqbalance[863]: IRQ 28 affinity is now unmanaged
[   70.036187] fedora kernel: kauditd_printk_skb: 4 callbacks suppressed
[   84.417817] fedora gsd-media-keys[1296]: Virtual machines only honor the 'nothing' power-button-action, and will shutdown otherwise
[   84.505900] fedora gdm[1035]: Gdm: Failed to list cached users: GDBus.Error:org.freedesktop.DBus.Error.ServiceUnknown: The name is not activatable
[   84.564187] fedora systemd[1]: gdm.service: Failed with result 'exit-code'.
[   84.565930] fedora systemd[1]: gdm.service: Failed to enqueue OnFailure=plymouth-quit.service job, ignoring: Unit plymouth-quit.service not found.
[   84.591681] fedora gnome-shell[1175]: Connection to xwayland lost
[   84.597043] fedora gnome-shell[1175]: Could not issue 'GetUnit' systemd call
[   84.958233] fedora systemd[1]: sys-devices-virtual-misc-rfkill.device: Failed to enqueue SYSTEMD_WANTS job, ignoring: Transaction for systemd-rfkill.socket/start is destructive (shutdown.target has 'start' job queued, but 'stop' is included in transaction).
[   84.989976] fedora gnome-shell[1175]: Could not release device '/dev/input/event0' (13,64): GDBus.Error:org.freedesktop.DBus.Error.UnknownObject: Unknown object '/org/freedesktop/login1/session/c1'.
[   84.992461] fedora gnome-shell[1175]: Could not release device '/dev/input/event1' (13,65): GDBus.Error:org.freedesktop.DBus.Error.UnknownObject: Unknown object '/org/freedesktop/login1/session/c1'.
[   84.998731] fedora gnome-shell[1175]: Could not release device '/dev/input/event3' (13,67): GDBus.Error:org.freedesktop.DBus.Error.UnknownObject: Unknown object '/org/freedesktop/login1/session/c1'.
[   85.018635] fedora gnome-shell[1175]: Could not release device '/dev/input/event2' (13,66): GDBus.Error:org.freedesktop.DBus.Error.UnknownObject: Unknown object '/org/freedesktop/login1/session/c1'.
[   85.047504] fedora gnome-shell[1175]: Could not release device '/dev/dri/card1' (226,1): GDBus.Error:org.freedesktop.DBus.Error.UnknownObject: Unknown object '/org/freedesktop/login1/session/c1'.
[   85.048377] fedora (udev-worker)[1786]: sr0: Process '/usr/sbin/pktsetup -i -d 11:0' failed with exit code 1.
[   85.049314] fedora dbus-broker-launch[810]: Activation request for 'org.freedesktop.ColorManager' failed.
[   85.082656] fedora gnome-session-service[1169]: Failed to log out: Logout has been locked down
[  130.251599] fedora systemd[1077]: gnome-session-manager@gnome-initial-setup.service: State 'stop-sigterm' timed out. Aborting.
[  130.254298] fedora kernel: kauditd_printk_skb: 18 callbacks suppressed
[  130.261819] fedora systemd[1077]: gnome-session-manager@gnome-initial-setup.service: Main process exited, code=dumped, status=6/ABRT
[  130.278257] fedora systemd[1077]: gnome-session-manager@gnome-initial-setup.service: Failed with result 'timeout'.
[  130.293268] fedora gnome-session-ctl[1910]: Couldn't connect to session bus: Could not connect: Connection refused
[  130.450280] fedora dbus-broker-launch[810]: Activation request for 'org.freedesktop.nm_dispatcher' failed.
[  130.701989] fedora systemd-udevd[699]: Failed to remove file descriptor "config-serialization" from the store, ignoring: Connection refused
