[    7.107105] fedora systemd[1]: Listening on avahi-daemon.socket - Avahi mDNS/DNS-SD Stack Activation Socket.
[    7.193742] fedora systemd[1]: Starting avahi-daemon.service - Avahi mDNS/DNS-SD Stack...
[    7.390141] fedora avahi-daemon[842]: Found user 'avahi' (UID 70) and group 'avahi' (GID 70).
[    7.391750] fedora avahi-daemon[842]: Successfully dropped root privileges.
[    7.391972] fedora avahi-daemon[842]: avahi-daemon 0.8 starting up.
[    7.392158] fedora avahi-daemon[842]: WARNING: No NSS support for mDNS detected, consider installing nss-mdns!
[    7.392810] fedora avahi-daemon[842]: Successfully called chroot().
[    7.392817] fedora avahi-daemon[842]: Successfully dropped remaining capabilities.
[    7.393191] fedora avahi-daemon[842]: No service file found in /etc/avahi/services.
[    7.394309] fedora avahi-daemon[842]: Joining mDNS multicast group on interface lo.IPv6 with address ::1.
[    7.394320] fedora avahi-daemon[842]: New relevant interface lo.IPv6 for mDNS.
[    7.394322] fedora avahi-daemon[842]: Joining mDNS multicast group on interface lo.IPv4 with address 127.0.0.1.
[    7.394327] fedora avahi-daemon[842]: New relevant interface lo.IPv4 for mDNS.
[    7.394329] fedora avahi-daemon[842]: Network interface enumeration completed.
[    7.394333] fedora avahi-daemon[842]: Registering new address record for ::1 on lo.*.
[    7.394347] fedora avahi-daemon[842]: Registering new address record for 127.0.0.1 on lo.IPv4.
[    7.396604] fedora systemd[1]: Started avahi-daemon.service - Avahi mDNS/DNS-SD Stack.
[    7.512401] fedora avahi-daemon[842]: Joining mDNS multicast group on interface enp0s2.IPv6 with address fe80::a79a:db77:dc6f:dbf.
[    7.512411] fedora avahi-daemon[842]: New relevant interface enp0s2.IPv6 for mDNS.
[    7.512414] fedora avahi-daemon[842]: Registering new address record for fe80::a79a:db77:dc6f:dbf on enp0s2.*.
[    7.652753] fedora avahi-daemon[842]: Joining mDNS multicast group on interface enp0s2.IPv4 with address 10.0.2.15.
[    7.652890] fedora avahi-daemon[842]: New relevant interface enp0s2.IPv4 for mDNS.
[    7.652900] fedora avahi-daemon[842]: Registering new address record for 10.0.2.15 on enp0s2.IPv4.
[    8.457911] fedora avahi-daemon[842]: Server startup complete. Host name is fedora.local. Local service cookie is 3166963188.
[    9.721033] fedora avahi-daemon[842]: Leaving mDNS multicast group on interface enp0s2.IPv6 with address fe80::a79a:db77:dc6f:dbf.
[    9.721146] fedora avahi-daemon[842]: Joining mDNS multicast group on interface enp0s2.IPv6 with address fec0::79d:8392:ac94:7e67.
[    9.721154] fedora avahi-daemon[842]: Registering new address record for fec0::79d:8392:ac94:7e67 on enp0s2.*.
[    9.721195] fedora avahi-daemon[842]: Withdrawing address record for fe80::a79a:db77:dc6f:dbf on enp0s2.
[   84.471502] fedora avahi-daemon[842]: Got SIGTERM, quitting.
[   84.471705] fedora avahi-daemon[842]: Leaving mDNS multicast group on interface enp0s2.IPv6 with address fec0::79d:8392:ac94:7e67.
[   84.471774] fedora avahi-daemon[842]: Leaving mDNS multicast group on interface enp0s2.IPv4 with address 10.0.2.15.
[   84.471817] fedora avahi-daemon[842]: Leaving mDNS multicast group on interface lo.IPv6 with address ::1.
[   84.471861] fedora avahi-daemon[842]: Leaving mDNS multicast group on interface lo.IPv4 with address 127.0.0.1.
[   84.474888] fedora systemd[1]: Stopping avahi-daemon.service - Avahi mDNS/DNS-SD Stack...
[   84.492300] fedora avahi-daemon[842]: avahi-daemon 0.8 exiting.
[   84.520390] fedora systemd[1]: avahi-daemon.service: Deactivated successfully.
[   84.520531] fedora systemd[1]: Stopped avahi-daemon.service - Avahi mDNS/DNS-SD Stack.
[  130.512120] fedora systemd[1]: avahi-daemon.socket: Deactivated successfully.
[  130.512221] fedora systemd[1]: Closed avahi-daemon.socket - Avahi mDNS/DNS-SD Stack Activation Socket.
