[    7.416538] fedora systemd[1]: Listening on avahi-daemon.socket - Avahi mDNS/DNS-SD Stack Activation Socket.
[    7.504712] fedora systemd[1]: Starting avahi-daemon.service - Avahi mDNS/DNS-SD Stack...
[    7.698971] fedora avahi-daemon[846]: Found user 'avahi' (UID 70) and group 'avahi' (GID 70).
[    7.708564] fedora avahi-daemon[846]: Successfully dropped root privileges.
[    7.708785] fedora avahi-daemon[846]: avahi-daemon 0.8 starting up.
[    7.708907] fedora avahi-daemon[846]: WARNING: No NSS support for mDNS detected, consider installing nss-mdns!
[    7.711698] fedora avahi-daemon[846]: Successfully called chroot().
[    7.711705] fedora avahi-daemon[846]: Successfully dropped remaining capabilities.
[    7.712137] fedora avahi-daemon[846]: No service file found in /etc/avahi/services.
[    7.712305] fedora systemd[1]: Started avahi-daemon.service - Avahi mDNS/DNS-SD Stack.
[    7.712824] fedora avahi-daemon[846]: Joining mDNS multicast group on interface lo.IPv6 with address ::1.
[    7.712830] fedora avahi-daemon[846]: New relevant interface lo.IPv6 for mDNS.
[    7.712832] fedora avahi-daemon[846]: Joining mDNS multicast group on interface lo.IPv4 with address 127.0.0.1.
[    7.712838] fedora avahi-daemon[846]: New relevant interface lo.IPv4 for mDNS.
[    7.712840] fedora avahi-daemon[846]: Network interface enumeration completed.
[    7.712844] fedora avahi-daemon[846]: Registering new address record for ::1 on lo.*.
[    7.712858] fedora avahi-daemon[846]: Registering new address record for 127.0.0.1 on lo.IPv4.
[    7.849672] fedora avahi-daemon[846]: Joining mDNS multicast group on interface enp0s2.IPv6 with address fe80::5c19:2723:bfe4:a9ac.
[    7.849711] fedora avahi-daemon[846]: New relevant interface enp0s2.IPv6 for mDNS.
[    7.849715] fedora avahi-daemon[846]: Registering new address record for fe80::5c19:2723:bfe4:a9ac on enp0s2.*.
[    7.968765] fedora avahi-daemon[846]: Joining mDNS multicast group on interface enp0s2.IPv4 with address 10.0.2.15.
[    7.968796] fedora avahi-daemon[846]: New relevant interface enp0s2.IPv4 for mDNS.
[    7.968804] fedora avahi-daemon[846]: Registering new address record for 10.0.2.15 on enp0s2.IPv4.
[    8.815151] fedora avahi-daemon[846]: Server startup complete. Host name is fedora.local. Local service cookie is 1926889926.
[    9.293088] fedora avahi-daemon[846]: Leaving mDNS multicast group on interface enp0s2.IPv6 with address fe80::5c19:2723:bfe4:a9ac.
[    9.293174] fedora avahi-daemon[846]: Joining mDNS multicast group on interface enp0s2.IPv6 with address fec0::af88:dc13:a3f2:11b0.
[    9.293228] fedora avahi-daemon[846]: Registering new address record for fec0::af88:dc13:a3f2:11b0 on enp0s2.*.
[    9.293283] fedora avahi-daemon[846]: Withdrawing address record for fe80::5c19:2723:bfe4:a9ac on enp0s2.
[   84.433456] fedora systemd[1]: Stopping avahi-daemon.service - Avahi mDNS/DNS-SD Stack...
[   84.442173] fedora avahi-daemon[846]: Got SIGTERM, quitting.
[   84.442731] fedora avahi-daemon[846]: Leaving mDNS multicast group on interface enp0s2.IPv6 with address fec0::af88:dc13:a3f2:11b0.
[   84.443198] fedora avahi-daemon[846]: Leaving mDNS multicast group on interface enp0s2.IPv4 with address 10.0.2.15.
[   84.443444] fedora avahi-daemon[846]: Leaving mDNS multicast group on interface lo.IPv6 with address ::1.
[   84.443507] fedora avahi-daemon[846]: Leaving mDNS multicast group on interface lo.IPv4 with address 127.0.0.1.
[   84.450863] fedora avahi-daemon[846]: avahi-daemon 0.8 exiting.
[   84.462352] fedora systemd[1]: avahi-daemon.service: Deactivated successfully.
[   84.464588] fedora systemd[1]: Stopped avahi-daemon.service - Avahi mDNS/DNS-SD Stack.
[  130.309764] fedora systemd[1]: avahi-daemon.socket: Deactivated successfully.
[  130.309872] fedora systemd[1]: Closed avahi-daemon.socket - Avahi mDNS/DNS-SD Stack Activation Socket.
