[    7.276579] fedora systemd[1]: Listening on avahi-daemon.socket - Avahi mDNS/DNS-SD Stack Activation Socket.
[    7.361736] fedora systemd[1]: Starting avahi-daemon.service - Avahi mDNS/DNS-SD Stack...
[    7.577130] fedora avahi-daemon[839]: Found user 'avahi' (UID 70) and group 'avahi' (GID 70).
[    7.579777] fedora avahi-daemon[839]: Successfully dropped root privileges.
[    7.579985] fedora avahi-daemon[839]: avahi-daemon 0.8 starting up.
[    7.580263] fedora avahi-daemon[839]: WARNING: No NSS support for mDNS detected, consider installing nss-mdns!
[    7.580886] fedora avahi-daemon[839]: Successfully called chroot().
[    7.580927] fedora avahi-daemon[839]: Successfully dropped remaining capabilities.
[    7.581964] fedora avahi-daemon[839]: No service file found in /etc/avahi/services.
[    7.582272] fedora systemd[1]: Started avahi-daemon.service - Avahi mDNS/DNS-SD Stack.
[    7.582657] fedora avahi-daemon[839]: Joining mDNS multicast group on interface lo.IPv6 with address ::1.
[    7.582667] fedora avahi-daemon[839]: New relevant interface lo.IPv6 for mDNS.
[    7.582669] fedora avahi-daemon[839]: Joining mDNS multicast group on interface lo.IPv4 with address 127.0.0.1.
[    7.582675] fedora avahi-daemon[839]: New relevant interface lo.IPv4 for mDNS.
[    7.582676] fedora avahi-daemon[839]: Network interface enumeration completed.
[    7.582679] fedora avahi-daemon[839]: Registering new address record for ::1 on lo.*.
[    7.582694] fedora avahi-daemon[839]: Registering new address record for 127.0.0.1 on lo.IPv4.
[    7.691675] fedora avahi-daemon[839]: Joining mDNS multicast group on interface enp0s2.IPv6 with address fe80::9080:a312:4156:351c.
[    7.692602] fedora avahi-daemon[839]: New relevant interface enp0s2.IPv6 for mDNS.
[    7.692608] fedora avahi-daemon[839]: Registering new address record for fe80::9080:a312:4156:351c on enp0s2.*.
[    7.881665] fedora avahi-daemon[839]: Joining mDNS multicast group on interface enp0s2.IPv4 with address 10.0.2.15.
[    7.881787] fedora avahi-daemon[839]: New relevant interface enp0s2.IPv4 for mDNS.
[    7.881797] fedora avahi-daemon[839]: Registering new address record for 10.0.2.15 on enp0s2.IPv4.
[    8.870596] fedora avahi-daemon[839]: Server startup complete. Host name is fedora.local. Local service cookie is 4216106338.
[    9.612755] fedora avahi-daemon[839]: Leaving mDNS multicast group on interface enp0s2.IPv6 with address fe80::9080:a312:4156:351c.
[    9.612955] fedora avahi-daemon[839]: Joining mDNS multicast group on interface enp0s2.IPv6 with address fec0::16e5:1d56:f269:b508.
[    9.613032] fedora avahi-daemon[839]: Registering new address record for fec0::16e5:1d56:f269:b508 on enp0s2.*.
[    9.613052] fedora avahi-daemon[839]: Withdrawing address record for fe80::9080:a312:4156:351c on enp0s2.
[   12.425460] fedora avahi-daemon[839]: Missed message org.freedesktop.DBus.Properties::GetAll()
[   12.426564] fedora avahi-daemon[839]: Missed message org.freedesktop.DBus.Properties::GetAll()
[   85.448456] fedora avahi-daemon[839]: Got SIGTERM, quitting.
[   85.448639] fedora avahi-daemon[839]: Leaving mDNS multicast group on interface enp0s2.IPv6 with address fec0::16e5:1d56:f269:b508.
[   85.448595] fedora systemd[1]: Stopping avahi-daemon.service - Avahi mDNS/DNS-SD Stack...
[   85.449606] fedora avahi-daemon[839]: Leaving mDNS multicast group on interface enp0s2.IPv4 with address 10.0.2.15.
[   85.449848] fedora avahi-daemon[839]: Leaving mDNS multicast group on interface lo.IPv6 with address ::1.
[   85.449877] fedora avahi-daemon[839]: Leaving mDNS multicast group on interface lo.IPv4 with address 127.0.0.1.
[   85.456166] fedora avahi-daemon[839]: avahi-daemon 0.8 exiting.
[   85.456818] fedora systemd[1]: avahi-daemon.service: Deactivated successfully.
[   85.457032] fedora systemd[1]: Stopped avahi-daemon.service - Avahi mDNS/DNS-SD Stack.
[   85.647437] fedora systemd[1]: avahi-daemon.socket: Deactivated successfully.
[   85.647537] fedora systemd[1]: Closed avahi-daemon.socket - Avahi mDNS/DNS-SD Stack Activation Socket.
