[    1.876573] fedora kernel: virt/tdx: TDX not supported by the host platform
[    2.148655] fedora rpc.statd[411]: Failed to open directory sm: No such file or directory
[    2.148681] fedora rpc.statd[411]: Failed to create /var/lib/nfs/statd/.state.new: No such file or directory
[    2.151771] fedora rpc.idmapd[416]: Setting log level to 0
[    2.151946] fedora rpc.idmapd[416]: libnfsidmap: Unable to determine the NFSv4 domain; Using 'localdomain' as the NFSv4 domain which means UIDs will be mapped to the 'Nobody-User' user defined in /etc/idmapd.conf
[    3.115336] fedora rpc.idmapd[416]: exiting on signal 15
[    3.118389] fedora rpcbind[407]: cannot open file = /run/rpcbind/rpcbind.xdr for writing
[    3.118408] fedora rpcbind[407]: cannot save any registration
[    3.118414] fedora rpcbind[407]: cannot open file = /run/rpcbind/portmap.xdr for writing
[    3.118415] fedora rpcbind[407]: cannot save any registration
[    5.224152] fedora kernel: kauditd_printk_skb: 7 callbacks suppressed
[    5.422939] fedora systemd-oomd[691]: No swap; memory pressure usage will be degraded
[    5.726567] fedora (udev-worker)[717]: sr0: Process '/usr/sbin/pktsetup -i -d 11:0' failed with exit code 1.
[    5.944207] fedora sm-notify[772]: Failed to open sm: No such file or directory
[    5.944209] fedora sm-notify[772]: Failed to open directory sm.bak: No such file or directory
[    6.006356] fedora systemd-tmpfiles[778]: Failed to create directory or subvolume "/usr/local/sbin": Read-only file system
[    7.456201] fedora irqbalance[858]: thermal: failed to receive messages.
[    7.456258] fedora irqbalance[858]: Failed to initialize thermal events.
[    7.580263] fedora avahi-daemon[839]: WARNING: No NSS support for mDNS detected, consider installing nss-mdns!
[    7.735497] fedora systemd-logind[953]: Failed to open '/boot/loader/entries': Remote address changed
[    8.181428] fedora (udev-worker)[717]: sr0: Process '/usr/sbin/pktsetup -i -d 11:0' failed with exit code 1.
[    8.262154] fedora systemd-logind[953]: Failed to open '/boot/loader/entries': Remote address changed
[    8.270057] fedora gnome-session-service[1208]: App gnome-keyring-secrets.desktop sets X-GNOME-Autostart-Phase, but gnome-session no longer manages session services
[    8.270209] fedora gnome-session-service[1208]: App at-spi-dbus-bus.desktop sets X-GNOME-Autostart-Phase, but gnome-session no longer manages session services
[    8.270245] fedora gnome-session-service[1208]: App gnome-keyring-pkcs11.desktop sets X-GNOME-Autostart-Phase, but gnome-session no longer manages session services
[    8.270269] fedora gnome-session-service[1208]: App xdg-user-dirs.desktop sets X-GNOME-Autostart-Phase, but gnome-session no longer manages session services
[    8.270297] fedora gnome-session-service[1208]: App gnome-keyring-ssh.desktop sets X-GNOME-Autostart-Phase, but gnome-session no longer manages session services
[    8.370951] fedora systemd-logind[953]: Failed to open '/boot/loader/entries': Remote address changed
[    9.172500] fedora systemd-logind[953]: Failed to open '/boot/loader/entries': Remote address changed
[    9.374726] fedora gnome-shell[1215]: Could not issue 'GetUnit' systemd call
[    9.440810] fedora systemd-logind[953]: Failed to open '/boot/loader/entries': Remote address changed
[    9.472558] fedora systemd-logind[953]: Failed to open '/boot/loader/entries': Remote address changed
[    9.482581] fedora gsd-sharing[1376]: Failed to stop gnome-user-share-webdav.service: GDBus.Error:org.freedesktop.systemd1.NoSuchUnit: Unit gnome-user-share-webdav.service not loaded.
[    9.482667] fedora gsd-sharing[1376]: Failed to stop rygel.service: GDBus.Error:org.freedesktop.systemd1.NoSuchUnit: Unit rygel.service not loaded.
[    9.533845] fedora gsd-keyboard[1363]: g_variant_unref: assertion 'value != NULL' failed
[    9.659410] fedora gsd-media-keys[1367]: Failed to grab accelerator for keybinding settings:playback-repeat
[    9.659419] fedora gsd-media-keys[1367]: Failed to grab accelerator for keybinding settings:hibernate
[    9.777916] fedora gsd-usb-protection[1384]: Failed to fetch USBGuard parameters: GDBus.Error:org.freedesktop.DBus.Error.ServiceUnknown: The name is not activatable
[    9.848187] fedora gnome-shell-calendar-server[1320]: e_cal_client_set_default_timezone: assertion 'zone != NULL' failed
[    9.850931] fedora gnome-shell-calendar-server[1320]: e_cal_client_set_default_timezone: assertion 'zone != NULL' failed
[    9.857699] fedora gnome-shell-calendar-server[1320]: e_cal_client_set_default_timezone: assertion 'zone != NULL' failed
[    9.859540] fedora gnome-shell-calendar-server[1320]: e_cal_client_set_default_timezone: assertion 'zone != NULL' failed
[    9.892399] fedora malcontent-timerd[1748]: mct_time_span_new: assertion 'start_time_secs < end_time_secs' failed
[    9.893893] fedora malcontent-timerd[1748]: mct_time_span_copy: assertion 'self != NULL' failed
[    9.893907] fedora malcontent-timerd[1748]: mct_time_span_get_start_time_secs: assertion 'self != NULL' failed
[    9.893908] fedora malcontent-timerd[1748]: mct_time_span_get_end_time_secs: assertion 'self != NULL' failed
[    9.893912] fedora malcontent-timerd[1748]: mct_time_span_free: assertion 'self != NULL' failed
[    9.894465] fedora malcontent-timerd[1748]: mct_time_span_free: assertion 'self != NULL' failed
[   10.249073] fedora colord[1296]: CdMain: failed to profile from filename: failed to load file: Error opening file /var/home/dsq-test/.local/share/icc/edid-bb6ad72dc802b000932c73ad20996ae5.icc: Permission denied
[   10.261169] fedora gnome-shell[1215]: Failed to create colord color profile icc-69e274b0d55c795cd70596fe9be6bf6a: failed to load file: Error opening file /var/home/dsq-test/.local/share/icc/edid-bb6ad72dc802b000932c73ad20996ae5.icc: Permission denied
[   10.296126] fedora kernel: kauditd_printk_skb: 150 callbacks suppressed
[   10.357391] fedora wireplumber[1854]: spa.bluez5: BlueZ system service is not available
[   10.469342] fedora gnome-keyring-daemon[1959]: discover_other_daemon: 1
[   12.425460] fedora avahi-daemon[839]: Missed message org.freedesktop.DBus.Properties::GetAll()
[   12.426564] fedora avahi-daemon[839]: Missed message org.freedesktop.DBus.Properties::GetAll()
[   11.713226] fedora chronyd[948]: System clock wrong by 1.245277 seconds
[   12.970296] fedora chronyd[948]: System clock was stepped by 1.245277 seconds
[   18.010499] fedora irqbalance[858]: Cannot change IRQ 25 affinity: Permission denied
[   18.010523] fedora irqbalance[858]: IRQ 25 affinity is now unmanaged
[   18.010545] fedora irqbalance[858]: Cannot change IRQ 28 affinity: Permission denied
[   18.010549] fedora irqbalance[858]: IRQ 28 affinity is now unmanaged
[   28.009844] fedora irqbalance[858]: Cannot change IRQ 27 affinity: Permission denied
[   28.009913] fedora irqbalance[858]: IRQ 27 affinity is now unmanaged
[   58.010746] fedora irqbalance[858]: Cannot change IRQ 26 affinity: Permission denied
[   58.010799] fedora irqbalance[858]: IRQ 26 affinity is now unmanaged
[   84.717603] fedora gsd-media-keys[1367]: Virtual machines only honor the 'nothing' power-button-action, and will shutdown otherwise
[   84.767844] fedora localsearch-3[1512]: Owner of volume monitor org.gtk.vfs.GoaVolumeMonitor disconnected from the bus; removing drives/volumes/mounts
[   84.768567] fedora gnome-shell[1215]: Owner of volume monitor org.gtk.vfs.GoaVolumeMonitor disconnected from the bus; removing drives/volumes/mounts
[   84.776249] fedora localsearch-3[1512]: Owner of volume monitor org.gtk.vfs.UDisks2VolumeMonitor disconnected from the bus; removing drives/volumes/mounts
[   84.776669] fedora gnome-shell[1215]: Owner of volume monitor org.gtk.vfs.UDisks2VolumeMonitor disconnected from the bus; removing drives/volumes/mounts
[   84.824218] fedora gsd-power[1370]: g_dbus_proxy_call_internal: assertion 'G_IS_DBUS_PROXY (proxy)' failed
[   84.886283] fedora (udev-worker)[2205]: sr0: Process '/usr/sbin/pktsetup -i -d 11:0' failed with exit code 1.
[   84.890916] fedora gnome-shell[1215]: Object Gjs_status_system_PowerToggle (0x55ea6ea33760), has been already disposed — impossible to set any property on it. This might be caused by the object having been destroyed from C code using something such as destroy(), dispose(), or remove() vfuncs.
                                         == Stack trace for context 0x55ea692c5320 ==
                                         #0   55ea693958d8 i   resource:///org/gnome/shell/ui/status/system.js:72 (3bf7a61a9dd0 @ 50)
                                         #1   55ea69395858 i   resource:///org/gnome/shell/ui/status/system.js:46 (3bf7a61a9c90 @ 12)
                                         #2   55ea693957b8 i   resource:///org/gnome/shell/ui/main.js:277 (105473ff7790 @ 119)
[   84.890971] fedora gnome-shell[1215]: Object Gjs_status_system_PowerToggle (0x55ea6ea33760), has been already disposed — impossible to get any property from it. This might be caused by the object having been destroyed from C code using something such as destroy(), dispose(), or remove() vfuncs.
                                         == Stack trace for context 0x55ea692c5320 ==
                                         #0   55ea693958d8 i   resource:///org/gnome/shell/ui/status/system.js:73 (3bf7a61a9dd0 @ 60)
                                         #1   55ea69395858 i   resource:///org/gnome/shell/ui/status/system.js:46 (3bf7a61a9c90 @ 12)
                                         #2   55ea693957b8 i   resource:///org/gnome/shell/ui/main.js:277 (105473ff7790 @ 119)
[   85.287391] fedora systemd[1]: sys-devices-virtual-misc-rfkill.device: Failed to enqueue SYSTEMD_WANTS job, ignoring: Transaction for systemd-rfkill.socket/start is destructive (poweroff.target has 'start' job queued, but 'stop' is included in transaction).
[   85.362515] fedora gnome-shell[1215]: invalid (NULL) pointer instance
[   85.362541] fedora gnome-shell[1215]: g_signal_handler_disconnect: assertion 'G_TYPE_CHECK_INSTANCE (instance)' failed
[   85.366370] fedora dbus-broker-launch[811]: Activation request for 'org.freedesktop.ColorManager' failed.
[   85.576812] fedora dbus-broker-launch[811]: Activation request for 'org.freedesktop.nm_dispatcher' failed.
[   85.854556] fedora systemd-udevd[701]: Failed to remove file descriptor "config-serialization" from the store, ignoring: Connection refused
