[    7.207525] fedora systemd[1]: Listening on avahi-daemon.socket - Avahi mDNS/DNS-SD Stack Activation Socket.
[    7.284576] fedora systemd[1]: Starting avahi-daemon.service - Avahi mDNS/DNS-SD Stack...
[    7.489539] fedora avahi-daemon[840]: Found user 'avahi' (UID 70) and group 'avahi' (GID 70).
[    7.491314] fedora avahi-daemon[840]: Successfully dropped root privileges.
[    7.491514] fedora avahi-daemon[840]: avahi-daemon 0.8 starting up.
[    7.491658] fedora avahi-daemon[840]: WARNING: No NSS support for mDNS detected, consider installing nss-mdns!
[    7.492135] fedora avahi-daemon[840]: Successfully called chroot().
[    7.492141] fedora avahi-daemon[840]: Successfully dropped remaining capabilities.
[    7.492753] fedora avahi-daemon[840]: No service file found in /etc/avahi/services.
[    7.493413] fedora avahi-daemon[840]: Joining mDNS multicast group on interface lo.IPv6 with address ::1.
[    7.493419] fedora avahi-daemon[840]: New relevant interface lo.IPv6 for mDNS.
[    7.493422] fedora avahi-daemon[840]: Joining mDNS multicast group on interface lo.IPv4 with address 127.0.0.1.
[    7.493428] fedora avahi-daemon[840]: New relevant interface lo.IPv4 for mDNS.
[    7.493429] fedora avahi-daemon[840]: Network interface enumeration completed.
[    7.493432] fedora avahi-daemon[840]: Registering new address record for ::1 on lo.*.
[    7.493460] fedora avahi-daemon[840]: Registering new address record for 127.0.0.1 on lo.IPv4.
[    7.499247] fedora systemd[1]: Started avahi-daemon.service - Avahi mDNS/DNS-SD Stack.
[    7.605025] fedora avahi-daemon[840]: Joining mDNS multicast group on interface enp0s2.IPv6 with address fe80::1347:5a7d:65f6:6a78.
[    7.605063] fedora avahi-daemon[840]: New relevant interface enp0s2.IPv6 for mDNS.
[    7.605069] fedora avahi-daemon[840]: Registering new address record for fe80::1347:5a7d:65f6:6a78 on enp0s2.*.
[    7.784704] fedora avahi-daemon[840]: Joining mDNS multicast group on interface enp0s2.IPv4 with address 10.0.2.15.
[    7.784769] fedora avahi-daemon[840]: New relevant interface enp0s2.IPv4 for mDNS.
[    7.784894] fedora avahi-daemon[840]: Registering new address record for 10.0.2.15 on enp0s2.IPv4.
[    8.747427] fedora avahi-daemon[840]: Server startup complete. Host name is fedora.local. Local service cookie is 4147958938.
[    9.112832] fedora avahi-daemon[840]: Leaving mDNS multicast group on interface enp0s2.IPv6 with address fe80::1347:5a7d:65f6:6a78.
[    9.112943] fedora avahi-daemon[840]: Joining mDNS multicast group on interface enp0s2.IPv6 with address fec0::f032:33fc:ecca:def8.
[    9.112950] fedora avahi-daemon[840]: Registering new address record for fec0::f032:33fc:ecca:def8 on enp0s2.*.
[    9.112969] fedora avahi-daemon[840]: Withdrawing address record for fe80::1347:5a7d:65f6:6a78 on enp0s2.
[   12.597377] fedora avahi-daemon[840]: Missed message org.freedesktop.DBus.Properties::GetAll()
[   12.600027] fedora avahi-daemon[840]: Missed message org.freedesktop.DBus.Properties::GetAll()
[   85.056061] fedora avahi-daemon[840]: Got SIGTERM, quitting.
[   85.056241] fedora avahi-daemon[840]: Leaving mDNS multicast group on interface enp0s2.IPv6 with address fec0::f032:33fc:ecca:def8.
[   85.056738] fedora systemd[1]: Stopping avahi-daemon.service - Avahi mDNS/DNS-SD Stack...
[   85.056293] fedora avahi-daemon[840]: Leaving mDNS multicast group on interface enp0s2.IPv4 with address 10.0.2.15.
[   85.056319] fedora avahi-daemon[840]: Leaving mDNS multicast group on interface lo.IPv6 with address ::1.
[   85.056344] fedora avahi-daemon[840]: Leaving mDNS multicast group on interface lo.IPv4 with address 127.0.0.1.
[   85.061790] fedora avahi-daemon[840]: avahi-daemon 0.8 exiting.
[   85.062937] fedora systemd[1]: avahi-daemon.service: Deactivated successfully.
[   85.063283] fedora systemd[1]: Stopped avahi-daemon.service - Avahi mDNS/DNS-SD Stack.
[  130.516664] fedora systemd[1]: avahi-daemon.socket: Deactivated successfully.
[  130.516775] fedora systemd[1]: Closed avahi-daemon.socket - Avahi mDNS/DNS-SD Stack Activation Socket.
