[    1.911795] fedora kernel: virt/tdx: TDX not supported by the host platform
[    2.191203] fedora rpc.statd[411]: Failed to open directory sm: No such file or directory
[    2.191238] fedora rpc.statd[411]: Failed to create /var/lib/nfs/statd/.state.new: No such file or directory
[    2.194626] fedora rpc.idmapd[416]: Setting log level to 0
[    2.194810] fedora rpc.idmapd[416]: libnfsidmap: Unable to determine the NFSv4 domain; Using 'localdomain' as the NFSv4 domain which means UIDs will be mapped to the 'Nobody-User' user defined in /etc/idmapd.conf
[    3.134814] fedora rpc.idmapd[416]: exiting on signal 15
[    3.138155] fedora rpcbind[407]: cannot open file = /run/rpcbind/rpcbind.xdr for writing
[    3.138179] fedora rpcbind[407]: cannot save any registration
[    3.138187] fedora rpcbind[407]: cannot open file = /run/rpcbind/portmap.xdr for writing
[    3.138188] fedora rpcbind[407]: cannot save any registration
[    5.247142] fedora kernel: kauditd_printk_skb: 7 callbacks suppressed
[    5.352383] fedora systemd-oomd[692]: No swap; memory pressure usage will be degraded
[    5.752305] fedora (udev-worker)[720]: sr0: Process '/usr/sbin/pktsetup -i -d 11:0' failed with exit code 1.
[    5.964391] fedora sm-notify[772]: Failed to open sm: No such file or directory
[    5.964427] fedora sm-notify[772]: Failed to open directory sm.bak: No such file or directory
[    6.045822] fedora systemd-tmpfiles[779]: Failed to create directory or subvolume "/usr/local/sbin": Read-only file system
[    7.453363] fedora irqbalance[858]: thermal: failed to receive messages.
[    7.453380] fedora irqbalance[858]: Failed to initialize thermal events.
[    7.548848] fedora avahi-daemon[836]: WARNING: No NSS support for mDNS detected, consider installing nss-mdns!
[    7.703150] fedora systemd-logind[957]: Failed to open '/boot/loader/entries': Remote address changed
[    7.935941] fedora (udev-worker)[726]: sr0: Process '/usr/sbin/pktsetup -i -d 11:0' failed with exit code 1.
[    8.156397] fedora systemd-logind[957]: Failed to open '/boot/loader/entries': Remote address changed
[    8.266195] fedora systemd-logind[957]: Failed to open '/boot/loader/entries': Remote address changed
[    9.118552] fedora systemd-logind[957]: Failed to open '/boot/loader/entries': Remote address changed
[    9.200950] fedora gnome-shell[1178]: Could not issue 'GetUnit' systemd call
[    9.274650] fedora systemd-logind[957]: Failed to open '/boot/loader/entries': Remote address changed
[    9.298459] fedora systemd-logind[957]: Failed to open '/boot/loader/entries': Remote address changed
[    9.318897] fedora gsd-sharing[1305]: Failed to stop gnome-user-share-webdav.service: GDBus.Error:org.freedesktop.systemd1.NoSuchUnit: Unit gnome-user-share-webdav.service not loaded.
[    9.319561] fedora gsd-sharing[1305]: Failed to stop rygel.service: GDBus.Error:org.freedesktop.systemd1.NoSuchUnit: Unit rygel.service not loaded.
[    9.339884] fedora (bunny-first-boot)[1372]: bunny-first-boot.service: Failed to set up mount namespacing: /run/gdm/home/gnome-initial-setup/.config/bunny-os: No such file or directory
[    9.340374] fedora (bunny-first-boot)[1372]: bunny-first-boot.service: Failed at step NAMESPACE spawning /usr/libexec/bunny-first-boot: No such file or directory
[    9.341624] fedora systemd[1080]: bunny-first-boot.service: Failed with result 'exit-code'.
[    9.342257] fedora systemd[1080]: Failed to start bunny-first-boot.service - Bunny OS per-user first-boot preferences.
[    9.510158] fedora gsd-usb-protection[1307]: Failed to fetch USBGuard parameters: GDBus.Error:org.freedesktop.DBus.Error.ServiceUnknown: The name is not activatable
[    9.513476] fedora gsd-media-keys[1295]: Failed to grab accelerator for keybinding settings:hibernate
[    9.513503] fedora gsd-media-keys[1295]: Failed to grab accelerator for keybinding settings:playback-repeat
[    9.566516] fedora malcontent-timerd[1491]: mct_time_span_new: assertion 'start_time_secs < end_time_secs' failed
[    9.568053] fedora malcontent-timerd[1491]: mct_time_span_free: assertion 'self != NULL' failed
[    9.574261] fedora gnome-shell[1178]: Failed to record usage: GDBus.Error:org.freedesktop.MalcontentTimer1.Child.Error.IdentifyingUser: Error identifying user: Invalid or unknown user
[    9.773533] fedora wireplumber[1524]: spa.bluez5: BlueZ system service is not available
[    9.959710] fedora gnome-keyring-daemon[1627]: discover_other_daemon: 0
[   10.041815] fedora gnome-initial-setup[1373]: Could not read list of available locales from libc, guessing possible locales from available translations, but list may be incomplete!
[   10.258216] fedora kernel: kauditd_printk_skb: 146 callbacks suppressed
[   11.785971] fedora chronyd[953]: System clock wrong by 1.418810 seconds
[   13.213414] fedora chronyd[953]: System clock was stepped by 1.418810 seconds
[   14.882870] fedora gnome-shell[1178]: Could not issue 'GetUnit' systemd call
[   14.922170] fedora gsd-xsettings[1692]: Failed to get current UI scaling factor: GDBus.Error:org.freedesktop.DBus.Error.NameHasNoOwner: Destination does not exist
[   18.002245] fedora irqbalance[858]: Cannot change IRQ 25 affinity: Permission denied
[   18.002321] fedora irqbalance[858]: IRQ 25 affinity is now unmanaged
[   18.002351] fedora irqbalance[858]: Cannot change IRQ 28 affinity: Permission denied
[   18.002354] fedora irqbalance[858]: IRQ 28 affinity is now unmanaged
[   38.004669] fedora irqbalance[858]: Cannot change IRQ 27 affinity: Permission denied
[   38.004726] fedora irqbalance[858]: IRQ 27 affinity is now unmanaged
[   84.465912] fedora gsd-media-keys[1295]: Virtual machines only honor the 'nothing' power-button-action, and will shutdown otherwise
[   84.582903] fedora systemd[1080]: at-spi-dbus-bus.service: Failed with result 'exit-code'.
[   84.666199] fedora gnome-shell[1178]: Connection to xwayland lost
[   84.671891] fedora gnome-shell[1178]: Could not issue 'GetUnit' systemd call
[   84.677966] fedora gnome-shell[1178]: Failed to store screen time limits data: Error opening file “/run/gdm/home/gnome-initial-setup/.local/share/gnome-shell/session-active-history.json”: No such file or directory
[   85.034618] fedora systemd[1]: sys-devices-virtual-misc-rfkill.device: Failed to enqueue SYSTEMD_WANTS job, ignoring: Transaction for systemd-rfkill.socket/start is destructive (shutdown.target has 'start' job queued, but 'stop' is included in transaction).
[   85.084173] fedora gnome-shell[1178]: Could not release device '/dev/input/event0' (13,64): GDBus.Error:org.freedesktop.DBus.Error.UnknownObject: Unknown object '/org/freedesktop/login1/session/c1'.
[   85.086658] fedora gnome-shell[1178]: Could not release device '/dev/input/event1' (13,65): GDBus.Error:org.freedesktop.DBus.Error.UnknownObject: Unknown object '/org/freedesktop/login1/session/c1'.
[   85.094491] fedora gnome-shell[1178]: Could not release device '/dev/input/event3' (13,67): GDBus.Error:org.freedesktop.DBus.Error.UnknownObject: Unknown object '/org/freedesktop/login1/session/c1'.
[   85.114750] fedora gnome-shell[1178]: Could not release device '/dev/input/event2' (13,66): GDBus.Error:org.freedesktop.DBus.Error.UnknownObject: Unknown object '/org/freedesktop/login1/session/c1'.
[   85.144540] fedora (udev-worker)[1871]: sr0: Process '/usr/sbin/pktsetup -i -d 11:0' failed with exit code 1.
[   85.146683] fedora gnome-shell[1178]: Could not release device '/dev/dri/card1' (226,1): GDBus.Error:org.freedesktop.DBus.Error.UnknownObject: Unknown object '/org/freedesktop/login1/session/c1'.
[   85.149437] fedora dbus-broker-launch[810]: Activation request for 'org.freedesktop.ColorManager' failed.
[   85.187813] fedora gnome-session-service[1172]: Failed to log out: Logout has been locked down
[  130.398344] fedora systemd[1080]: gnome-session-manager@gnome-initial-setup.service: State 'stop-sigterm' timed out. Aborting.
[  130.400658] fedora kernel: kauditd_printk_skb: 18 callbacks suppressed
[  130.411271] fedora systemd[1080]: gnome-session-manager@gnome-initial-setup.service: Main process exited, code=dumped, status=6/ABRT
[  130.427921] fedora systemd[1080]: gnome-session-manager@gnome-initial-setup.service: Failed with result 'timeout'.
[  130.442314] fedora gnome-session-ctl[1897]: Couldn't connect to session bus: Could not connect: Connection refused
[  130.570661] fedora dbus-broker-launch[810]: Activation request for 'org.freedesktop.nm_dispatcher' failed.
