[    1.855459] fedora kernel: virt/tdx: TDX not supported by the host platform
[    2.121638] fedora rpc.statd[410]: Failed to open directory sm: No such file or directory
[    2.121666] fedora rpc.statd[410]: Failed to create /var/lib/nfs/statd/.state.new: No such file or directory
[    2.124868] fedora rpc.idmapd[415]: Setting log level to 0
[    2.125122] fedora rpc.idmapd[415]: libnfsidmap: Unable to determine the NFSv4 domain; Using 'localdomain' as the NFSv4 domain which means UIDs will be mapped to the 'Nobody-User' user defined in /etc/idmapd.conf
[    3.065752] fedora rpc.idmapd[415]: exiting on signal 15
[    3.067880] fedora rpcbind[406]: cannot open file = /run/rpcbind/rpcbind.xdr for writing
[    3.067904] fedora rpcbind[406]: cannot save any registration
[    3.067909] fedora rpcbind[406]: cannot open file = /run/rpcbind/portmap.xdr for writing
[    3.067912] fedora rpcbind[406]: cannot save any registration
[    5.246080] fedora kernel: kauditd_printk_skb: 8 callbacks suppressed
[    5.283482] fedora systemd-oomd[694]: No swap; memory pressure usage will be degraded
[    5.647682] fedora (udev-worker)[726]: sr0: Process '/usr/sbin/pktsetup -i -d 11:0' failed with exit code 1.
[    5.862228] fedora sm-notify[776]: Failed to open sm: No such file or directory
[    5.862230] fedora sm-notify[776]: Failed to open directory sm.bak: No such file or directory
[    5.916882] fedora systemd-tmpfiles[778]: Failed to create directory or subvolume "/usr/local/sbin": Read-only file system
[    7.325986] fedora irqbalance[864]: thermal: failed to receive messages.
[    7.326029] fedora irqbalance[864]: Failed to initialize thermal events.
[    7.422756] fedora avahi-daemon[835]: WARNING: No NSS support for mDNS detected, consider installing nss-mdns!
[    7.539382] fedora systemd-logind[960]: Failed to open '/boot/loader/entries': Remote address changed
[    7.782387] fedora (udev-worker)[725]: sr0: Process '/usr/sbin/pktsetup -i -d 11:0' failed with exit code 1.
[    7.973083] fedora systemd-logind[960]: Failed to open '/boot/loader/entries': Remote address changed
[    8.075475] fedora systemd-logind[960]: Failed to open '/boot/loader/entries': Remote address changed
[    8.924379] fedora systemd-logind[960]: Failed to open '/boot/loader/entries': Remote address changed
[    9.003486] fedora gnome-shell[1181]: Could not issue 'GetUnit' systemd call
[    9.054499] fedora systemd-logind[960]: Failed to open '/boot/loader/entries': Remote address changed
[    9.057905] fedora systemd-logind[960]: Failed to open '/boot/loader/entries': Remote address changed
[    9.097123] fedora gsd-sharing[1298]: Failed to stop gnome-user-share-webdav.service: GDBus.Error:org.freedesktop.systemd1.NoSuchUnit: Unit gnome-user-share-webdav.service not loaded.
[    9.097156] fedora (bunny-first-boot)[1369]: bunny-first-boot.service: Failed to set up mount namespacing: /run/gdm/home/gnome-initial-setup/.config/bunny-os: No such file or directory
[    9.097172] fedora (bunny-first-boot)[1369]: bunny-first-boot.service: Failed at step NAMESPACE spawning /usr/libexec/bunny-first-boot: No such file or directory
[    9.097511] fedora gsd-sharing[1298]: Failed to stop rygel.service: GDBus.Error:org.freedesktop.systemd1.NoSuchUnit: Unit rygel.service not loaded.
[    9.098186] fedora systemd[1096]: bunny-first-boot.service: Failed with result 'exit-code'.
[    9.098359] fedora systemd[1096]: Failed to start bunny-first-boot.service - Bunny OS per-user first-boot preferences.
[    9.150306] fedora gsd-media-keys[1295]: Failed to grab accelerator for keybinding settings:hibernate
[    9.150740] fedora gsd-media-keys[1295]: Failed to grab accelerator for keybinding settings:playback-repeat
[    9.163396] fedora gsd-usb-protection[1302]: Failed to fetch USBGuard parameters: GDBus.Error:org.freedesktop.DBus.Error.ServiceUnknown: The name is not activatable
[    9.390783] fedora wireplumber[1444]: spa.bluez5: BlueZ system service is not available
[    9.428142] fedora gnome-shell[1181]: Failed to record usage: GDBus.Error:org.freedesktop.MalcontentTimer1.Child.Error.IdentifyingUser: Error identifying user: Invalid or unknown user
[    9.735601] fedora gnome-keyring-daemon[1644]: discover_other_daemon: 0
[    9.816864] fedora gnome-initial-setup[1372]: Could not read list of available locales from libc, guessing possible locales from available translations, but list may be incomplete!
[   10.338094] fedora gnome-shell[1181]: Could not issue 'GetUnit' systemd call
[   10.378406] fedora gsd-xsettings[1705]: Failed to get current UI scaling factor: GDBus.Error:org.freedesktop.DBus.Error.NameHasNoOwner: Destination does not exist
[   11.337870] fedora chronyd[845]: System clock wrong by 1.409806 seconds
[   12.747804] fedora chronyd[845]: System clock was stepped by 1.409806 seconds
[   17.767073] fedora kernel: kauditd_printk_skb: 144 callbacks suppressed
[   18.002358] fedora irqbalance[864]: Cannot change IRQ 25 affinity: Permission denied
[   18.002394] fedora irqbalance[864]: IRQ 25 affinity is now unmanaged
[   18.002414] fedora irqbalance[864]: Cannot change IRQ 28 affinity: Permission denied
[   18.002417] fedora irqbalance[864]: IRQ 28 affinity is now unmanaged
[   70.034432] fedora kernel: kauditd_printk_skb: 4 callbacks suppressed
[   84.486934] fedora gsd-media-keys[1295]: Virtual machines only honor the 'nothing' power-button-action, and will shutdown otherwise
[   84.577929] fedora gdm[1048]: Gdm: Failed to list cached users: GDBus.Error:org.freedesktop.DBus.Error.ServiceUnknown: The name is not activatable
[   84.629549] fedora systemd[1]: gdm.service: Failed with result 'exit-code'.
[   84.631147] fedora systemd[1]: gdm.service: Failed to enqueue OnFailure=plymouth-quit.service job, ignoring: Unit plymouth-quit.service not found.
[   84.660747] fedora gnome-shell[1181]: Connection to xwayland lost
[   84.666442] fedora gnome-shell[1181]: Could not issue 'GetUnit' systemd call
[   85.027555] fedora systemd[1]: sys-devices-virtual-misc-rfkill.device: Failed to enqueue SYSTEMD_WANTS job, ignoring: Transaction for systemd-rfkill.socket/start is destructive (poweroff.target has 'start' job queued, but 'stop' is included in transaction).
[   85.076187] fedora gnome-shell[1181]: Could not release device '/dev/input/event0' (13,64): GDBus.Error:org.freedesktop.DBus.Error.UnknownObject: Unknown object '/org/freedesktop/login1/session/c1'.
[   85.081573] fedora gnome-shell[1181]: Could not release device '/dev/input/event1' (13,65): GDBus.Error:org.freedesktop.DBus.Error.UnknownObject: Unknown object '/org/freedesktop/login1/session/c1'.
[   85.090924] fedora gnome-shell[1181]: Could not release device '/dev/input/event3' (13,67): GDBus.Error:org.freedesktop.DBus.Error.UnknownObject: Unknown object '/org/freedesktop/login1/session/c1'.
[   85.106058] fedora gnome-shell[1181]: Could not release device '/dev/input/event2' (13,66): GDBus.Error:org.freedesktop.DBus.Error.UnknownObject: Unknown object '/org/freedesktop/login1/session/c1'.
[   85.114260] fedora (udev-worker)[1799]: sr0: Process '/usr/sbin/pktsetup -i -d 11:0' failed with exit code 1.
[   85.130335] fedora gnome-shell[1181]: Could not release device '/dev/dri/card1' (226,1): GDBus.Error:org.freedesktop.DBus.Error.UnknownObject: Unknown object '/org/freedesktop/login1/session/c1'.
[   85.132757] fedora dbus-broker-launch[810]: Activation request for 'org.freedesktop.ColorManager' failed.
[   85.165519] fedora gnome-session-service[1173]: Failed to log out: Logout has been locked down
[  130.174442] fedora systemd[1096]: gnome-session-manager@gnome-initial-setup.service: State 'stop-sigterm' timed out. Aborting.
[  130.178352] fedora kernel: kauditd_printk_skb: 18 callbacks suppressed
[  130.186808] fedora systemd[1096]: gnome-session-manager@gnome-initial-setup.service: Main process exited, code=dumped, status=6/ABRT
[  130.201282] fedora systemd[1096]: gnome-session-manager@gnome-initial-setup.service: Failed with result 'timeout'.
[  130.222832] fedora gnome-session-ctl[1924]: Couldn't connect to session bus: Could not connect: Connection refused
[  130.355033] fedora dbus-broker-launch[810]: Activation request for 'org.freedesktop.nm_dispatcher' failed.
[  130.633292] fedora systemd-udevd[703]: Failed to remove file descriptor "config-serialization" from the store, ignoring: Connection refused
