[    1.914903] fedora kernel: virt/tdx: TDX not supported by the host platform
[    2.196125] fedora rpc.statd[409]: Failed to open directory sm: No such file or directory
[    2.196149] fedora rpc.statd[409]: Failed to create /var/lib/nfs/statd/.state.new: No such file or directory
[    2.199558] fedora rpc.idmapd[414]: Setting log level to 0
[    2.199746] fedora rpc.idmapd[414]: libnfsidmap: Unable to determine the NFSv4 domain; Using 'localdomain' as the NFSv4 domain which means UIDs will be mapped to the 'Nobody-User' user defined in /etc/idmapd.conf
[    3.151037] fedora rpc.idmapd[414]: exiting on signal 15
[    3.152822] fedora rpcbind[405]: cannot open file = /run/rpcbind/rpcbind.xdr for writing
[    3.152844] fedora rpcbind[405]: cannot save any registration
[    3.152853] fedora rpcbind[405]: cannot open file = /run/rpcbind/portmap.xdr for writing
[    3.152854] fedora rpcbind[405]: cannot save any registration
[    5.233971] fedora kernel: kauditd_printk_skb: 5 callbacks suppressed
[    5.421508] fedora systemd-oomd[690]: No swap; memory pressure usage will be degraded
[    5.795393] fedora (udev-worker)[705]: sr0: Process '/usr/sbin/pktsetup -i -d 11:0' failed with exit code 1.
[    6.014298] fedora sm-notify[774]: Failed to open sm: No such file or directory
[    6.014300] fedora sm-notify[774]: Failed to open directory sm.bak: No such file or directory
[    6.088977] fedora systemd-tmpfiles[776]: Failed to create directory or subvolume "/usr/local/sbin": Read-only file system
[    7.633151] fedora (chronyd)[850]: chronyd.service: Failed to determine credentials for user 'chrony': Is a directory
[    7.633165] fedora (chronyd)[850]: chronyd.service: Failed at step USER spawning /usr/sbin/chronyd: Is a directory
[    7.703767] fedora irqbalance[862]: thermal: failed to receive messages.
[    7.704684] fedora irqbalance[862]: Failed to initialize thermal events.
[    7.745182] fedora systemd[1]: chronyd.service: Failed with result 'exit-code'.
[    7.745360] fedora systemd[1]: Failed to start chronyd.service - NTP client/server.
[    7.815439] fedora avahi-daemon[841]: WARNING: No NSS support for mDNS detected, consider installing nss-mdns!
[    7.928791] fedora systemd-logind[954]: Failed to open '/boot/loader/entries': Remote address changed
[    8.138667] fedora (udev-worker)[713]: sr0: Process '/usr/sbin/pktsetup -i -d 11:0' failed with exit code 1.
[    8.376342] fedora systemd-logind[954]: Failed to open '/boot/loader/entries': Remote address changed
[    8.472636] fedora systemd-logind[954]: Failed to open '/boot/loader/entries': Remote address changed
[    9.320742] fedora systemd-logind[954]: Failed to open '/boot/loader/entries': Remote address changed
[    9.392029] fedora gnome-shell[1169]: Could not issue 'GetUnit' systemd call
[    9.455677] fedora systemd-logind[954]: Failed to open '/boot/loader/entries': Remote address changed
[    9.473995] fedora gsd-sharing[1289]: Failed to stop gnome-user-share-webdav.service: GDBus.Error:org.freedesktop.systemd1.NoSuchUnit: Unit gnome-user-share-webdav.service not loaded.
[    9.474396] fedora gsd-sharing[1289]: Failed to stop rygel.service: GDBus.Error:org.freedesktop.systemd1.NoSuchUnit: Unit rygel.service not loaded.
[    9.495881] fedora systemd-logind[954]: Failed to open '/boot/loader/entries': Remote address changed
[    9.530932] fedora (bunny-first-boot)[1366]: bunny-first-boot.service: Failed to set up mount namespacing: /run/gdm/home/gnome-initial-setup/.config/bunny-os: No such file or directory
[    9.530953] fedora (bunny-first-boot)[1366]: bunny-first-boot.service: Failed at step NAMESPACE spawning /usr/libexec/bunny-first-boot: No such file or directory
[    9.532810] fedora systemd[1102]: bunny-first-boot.service: Failed with result 'exit-code'.
[    9.533068] fedora systemd[1102]: Failed to start bunny-first-boot.service - Bunny OS per-user first-boot preferences.
[    9.702106] fedora gsd-usb-protection[1294]: Failed to fetch USBGuard parameters: GDBus.Error:org.freedesktop.DBus.Error.ServiceUnknown: The name is not activatable
[    9.702504] fedora gsd-media-keys[1283]: Failed to grab accelerator for keybinding settings:playback-repeat
[    9.702510] fedora gsd-media-keys[1283]: Failed to grab accelerator for keybinding settings:hibernate
[    9.752643] fedora malcontent-timerd[1498]: mct_time_span_new: assertion 'start_time_secs < end_time_secs' failed
[    9.753971] fedora malcontent-timerd[1498]: mct_time_span_free: assertion 'self != NULL' failed
[    9.812993] fedora gnome-shell[1169]: Failed to record usage: GDBus.Error:org.freedesktop.MalcontentTimer1.Child.Error.IdentifyingUser: Error identifying user: Invalid or unknown user
[    9.909995] fedora wireplumber[1525]: spa.bluez5: BlueZ system service is not available
[   10.119345] fedora gnome-keyring-daemon[1629]: discover_other_daemon: 0
[   10.203212] fedora gnome-initial-setup[1374]: Could not read list of available locales from libc, guessing possible locales from available translations, but list may be incomplete!
[   10.375585] fedora kernel: kauditd_printk_skb: 146 callbacks suppressed
[   10.697601] fedora gnome-shell[1169]: Could not issue 'GetUnit' systemd call
[   10.732655] fedora gsd-xsettings[1681]: Failed to get current UI scaling factor: GDBus.Error:org.freedesktop.DBus.Error.NameHasNoOwner: Destination does not exist
[   18.011652] fedora irqbalance[862]: Cannot change IRQ 25 affinity: Permission denied
[   18.011732] fedora irqbalance[862]: IRQ 25 affinity is now unmanaged
[   18.011779] fedora irqbalance[862]: Cannot change IRQ 28 affinity: Permission denied
[   18.011786] fedora irqbalance[862]: IRQ 28 affinity is now unmanaged
[   70.030526] fedora kernel: kauditd_printk_skb: 4 callbacks suppressed
[   86.232942] fedora gsd-media-keys[1283]: Virtual machines only honor the 'nothing' power-button-action, and will shutdown otherwise
[   86.325965] fedora gsd-media-keys[1283]: g_hash_table_size: assertion 'hash_table != NULL' failed
[   86.382839] fedora gnome-shell[1169]: Connection to xwayland lost
[   86.389055] fedora gnome-shell[1169]: Could not issue 'GetUnit' systemd call
[   86.793582] fedora systemd[1]: sys-devices-virtual-misc-rfkill.device: Failed to enqueue SYSTEMD_WANTS job, ignoring: Transaction for systemd-rfkill.socket/start is destructive (systemd-poweroff.service has 'start' job queued, but 'stop' is included in transaction).
[   86.835430] fedora gnome-shell[1169]: Could not release device '/dev/input/event0' (13,64): GDBus.Error:org.freedesktop.DBus.Error.UnknownObject: Unknown object '/org/freedesktop/login1/session/c1'.
[   86.841700] fedora gnome-shell[1169]: Could not release device '/dev/input/event1' (13,65): GDBus.Error:org.freedesktop.DBus.Error.UnknownObject: Unknown object '/org/freedesktop/login1/session/c1'.
[   86.854605] fedora gnome-shell[1169]: Could not release device '/dev/input/event3' (13,67): GDBus.Error:org.freedesktop.DBus.Error.UnknownObject: Unknown object '/org/freedesktop/login1/session/c1'.
[   86.885388] fedora gnome-shell[1169]: Could not release device '/dev/input/event2' (13,66): GDBus.Error:org.freedesktop.DBus.Error.UnknownObject: Unknown object '/org/freedesktop/login1/session/c1'.
[   86.897489] fedora (udev-worker)[1863]: sr0: Process '/usr/sbin/pktsetup -i -d 11:0' failed with exit code 1.
[   86.908230] fedora gnome-shell[1169]: Could not release device '/dev/dri/card1' (226,1): GDBus.Error:org.freedesktop.DBus.Error.UnknownObject: Unknown object '/org/freedesktop/login1/session/c1'.
[   86.910534] fedora dbus-broker-launch[809]: Activation request for 'org.freedesktop.ColorManager' failed.
[   86.935611] fedora gnome-session-service[1163]: Failed to log out: Logout has been locked down
[  131.980462] fedora systemd[1102]: gnome-session-manager@gnome-initial-setup.service: State 'stop-sigterm' timed out. Aborting.
[  131.983455] fedora kernel: kauditd_printk_skb: 16 callbacks suppressed
[  131.990844] fedora systemd[1102]: gnome-session-manager@gnome-initial-setup.service: Main process exited, code=dumped, status=6/ABRT
[  132.003087] fedora systemd[1102]: gnome-session-manager@gnome-initial-setup.service: Failed with result 'timeout'.
[  132.015065] fedora gnome-session-ctl[1901]: Couldn't connect to session bus: Could not connect: Connection refused
[  132.143187] fedora dbus-broker-launch[809]: Activation request for 'org.freedesktop.nm_dispatcher' failed.
[  132.431722] fedora systemd-udevd[700]: Failed to remove file descriptor "config-serialization" from the store, ignoring: Connection refused
