[    7.029248] fedora systemd[1]: Listening on avahi-daemon.socket - Avahi mDNS/DNS-SD Stack Activation Socket.
[    7.109676] fedora systemd[1]: Starting avahi-daemon.service - Avahi mDNS/DNS-SD Stack...
[    7.274542] fedora avahi-daemon[842]: Found user 'avahi' (UID 70) and group 'avahi' (GID 70).
[    7.275287] fedora avahi-daemon[842]: Successfully dropped root privileges.
[    7.275726] fedora avahi-daemon[842]: avahi-daemon 0.8 starting up.
[    7.275856] fedora avahi-daemon[842]: WARNING: No NSS support for mDNS detected, consider installing nss-mdns!
[    7.276504] fedora avahi-daemon[842]: Successfully called chroot().
[    7.276510] fedora avahi-daemon[842]: Successfully dropped remaining capabilities.
[    7.277408] fedora systemd[1]: Started avahi-daemon.service - Avahi mDNS/DNS-SD Stack.
[    7.279292] fedora avahi-daemon[842]: No service file found in /etc/avahi/services.
[    7.279739] fedora avahi-daemon[842]: Joining mDNS multicast group on interface lo.IPv6 with address ::1.
[    7.279746] fedora avahi-daemon[842]: New relevant interface lo.IPv6 for mDNS.
[    7.279748] fedora avahi-daemon[842]: Joining mDNS multicast group on interface lo.IPv4 with address 127.0.0.1.
[    7.279755] fedora avahi-daemon[842]: New relevant interface lo.IPv4 for mDNS.
[    7.279755] fedora avahi-daemon[842]: Network interface enumeration completed.
[    7.279758] fedora avahi-daemon[842]: Registering new address record for ::1 on lo.*.
[    7.279774] fedora avahi-daemon[842]: Registering new address record for 127.0.0.1 on lo.IPv4.
[    7.362371] fedora avahi-daemon[842]: Joining mDNS multicast group on interface enp0s2.IPv6 with address fe80::2bcb:869d:8eed:db2a.
[    7.362482] fedora avahi-daemon[842]: New relevant interface enp0s2.IPv6 for mDNS.
[    7.362487] fedora avahi-daemon[842]: Registering new address record for fe80::2bcb:869d:8eed:db2a on enp0s2.*.
[    7.516547] fedora avahi-daemon[842]: Joining mDNS multicast group on interface enp0s2.IPv4 with address 10.0.2.15.
[    7.516766] fedora avahi-daemon[842]: New relevant interface enp0s2.IPv4 for mDNS.
[    7.516804] fedora avahi-daemon[842]: Registering new address record for 10.0.2.15 on enp0s2.IPv4.
[    8.447242] fedora avahi-daemon[842]: Leaving mDNS multicast group on interface enp0s2.IPv6 with address fe80::2bcb:869d:8eed:db2a.
[    8.447298] fedora avahi-daemon[842]: Joining mDNS multicast group on interface enp0s2.IPv6 with address fec0::e9d7:8a4f:eb9e:7b42.
[    8.447309] fedora avahi-daemon[842]: Registering new address record for fec0::e9d7:8a4f:eb9e:7b42 on enp0s2.*.
[    8.447335] fedora avahi-daemon[842]: Withdrawing address record for fe80::2bcb:869d:8eed:db2a on enp0s2.
[    8.464580] fedora avahi-daemon[842]: Server startup complete. Host name is fedora.local. Local service cookie is 1666499552.
[   12.111879] fedora avahi-daemon[842]: Missed message org.freedesktop.DBus.Properties::GetAll()
[   12.112524] fedora avahi-daemon[842]: Missed message org.freedesktop.DBus.Properties::GetAll()
[   85.280606] fedora avahi-daemon[842]: Got SIGTERM, quitting.
[   85.280764] fedora systemd[1]: Stopping avahi-daemon.service - Avahi mDNS/DNS-SD Stack...
[   85.280793] fedora avahi-daemon[842]: Leaving mDNS multicast group on interface enp0s2.IPv6 with address fec0::e9d7:8a4f:eb9e:7b42.
[   85.280843] fedora avahi-daemon[842]: Leaving mDNS multicast group on interface enp0s2.IPv4 with address 10.0.2.15.
[   85.280870] fedora avahi-daemon[842]: Leaving mDNS multicast group on interface lo.IPv6 with address ::1.
[   85.280894] fedora avahi-daemon[842]: Leaving mDNS multicast group on interface lo.IPv4 with address 127.0.0.1.
[   85.284087] fedora avahi-daemon[842]: avahi-daemon 0.8 exiting.
[   85.285168] fedora systemd[1]: avahi-daemon.service: Deactivated successfully.
[   85.285331] fedora systemd[1]: Stopped avahi-daemon.service - Avahi mDNS/DNS-SD Stack.
[   86.741674] fedora systemd[1]: avahi-daemon.socket: Deactivated successfully.
[   86.741764] fedora systemd[1]: Closed avahi-daemon.socket - Avahi mDNS/DNS-SD Stack Activation Socket.
