[    7.172591] fedora systemd[1]: Listening on avahi-daemon.socket - Avahi mDNS/DNS-SD Stack Activation Socket.
[    7.259314] fedora systemd[1]: Starting avahi-daemon.service - Avahi mDNS/DNS-SD Stack...
[    7.442294] fedora avahi-daemon[841]: Found user 'avahi' (UID 70) and group 'avahi' (GID 70).
[    7.444840] fedora avahi-daemon[841]: Successfully dropped root privileges.
[    7.445454] fedora avahi-daemon[841]: avahi-daemon 0.8 starting up.
[    7.445581] fedora avahi-daemon[841]: WARNING: No NSS support for mDNS detected, consider installing nss-mdns!
[    7.447290] fedora avahi-daemon[841]: Successfully called chroot().
[    7.447297] fedora avahi-daemon[841]: Successfully dropped remaining capabilities.
[    7.447907] fedora avahi-daemon[841]: No service file found in /etc/avahi/services.
[    7.448628] fedora systemd[1]: Started avahi-daemon.service - Avahi mDNS/DNS-SD Stack.
[    7.448757] fedora avahi-daemon[841]: Joining mDNS multicast group on interface lo.IPv6 with address ::1.
[    7.448764] fedora avahi-daemon[841]: New relevant interface lo.IPv6 for mDNS.
[    7.448767] fedora avahi-daemon[841]: Joining mDNS multicast group on interface lo.IPv4 with address 127.0.0.1.
[    7.448776] fedora avahi-daemon[841]: New relevant interface lo.IPv4 for mDNS.
[    7.448776] fedora avahi-daemon[841]: Network interface enumeration completed.
[    7.448780] fedora avahi-daemon[841]: Registering new address record for ::1 on lo.*.
[    7.448795] fedora avahi-daemon[841]: Registering new address record for 127.0.0.1 on lo.IPv4.
[    7.582701] fedora avahi-daemon[841]: Joining mDNS multicast group on interface enp0s2.IPv6 with address fe80::5d07:994c:a63c:5d1e.
[    7.582736] fedora avahi-daemon[841]: New relevant interface enp0s2.IPv6 for mDNS.
[    7.582741] fedora avahi-daemon[841]: Registering new address record for fe80::5d07:994c:a63c:5d1e on enp0s2.*.
[    7.763245] fedora avahi-daemon[841]: Joining mDNS multicast group on interface enp0s2.IPv4 with address 10.0.2.15.
[    7.763263] fedora avahi-daemon[841]: New relevant interface enp0s2.IPv4 for mDNS.
[    7.763271] fedora avahi-daemon[841]: Registering new address record for 10.0.2.15 on enp0s2.IPv4.
[    8.701188] fedora avahi-daemon[841]: Server startup complete. Host name is fedora.local. Local service cookie is 462989840.
[    8.955229] fedora avahi-daemon[841]: Leaving mDNS multicast group on interface enp0s2.IPv6 with address fe80::5d07:994c:a63c:5d1e.
[    8.955249] fedora avahi-daemon[841]: Joining mDNS multicast group on interface enp0s2.IPv6 with address fec0::5902:ab38:b017:9090.
[    8.955254] fedora avahi-daemon[841]: Registering new address record for fec0::5902:ab38:b017:9090 on enp0s2.*.
[    8.955273] fedora avahi-daemon[841]: Withdrawing address record for fe80::5d07:994c:a63c:5d1e on enp0s2.
[   84.349054] fedora systemd[1]: Stopping avahi-daemon.service - Avahi mDNS/DNS-SD Stack...
[   84.375323] fedora avahi-daemon[841]: Got SIGTERM, quitting.
[   84.375528] fedora avahi-daemon[841]: Leaving mDNS multicast group on interface enp0s2.IPv6 with address fec0::5902:ab38:b017:9090.
[   84.376167] fedora avahi-daemon[841]: Leaving mDNS multicast group on interface enp0s2.IPv4 with address 10.0.2.15.
[   84.376319] fedora avahi-daemon[841]: Leaving mDNS multicast group on interface lo.IPv6 with address ::1.
[   84.376401] fedora avahi-daemon[841]: Leaving mDNS multicast group on interface lo.IPv4 with address 127.0.0.1.
[   84.377763] fedora avahi-daemon[841]: avahi-daemon 0.8 exiting.
[   84.419272] fedora systemd[1]: avahi-daemon.service: Deactivated successfully.
[   84.419467] fedora systemd[1]: Stopped avahi-daemon.service - Avahi mDNS/DNS-SD Stack.
[  130.469371] fedora systemd[1]: avahi-daemon.socket: Deactivated successfully.
[  130.469492] fedora systemd[1]: Closed avahi-daemon.socket - Avahi mDNS/DNS-SD Stack Activation Socket.
