[    1.856791] fedora kernel: virt/tdx: TDX not supported by the host platform
[    2.115708] fedora rpc.statd[411]: Failed to open directory sm: No such file or directory
[    2.115735] fedora rpc.statd[411]: Failed to create /var/lib/nfs/statd/.state.new: No such file or directory
[    2.119057] fedora rpc.idmapd[416]: Setting log level to 0
[    2.119239] fedora rpc.idmapd[416]: libnfsidmap: Unable to determine the NFSv4 domain; Using 'localdomain' as the NFSv4 domain which means UIDs will be mapped to the 'Nobody-User' user defined in /etc/idmapd.conf
[    3.065396] fedora rpc.idmapd[416]: exiting on signal 15
[    3.067460] fedora rpcbind[406]: cannot open file = /run/rpcbind/rpcbind.xdr for writing
[    3.067485] fedora rpcbind[406]: cannot save any registration
[    3.067492] fedora rpcbind[406]: cannot open file = /run/rpcbind/portmap.xdr for writing
[    3.067494] fedora rpcbind[406]: cannot save any registration
[    5.232321] fedora kernel: kauditd_printk_skb: 8 callbacks suppressed
[    5.281803] fedora systemd-oomd[692]: No swap; memory pressure usage will be degraded
[    5.623346] fedora (udev-worker)[721]: sr0: Process '/usr/sbin/pktsetup -i -d 11:0' failed with exit code 1.
[    5.878281] fedora sm-notify[775]: Failed to open sm: No such file or directory
[    5.878284] fedora sm-notify[775]: Failed to open directory sm.bak: No such file or directory
[    5.945713] fedora systemd-tmpfiles[777]: Failed to create directory or subvolume "/usr/local/sbin": Read-only file system
[    7.353406] fedora irqbalance[863]: thermal: failed to receive messages.
[    7.353465] fedora irqbalance[863]: Failed to initialize thermal events.
[    7.445581] fedora avahi-daemon[841]: WARNING: No NSS support for mDNS detected, consider installing nss-mdns!
[    7.600243] fedora systemd-logind[949]: Failed to open '/boot/loader/entries': Remote address changed
[    7.844143] fedora (udev-worker)[721]: sr0: Process '/usr/sbin/pktsetup -i -d 11:0' failed with exit code 1.
[    8.067388] fedora systemd-logind[949]: Failed to open '/boot/loader/entries': Remote address changed
[    8.171134] fedora systemd-logind[949]: Failed to open '/boot/loader/entries': Remote address changed
[    9.024764] fedora systemd-logind[949]: Failed to open '/boot/loader/entries': Remote address changed
[    9.102832] fedora gnome-shell[1175]: Could not issue 'GetUnit' systemd call
[    9.166047] fedora systemd-logind[949]: Failed to open '/boot/loader/entries': Remote address changed
[    9.171622] fedora systemd-logind[949]: Failed to open '/boot/loader/entries': Remote address changed
[    9.200140] fedora gsd-sharing[1299]: Failed to stop gnome-user-share-webdav.service: GDBus.Error:org.freedesktop.systemd1.NoSuchUnit: Unit gnome-user-share-webdav.service not loaded.
[    9.201089] fedora gsd-sharing[1299]: Failed to stop rygel.service: GDBus.Error:org.freedesktop.systemd1.NoSuchUnit: Unit rygel.service not loaded.
[    9.235549] fedora (bunny-first-boot)[1369]: bunny-first-boot.service: Failed to set up mount namespacing: /run/gdm/home/gnome-initial-setup/.config/bunny-os: No such file or directory
[    9.235569] fedora (bunny-first-boot)[1369]: bunny-first-boot.service: Failed at step NAMESPACE spawning /usr/libexec/bunny-first-boot: No such file or directory
[    9.237600] fedora systemd[1079]: bunny-first-boot.service: Failed with result 'exit-code'.
[    9.238741] fedora systemd[1079]: Failed to start bunny-first-boot.service - Bunny OS per-user first-boot preferences.
[    9.267211] fedora gsd-media-keys[1295]: Failed to grab accelerator for keybinding settings:playback-repeat
[    9.267843] fedora gsd-media-keys[1295]: Failed to grab accelerator for keybinding settings:hibernate
[    9.384881] fedora gsd-usb-protection[1306]: Failed to fetch USBGuard parameters: GDBus.Error:org.freedesktop.DBus.Error.ServiceUnknown: The name is not activatable
[    9.516860] fedora wireplumber[1421]: spa.bluez5: BlueZ system service is not available
[    9.541150] fedora gnome-shell[1175]: Failed to record usage: GDBus.Error:org.freedesktop.MalcontentTimer1.Child.Error.IdentifyingUser: Error identifying user: Invalid or unknown user
[    9.866264] fedora gnome-keyring-daemon[1635]: discover_other_daemon: 0
[    9.946845] fedora gnome-initial-setup[1377]: Could not read list of available locales from libc, guessing possible locales from available translations, but list may be incomplete!
[   10.450495] fedora gnome-shell[1175]: Could not issue 'GetUnit' systemd call
[   10.492721] fedora gsd-xsettings[1701]: Failed to get current UI scaling factor: GDBus.Error:org.freedesktop.DBus.Error.NameHasNoOwner: Destination does not exist
[   12.533235] fedora chronyd[945]: System clock wrong by 1.684981 seconds
[   14.218282] fedora chronyd[945]: System clock was stepped by 1.684981 seconds
[   17.860324] fedora kernel: kauditd_printk_skb: 146 callbacks suppressed
[   18.010717] fedora irqbalance[863]: Cannot change IRQ 25 affinity: Permission denied
[   18.010790] fedora irqbalance[863]: IRQ 25 affinity is now unmanaged
[   18.010831] fedora irqbalance[863]: Cannot change IRQ 28 affinity: Permission denied
[   18.010836] fedora irqbalance[863]: IRQ 28 affinity is now unmanaged
[   48.008672] fedora irqbalance[863]: Cannot change IRQ 27 affinity: Permission denied
[   48.008724] fedora irqbalance[863]: IRQ 27 affinity is now unmanaged
[   70.034235] fedora kernel: kauditd_printk_skb: 4 callbacks suppressed
[   84.309288] fedora gsd-media-keys[1295]: Virtual machines only honor the 'nothing' power-button-action, and will shutdown otherwise
[   84.408804] fedora gdm[1034]: Gdm: Failed to list cached users: GDBus.Error:org.freedesktop.DBus.Error.ServiceUnknown: The name is not activatable
[   84.455079] fedora systemd[1]: gdm.service: Failed with result 'exit-code'.
[   84.456445] fedora systemd[1]: gdm.service: Failed to enqueue OnFailure=plymouth-quit.service job, ignoring: Unit plymouth-quit.service not found.
[   84.491529] fedora gnome-shell[1175]: Connection to xwayland lost
[   84.497535] fedora gnome-shell[1175]: Could not issue 'GetUnit' systemd call
[   84.897169] fedora systemd[1]: sys-devices-virtual-misc-rfkill.device: Failed to enqueue SYSTEMD_WANTS job, ignoring: Transaction for systemd-rfkill.socket/start is destructive (systemd-poweroff.service has 'start' job queued, but 'stop' is included in transaction).
[   84.899247] fedora gnome-shell[1175]: Could not release device '/dev/input/event0' (13,64): GDBus.Error:org.freedesktop.DBus.Error.UnknownObject: Unknown object '/org/freedesktop/login1/session/c1'.
[   84.903605] fedora gnome-shell[1175]: Could not release device '/dev/input/event1' (13,65): GDBus.Error:org.freedesktop.DBus.Error.UnknownObject: Unknown object '/org/freedesktop/login1/session/c1'.
[   84.910585] fedora gnome-shell[1175]: Could not release device '/dev/input/event3' (13,67): GDBus.Error:org.freedesktop.DBus.Error.UnknownObject: Unknown object '/org/freedesktop/login1/session/c1'.
[   84.927559] fedora gnome-shell[1175]: Could not release device '/dev/input/event2' (13,66): GDBus.Error:org.freedesktop.DBus.Error.UnknownObject: Unknown object '/org/freedesktop/login1/session/c1'.
[   84.945159] fedora (udev-worker)[1792]: sr0: Process '/usr/sbin/pktsetup -i -d 11:0' failed with exit code 1.
[   84.957938] fedora gnome-shell[1175]: Could not release device '/dev/dri/card1' (226,1): GDBus.Error:org.freedesktop.DBus.Error.UnknownObject: Unknown object '/org/freedesktop/login1/session/c1'.
[   84.959147] fedora dbus-broker-launch[811]: Activation request for 'org.freedesktop.ColorManager' failed.
[   84.998838] fedora gnome-session-service[1169]: Failed to log out: Logout has been locked down
[  130.226579] fedora systemd[1079]: gnome-session-manager@gnome-initial-setup.service: State 'stop-sigterm' timed out. Aborting.
[  130.229090] fedora kernel: kauditd_printk_skb: 18 callbacks suppressed
[  130.238592] fedora systemd[1079]: gnome-session-manager@gnome-initial-setup.service: Main process exited, code=dumped, status=6/ABRT
[  130.252761] fedora systemd[1079]: gnome-session-manager@gnome-initial-setup.service: Failed with result 'timeout'.
[  130.263498] fedora gnome-session-ctl[1917]: Couldn't connect to session bus: Could not connect: Connection refused
[  130.402698] fedora dbus-broker-launch[811]: Activation request for 'org.freedesktop.nm_dispatcher' failed.
[  130.676771] fedora systemd-udevd[701]: Failed to remove file descriptor "config-serialization" from the store, ignoring: Connection refused
