[    1.821393] fedora kernel: virt/tdx: TDX not supported by the host platform
[    2.065167] fedora rpc.statd[408]: Failed to open directory sm: No such file or directory
[    2.065192] fedora rpc.statd[408]: Failed to create /var/lib/nfs/statd/.state.new: No such file or directory
[    2.068419] fedora rpc.idmapd[413]: Setting log level to 0
[    2.068619] fedora rpc.idmapd[413]: libnfsidmap: Unable to determine the NFSv4 domain; Using 'localdomain' as the NFSv4 domain which means UIDs will be mapped to the 'Nobody-User' user defined in /etc/idmapd.conf
[    3.010257] fedora rpc.idmapd[413]: exiting on signal 15
[    3.012109] fedora rpcbind[404]: cannot open file = /run/rpcbind/rpcbind.xdr for writing
[    3.012144] fedora rpcbind[404]: cannot save any registration
[    3.012153] fedora rpcbind[404]: cannot open file = /run/rpcbind/portmap.xdr for writing
[    3.012155] fedora rpcbind[404]: cannot save any registration
[    5.133993] fedora systemd-oomd[692]: No swap; memory pressure usage will be degraded
[    5.217453] fedora kernel: kauditd_printk_skb: 16 callbacks suppressed
[    5.469492] fedora (udev-worker)[710]: sr0: Process '/usr/sbin/pktsetup -i -d 11:0' failed with exit code 1.
[    5.711660] fedora sm-notify[773]: Failed to open sm: No such file or directory
[    5.711667] fedora sm-notify[773]: Failed to open directory sm.bak: No such file or directory
[    5.772290] fedora systemd-tmpfiles[778]: Failed to create directory or subvolume "/usr/local/sbin": Read-only file system
[    7.100917] fedora irqbalance[859]: thermal: failed to receive messages.
[    7.100978] fedora irqbalance[859]: Failed to initialize thermal events.
[    7.183607] fedora avahi-daemon[842]: WARNING: No NSS support for mDNS detected, consider installing nss-mdns!
[    7.313472] fedora systemd-logind[950]: Failed to open '/boot/loader/entries': Remote address changed
[    7.534078] fedora (udev-worker)[718]: sr0: Process '/usr/sbin/pktsetup -i -d 11:0' failed with exit code 1.
[    7.742949] fedora systemd-logind[950]: Failed to open '/boot/loader/entries': Remote address changed
[    7.847594] fedora systemd-logind[950]: Failed to open '/boot/loader/entries': Remote address changed
[    8.838662] fedora systemd-logind[950]: Failed to open '/boot/loader/entries': Remote address changed
[    8.918994] fedora gnome-shell[1176]: Could not issue 'GetUnit' systemd call
[    8.976503] fedora systemd-logind[950]: Failed to open '/boot/loader/entries': Remote address changed
[    8.996751] fedora gsd-sharing[1300]: Failed to stop gnome-user-share-webdav.service: GDBus.Error:org.freedesktop.systemd1.NoSuchUnit: Unit gnome-user-share-webdav.service not loaded.
[    8.998300] fedora gsd-sharing[1300]: Failed to stop rygel.service: GDBus.Error:org.freedesktop.systemd1.NoSuchUnit: Unit rygel.service not loaded.
[    9.001181] fedora systemd-logind[950]: Failed to open '/boot/loader/entries': Remote address changed
[    9.036870] fedora (bunny-first-boot)[1374]: bunny-first-boot.service: Failed to set up mount namespacing: /run/gdm/home/gnome-initial-setup/.config/bunny-os: No such file or directory
[    9.036893] fedora (bunny-first-boot)[1374]: bunny-first-boot.service: Failed at step NAMESPACE spawning /usr/libexec/bunny-first-boot: No such file or directory
[    9.039870] fedora systemd[1073]: bunny-first-boot.service: Failed with result 'exit-code'.
[    9.040869] fedora systemd[1073]: Failed to start bunny-first-boot.service - Bunny OS per-user first-boot preferences.
[    9.210689] fedora gsd-usb-protection[1315]: Failed to fetch USBGuard parameters: GDBus.Error:org.freedesktop.DBus.Error.ServiceUnknown: The name is not activatable
[    9.219361] fedora gsd-media-keys[1293]: Failed to grab accelerator for keybinding settings:hibernate
[    9.219368] fedora gsd-media-keys[1293]: Failed to grab accelerator for keybinding settings:playback-repeat
[    9.271371] fedora gnome-shell[1176]: Failed to record usage: GDBus.Error:org.freedesktop.MalcontentTimer1.Child.Error.IdentifyingUser: Error identifying user: Invalid or unknown user
[    9.444910] fedora wireplumber[1520]: spa.bluez5: BlueZ system service is not available
[    9.641758] fedora gnome-keyring-daemon[1624]: discover_other_daemon: 0
[    9.721956] fedora gnome-initial-setup[1375]: Could not read list of available locales from libc, guessing possible locales from available translations, but list may be incomplete!
[   10.219311] fedora gnome-shell[1176]: Could not issue 'GetUnit' systemd call
[   10.246650] fedora gsd-xsettings[1679]: Failed to get current UI scaling factor: GDBus.Error:org.freedesktop.DBus.Error.NameHasNoOwner: Destination does not exist
[   17.004968] fedora irqbalance[859]: Cannot change IRQ 25 affinity: Permission denied
[   17.005226] fedora irqbalance[859]: IRQ 25 affinity is now unmanaged
[   17.005271] fedora irqbalance[859]: Cannot change IRQ 28 affinity: Permission denied
[   17.005274] fedora irqbalance[859]: IRQ 28 affinity is now unmanaged
[   17.569771] fedora kernel: kauditd_printk_skb: 138 callbacks suppressed
[   70.010688] fedora kernel: kauditd_printk_skb: 4 callbacks suppressed
[   85.693011] fedora gsd-media-keys[1293]: Virtual machines only honor the 'nothing' power-button-action, and will shutdown otherwise
[   85.890529] fedora gnome-shell[1176]: Connection to xwayland lost
[   85.894604] fedora gnome-shell[1176]: Could not issue 'GetUnit' systemd call
[   86.264970] fedora systemd[1]: sys-devices-virtual-misc-rfkill.device: Failed to enqueue SYSTEMD_WANTS job, ignoring: Transaction for systemd-rfkill.socket/start is destructive (systemd-poweroff.service has 'start' job queued, but 'stop' is included in transaction).
[   86.294339] fedora gnome-shell[1176]: Could not release device '/dev/input/event0' (13,64): GDBus.Error:org.freedesktop.DBus.Error.UnknownObject: Unknown object '/org/freedesktop/login1/session/c1'.
[   86.303515] fedora gnome-shell[1176]: Could not release device '/dev/input/event1' (13,65): GDBus.Error:org.freedesktop.DBus.Error.UnknownObject: Unknown object '/org/freedesktop/login1/session/c1'.
[   86.309772] fedora gnome-shell[1176]: Could not release device '/dev/input/event3' (13,67): GDBus.Error:org.freedesktop.DBus.Error.UnknownObject: Unknown object '/org/freedesktop/login1/session/c1'.
[   86.335674] fedora gnome-shell[1176]: Could not release device '/dev/input/event2' (13,66): GDBus.Error:org.freedesktop.DBus.Error.UnknownObject: Unknown object '/org/freedesktop/login1/session/c1'.
[   86.361780] fedora gnome-shell[1176]: Could not release device '/dev/dri/card1' (226,1): GDBus.Error:org.freedesktop.DBus.Error.UnknownObject: Unknown object '/org/freedesktop/login1/session/c1'.
[   86.363232] fedora (udev-worker)[1767]: sr0: Process '/usr/sbin/pktsetup -i -d 11:0' failed with exit code 1.
[   86.363368] fedora dbus-broker-launch[810]: Activation request for 'org.freedesktop.ColorManager' failed.
[   86.396390] fedora gnome-session-service[1169]: Failed to log out: Logout has been locked down
[  131.460274] fedora systemd[1073]: gnome-session-manager@gnome-initial-setup.service: State 'stop-sigterm' timed out. Aborting.
[  131.462727] fedora kernel: kauditd_printk_skb: 18 callbacks suppressed
[  131.469787] fedora systemd[1073]: gnome-session-manager@gnome-initial-setup.service: Main process exited, code=dumped, status=6/ABRT
[  131.483761] fedora systemd[1073]: gnome-session-manager@gnome-initial-setup.service: Failed with result 'timeout'.
[  131.496809] fedora gnome-session-ctl[1898]: Couldn't connect to session bus: Could not connect: Connection refused
[  131.614873] fedora dbus-broker-launch[810]: Activation request for 'org.freedesktop.nm_dispatcher' failed.
