[    1.871682] fedora kernel: virt/tdx: TDX not supported by the host platform
[    2.147544] fedora rpc.statd[409]: Failed to open directory sm: No such file or directory
[    2.147570] fedora rpc.statd[409]: Failed to create /var/lib/nfs/statd/.state.new: No such file or directory
[    2.150737] fedora rpc.idmapd[414]: Setting log level to 0
[    2.150935] fedora rpc.idmapd[414]: libnfsidmap: Unable to determine the NFSv4 domain; Using 'localdomain' as the NFSv4 domain which means UIDs will be mapped to the 'Nobody-User' user defined in /etc/idmapd.conf
[    3.085997] fedora rpc.idmapd[414]: exiting on signal 15
[    3.089179] fedora rpcbind[405]: cannot open file = /run/rpcbind/rpcbind.xdr for writing
[    3.089326] fedora rpcbind[405]: cannot save any registration
[    3.089365] fedora rpcbind[405]: cannot open file = /run/rpcbind/portmap.xdr for writing
[    3.089366] fedora rpcbind[405]: cannot save any registration
[    5.227652] fedora kernel: kauditd_printk_skb: 6 callbacks suppressed
[    5.379182] fedora systemd-oomd[692]: No swap; memory pressure usage will be degraded
[    5.764960] fedora (udev-worker)[709]: sr0: Process '/usr/sbin/pktsetup -i -d 11:0' failed with exit code 1.
[    5.952331] fedora sm-notify[774]: Failed to open sm: No such file or directory
[    5.952333] fedora sm-notify[774]: Failed to open directory sm.bak: No such file or directory
[    6.006580] fedora systemd-tmpfiles[776]: Failed to create directory or subvolume "/usr/local/sbin": Read-only file system
[    7.432846] fedora irqbalance[859]: thermal: failed to receive messages.
[    7.436123] fedora irqbalance[859]: Failed to initialize thermal events.
[    7.524381] fedora avahi-daemon[841]: WARNING: No NSS support for mDNS detected, consider installing nss-mdns!
[    7.659863] fedora systemd-logind[953]: Failed to open '/boot/loader/entries': Remote address changed
[    7.910813] fedora (udev-worker)[707]: sr0: Process '/usr/sbin/pktsetup -i -d 11:0' failed with exit code 1.
[    8.168137] fedora systemd-logind[953]: Failed to open '/boot/loader/entries': Remote address changed
[    8.270825] fedora systemd-logind[953]: Failed to open '/boot/loader/entries': Remote address changed
[    9.118246] fedora systemd-logind[953]: Failed to open '/boot/loader/entries': Remote address changed
[    9.196149] fedora gnome-shell[1177]: Could not issue 'GetUnit' systemd call
[    9.253094] fedora systemd-logind[953]: Failed to open '/boot/loader/entries': Remote address changed
[    9.292697] fedora systemd-logind[953]: Failed to open '/boot/loader/entries': Remote address changed
[    9.302450] fedora gsd-sharing[1301]: Failed to stop gnome-user-share-webdav.service: GDBus.Error:org.freedesktop.systemd1.NoSuchUnit: Unit gnome-user-share-webdav.service not loaded.
[    9.302852] fedora gsd-sharing[1301]: Failed to stop rygel.service: GDBus.Error:org.freedesktop.systemd1.NoSuchUnit: Unit rygel.service not loaded.
[    9.319092] fedora (bunny-first-boot)[1377]: bunny-first-boot.service: Failed to set up mount namespacing: /run/gdm/home/gnome-initial-setup/.config/bunny-os: No such file or directory
[    9.319131] fedora (bunny-first-boot)[1377]: bunny-first-boot.service: Failed at step NAMESPACE spawning /usr/libexec/bunny-first-boot: No such file or directory
[    9.320077] fedora systemd[1078]: bunny-first-boot.service: Failed with result 'exit-code'.
[    9.322789] fedora systemd[1078]: Failed to start bunny-first-boot.service - Bunny OS per-user first-boot preferences.
[    9.337456] fedora gsd-media-keys[1290]: Failed to grab accelerator for keybinding settings:hibernate
[    9.337855] fedora gsd-media-keys[1290]: Failed to grab accelerator for keybinding settings:playback-repeat
[    9.529412] fedora gsd-usb-protection[1305]: Failed to fetch USBGuard parameters: GDBus.Error:org.freedesktop.DBus.Error.ServiceUnknown: The name is not activatable
[    9.582144] fedora malcontent-timerd[1496]: mct_time_span_new: assertion 'start_time_secs < end_time_secs' failed
[    9.583285] fedora malcontent-timerd[1496]: mct_time_span_free: assertion 'self != NULL' failed
[    9.652500] fedora gnome-shell[1177]: Failed to record usage: GDBus.Error:org.freedesktop.MalcontentTimer1.Child.Error.IdentifyingUser: Error identifying user: Invalid or unknown user
[    9.750375] fedora wireplumber[1524]: spa.bluez5: BlueZ system service is not available
[    9.952804] fedora gnome-keyring-daemon[1625]: discover_other_daemon: 0
[   10.035540] fedora gnome-initial-setup[1378]: Could not read list of available locales from libc, guessing possible locales from available translations, but list may be incomplete!
[   10.264677] fedora kernel: kauditd_printk_skb: 145 callbacks suppressed
[   10.546063] fedora gnome-shell[1177]: Could not issue 'GetUnit' systemd call
[   10.576906] fedora gsd-xsettings[1678]: Failed to get current UI scaling factor: GDBus.Error:org.freedesktop.DBus.Error.NameHasNoOwner: Destination does not exist
[   11.172596] fedora chronyd[851]: System clock wrong by 1.746603 seconds
[   12.919307] fedora chronyd[851]: System clock was stepped by 1.746603 seconds
[   18.001582] fedora irqbalance[859]: Cannot change IRQ 25 affinity: Permission denied
[   18.001639] fedora irqbalance[859]: IRQ 25 affinity is now unmanaged
[   18.001668] fedora irqbalance[859]: Cannot change IRQ 28 affinity: Permission denied
[   18.001672] fedora irqbalance[859]: IRQ 28 affinity is now unmanaged
[   48.010373] fedora irqbalance[859]: Cannot change IRQ 27 affinity: Permission denied
[   48.010415] fedora irqbalance[859]: IRQ 27 affinity is now unmanaged
[   70.007482] fedora kernel: kauditd_printk_skb: 4 callbacks suppressed
[   84.262201] fedora gsd-media-keys[1290]: Virtual machines only honor the 'nothing' power-button-action, and will shutdown otherwise
[   84.389110] fedora gnome-shell[1177]: Connection to xwayland lost
[   84.421222] fedora gnome-shell[1177]: Could not issue 'GetUnit' systemd call
[   84.813505] fedora systemd[1]: sys-devices-virtual-misc-rfkill.device: Failed to enqueue SYSTEMD_WANTS job, ignoring: Transaction for systemd-rfkill.socket/start is destructive (shutdown.target has 'start' job queued, but 'stop' is included in transaction).
[   84.864383] fedora gnome-shell[1177]: Could not release device '/dev/input/event0' (13,64): GDBus.Error:org.freedesktop.DBus.Error.UnknownObject: Unknown object '/org/freedesktop/login1/session/c1'.
[   84.871856] fedora gnome-shell[1177]: Could not release device '/dev/input/event1' (13,65): GDBus.Error:org.freedesktop.DBus.Error.UnknownObject: Unknown object '/org/freedesktop/login1/session/c1'.
[   84.879743] fedora gnome-shell[1177]: Could not release device '/dev/input/event3' (13,67): GDBus.Error:org.freedesktop.DBus.Error.UnknownObject: Unknown object '/org/freedesktop/login1/session/c1'.
[   84.900990] fedora (udev-worker)[1779]: sr0: Process '/usr/sbin/pktsetup -i -d 11:0' failed with exit code 1.
[   84.902068] fedora gnome-shell[1177]: Could not release device '/dev/input/event2' (13,66): GDBus.Error:org.freedesktop.DBus.Error.UnknownObject: Unknown object '/org/freedesktop/login1/session/c1'.
[   84.928280] fedora gnome-shell[1177]: Could not release device '/dev/dri/card1' (226,1): GDBus.Error:org.freedesktop.DBus.Error.UnknownObject: Unknown object '/org/freedesktop/login1/session/c1'.
[   84.932431] fedora dbus-broker-launch[812]: Activation request for 'org.freedesktop.ColorManager' failed.
[   84.961905] fedora gnome-session-service[1171]: Failed to log out: Logout has been locked down
[  130.169315] fedora systemd[1078]: gnome-session-manager@gnome-initial-setup.service: State 'stop-sigterm' timed out. Aborting.
[  130.171405] fedora kernel: kauditd_printk_skb: 18 callbacks suppressed
[  130.180292] fedora systemd[1078]: gnome-session-manager@gnome-initial-setup.service: Main process exited, code=dumped, status=6/ABRT
[  130.195727] fedora systemd[1078]: gnome-session-manager@gnome-initial-setup.service: Failed with result 'timeout'.
[  130.209770] fedora gnome-session-ctl[1914]: Couldn't connect to session bus: Could not connect: Connection refused
[  130.359658] fedora dbus-broker-launch[812]: Activation request for 'org.freedesktop.nm_dispatcher' failed.
[  130.622861] fedora systemd-udevd[701]: Failed to remove file descriptor "config-serialization" from the store, ignoring: Connection refused
