[    1.878336] fedora kernel: virt/tdx: TDX not supported by the host platform
[    2.138518] fedora rpc.statd[410]: Failed to open directory sm: No such file or directory
[    2.138549] fedora rpc.statd[410]: Failed to create /var/lib/nfs/statd/.state.new: No such file or directory
[    2.141995] fedora rpc.idmapd[415]: Setting log level to 0
[    2.142196] fedora rpc.idmapd[415]: libnfsidmap: Unable to determine the NFSv4 domain; Using 'localdomain' as the NFSv4 domain which means UIDs will be mapped to the 'Nobody-User' user defined in /etc/idmapd.conf
[    3.079271] fedora rpc.idmapd[415]: exiting on signal 15
[    3.080955] fedora rpcbind[406]: cannot open file = /run/rpcbind/rpcbind.xdr for writing
[    3.080979] fedora rpcbind[406]: cannot save any registration
[    3.080987] fedora rpcbind[406]: cannot open file = /run/rpcbind/portmap.xdr for writing
[    3.080988] fedora rpcbind[406]: cannot save any registration
[    5.235724] fedora kernel: kauditd_printk_skb: 8 callbacks suppressed
[    5.279120] fedora systemd-oomd[693]: No swap; memory pressure usage will be degraded
[    5.677655] fedora (udev-worker)[709]: sr0: Process '/usr/sbin/pktsetup -i -d 11:0' failed with exit code 1.
[    5.905675] fedora sm-notify[776]: Failed to open sm: No such file or directory
[    5.905679] fedora sm-notify[776]: Failed to open directory sm.bak: No such file or directory
[    5.973397] fedora systemd-tmpfiles[778]: Failed to create directory or subvolume "/usr/local/sbin": Read-only file system
[    7.422760] fedora irqbalance[865]: thermal: failed to receive messages.
[    7.422774] fedora irqbalance[865]: Failed to initialize thermal events.
[    7.492799] fedora avahi-daemon[840]: WARNING: No NSS support for mDNS detected, consider installing nss-mdns!
[    7.611383] fedora systemd-logind[959]: Failed to open '/boot/loader/entries': Remote address changed
[    7.875881] fedora (udev-worker)[709]: sr0: Process '/usr/sbin/pktsetup -i -d 11:0' failed with exit code 1.
[    8.094480] fedora systemd-logind[959]: Failed to open '/boot/loader/entries': Remote address changed
[    8.200570] fedora systemd-logind[959]: Failed to open '/boot/loader/entries': Remote address changed
[    9.077373] fedora systemd-logind[959]: Failed to open '/boot/loader/entries': Remote address changed
[    9.158610] fedora gnome-shell[1179]: Could not issue 'GetUnit' systemd call
[    9.206372] fedora systemd-logind[959]: Failed to open '/boot/loader/entries': Remote address changed
[    9.221875] fedora systemd-logind[959]: Failed to open '/boot/loader/entries': Remote address changed
[    9.245292] fedora gsd-sharing[1300]: Failed to stop gnome-user-share-webdav.service: GDBus.Error:org.freedesktop.systemd1.NoSuchUnit: Unit gnome-user-share-webdav.service not loaded.
[    9.247921] fedora gsd-sharing[1300]: Failed to stop rygel.service: GDBus.Error:org.freedesktop.systemd1.NoSuchUnit: Unit rygel.service not loaded.
[    9.264611] fedora (bunny-first-boot)[1373]: bunny-first-boot.service: Failed to set up mount namespacing: /run/gdm/home/gnome-initial-setup/.config/bunny-os: No such file or directory
[    9.264630] fedora (bunny-first-boot)[1373]: bunny-first-boot.service: Failed at step NAMESPACE spawning /usr/libexec/bunny-first-boot: No such file or directory
[    9.266554] fedora systemd[1092]: bunny-first-boot.service: Failed with result 'exit-code'.
[    9.266969] fedora systemd[1092]: Failed to start bunny-first-boot.service - Bunny OS per-user first-boot preferences.
[    9.480367] fedora gsd-media-keys[1295]: Failed to grab accelerator for keybinding settings:hibernate
[    9.480378] fedora gsd-media-keys[1295]: Failed to grab accelerator for keybinding settings:playback-repeat
[    9.483045] fedora gsd-usb-protection[1309]: Failed to fetch USBGuard parameters: GDBus.Error:org.freedesktop.DBus.Error.ServiceUnknown: The name is not activatable
[    9.537148] fedora malcontent-timerd[1509]: mct_time_span_new: assertion 'start_time_secs < end_time_secs' failed
[    9.539265] fedora malcontent-timerd[1509]: mct_time_span_free: assertion 'self != NULL' failed
[    9.541782] fedora gnome-shell[1179]: Failed to record usage: GDBus.Error:org.freedesktop.MalcontentTimer1.Child.Error.IdentifyingUser: Error identifying user: Invalid or unknown user
[    9.705722] fedora wireplumber[1538]: spa.bluez5: BlueZ system service is not available
[    9.921169] fedora gnome-keyring-daemon[1636]: discover_other_daemon: 0
[   10.003482] fedora gnome-initial-setup[1375]: Could not read list of available locales from libc, guessing possible locales from available translations, but list may be incomplete!
[   10.538221] fedora gnome-shell[1179]: Could not issue 'GetUnit' systemd call
[   10.572547] fedora gsd-xsettings[1690]: Failed to get current UI scaling factor: GDBus.Error:org.freedesktop.DBus.Error.NameHasNoOwner: Destination does not exist
[   10.463748] fedora chronyd[850]: System clock wrong by 2.225825 seconds
[   12.689667] fedora chronyd[850]: System clock was stepped by 2.225825 seconds
[   17.877912] fedora kernel: kauditd_printk_skb: 144 callbacks suppressed
[   18.001842] fedora irqbalance[865]: Cannot change IRQ 25 affinity: Permission denied
[   18.001902] fedora irqbalance[865]: IRQ 25 affinity is now unmanaged
[   18.001933] fedora irqbalance[865]: Cannot change IRQ 28 affinity: Permission denied
[   18.001935] fedora irqbalance[865]: IRQ 28 affinity is now unmanaged
[   70.010278] fedora kernel: kauditd_printk_skb: 4 callbacks suppressed
[   84.492930] fedora gsd-media-keys[1295]: Virtual machines only honor the 'nothing' power-button-action, and will shutdown otherwise
[   84.664403] fedora gnome-shell[1179]: Connection to xwayland lost
[   84.670811] fedora gnome-shell[1179]: Could not issue 'GetUnit' systemd call
[   85.046597] fedora systemd[1]: sys-devices-virtual-misc-rfkill.device: Failed to enqueue SYSTEMD_WANTS job, ignoring: Transaction for systemd-rfkill.socket/start is destructive (poweroff.target has 'start' job queued, but 'stop' is included in transaction).
[   85.084631] fedora gnome-shell[1179]: Could not release device '/dev/input/event0' (13,64): GDBus.Error:org.freedesktop.DBus.Error.UnknownObject: Unknown object '/org/freedesktop/login1/session/c1'.
[   85.090772] fedora gnome-shell[1179]: Could not release device '/dev/input/event1' (13,65): GDBus.Error:org.freedesktop.DBus.Error.UnknownObject: Unknown object '/org/freedesktop/login1/session/c1'.
[   85.093700] fedora gnome-shell[1179]: Could not release device '/dev/input/event3' (13,67): GDBus.Error:org.freedesktop.DBus.Error.UnknownObject: Unknown object '/org/freedesktop/login1/session/c1'.
[   85.109797] fedora gnome-shell[1179]: Could not release device '/dev/input/event2' (13,66): GDBus.Error:org.freedesktop.DBus.Error.UnknownObject: Unknown object '/org/freedesktop/login1/session/c1'.
[   85.145421] fedora (udev-worker)[1872]: sr0: Process '/usr/sbin/pktsetup -i -d 11:0' failed with exit code 1.
[   85.150606] fedora gnome-shell[1179]: Could not release device '/dev/dri/card1' (226,1): GDBus.Error:org.freedesktop.DBus.Error.UnknownObject: Unknown object '/org/freedesktop/login1/session/c1'.
[   85.151479] fedora dbus-broker-launch[813]: Activation request for 'org.freedesktop.ColorManager' failed.
[   85.185637] fedora gnome-session-service[1173]: Failed to log out: Logout has been locked down
[  130.268903] fedora systemd[1092]: gnome-session-manager@gnome-initial-setup.service: State 'stop-sigterm' timed out. Aborting.
[  130.270800] fedora kernel: kauditd_printk_skb: 18 callbacks suppressed
[  130.279578] fedora systemd[1092]: gnome-session-manager@gnome-initial-setup.service: Main process exited, code=dumped, status=6/ABRT
[  130.293873] fedora systemd[1092]: gnome-session-manager@gnome-initial-setup.service: Failed with result 'timeout'.
[  130.309797] fedora gnome-session-ctl[1905]: Couldn't connect to session bus: Could not connect: Connection refused
[  130.443893] fedora dbus-broker-launch[813]: Activation request for 'org.freedesktop.nm_dispatcher' failed.
