[    1.986738] fedora kernel: virt/tdx: TDX not supported by the host platform
[    2.271093] fedora rpc.statd[392]: Failed to open directory sm: No such file or directory
[    2.271125] fedora rpc.statd[392]: Failed to create /var/lib/nfs/statd/.state.new: No such file or directory
[    2.273832] fedora rpc.idmapd[397]: Setting log level to 0
[    2.274104] fedora rpc.idmapd[397]: libnfsidmap: Unable to determine the NFSv4 domain; Using 'localdomain' as the NFSv4 domain which means UIDs will be mapped to the 'Nobody-User' user defined in /etc/idmapd.conf
[    3.247267] fedora rpc.idmapd[397]: exiting on signal 15
[    3.249421] fedora rpcbind[388]: cannot open file = /run/rpcbind/rpcbind.xdr for writing
[    3.249426] fedora rpcbind[388]: cannot save any registration
[    3.249434] fedora rpcbind[388]: cannot open file = /run/rpcbind/portmap.xdr for writing
[    3.249435] fedora rpcbind[388]: cannot save any registration
[    5.639475] fedora systemd-oomd[681]: No swap; memory pressure usage will be degraded
[    6.013474] fedora (udev-worker)[703]: sr0: Process '/usr/sbin/pktsetup -i -d 11:0' failed with exit code 1.
[    6.165709] fedora sm-notify[752]: Failed to open sm: No such file or directory
[    6.165713] fedora sm-notify[752]: Failed to open directory sm.bak: No such file or directory
[    6.360388] fedora systemd-tmpfiles[754]: Failed to create directory or subvolume "/usr/local/sbin": Read-only file system
[    7.908632] fedora irqbalance[844]: thermal: failed to receive messages.
[    7.911364] fedora irqbalance[844]: Failed to initialize thermal events.
[    8.108705] fedora avahi-daemon[819]: WARNING: No NSS support for mDNS detected, consider installing nss-mdns!
[    8.294748] fedora systemd-logind[935]: Failed to open '/boot/loader/entries': Remote address changed
[    8.644971] fedora (udev-worker)[703]: sr0: Process '/usr/sbin/pktsetup -i -d 11:0' failed with exit code 1.
[    8.938160] fedora systemd-logind[935]: Failed to open '/boot/loader/entries': Remote address changed
[    9.045077] fedora systemd-logind[935]: Failed to open '/boot/loader/entries': Remote address changed
[    9.929898] fedora systemd-logind[935]: Failed to open '/boot/loader/entries': Remote address changed
[   10.038081] fedora gnome-shell[1156]: Could not issue 'GetUnit' systemd call
[   10.154941] fedora systemd-logind[935]: Failed to open '/boot/loader/entries': Remote address changed
[   10.177756] fedora systemd-logind[935]: Failed to open '/boot/loader/entries': Remote address changed
[   10.245318] fedora gsd-sharing[1270]: Failed to stop gnome-user-share-webdav.service: GDBus.Error:org.freedesktop.systemd1.NoSuchUnit: Unit gnome-user-share-webdav.service not loaded.
[   10.247292] fedora gsd-sharing[1270]: Failed to stop rygel.service: GDBus.Error:org.freedesktop.systemd1.NoSuchUnit: Unit rygel.service not loaded.
[   10.272785] fedora (bunny-first-boot)[1344]: bunny-first-boot.service: Failed to set up mount namespacing: /run/gdm/home/gnome-initial-setup/.config/bunny-os: No such file or directory
[   10.274060] fedora (bunny-first-boot)[1344]: bunny-first-boot.service: Failed at step NAMESPACE spawning /usr/libexec/bunny-first-boot: No such file or directory
[   10.276300] fedora systemd[1087]: bunny-first-boot.service: Failed with result 'exit-code'.
[   10.277984] fedora systemd[1087]: Failed to start bunny-first-boot.service - Bunny OS per-user first-boot preferences.
[   10.366122] fedora gsd-media-keys[1267]: Failed to grab accelerator for keybinding settings:hibernate
[   10.366560] fedora gsd-media-keys[1267]: Failed to grab accelerator for keybinding settings:playback-repeat
[   10.570272] fedora gsd-usb-protection[1273]: Failed to fetch USBGuard parameters: GDBus.Error:org.freedesktop.DBus.Error.ServiceUnknown: The name is not activatable
[   10.577155] fedora kernel: kauditd_printk_skb: 149 callbacks suppressed
[   10.703479] fedora gnome-shell[1156]: Failed to record usage: GDBus.Error:org.freedesktop.MalcontentTimer1.Child.Error.IdentifyingUser: Error identifying user: Invalid or unknown user
[   10.939544] fedora wireplumber[1492]: spa.bluez5: BlueZ system service is not available
[   11.182213] fedora gnome-keyring-daemon[1573]: discover_other_daemon: 0
[   11.269793] fedora gnome-initial-setup[1347]: Could not read list of available locales from libc, guessing possible locales from available translations, but list may be incomplete!
[   11.800805] fedora gnome-shell[1156]: Could not issue 'GetUnit' systemd call
[   11.836180] fedora gsd-xsettings[1629]: Failed to get current UI scaling factor: GDBus.Error:org.freedesktop.DBus.Error.NameHasNoOwner: Destination does not exist
[   11.061939] fedora chronyd[829]: System clock wrong by 2.483365 seconds
[   13.545820] fedora chronyd[829]: System clock was stepped by 2.483365 seconds
[   71.010324] fedora kernel: kauditd_printk_skb: 4 callbacks suppressed
[   86.332478] fedora gsd-media-keys[1267]: Virtual machines only honor the 'nothing' power-button-action, and will shutdown otherwise
[   86.488273] fedora gdm[1017]: Gdm: Failed to list cached users: GDBus.Error:org.freedesktop.DBus.Error.ServiceUnknown: The name is not activatable
[   86.511883] fedora systemd[1]: gdm.service: Failed with result 'exit-code'.
[   86.513553] fedora systemd[1]: gdm.service: Failed to enqueue OnFailure=plymouth-quit.service job, ignoring: Unit plymouth-quit.service not found.
[   86.528698] fedora gsd-media-keys[1267]: g_hash_table_size: assertion 'hash_table != NULL' failed
[   86.571849] fedora gnome-shell[1156]: Connection to xwayland lost
[   86.580465] fedora gnome-shell[1156]: Could not issue 'GetUnit' systemd call
[   86.923826] fedora systemd[1]: sys-devices-virtual-misc-rfkill.device: Failed to enqueue SYSTEMD_WANTS job, ignoring: Transaction for systemd-rfkill.socket/start is destructive (systemd-poweroff.service has 'start' job queued, but 'stop' is included in transaction).
[   86.967230] fedora gnome-shell[1156]: Could not release device '/dev/input/event0' (13,64): GDBus.Error:org.freedesktop.DBus.Error.UnknownObject: Unknown object '/org/freedesktop/login1/session/c1'.
[   86.969403] fedora gnome-shell[1156]: Could not release device '/dev/input/event1' (13,65): GDBus.Error:org.freedesktop.DBus.Error.UnknownObject: Unknown object '/org/freedesktop/login1/session/c1'.
[   86.977577] fedora gnome-shell[1156]: Could not release device '/dev/input/event3' (13,67): GDBus.Error:org.freedesktop.DBus.Error.UnknownObject: Unknown object '/org/freedesktop/login1/session/c1'.
[   86.983231] fedora gnome-shell[1156]: Could not release device '/dev/input/event2' (13,66): GDBus.Error:org.freedesktop.DBus.Error.UnknownObject: Unknown object '/org/freedesktop/login1/session/c1'.
[   86.988690] fedora (udev-worker)[1711]: sr0: Process '/usr/sbin/pktsetup -i -d 11:0' failed with exit code 1.
[   87.007436] fedora gnome-shell[1156]: Could not release device '/dev/dri/card1' (226,1): GDBus.Error:org.freedesktop.DBus.Error.UnknownObject: Unknown object '/org/freedesktop/login1/session/c1'.
[   87.010552] fedora dbus-broker-launch[790]: Activation request for 'org.freedesktop.ColorManager' failed.
[   87.037468] fedora gnome-session-service[1150]: Failed to log out: Logout has been locked down
[  132.156140] fedora systemd[1087]: gnome-session-manager@gnome-initial-setup.service: State 'stop-sigterm' timed out. Aborting.
[  132.158912] fedora kernel: kauditd_printk_skb: 18 callbacks suppressed
[  132.168453] fedora systemd[1087]: gnome-session-manager@gnome-initial-setup.service: Main process exited, code=dumped, status=6/ABRT
[  132.181505] fedora systemd[1087]: gnome-session-manager@gnome-initial-setup.service: Failed with result 'timeout'.
[  132.199335] fedora gnome-session-ctl[1832]: Couldn't connect to session bus: Could not connect: Connection refused
[  132.308311] fedora dbus-broker-launch[790]: Activation request for 'org.freedesktop.nm_dispatcher' failed.
