[    1.888634] fedora kernel: virt/tdx: TDX not supported by the host platform
[    2.155056] fedora rpc.statd[410]: Failed to open directory sm: No such file or directory
[    2.155072] fedora rpc.statd[410]: Failed to create /var/lib/nfs/statd/.state.new: No such file or directory
[    2.158722] fedora rpc.idmapd[415]: Setting log level to 0
[    2.158924] fedora rpc.idmapd[415]: libnfsidmap: Unable to determine the NFSv4 domain; Using 'localdomain' as the NFSv4 domain which means UIDs will be mapped to the 'Nobody-User' user defined in /etc/idmapd.conf
[    3.095401] fedora rpc.idmapd[415]: exiting on signal 15
[    3.097590] fedora rpcbind[406]: cannot open file = /run/rpcbind/rpcbind.xdr for writing
[    3.097660] fedora rpcbind[406]: cannot save any registration
[    3.097711] fedora rpcbind[406]: cannot open file = /run/rpcbind/portmap.xdr for writing
[    3.097717] fedora rpcbind[406]: cannot save any registration
[    5.199614] fedora kernel: kauditd_printk_skb: 5 callbacks suppressed
[    5.432426] fedora systemd-oomd[690]: No swap; memory pressure usage will be degraded
[    5.753176] fedora (udev-worker)[705]: sr0: Process '/usr/sbin/pktsetup -i -d 11:0' failed with exit code 1.
[    6.889138] fedora sm-notify[783]: Failed to open sm: No such file or directory
[    6.889142] fedora sm-notify[783]: Failed to open directory sm.bak: No such file or directory
[    6.958842] fedora systemd-tmpfiles[785]: Failed to create directory or subvolume "/usr/local/sbin": Read-only file system
[    8.410888] fedora irqbalance[859]: thermal: failed to receive messages.
[    8.410902] fedora irqbalance[859]: Failed to initialize thermal events.
[    8.491499] fedora avahi-daemon[839]: WARNING: No NSS support for mDNS detected, consider installing nss-mdns!
[    8.666542] fedora systemd-logind[957]: Failed to open '/boot/loader/entries': Remote address changed
[    9.140810] fedora (udev-worker)[705]: sr0: Process '/usr/sbin/pktsetup -i -d 11:0' failed with exit code 1.
[    9.222575] fedora systemd-logind[957]: Failed to open '/boot/loader/entries': Remote address changed
[    9.231385] fedora gnome-session-service[1210]: App gnome-keyring-secrets.desktop sets X-GNOME-Autostart-Phase, but gnome-session no longer manages session services
[    9.231497] fedora gnome-session-service[1210]: App at-spi-dbus-bus.desktop sets X-GNOME-Autostart-Phase, but gnome-session no longer manages session services
[    9.231625] fedora gnome-session-service[1210]: App gnome-keyring-pkcs11.desktop sets X-GNOME-Autostart-Phase, but gnome-session no longer manages session services
[    9.231660] fedora gnome-session-service[1210]: App xdg-user-dirs.desktop sets X-GNOME-Autostart-Phase, but gnome-session no longer manages session services
[    9.231692] fedora gnome-session-service[1210]: App gnome-keyring-ssh.desktop sets X-GNOME-Autostart-Phase, but gnome-session no longer manages session services
[    9.329170] fedora systemd-logind[957]: Failed to open '/boot/loader/entries': Remote address changed
[   10.186616] fedora systemd-logind[957]: Failed to open '/boot/loader/entries': Remote address changed
[   10.404085] fedora gnome-shell[1219]: Could not issue 'GetUnit' systemd call
[   10.469889] fedora systemd-logind[957]: Failed to open '/boot/loader/entries': Remote address changed
[   10.511242] fedora kernel: kauditd_printk_skb: 142 callbacks suppressed
[   10.525397] fedora systemd-logind[957]: Failed to open '/boot/loader/entries': Remote address changed
[   10.597369] fedora gsd-keyboard[1367]: g_variant_unref: assertion 'value != NULL' failed
[   10.614364] fedora gsd-sharing[1389]: Failed to stop gnome-user-share-webdav.service: GDBus.Error:org.freedesktop.systemd1.NoSuchUnit: Unit gnome-user-share-webdav.service not loaded.
[   10.614401] fedora gsd-sharing[1389]: Failed to stop rygel.service: GDBus.Error:org.freedesktop.systemd1.NoSuchUnit: Unit rygel.service not loaded.
[   10.766755] fedora gsd-media-keys[1368]: Failed to grab accelerator for keybinding settings:playback-repeat
[   10.766763] fedora gsd-media-keys[1368]: Failed to grab accelerator for keybinding settings:hibernate
[   10.776128] fedora gsd-usb-protection[1398]: Failed to fetch USBGuard parameters: GDBus.Error:org.freedesktop.DBus.Error.ServiceUnknown: The name is not activatable
[   10.917111] fedora gnome-shell-calendar-server[1326]: e_cal_client_set_default_timezone: assertion 'zone != NULL' failed
[   10.922610] fedora gnome-shell-calendar-server[1326]: e_cal_client_set_default_timezone: assertion 'zone != NULL' failed
[   10.927392] fedora gnome-shell-calendar-server[1326]: e_cal_client_set_default_timezone: assertion 'zone != NULL' failed
[   10.928469] fedora gnome-shell-calendar-server[1326]: e_cal_client_set_default_timezone: assertion 'zone != NULL' failed
[   10.960096] fedora malcontent-timerd[1735]: mct_time_span_new: assertion 'start_time_secs < end_time_secs' failed
[   10.962501] fedora malcontent-timerd[1735]: mct_time_span_copy: assertion 'self != NULL' failed
[   10.962506] fedora malcontent-timerd[1735]: mct_time_span_get_start_time_secs: assertion 'self != NULL' failed
[   10.962507] fedora malcontent-timerd[1735]: mct_time_span_get_end_time_secs: assertion 'self != NULL' failed
[   10.962511] fedora malcontent-timerd[1735]: mct_time_span_free: assertion 'self != NULL' failed
[   10.963765] fedora malcontent-timerd[1735]: mct_time_span_free: assertion 'self != NULL' failed
[   10.981610] fedora colord[1302]: CdMain: failed to profile from filename: failed to load file: Error opening file /var/home/dsq-test/.local/share/icc/edid-bb6ad72dc802b000932c73ad20996ae5.icc: Permission denied
[   11.025515] fedora gnome-shell[1219]: Failed to create colord color profile icc-82522d9aaa0e97dcc91e02785ccee88a: failed to load file: Error opening file /var/home/dsq-test/.local/share/icc/edid-bb6ad72dc802b000932c73ad20996ae5.icc: Permission denied
[   11.183057] fedora wireplumber[1769]: spa.bluez5: BlueZ system service is not available
[   11.626395] fedora gnome-keyring-daemon[1962]: discover_other_daemon: 1
[   14.592769] fedora avahi-daemon[839]: Missed message org.freedesktop.DBus.Properties::GetAll()
[   14.593836] fedora avahi-daemon[839]: Missed message org.freedesktop.DBus.Properties::GetAll()
[   18.836114] fedora kernel: kauditd_printk_skb: 14 callbacks suppressed
[   19.010559] fedora irqbalance[859]: Cannot change IRQ 25 affinity: Permission denied
[   19.010597] fedora irqbalance[859]: IRQ 25 affinity is now unmanaged
[   19.010614] fedora irqbalance[859]: Cannot change IRQ 28 affinity: Permission denied
[   19.010617] fedora irqbalance[859]: IRQ 28 affinity is now unmanaged
[   29.009485] fedora irqbalance[859]: Cannot change IRQ 27 affinity: Permission denied
[   29.009525] fedora irqbalance[859]: IRQ 27 affinity is now unmanaged
[   87.502484] fedora gsd-media-keys[1368]: Virtual machines only honor the 'nothing' power-button-action, and will shutdown otherwise
[   87.582570] fedora gnome-shell[1219]: Owner of volume monitor org.gtk.vfs.GoaVolumeMonitor disconnected from the bus; removing drives/volumes/mounts
[   87.585635] fedora localsearch-3[1501]: Owner of volume monitor org.gtk.vfs.GoaVolumeMonitor disconnected from the bus; removing drives/volumes/mounts
[   87.594610] fedora gdm[1034]: Gdm: Failed to list cached users: GDBus.Error:org.freedesktop.DBus.Error.ServiceUnknown: The name is not activatable
[   87.597297] fedora localsearch-3[1501]: Owner of volume monitor org.gtk.vfs.UDisks2VolumeMonitor disconnected from the bus; removing drives/volumes/mounts
[   87.599832] fedora gnome-shell[1219]: Owner of volume monitor org.gtk.vfs.UDisks2VolumeMonitor disconnected from the bus; removing drives/volumes/mounts
[   87.700453] fedora systemd[1]: gdm.service: Failed with result 'exit-code'.
[   87.701795] fedora systemd[1]: gdm.service: Failed to enqueue OnFailure=plymouth-quit.service job, ignoring: Unit plymouth-quit.service not found.
[   87.714685] fedora (udev-worker)[2199]: sr0: Process '/usr/sbin/pktsetup -i -d 11:0' failed with exit code 1.
[   88.065262] fedora systemd[1]: sys-devices-virtual-misc-rfkill.device: Failed to enqueue SYSTEMD_WANTS job, ignoring: Transaction for systemd-rfkill.socket/start is destructive (systemd-poweroff.service has 'start' job queued, but 'stop' is included in transaction).
[   88.156661] fedora gnome-shell[1219]: invalid (NULL) pointer instance
[   88.156688] fedora gnome-shell[1219]: g_signal_handler_disconnect: assertion 'G_TYPE_CHECK_INSTANCE (instance)' failed
[   88.160021] fedora dbus-broker-launch[811]: Activation request for 'org.freedesktop.ColorManager' failed.
[   88.376600] fedora dbus-broker-launch[811]: Activation request for 'org.freedesktop.nm_dispatcher' failed.
[   89.385113] fedora systemd-udevd[699]: Failed to remove file descriptor "config-serialization" from the store, ignoring: Connection refused
