[    1.917950] fedora kernel: virt/tdx: TDX not supported by the host platform
[    2.189886] fedora rpc.statd[409]: Failed to open directory sm: No such file or directory
[    2.189920] fedora rpc.statd[409]: Failed to create /var/lib/nfs/statd/.state.new: No such file or directory
[    2.193068] fedora rpc.idmapd[414]: Setting log level to 0
[    2.193280] fedora rpc.idmapd[414]: libnfsidmap: Unable to determine the NFSv4 domain; Using 'localdomain' as the NFSv4 domain which means UIDs will be mapped to the 'Nobody-User' user defined in /etc/idmapd.conf
[    3.114202] fedora rpc.idmapd[414]: exiting on signal 15
[    3.116202] fedora rpcbind[405]: cannot open file = /run/rpcbind/rpcbind.xdr for writing
[    3.116227] fedora rpcbind[405]: cannot save any registration
[    3.116235] fedora rpcbind[405]: cannot open file = /run/rpcbind/portmap.xdr for writing
[    3.116237] fedora rpcbind[405]: cannot save any registration
[    5.243238] fedora kernel: kauditd_printk_skb: 8 callbacks suppressed
[    5.283630] fedora systemd-oomd[691]: No swap; memory pressure usage will be degraded
[    5.646643] fedora kernel: , irq 7 [PCSPP,TRISTATE]
[    5.665740] fedora (udev-worker)[722]: sr0: Process '/usr/sbin/pktsetup -i -d 11:0' failed with exit code 1.
[    5.875104] fedora sm-notify[776]: Failed to open sm: No such file or directory
[    5.875108] fedora sm-notify[776]: Failed to open directory sm.bak: No such file or directory
[    5.950954] fedora systemd-tmpfiles[778]: Failed to create directory or subvolume "/usr/local/sbin": Read-only file system
[    7.373323] fedora irqbalance[861]: thermal: failed to receive messages.
[    7.375173] fedora irqbalance[861]: Failed to initialize thermal events.
[    7.489296] fedora avahi-daemon[838]: WARNING: No NSS support for mDNS detected, consider installing nss-mdns!
[    7.600217] fedora systemd-logind[962]: Failed to open '/boot/loader/entries': Remote address changed
[    7.817098] fedora (udev-worker)[719]: sr0: Process '/usr/sbin/pktsetup -i -d 11:0' failed with exit code 1.
[    8.030926] fedora systemd-logind[962]: Failed to open '/boot/loader/entries': Remote address changed
[    8.134488] fedora systemd-logind[962]: Failed to open '/boot/loader/entries': Remote address changed
[    8.991920] fedora systemd-logind[962]: Failed to open '/boot/loader/entries': Remote address changed
[    9.064743] fedora gnome-shell[1175]: Could not issue 'GetUnit' systemd call
[    9.125344] fedora systemd-logind[962]: Failed to open '/boot/loader/entries': Remote address changed
[    9.160513] fedora gsd-sharing[1294]: Failed to stop gnome-user-share-webdav.service: GDBus.Error:org.freedesktop.systemd1.NoSuchUnit: Unit gnome-user-share-webdav.service not loaded.
[    9.160533] fedora gsd-sharing[1294]: Failed to stop rygel.service: GDBus.Error:org.freedesktop.systemd1.NoSuchUnit: Unit rygel.service not loaded.
[    9.169859] fedora systemd-logind[962]: Failed to open '/boot/loader/entries': Remote address changed
[    9.193599] fedora (bunny-first-boot)[1375]: bunny-first-boot.service: Failed to set up mount namespacing: /run/gdm/home/gnome-initial-setup/.config/bunny-os: No such file or directory
[    9.193615] fedora (bunny-first-boot)[1375]: bunny-first-boot.service: Failed at step NAMESPACE spawning /usr/libexec/bunny-first-boot: No such file or directory
[    9.194715] fedora systemd[1082]: bunny-first-boot.service: Failed with result 'exit-code'.
[    9.194989] fedora systemd[1082]: Failed to start bunny-first-boot.service - Bunny OS per-user first-boot preferences.
[    9.372897] fedora gsd-usb-protection[1303]: Failed to fetch USBGuard parameters: GDBus.Error:org.freedesktop.DBus.Error.ServiceUnknown: The name is not activatable
[    9.375585] fedora gsd-media-keys[1291]: Failed to grab accelerator for keybinding settings:playback-repeat
[    9.375598] fedora gsd-media-keys[1291]: Failed to grab accelerator for keybinding settings:hibernate
[    9.430138] fedora gnome-shell[1175]: Failed to record usage: GDBus.Error:org.freedesktop.MalcontentTimer1.Child.Error.IdentifyingUser: Error identifying user: Invalid or unknown user
[    9.605610] fedora wireplumber[1512]: spa.bluez5: BlueZ system service is not available
[    9.820579] fedora gnome-keyring-daemon[1622]: discover_other_daemon: 0
[    9.906548] fedora gnome-initial-setup[1376]: Could not read list of available locales from libc, guessing possible locales from available translations, but list may be incomplete!
[   10.403193] fedora gnome-shell[1175]: Could not issue 'GetUnit' systemd call
[   10.435434] fedora gsd-xsettings[1675]: Failed to get current UI scaling factor: GDBus.Error:org.freedesktop.DBus.Error.NameHasNoOwner: Destination does not exist
[   11.026827] fedora chronyd[845]: System clock wrong by 1.885775 seconds
[   12.914663] fedora chronyd[845]: System clock was stepped by 1.885775 seconds
[   17.833260] fedora kernel: kauditd_printk_skb: 148 callbacks suppressed
[   18.002481] fedora irqbalance[861]: Cannot change IRQ 25 affinity: Permission denied
[   18.002543] fedora irqbalance[861]: IRQ 25 affinity is now unmanaged
[   18.002582] fedora irqbalance[861]: Cannot change IRQ 28 affinity: Permission denied
[   18.002584] fedora irqbalance[861]: IRQ 28 affinity is now unmanaged
[   70.033984] fedora kernel: kauditd_printk_skb: 4 callbacks suppressed
[   84.416801] fedora gsd-media-keys[1291]: Virtual machines only honor the 'nothing' power-button-action, and will shutdown otherwise
[   84.564404] fedora gsd-media-keys[1291]: g_hash_table_size: assertion 'hash_table != NULL' failed
[   84.599652] fedora gnome-shell[1175]: Connection to xwayland lost
[   84.606304] fedora gnome-shell[1175]: Could not issue 'GetUnit' systemd call
[   84.949892] fedora dbus-broker-launch[811]: Activation request for 'org.freedesktop.Accounts' failed.
[   84.955443] fedora dbus-broker-launch[811]: Activation request for 'org.freedesktop.Accounts' failed.
[   84.955802] fedora gdm[1034]: Gdm: Failed to list cached users: GDBus.Error:org.freedesktop.DBus.Error.NameHasNoOwner: Could not activate remote peer 'org.freedesktop.Accounts': activation request failed: unit is invalid
[   84.956934] fedora systemd[1]: gdm.service: Failed with result 'exit-code'.
[   84.958293] fedora systemd[1]: gdm.service: Failed to enqueue OnFailure=plymouth-quit.service job, ignoring: Unit plymouth-quit.service not found.
[   84.995626] fedora dbus-broker-launch[811]: Activation request for 'org.freedesktop.ColorManager' failed.
[   85.089641] fedora gnome-session-service[1169]: Failed to log out: Logout has been locked down
[  129.692482] fedora systemd[1]: session-c1.scope: Stopping timed out. Killing.
[  129.696455] fedora systemd[1]: session-c1.scope: Failed with result 'timeout'.
[  129.712303] fedora systemd[1]: sys-devices-virtual-misc-rfkill.device: Failed to enqueue SYSTEMD_WANTS job, ignoring: Transaction for systemd-rfkill.socket/start is destructive (systemd-poweroff.service has 'start' job queued, but 'stop' is included in transaction).
[  129.812079] fedora (udev-worker)[1875]: sr0: Process '/usr/sbin/pktsetup -i -d 11:0' failed with exit code 1.
[  130.192468] fedora systemd[1082]: gnome-session-manager@gnome-initial-setup.service: State 'stop-sigterm' timed out. Aborting.
[  130.193704] fedora kernel: kauditd_printk_skb: 18 callbacks suppressed
[  130.201641] fedora systemd[1082]: gnome-session-manager@gnome-initial-setup.service: Main process exited, code=dumped, status=6/ABRT
[  130.220726] fedora systemd[1082]: gnome-session-manager@gnome-initial-setup.service: Failed with result 'timeout'.
[  130.232776] fedora gnome-session-ctl[1902]: Couldn't connect to session bus: Could not connect: Connection refused
[  130.309183] fedora dbus-broker-launch[811]: Activation request for 'org.freedesktop.nm_dispatcher' failed.
[  130.577644] fedora systemd-udevd[700]: Failed to remove file descriptor "config-serialization" from the store, ignoring: Connection refused
