[ 2926.023499] EXT4-fs (loop0p4): unmounting filesystem 1b8e6d80-4cba-4420-ad20-ef2d6e4538c2.
[ 2926.214654] loop0: detected capacity change from 0 to 20971520
[ 2926.217510]  loop0: p1 p2 p3 p4
[ 2926.300818] EXT4-fs (loop0p4): mounted filesystem 1b8e6d80-4cba-4420-ad20-ef2d6e4538c2 r/w with ordered data mode. Quota mode: none.
[ 2926.367453] EXT4-fs (loop0p3): mounted filesystem 21af5f1f-6827-49de-82f4-be6a54f2bab5 r/w with ordered data mode. Quota mode: none.
[ 2926.798557] EXT4-fs (loop0p3): unmounting filesystem 21af5f1f-6827-49de-82f4-be6a54f2bab5.
[ 2926.811205] EXT4-fs (loop0p4): unmounting filesystem 1b8e6d80-4cba-4420-ad20-ef2d6e4538c2.
[ 2927.007233] loop0: detected capacity change from 0 to 20971520
[ 2927.009205]  loop0: p1 p2 p3 p4
[ 2927.097111] EXT4-fs (loop0p4): mounted filesystem 1b8e6d80-4cba-4420-ad20-ef2d6e4538c2 r/w with ordered data mode. Quota mode: none.
[ 2927.197849] EXT4-fs (loop0p3): mounted filesystem 21af5f1f-6827-49de-82f4-be6a54f2bab5 r/w with ordered data mode. Quota mode: none.
[ 2927.747198] EXT4-fs (loop0p3): unmounting filesystem 21af5f1f-6827-49de-82f4-be6a54f2bab5.
[ 2927.764208] EXT4-fs (loop0p4): unmounting filesystem 1b8e6d80-4cba-4420-ad20-ef2d6e4538c2.
[ 2927.941570] loop0: detected capacity change from 0 to 20971520
[ 2927.943937]  loop0: p1 p2 p3 p4
[ 2928.026572] EXT4-fs (loop0p4): mounted filesystem 1b8e6d80-4cba-4420-ad20-ef2d6e4538c2 r/w with ordered data mode. Quota mode: none.
[ 2928.090844] EXT4-fs (loop0p3): mounted filesystem 21af5f1f-6827-49de-82f4-be6a54f2bab5 r/w with ordered data mode. Quota mode: none.
[ 2928.526432] EXT4-fs (loop0p3): unmounting filesystem 21af5f1f-6827-49de-82f4-be6a54f2bab5.
[ 2928.571636] EXT4-fs (loop0p4): unmounting filesystem 1b8e6d80-4cba-4420-ad20-ef2d6e4538c2.
[ 3001.470467] loop0: detected capacity change from 0 to 20971520
[ 3001.821488] loop0: detected capacity change from 0 to 1026048
[ 3002.102714] loop0: detected capacity change from 0 to 2097152
[ 3002.402665] loop0: detected capacity change from 0 to 17844191
[ 3002.748607] loop0: detected capacity change from 0 to 20971520
[ 3002.751363]  loop0: p1 p2 p3 p4
[ 3002.855571] EXT4-fs (loop0p4): mounted filesystem 9cf05d6f-1612-4370-93f4-20e36149f3ee r/w with ordered data mode. Quota mode: none.
[ 3002.933638] EXT4-fs (loop0p3): mounted filesystem cc656561-d0c7-4cb4-9452-1e972e06bab9 r/w with ordered data mode. Quota mode: none.
[ 3072.624945] EXT4-fs (loop0p4): re-mounted 9cf05d6f-1612-4370-93f4-20e36149f3ee ro.
[ 3072.736663] EXT4-fs (loop0p3): re-mounted cc656561-d0c7-4cb4-9452-1e972e06bab9 ro.
[ 3072.821772] EXT4-fs (loop0p3): unmounting filesystem cc656561-d0c7-4cb4-9452-1e972e06bab9.
[ 3073.172505] EXT4-fs (loop0p4): unmounting filesystem 9cf05d6f-1612-4370-93f4-20e36149f3ee.
[ 3073.396743] loop0: detected capacity change from 0 to 20971520
[ 3073.399824]  loop0: p1 p2 p3 p4
[ 3073.526842] EXT4-fs (loop0p4): mounted filesystem 9cf05d6f-1612-4370-93f4-20e36149f3ee r/w with ordered data mode. Quota mode: none.
[ 3073.597935] EXT4-fs (loop0p3): mounted filesystem cc656561-d0c7-4cb4-9452-1e972e06bab9 r/w with ordered data mode. Quota mode: none.
[ 3074.070145] EXT4-fs (loop0p3): unmounting filesystem cc656561-d0c7-4cb4-9452-1e972e06bab9.
[ 3074.085505] EXT4-fs (loop0p4): unmounting filesystem 9cf05d6f-1612-4370-93f4-20e36149f3ee.
[ 3074.260953] loop0: detected capacity change from 0 to 20971520
[ 3074.263692]  loop0: p1 p2 p3 p4
[ 3074.373624] EXT4-fs (loop0p4): mounted filesystem 9cf05d6f-1612-4370-93f4-20e36149f3ee r/w with ordered data mode. Quota mode: none.
[ 3074.439853] EXT4-fs (loop0p3): mounted filesystem cc656561-d0c7-4cb4-9452-1e972e06bab9 r/w with ordered data mode. Quota mode: none.
[ 3074.832068] EXT4-fs (loop0p3): unmounting filesystem cc656561-d0c7-4cb4-9452-1e972e06bab9.
[ 3074.847376] EXT4-fs (loop0p4): unmounting filesystem 9cf05d6f-1612-4370-93f4-20e36149f3ee.
[ 3075.039887] loop0: detected capacity change from 0 to 20971520
[ 3075.041749]  loop0: p1 p2 p3 p4
[ 3075.128083] EXT4-fs (loop0p4): mounted filesystem 9cf05d6f-1612-4370-93f4-20e36149f3ee r/w with ordered data mode. Quota mode: none.
[ 3075.195070] EXT4-fs (loop0p3): mounted filesystem cc656561-d0c7-4cb4-9452-1e972e06bab9 r/w with ordered data mode. Quota mode: none.
[ 3075.605333] EXT4-fs (loop0p3): unmounting filesystem cc656561-d0c7-4cb4-9452-1e972e06bab9.
[ 3075.623583] EXT4-fs (loop0p4): unmounting filesystem 9cf05d6f-1612-4370-93f4-20e36149f3ee.
[ 3075.810985] loop0: detected capacity change from 0 to 20971520
[ 3075.813387]  loop0: p1 p2 p3 p4
[ 3075.902692] EXT4-fs (loop0p4): mounted filesystem 9cf05d6f-1612-4370-93f4-20e36149f3ee r/w with ordered data mode. Quota mode: none.
[ 3075.967371] EXT4-fs (loop0p3): mounted filesystem cc656561-d0c7-4cb4-9452-1e972e06bab9 r/w with ordered data mode. Quota mode: none.
[ 3076.374110] EXT4-fs (loop0p3): unmounting filesystem cc656561-d0c7-4cb4-9452-1e972e06bab9.
[ 3076.387987] EXT4-fs (loop0p4): unmounting filesystem 9cf05d6f-1612-4370-93f4-20e36149f3ee.
[ 3076.564179] loop0: detected capacity change from 0 to 20971520
[ 3076.566464]  loop0: p1 p2 p3 p4
[ 3076.654258] EXT4-fs (loop0p4): mounted filesystem 9cf05d6f-1612-4370-93f4-20e36149f3ee r/w with ordered data mode. Quota mode: none.
[ 3076.718245] EXT4-fs (loop0p3): mounted filesystem cc656561-d0c7-4cb4-9452-1e972e06bab9 r/w with ordered data mode. Quota mode: none.
[ 3077.249942] EXT4-fs (loop0p3): unmounting filesystem cc656561-d0c7-4cb4-9452-1e972e06bab9.
[ 3077.268986] EXT4-fs (loop0p4): unmounting filesystem 9cf05d6f-1612-4370-93f4-20e36149f3ee.
[ 3077.459485] loop0: detected capacity change from 0 to 20971520
[ 3077.462476]  loop0: p1 p2 p3 p4
[ 3077.563434] EXT4-fs (loop0p4): mounted filesystem 9cf05d6f-1612-4370-93f4-20e36149f3ee r/w with ordered data mode. Quota mode: none.
[ 3077.639637] EXT4-fs (loop0p3): mounted filesystem cc656561-d0c7-4cb4-9452-1e972e06bab9 r/w with ordered data mode. Quota mode: none.
[ 3078.037827] EXT4-fs (loop0p3): unmounting filesystem cc656561-d0c7-4cb4-9452-1e972e06bab9.
[ 3078.050984] EXT4-fs (loop0p4): unmounting filesystem 9cf05d6f-1612-4370-93f4-20e36149f3ee.
[ 3184.919420] podman0: port 1(veth0) entered blocking state
[ 3184.920412] podman0: port 1(veth0) entered disabled state
[ 3184.921549] veth0: entered allmulticast mode
[ 3184.922367] veth0: entered promiscuous mode
[ 3184.923377] podman0: port 1(veth0) entered blocking state
[ 3184.924129] podman0: port 1(veth0) entered forwarding state
[ 3184.925152] podman0: port 1(veth0) entered disabled state
[ 3184.927483] podman0: port 1(veth0) entered blocking state
[ 3184.928122] podman0: port 1(veth0) entered forwarding state
[ 3185.309581] loop0: detected capacity change from 0 to 50331648
[ 3185.715530]  loop0: p1 p2 p3
[ 3186.071550] EXT4-fs (loop0p3): mounted filesystem ee30bbc5-5078-4693-af63-c3d8de7efc0e r/w with ordered data mode. Quota mode: none.
[ 3258.086329] EXT4-fs (loop0p3): re-mounted ee30bbc5-5078-4693-af63-c3d8de7efc0e ro.
[ 3258.358445] EXT4-fs (loop0p3): unmounting filesystem ee30bbc5-5078-4693-af63-c3d8de7efc0e.
[ 3258.437603] podman0: port 1(veth0) entered disabled state
[ 3258.440527] veth0 (unregistering): left allmulticast mode
[ 3258.441792] veth0 (unregistering): left promiscuous mode
[ 3258.443193] podman0: port 1(veth0) entered disabled state
[ 3279.273168] podman0: port 1(veth0) entered blocking state
[ 3279.274261] podman0: port 1(veth0) entered disabled state
[ 3279.275516] veth0: entered allmulticast mode
[ 3279.276455] veth0: entered promiscuous mode
[ 3279.277363] podman0: port 1(veth0) entered blocking state
[ 3279.278454] podman0: port 1(veth0) entered forwarding state
[ 3279.279856] podman0: port 1(veth0) entered disabled state
[ 3279.281523] podman0: port 1(veth0) entered blocking state
[ 3279.282439] podman0: port 1(veth0) entered forwarding state
[ 3279.540089] loop0: detected capacity change from 0 to 50331648
[ 3279.939388]  loop0: p1 p2 p3
[ 3280.328148] EXT4-fs (loop0p3): mounted filesystem 849738b7-f2a3-42c3-b98e-2104719c75fd r/w with ordered data mode. Quota mode: none.
[ 3347.856754] EXT4-fs (loop0p3): re-mounted 849738b7-f2a3-42c3-b98e-2104719c75fd ro.
[ 3348.168893] EXT4-fs (loop0p3): unmounting filesystem 849738b7-f2a3-42c3-b98e-2104719c75fd.
[ 3348.263070] podman0: port 1(veth0) entered disabled state
[ 3348.265317] veth0 (unregistering): left allmulticast mode
[ 3348.267087] veth0 (unregistering): left promiscuous mode
[ 3348.268533] podman0: port 1(veth0) entered disabled state
[ 3368.688718] loop0: detected capacity change from 0 to 50331648
[ 3369.059647]  loop0: p1 p2 p3
[ 3369.434591] EXT4-fs (loop0p3): mounted filesystem 9079c0f7-9052-4824-bfba-783ed0536949 r/w with ordered data mode. Quota mode: none.
[ 3443.638155] EXT4-fs (loop0p3): re-mounted 9079c0f7-9052-4824-bfba-783ed0536949 ro.
[ 3443.918117] EXT4-fs (loop0p3): unmounting filesystem 9079c0f7-9052-4824-bfba-783ed0536949.
[ 4712.859835] mini_init (210): drop_caches: 1
[ 5244.935601] podman0: port 1(veth0) entered blocking state
[ 5244.937169] podman0: port 1(veth0) entered disabled state
[ 5244.939343] veth0: entered allmulticast mode
[ 5244.940970] veth0: entered promiscuous mode
[ 5244.942435] podman0: port 1(veth0) entered blocking state
[ 5244.944042] podman0: port 1(veth0) entered forwarding state
[ 5245.471920] podman0: port 1(veth0) entered disabled state
[ 5245.473783] veth0 (unregistering): left allmulticast mode
[ 5245.476134] veth0 (unregistering): left promiscuous mode
[ 5245.477490] podman0: port 1(veth0) entered disabled state
[ 5280.787138] mini_init (210): drop_caches: 1
