gates starting on commit db9e0b1d6cebfa1e9b741feb0ed76e6409857b7d at 2026-08-06T01:58:37Z
=== gate 1: 100 capture-worker lifecycles ===
stress: target=speech runs=100 order=declared mode=in-process pid=13115
     1 ok    2.58s threads+0 fd+0 rss+93244K
     2 ok    1.26s threads+0 fd+0 rss+167004K
     3 ok    1.18s threads+0 fd+0 rss+168120K
     4 ok    1.30s threads+0 fd+0 rss+169492K
     5 ok    1.34s threads+0 fd+0 rss+169644K
     6 ok    1.28s threads+0 fd+0 rss+169956K
     7 ok    1.26s threads+0 fd+0 rss+170816K
     8 ok    1.34s threads+0 fd+0 rss+171480K
     9 ok    1.13s threads+0 fd+0 rss+171612K
    10 ok    1.36s threads+0 fd+0 rss+172044K
    11 ok    1.28s threads+0 fd+0 rss+173432K
    12 ok    1.28s threads+0 fd+0 rss+173828K
    13 ok    1.28s threads+0 fd+0 rss+175680K
    14 ok    1.16s threads+0 fd+0 rss+175744K
    15 ok    1.40s threads+0 fd+0 rss+175820K
    16 ok    1.16s threads+0 fd+0 rss+175828K
    17 ok    1.41s threads+0 fd+0 rss+175880K
    18 ok    1.24s threads+0 fd+0 rss+175916K
    19 ok    1.16s threads+0 fd+0 rss+176836K
    20 ok    1.40s threads+0 fd+0 rss+176948K
    21 ok    1.20s threads+0 fd+0 rss+177052K
    22 ok    1.36s threads+0 fd+0 rss+178728K
    23 ok    1.24s threads+0 fd+0 rss+178948K
    24 ok    1.33s threads+0 fd+0 rss+178968K
    25 ok    1.26s threads+0 fd+0 rss+179360K
    26 ok    1.27s threads+0 fd+0 rss+180832K
    27 ok    1.16s threads+0 fd+0 rss+181108K
    28 ok    1.40s threads+0 fd+0 rss+181384K
    29 ok    1.26s threads+0 fd+0 rss+181388K
    30 ok    1.31s threads+0 fd+0 rss+182688K
    31 ok    1.26s threads+0 fd+0 rss+182772K
    32 ok    1.28s threads+0 fd+0 rss+183400K
    33 ok    1.26s threads+0 fd+0 rss+183420K
    34 ok    1.27s threads+0 fd+0 rss+184316K
    35 ok    1.30s threads+0 fd+0 rss+184316K
    36 ok    1.28s threads+0 fd+0 rss+184596K
    37 ok    1.26s threads+0 fd+0 rss+184832K
    38 ok    1.28s threads+0 fd+0 rss+184832K
    39 ok    1.28s threads+0 fd+0 rss+184832K
    40 ok    1.18s threads+0 fd+0 rss+184852K
    41 ok    1.36s threads+0 fd+0 rss+184908K
    42 ok    1.28s threads+0 fd+0 rss+186168K
    43 ok    1.28s threads+0 fd+0 rss+186612K
    44 ok    1.18s threads+0 fd+0 rss+186644K
    45 ok    1.38s threads+0 fd+0 rss+186908K
    46 ok    1.30s threads+0 fd+0 rss+187272K
    47 ok    1.26s threads+0 fd+0 rss+187448K
    48 ok    1.26s threads+0 fd+0 rss+187604K
    49 ok    1.16s threads+0 fd+0 rss+188136K
    50 ok    1.28s threads+0 fd+0 rss+188148K
    51 ok    1.40s threads+0 fd+0 rss+188496K
    52 ok    1.26s threads+0 fd+0 rss+188596K
    53 ok    1.31s threads+0 fd+0 rss+189692K
    54 ok    1.18s threads+0 fd+0 rss+189692K
    55 ok    1.40s threads+0 fd+0 rss+189692K
    56 ok    1.14s threads+0 fd+0 rss+189696K
    57 ok    1.30s threads+0 fd+0 rss+189692K
    58 ok    1.28s threads+0 fd+0 rss+189692K
    59 ok    1.36s threads+0 fd+0 rss+189696K
    60 ok    1.28s threads+0 fd+0 rss+189696K
    61 ok    1.30s threads+0 fd+0 rss+189780K
    62 ok    1.26s threads+0 fd+0 rss+189780K
    63 ok    1.18s threads+0 fd+0 rss+189780K
    64 ok    1.38s threads+0 fd+0 rss+189780K
    65 ok    1.25s threads+0 fd+0 rss+189780K
    66 ok    1.28s threads+0 fd+0 rss+189784K
    67 ok    1.30s threads+0 fd+0 rss+190056K
    68 ok    1.26s threads+0 fd+0 rss+190096K
    69 ok    1.28s threads+0 fd+0 rss+190236K
    70 ok    1.28s threads+0 fd+0 rss+190236K
    71 ok    1.28s threads+0 fd+0 rss+190424K
    72 ok    1.18s threads+0 fd+0 rss+190424K
    73 ok    1.38s threads+0 fd+0 rss+190424K
    74 ok    1.24s threads+0 fd+0 rss+190424K
    75 ok    1.30s threads+0 fd+0 rss+190424K
    76 ok    1.18s threads+0 fd+0 rss+190424K
    77 ok    1.38s threads+0 fd+0 rss+190424K
    78 ok    1.25s threads+0 fd+0 rss+190424K
    79 ok    1.20s threads+0 fd+0 rss+190424K
    80 ok    1.28s threads+0 fd+0 rss+190424K
    81 ok    1.38s threads+0 fd+0 rss+190428K
    82 ok    1.16s threads+0 fd+0 rss+190460K
    83 ok    1.38s threads+0 fd+0 rss+190692K
    84 ok    1.28s threads+0 fd+0 rss+190692K
    85 ok    1.28s threads+0 fd+0 rss+190692K
    86 ok    1.26s threads+0 fd+0 rss+190692K
    87 ok    1.28s threads+0 fd+0 rss+190692K
    88 ok    1.28s threads+0 fd+0 rss+190788K
    89 ok    1.26s threads+0 fd+0 rss+190788K
    90 ok    1.30s threads+0 fd+0 rss+190996K
    91 ok    1.18s threads+0 fd+0 rss+190996K
    92 ok    1.36s threads+0 fd+0 rss+191004K
    93 ok    1.28s threads+0 fd+0 rss+191008K
    94 ok    1.30s threads+0 fd+0 rss+191004K
    95 ok    1.28s threads+0 fd+0 rss+191004K
    96 ok    1.28s threads+0 fd+0 rss+191008K
    97 ok    1.26s threads+0 fd+0 rss+191012K
    98 ok    1.28s threads+0 fd+0 rss+191020K
    99 ok    1.28s threads+0 fd+0 rss+191020K
   100 ok    1.28s threads+0 fd+0 rss+191020K
stress: 100/100 passed, longest consecutive 100
gate 1 exit: 0
=== gate 2: 50 complete companion suites ===
stress: target=suite runs=50 order=declared mode=in-process pid=66239
     1 ok   41.27s threads+1 fd+0 rss+67888K
     2 ok   40.64s threads+0 fd+0 rss+72556K
     3 ok   40.54s threads+0 fd+0 rss+71844K
     4 ok   41.15s threads+0 fd+0 rss+73036K
     5 ok   40.69s threads+0 fd+0 rss+73548K
     6 ok   40.75s threads+0 fd+0 rss+73792K
     7 ok   40.07s threads+0 fd+0 rss+73088K
     8 ok   40.15s threads+0 fd+0 rss+73912K
     9 ok   40.02s threads+0 fd+0 rss+72996K
    10 ok   40.15s threads+0 fd+0 rss+74072K
    11 ok   40.00s threads+0 fd+0 rss+74104K
    12 ok   39.67s threads+0 fd+0 rss+75520K
    13 ok   39.87s threads+0 fd+0 rss+73140K
    14 ok   39.90s threads+0 fd+0 rss+73560K
    15 ok   40.36s threads+0 fd+0 rss+76756K
    16 ok   40.71s threads+0 fd+0 rss+73476K
    17 ok   40.59s threads+0 fd+0 rss+74560K
    18 ok   40.38s threads+0 fd+0 rss+75492K
    19 ok   40.47s threads+0 fd+0 rss+74548K
    20 ok   40.73s threads+0 fd+0 rss+74164K
    21 ok   40.61s threads+0 fd+0 rss+74568K
    22 ok   40.84s threads+0 fd+0 rss+74608K
    23 ok   40.39s threads+0 fd+0 rss+75508K
    24 ok   40.54s threads+0 fd+0 rss+75616K
    25 ok   40.67s threads+0 fd+0 rss+76636K
    26 ok   40.82s threads+0 fd+0 rss+74856K
    27 ok   40.55s threads+0 fd+0 rss+74700K
    28 ok   40.75s threads+0 fd+0 rss+74796K
    29 ok   40.82s threads+0 fd+0 rss+76424K
    30 ok   40.92s threads+0 fd+0 rss+75420K
    31 ok   40.83s threads+0 fd+0 rss+74848K
    32 ok   40.53s threads+0 fd+0 rss+75128K
    33 ok   40.99s threads+0 fd+0 rss+74704K
    34 ok   41.06s threads+0 fd+0 rss+75112K
    35 ok   40.57s threads+0 fd+0 rss+75984K
    36 ok   40.89s threads+0 fd+0 rss+76016K
    37 ok   40.98s threads+0 fd+0 rss+76052K
    38 ok   41.02s threads+0 fd+0 rss+76024K
    39 ok   40.67s threads+0 fd+0 rss+76984K
    40 ok   41.01s threads+0 fd+0 rss+76980K
    41 ok   40.86s threads+0 fd+0 rss+76432K
    42 ok   40.83s threads+0 fd+0 rss+76992K
    43 ok   41.14s threads+0 fd+0 rss+76984K
    44 ok   41.31s threads+0 fd+0 rss+76988K
    45 ok   41.23s threads+0 fd+0 rss+75628K
    46 ok   41.28s threads+0 fd+0 rss+76660K
    47 ok   40.66s threads+0 fd+0 rss+77004K
    48 ok   40.93s threads+0 fd+0 rss+77012K
    49 ok   41.33s threads+0 fd+0 rss+77016K
    50 ok   41.16s threads+0 fd+0 rss+77452K
stress: 50/50 passed, longest consecutive 50
gate 2 exit: 0
=== gate 3: 20 installed speech-input slices ===
stress: target=speech-slice runs=20 order=declared mode=in-process pid=178340
     1 ok   11.88s threads+0 fd+0 rss+121980K
     2 ok   11.79s threads+0 fd+0 rss+133588K
     3 ok   11.79s threads+0 fd+0 rss+138488K
     4 ok   11.79s threads+0 fd+0 rss+144040K
     5 ok   11.63s threads+0 fd+0 rss+145160K
     6 ok   11.78s threads+0 fd+0 rss+165808K
     7 ok   11.63s threads+0 fd+0 rss+169992K
     8 ok   11.79s threads+0 fd+0 rss+174436K
     9 ok   11.63s threads+0 fd+0 rss+174816K
    10 ok   11.62s threads+0 fd+0 rss+198140K
    11 ok   11.62s threads+0 fd+0 rss+202416K
    12 ok   11.62s threads+0 fd+0 rss+206440K
    13 ok   11.62s threads+0 fd+0 rss+210892K
    14 ok   11.64s threads+0 fd+0 rss+215012K
    15 ok   11.63s threads+0 fd+0 rss+218984K
    16 ok   11.78s threads+0 fd+0 rss+219368K
    17 ok   11.58s threads+0 fd+0 rss+223352K
    18 ok   11.62s threads+0 fd+0 rss+227400K
    19 ok   11.77s threads+0 fd+0 rss+231492K
    20 ok   11.79s threads+0 fd+0 rss+235840K
stress: 20/20 passed, longest consecutive 20
gate 3 exit: 0
gates finished at 2026-08-06T02:38:42Z
