[    1.908240] fedora kernel: virt/tdx: TDX not supported by the host platform
[    2.182148] fedora rpc.statd[408]: Failed to open directory sm: No such file or directory
[    2.182171] fedora rpc.statd[408]: Failed to create /var/lib/nfs/statd/.state.new: No such file or directory
[    2.186095] fedora rpc.idmapd[413]: Setting log level to 0
[    2.186349] fedora rpc.idmapd[413]: libnfsidmap: Unable to determine the NFSv4 domain; Using 'localdomain' as the NFSv4 domain which means UIDs will be mapped to the 'Nobody-User' user defined in /etc/idmapd.conf
[    3.137176] fedora rpc.idmapd[413]: exiting on signal 15
[    3.139176] fedora rpcbind[404]: cannot open file = /run/rpcbind/rpcbind.xdr for writing
[    3.139202] fedora rpcbind[404]: cannot save any registration
[    3.139210] fedora rpcbind[404]: cannot open file = /run/rpcbind/portmap.xdr for writing
[    3.139211] fedora rpcbind[404]: cannot save any registration
[    5.221053] fedora kernel: kauditd_printk_skb: 5 callbacks suppressed
[    5.425993] fedora systemd-oomd[691]: No swap; memory pressure usage will be degraded
[    5.775870] fedora (udev-worker)[715]: sr0: Process '/usr/sbin/pktsetup -i -d 11:0' failed with exit code 1.
[    5.982410] fedora sm-notify[776]: Failed to open sm: No such file or directory
[    5.982414] fedora sm-notify[776]: Failed to open directory sm.bak: No such file or directory
[    6.041612] fedora systemd-tmpfiles[778]: Failed to create directory or subvolume "/usr/local/sbin": Read-only file system
[    7.618884] fedora irqbalance[861]: thermal: failed to receive messages.
[    7.618905] fedora irqbalance[861]: Failed to initialize thermal events.
[    7.730430] fedora avahi-daemon[842]: WARNING: No NSS support for mDNS detected, consider installing nss-mdns!
[    7.860930] fedora systemd-logind[953]: Failed to open '/boot/loader/entries': Remote address changed
[    8.123294] fedora (udev-worker)[715]: sr0: Process '/usr/sbin/pktsetup -i -d 11:0' failed with exit code 1.
[    8.353125] fedora systemd-logind[953]: Failed to open '/boot/loader/entries': Remote address changed
[    8.476482] fedora systemd-logind[953]: Failed to open '/boot/loader/entries': Remote address changed
[   10.540783] fedora kernel: kauditd_printk_skb: 135 callbacks suppressed
[   10.765637] fedora systemd-logind[953]: Failed to open '/boot/loader/entries': Remote address changed
[   10.846671] fedora gnome-shell[1177]: Could not issue 'GetUnit' systemd call
[   10.903336] fedora systemd-logind[953]: Failed to open '/boot/loader/entries': Remote address changed
[   10.942975] fedora systemd-logind[953]: Failed to open '/boot/loader/entries': Remote address changed
[   10.970846] fedora gsd-sharing[1302]: Failed to stop gnome-user-share-webdav.service: GDBus.Error:org.freedesktop.systemd1.NoSuchUnit: Unit gnome-user-share-webdav.service not loaded.
[   10.973556] fedora gsd-sharing[1302]: Failed to stop rygel.service: GDBus.Error:org.freedesktop.systemd1.NoSuchUnit: Unit rygel.service not loaded.
[   10.978785] fedora (bunny-first-boot)[1384]: bunny-first-boot.service: Failed to set up mount namespacing: /run/gdm/home/gnome-initial-setup/.config/bunny-os: No such file or directory
[   10.978870] fedora (bunny-first-boot)[1384]: bunny-first-boot.service: Failed at step NAMESPACE spawning /usr/libexec/bunny-first-boot: No such file or directory
[   10.980517] fedora systemd[1108]: bunny-first-boot.service: Failed with result 'exit-code'.
[   10.980720] fedora systemd[1108]: Failed to start bunny-first-boot.service - Bunny OS per-user first-boot preferences.
[   11.015763] fedora gsd-media-keys[1297]: Failed to grab accelerator for keybinding settings:hibernate
[   11.016809] fedora gsd-media-keys[1297]: Failed to grab accelerator for keybinding settings:playback-repeat
[   11.094448] fedora malcontent-timerd[1434]: mct_time_span_new: assertion 'start_time_secs < end_time_secs' failed
[   11.097905] fedora malcontent-timerd[1434]: mct_time_span_free: assertion 'self != NULL' failed
[   11.203703] fedora gnome-shell[1177]: Failed to record usage: GDBus.Error:org.freedesktop.MalcontentTimer1.Child.Error.IdentifyingUser: Error identifying user: Invalid or unknown user
[   11.207352] fedora gsd-usb-protection[1310]: Failed to fetch USBGuard parameters: GDBus.Error:org.freedesktop.DBus.Error.ServiceUnknown: The name is not activatable
[   11.406454] fedora wireplumber[1542]: spa.bluez5: BlueZ system service is not available
[   11.655401] fedora gnome-keyring-daemon[1643]: discover_other_daemon: 0
[   11.736354] fedora gnome-initial-setup[1386]: Could not read list of available locales from libc, guessing possible locales from available translations, but list may be incomplete!
[   12.272313] fedora gnome-shell[1177]: Could not issue 'GetUnit' systemd call
[   12.307589] fedora gsd-xsettings[1699]: Failed to get current UI scaling factor: GDBus.Error:org.freedesktop.DBus.Error.NameHasNoOwner: Destination does not exist
[   11.491042] fedora chronyd[850]: System clock wrong by 1.554542 seconds
[   13.046046] fedora chronyd[850]: System clock was stepped by 1.554542 seconds
[   18.010976] fedora irqbalance[861]: Cannot change IRQ 25 affinity: Permission denied
[   18.011082] fedora irqbalance[861]: IRQ 25 affinity is now unmanaged
[   18.011105] fedora irqbalance[861]: Cannot change IRQ 28 affinity: Permission denied
[   18.011108] fedora irqbalance[861]: IRQ 28 affinity is now unmanaged
[   18.085598] fedora kernel: kauditd_printk_skb: 5 callbacks suppressed
[   72.033192] fedora kernel: kauditd_printk_skb: 4 callbacks suppressed
[   86.092962] fedora gsd-media-keys[1297]: Virtual machines only honor the 'nothing' power-button-action, and will shutdown otherwise
[   86.241796] fedora gsd-media-keys[1297]: g_hash_table_size: assertion 'hash_table != NULL' failed
[   86.284848] fedora gnome-shell[1177]: Connection to xwayland lost
[   86.290202] fedora gnome-shell[1177]: Could not issue 'GetUnit' systemd call
[   86.295787] fedora gnome-shell[1177]: Failed to store screen time limits data: Error opening file “/run/gdm/home/gnome-initial-setup/.local/share/gnome-shell/session-active-history.json”: No such file or directory
[   86.649303] fedora systemd[1]: sys-devices-virtual-misc-rfkill.device: Failed to enqueue SYSTEMD_WANTS job, ignoring: Transaction for systemd-rfkill.socket/start is destructive (systemd-poweroff.service has 'start' job queued, but 'stop' is included in transaction).
[   86.682076] fedora gnome-shell[1177]: Could not release device '/dev/input/event0' (13,64): GDBus.Error:org.freedesktop.DBus.Error.UnknownObject: Unknown object '/org/freedesktop/login1/session/c1'.
[   86.690831] fedora gnome-shell[1177]: Could not release device '/dev/input/event1' (13,65): GDBus.Error:org.freedesktop.DBus.Error.UnknownObject: Unknown object '/org/freedesktop/login1/session/c1'.
[   86.700645] fedora gnome-shell[1177]: Could not release device '/dev/input/event3' (13,67): GDBus.Error:org.freedesktop.DBus.Error.UnknownObject: Unknown object '/org/freedesktop/login1/session/c1'.
[   86.716686] fedora gnome-shell[1177]: Could not release device '/dev/input/event2' (13,66): GDBus.Error:org.freedesktop.DBus.Error.UnknownObject: Unknown object '/org/freedesktop/login1/session/c1'.
[   86.735090] fedora (udev-worker)[1793]: sr0: Process '/usr/sbin/pktsetup -i -d 11:0' failed with exit code 1.
[   86.748946] fedora gnome-shell[1177]: Could not release device '/dev/dri/card1' (226,1): GDBus.Error:org.freedesktop.DBus.Error.UnknownObject: Unknown object '/org/freedesktop/login1/session/c1'.
[   86.750153] fedora dbus-broker-launch[812]: Activation request for 'org.freedesktop.ColorManager' failed.
[   86.784374] fedora gnome-session-service[1171]: Failed to log out: Logout has been locked down
[  131.814190] fedora systemd[1108]: gnome-session-manager@gnome-initial-setup.service: State 'stop-sigterm' timed out. Aborting.
[  131.815776] fedora kernel: kauditd_printk_skb: 16 callbacks suppressed
[  131.824927] fedora systemd[1108]: gnome-session-manager@gnome-initial-setup.service: Main process exited, code=dumped, status=6/ABRT
[  131.839199] fedora systemd[1108]: gnome-session-manager@gnome-initial-setup.service: Failed with result 'timeout'.
[  131.861113] fedora gnome-session-ctl[1915]: Couldn't connect to session bus: Could not connect: Connection refused
[  132.001603] fedora dbus-broker-launch[812]: Activation request for 'org.freedesktop.nm_dispatcher' failed.
[  132.275859] fedora systemd-udevd[700]: Failed to remove file descriptor "config-serialization" from the store, ignoring: Connection refused
