[    1.896206] fedora kernel: virt/tdx: TDX not supported by the host platform
[    2.167716] fedora rpc.statd[409]: Failed to open directory sm: No such file or directory
[    2.167748] fedora rpc.statd[409]: Failed to create /var/lib/nfs/statd/.state.new: No such file or directory
[    2.171098] fedora rpc.idmapd[414]: Setting log level to 0
[    2.171311] fedora rpc.idmapd[414]: libnfsidmap: Unable to determine the NFSv4 domain; Using 'localdomain' as the NFSv4 domain which means UIDs will be mapped to the 'Nobody-User' user defined in /etc/idmapd.conf
[    3.107225] fedora rpc.idmapd[414]: exiting on signal 15
[    3.110460] fedora rpcbind[405]: cannot open file = /run/rpcbind/rpcbind.xdr for writing
[    3.110512] fedora rpcbind[405]: cannot save any registration
[    3.110528] fedora rpcbind[405]: cannot open file = /run/rpcbind/portmap.xdr for writing
[    3.110531] fedora rpcbind[405]: cannot save any registration
[    5.199320] fedora kernel: kauditd_printk_skb: 7 callbacks suppressed
[    5.308393] fedora systemd-oomd[691]: No swap; memory pressure usage will be degraded
[    5.667662] fedora (udev-worker)[704]: sr0: Process '/usr/sbin/pktsetup -i -d 11:0' failed with exit code 1.
[    5.905361] fedora sm-notify[772]: Failed to open sm: No such file or directory
[    5.905503] fedora sm-notify[772]: Failed to open directory sm.bak: No such file or directory
[    5.964183] fedora systemd-tmpfiles[774]: Failed to create directory or subvolume "/usr/local/sbin": Read-only file system
[    7.565606] fedora irqbalance[857]: thermal: failed to receive messages.
[    7.565817] fedora irqbalance[857]: Failed to initialize thermal events.
[    7.627840] fedora avahi-daemon[835]: WARNING: No NSS support for mDNS detected, consider installing nss-mdns!
[    7.752616] fedora systemd-logind[950]: Failed to open '/boot/loader/entries': Remote address changed
[    8.002600] fedora (udev-worker)[704]: sr0: Process '/usr/sbin/pktsetup -i -d 11:0' failed with exit code 1.
[    8.221560] fedora systemd-logind[950]: Failed to open '/boot/loader/entries': Remote address changed
[    8.322398] fedora systemd-logind[950]: Failed to open '/boot/loader/entries': Remote address changed
[    9.162921] fedora systemd-logind[950]: Failed to open '/boot/loader/entries': Remote address changed
[    9.238539] fedora gnome-shell[1173]: Could not issue 'GetUnit' systemd call
[    9.298983] fedora systemd-logind[950]: Failed to open '/boot/loader/entries': Remote address changed
[    9.303167] fedora systemd-logind[950]: Failed to open '/boot/loader/entries': Remote address changed
[    9.339777] fedora gsd-sharing[1295]: Failed to stop gnome-user-share-webdav.service: GDBus.Error:org.freedesktop.systemd1.NoSuchUnit: Unit gnome-user-share-webdav.service not loaded.
[    9.341368] fedora gsd-sharing[1295]: Failed to stop rygel.service: GDBus.Error:org.freedesktop.systemd1.NoSuchUnit: Unit rygel.service not loaded.
[    9.363144] fedora (bunny-first-boot)[1365]: bunny-first-boot.service: Failed to set up mount namespacing: /run/gdm/home/gnome-initial-setup/.config/bunny-os: No such file or directory
[    9.363258] fedora (bunny-first-boot)[1365]: bunny-first-boot.service: Failed at step NAMESPACE spawning /usr/libexec/bunny-first-boot: No such file or directory
[    9.364781] fedora systemd[1105]: bunny-first-boot.service: Failed with result 'exit-code'.
[    9.365052] fedora systemd[1105]: Failed to start bunny-first-boot.service - Bunny OS per-user first-boot preferences.
[    9.412158] fedora gsd-media-keys[1288]: Failed to grab accelerator for keybinding settings:hibernate
[    9.412185] fedora gsd-media-keys[1288]: Failed to grab accelerator for keybinding settings:playback-repeat
[    9.422730] fedora gsd-usb-protection[1299]: Failed to fetch USBGuard parameters: GDBus.Error:org.freedesktop.DBus.Error.ServiceUnknown: The name is not activatable
[    9.476534] fedora malcontent-timerd[1424]: mct_time_span_new: assertion 'start_time_secs < end_time_secs' failed
[    9.479903] fedora malcontent-timerd[1424]: mct_time_span_free: assertion 'self != NULL' failed
[    9.548455] fedora gnome-shell[1173]: Failed to record usage: GDBus.Error:org.freedesktop.MalcontentTimer1.Child.Error.IdentifyingUser: Error identifying user: Invalid or unknown user
[    9.720239] fedora wireplumber[1525]: spa.bluez5: BlueZ system service is not available
[    9.972301] fedora gnome-keyring-daemon[1639]: discover_other_daemon: 0
[   10.059248] fedora gnome-initial-setup[1368]: Could not read list of available locales from libc, guessing possible locales from available translations, but list may be incomplete!
[   10.239142] fedora kernel: kauditd_printk_skb: 141 callbacks suppressed
[   10.579304] fedora gnome-shell[1173]: Could not issue 'GetUnit' systemd call
[   10.609454] fedora gsd-xsettings[1704]: Failed to get current UI scaling factor: GDBus.Error:org.freedesktop.DBus.Error.NameHasNoOwner: Destination does not exist
[   12.811660] fedora chronyd[849]: System clock wrong by 1.578861 seconds
[   14.390717] fedora chronyd[849]: System clock was stepped by 1.578861 seconds
[   18.010860] fedora irqbalance[857]: Cannot change IRQ 25 affinity: Permission denied
[   18.010889] fedora irqbalance[857]: IRQ 25 affinity is now unmanaged
[   18.010903] fedora irqbalance[857]: Cannot change IRQ 28 affinity: Permission denied
[   18.010906] fedora irqbalance[857]: IRQ 28 affinity is now unmanaged
[   70.034105] fedora kernel: kauditd_printk_skb: 4 callbacks suppressed
[   84.498155] fedora gsd-media-keys[1288]: Virtual machines only honor the 'nothing' power-button-action, and will shutdown otherwise
[   84.657115] fedora gnome-shell[1173]: Connection to xwayland lost
[   84.662332] fedora gnome-shell[1173]: Could not issue 'GetUnit' systemd call
[   85.042075] fedora systemd[1]: sys-devices-virtual-misc-rfkill.device: Failed to enqueue SYSTEMD_WANTS job, ignoring: Transaction for systemd-rfkill.socket/start is destructive (poweroff.target has 'start' job queued, but 'stop' is included in transaction).
[   85.073467] fedora gnome-shell[1173]: Could not release device '/dev/input/event0' (13,64): GDBus.Error:org.freedesktop.DBus.Error.UnknownObject: Unknown object '/org/freedesktop/login1/session/c1'.
[   85.078678] fedora gnome-shell[1173]: Could not release device '/dev/input/event1' (13,65): GDBus.Error:org.freedesktop.DBus.Error.UnknownObject: Unknown object '/org/freedesktop/login1/session/c1'.
[   85.085716] fedora gnome-shell[1173]: Could not release device '/dev/input/event3' (13,67): GDBus.Error:org.freedesktop.DBus.Error.UnknownObject: Unknown object '/org/freedesktop/login1/session/c1'.
[   85.102571] fedora gnome-shell[1173]: Could not release device '/dev/input/event2' (13,66): GDBus.Error:org.freedesktop.DBus.Error.UnknownObject: Unknown object '/org/freedesktop/login1/session/c1'.
[   85.131925] fedora (udev-worker)[1796]: sr0: Process '/usr/sbin/pktsetup -i -d 11:0' failed with exit code 1.
[   85.134401] fedora gnome-shell[1173]: Could not release device '/dev/dri/card1' (226,1): GDBus.Error:org.freedesktop.DBus.Error.UnknownObject: Unknown object '/org/freedesktop/login1/session/c1'.
[   85.135578] fedora dbus-broker-launch[809]: Activation request for 'org.freedesktop.ColorManager' failed.
[   85.177814] fedora gnome-session-service[1167]: Failed to log out: Logout has been locked down
[  130.404970] fedora systemd[1105]: gnome-session-manager@gnome-initial-setup.service: State 'stop-sigterm' timed out. Aborting.
[  130.407078] fedora kernel: kauditd_printk_skb: 18 callbacks suppressed
[  130.415131] fedora systemd[1105]: gnome-session-manager@gnome-initial-setup.service: Main process exited, code=dumped, status=6/ABRT
[  130.434479] fedora systemd[1105]: gnome-session-manager@gnome-initial-setup.service: Failed with result 'timeout'.
[  130.449292] fedora gnome-session-ctl[1929]: Couldn't connect to session bus: Could not connect: Connection refused
[  130.574528] fedora dbus-broker-launch[809]: Activation request for 'org.freedesktop.nm_dispatcher' failed.
[  130.841515] fedora systemd-udevd[700]: Failed to remove file descriptor "config-serialization" from the store, ignoring: Connection refused
