[    1.904117] fedora kernel: virt/tdx: TDX not supported by the host platform
[    2.174407] fedora rpc.statd[411]: Failed to open directory sm: No such file or directory
[    2.174432] fedora rpc.statd[411]: Failed to create /var/lib/nfs/statd/.state.new: No such file or directory
[    2.177513] fedora rpc.idmapd[416]: Setting log level to 0
[    2.178136] fedora rpc.idmapd[416]: libnfsidmap: Unable to determine the NFSv4 domain; Using 'localdomain' as the NFSv4 domain which means UIDs will be mapped to the 'Nobody-User' user defined in /etc/idmapd.conf
[    3.110766] fedora rpc.idmapd[416]: exiting on signal 15
[    3.112528] fedora rpcbind[407]: cannot open file = /run/rpcbind/rpcbind.xdr for writing
[    3.112550] fedora rpcbind[407]: cannot save any registration
[    3.112559] fedora rpcbind[407]: cannot open file = /run/rpcbind/portmap.xdr for writing
[    3.112560] fedora rpcbind[407]: cannot save any registration
[    5.246542] fedora kernel: kauditd_printk_skb: 6 callbacks suppressed
[    5.395403] fedora systemd-oomd[691]: No swap; memory pressure usage will be degraded
[    5.812676] fedora (udev-worker)[713]: sr0: Process '/usr/sbin/pktsetup -i -d 11:0' failed with exit code 1.
[    5.993039] fedora sm-notify[774]: Failed to open sm: No such file or directory
[    5.993041] fedora sm-notify[774]: Failed to open directory sm.bak: No such file or directory
[    6.048680] fedora systemd-tmpfiles[776]: Failed to create directory or subvolume "/usr/local/sbin": Read-only file system
[    7.484326] fedora irqbalance[862]: thermal: failed to receive messages.
[    7.484341] fedora irqbalance[862]: Failed to initialize thermal events.
[    7.569551] fedora avahi-daemon[837]: WARNING: No NSS support for mDNS detected, consider installing nss-mdns!
[    7.706699] fedora systemd-logind[957]: Failed to open '/boot/loader/entries': Remote address changed
[    7.941468] fedora (udev-worker)[706]: sr0: Process '/usr/sbin/pktsetup -i -d 11:0' failed with exit code 1.
[    8.205116] fedora systemd-logind[957]: Failed to open '/boot/loader/entries': Remote address changed
[    8.307048] fedora systemd-logind[957]: Failed to open '/boot/loader/entries': Remote address changed
[    9.176043] fedora systemd-logind[957]: Failed to open '/boot/loader/entries': Remote address changed
[    9.254188] fedora gnome-shell[1179]: Could not issue 'GetUnit' systemd call
[    9.297907] fedora systemd-logind[957]: Failed to open '/boot/loader/entries': Remote address changed
[    9.315071] fedora systemd-logind[957]: Failed to open '/boot/loader/entries': Remote address changed
[    9.360324] fedora gsd-sharing[1299]: Failed to stop gnome-user-share-webdav.service: GDBus.Error:org.freedesktop.systemd1.NoSuchUnit: Unit gnome-user-share-webdav.service not loaded.
[    9.361247] fedora gsd-sharing[1299]: Failed to stop rygel.service: GDBus.Error:org.freedesktop.systemd1.NoSuchUnit: Unit rygel.service not loaded.
[    9.382735] fedora (bunny-first-boot)[1375]: bunny-first-boot.service: Failed to set up mount namespacing: /run/gdm/home/gnome-initial-setup/.config/bunny-os: No such file or directory
[    9.382755] fedora (bunny-first-boot)[1375]: bunny-first-boot.service: Failed at step NAMESPACE spawning /usr/libexec/bunny-first-boot: No such file or directory
[    9.385296] fedora systemd[1095]: bunny-first-boot.service: Failed with result 'exit-code'.
[    9.385688] fedora systemd[1095]: Failed to start bunny-first-boot.service - Bunny OS per-user first-boot preferences.
[    9.488768] fedora malcontent-timerd[1418]: mct_time_span_new: assertion 'start_time_secs < end_time_secs' failed
[    9.489782] fedora malcontent-timerd[1418]: mct_time_span_free: assertion 'self != NULL' failed
[    9.613886] fedora gnome-shell[1179]: Failed to record usage: GDBus.Error:org.freedesktop.MalcontentTimer1.Child.Error.IdentifyingUser: Error identifying user: Invalid or unknown user
[    9.615042] fedora gsd-usb-protection[1301]: Failed to fetch USBGuard parameters: GDBus.Error:org.freedesktop.DBus.Error.ServiceUnknown: The name is not activatable
[    9.615616] fedora gsd-media-keys[1295]: Failed to grab accelerator for keybinding settings:playback-repeat
[    9.615621] fedora gsd-media-keys[1295]: Failed to grab accelerator for keybinding settings:hibernate
[    9.807769] fedora wireplumber[1529]: spa.bluez5: BlueZ system service is not available
[   10.037825] fedora gnome-keyring-daemon[1650]: discover_other_daemon: 0
[   10.123995] fedora gnome-initial-setup[1376]: Could not read list of available locales from libc, guessing possible locales from available translations, but list may be incomplete!
[   10.307120] fedora kernel: kauditd_printk_skb: 142 callbacks suppressed
[   10.639433] fedora gnome-shell[1179]: Could not issue 'GetUnit' systemd call
[   10.679280] fedora gsd-xsettings[1703]: Failed to get current UI scaling factor: GDBus.Error:org.freedesktop.DBus.Error.NameHasNoOwner: Destination does not exist
[   10.199726] fedora chronyd[952]: System clock wrong by 2.472682 seconds
[   12.675782] fedora chronyd[952]: System clock was stepped by 2.472682 seconds
[   18.011877] fedora irqbalance[862]: Cannot change IRQ 25 affinity: Permission denied
[   18.011928] fedora irqbalance[862]: IRQ 25 affinity is now unmanaged
[   18.012122] fedora irqbalance[862]: Cannot change IRQ 28 affinity: Permission denied
[   18.012152] fedora irqbalance[862]: IRQ 28 affinity is now unmanaged
[   38.004568] fedora irqbalance[862]: Cannot change IRQ 27 affinity: Permission denied
[   38.004628] fedora irqbalance[862]: IRQ 27 affinity is now unmanaged
[   70.035985] fedora kernel: kauditd_printk_skb: 4 callbacks suppressed
[   84.269535] fedora gsd-media-keys[1295]: Virtual machines only honor the 'nothing' power-button-action, and will shutdown otherwise
[   84.378225] fedora gdm[1037]: Gdm: Failed to list cached users: GDBus.Error:org.freedesktop.DBus.Error.ServiceUnknown: The name is not activatable
[   84.433693] fedora systemd[1]: gdm.service: Failed with result 'exit-code'.
[   84.435277] fedora systemd[1]: gdm.service: Failed to enqueue OnFailure=plymouth-quit.service job, ignoring: Unit plymouth-quit.service not found.
[   84.454500] fedora gnome-shell[1179]: Connection to xwayland lost
[   84.462626] fedora gnome-shell[1179]: Could not issue 'GetUnit' systemd call
[   84.863855] fedora dbus-broker-launch[810]: Activation request for 'org.freedesktop.ColorManager' failed.
[   84.958623] fedora gnome-session-service[1173]: Failed to log out: Logout has been locked down
[  129.536469] fedora systemd[1]: session-c1.scope: Stopping timed out. Killing.
[  129.540166] fedora systemd[1]: session-c1.scope: Failed with result 'timeout'.
[  129.556802] fedora systemd[1]: sys-devices-virtual-misc-rfkill.device: Failed to enqueue SYSTEMD_WANTS job, ignoring: Transaction for systemd-rfkill.socket/start is destructive (poweroff.target has 'start' job queued, but 'stop' is included in transaction).
[  129.642229] fedora (udev-worker)[1903]: sr0: Process '/usr/sbin/pktsetup -i -d 11:0' failed with exit code 1.
[  130.036463] fedora systemd[1095]: gnome-session-manager@gnome-initial-setup.service: State 'stop-sigterm' timed out. Aborting.
[  130.037775] fedora kernel: kauditd_printk_skb: 18 callbacks suppressed
[  130.044824] fedora systemd[1095]: gnome-session-manager@gnome-initial-setup.service: Main process exited, code=dumped, status=6/ABRT
[  130.058726] fedora systemd[1095]: gnome-session-manager@gnome-initial-setup.service: Failed with result 'timeout'.
[  130.075226] fedora gnome-session-ctl[1931]: Couldn't connect to session bus: Could not connect: Connection refused
[  130.165405] fedora dbus-broker-launch[810]: Activation request for 'org.freedesktop.nm_dispatcher' failed.
[  130.449445] fedora systemd-udevd[700]: Failed to remove file descriptor "config-serialization" from the store, ignoring: Connection refused
