[    1.887784] fedora kernel: virt/tdx: TDX not supported by the host platform
[    2.151761] fedora rpc.statd[408]: Failed to open directory sm: No such file or directory
[    2.151794] fedora rpc.statd[408]: Failed to create /var/lib/nfs/statd/.state.new: No such file or directory
[    2.155024] fedora rpc.idmapd[413]: Setting log level to 0
[    2.155191] fedora rpc.idmapd[413]: libnfsidmap: Unable to determine the NFSv4 domain; Using 'localdomain' as the NFSv4 domain which means UIDs will be mapped to the 'Nobody-User' user defined in /etc/idmapd.conf
[    3.093475] fedora rpc.idmapd[413]: exiting on signal 15
[    3.095630] fedora rpcbind[404]: cannot open file = /run/rpcbind/rpcbind.xdr for writing
[    3.095655] fedora rpcbind[404]: cannot save any registration
[    3.095663] fedora rpcbind[404]: cannot open file = /run/rpcbind/portmap.xdr for writing
[    3.095664] fedora rpcbind[404]: cannot save any registration
[    5.195053] fedora kernel: kauditd_printk_skb: 6 callbacks suppressed
[    5.351675] fedora systemd-oomd[692]: No swap; memory pressure usage will be degraded
[    5.725570] fedora (udev-worker)[710]: sr0: Process '/usr/sbin/pktsetup -i -d 11:0' failed with exit code 1.
[    5.907439] fedora sm-notify[775]: Failed to open sm: No such file or directory
[    5.907442] fedora sm-notify[775]: Failed to open directory sm.bak: No such file or directory
[    5.968752] fedora systemd-tmpfiles[777]: Failed to create directory or subvolume "/usr/local/sbin": Read-only file system
[    7.357294] fedora irqbalance[864]: thermal: failed to receive messages.
[    7.357315] fedora irqbalance[864]: Failed to initialize thermal events.
[    7.431167] fedora avahi-daemon[838]: WARNING: No NSS support for mDNS detected, consider installing nss-mdns!
[    7.544038] fedora systemd-logind[961]: Failed to open '/boot/loader/entries': Remote address changed
[    7.783352] fedora (udev-worker)[710]: sr0: Process '/usr/sbin/pktsetup -i -d 11:0' failed with exit code 1.
[    8.000206] fedora systemd-logind[961]: Failed to open '/boot/loader/entries': Remote address changed
[    8.096568] fedora systemd-logind[961]: Failed to open '/boot/loader/entries': Remote address changed
[    8.932785] fedora systemd-logind[961]: Failed to open '/boot/loader/entries': Remote address changed
[    9.008223] fedora gnome-shell[1178]: Could not issue 'GetUnit' systemd call
[    9.056571] fedora systemd-logind[961]: Failed to open '/boot/loader/entries': Remote address changed
[    9.067113] fedora systemd-logind[961]: Failed to open '/boot/loader/entries': Remote address changed
[    9.093979] fedora gsd-sharing[1294]: Failed to stop gnome-user-share-webdav.service: GDBus.Error:org.freedesktop.systemd1.NoSuchUnit: Unit gnome-user-share-webdav.service not loaded.
[    9.094489] fedora gsd-sharing[1294]: Failed to stop rygel.service: GDBus.Error:org.freedesktop.systemd1.NoSuchUnit: Unit rygel.service not loaded.
[    9.136058] fedora (bunny-first-boot)[1372]: bunny-first-boot.service: Failed to set up mount namespacing: /run/gdm/home/gnome-initial-setup/.config/bunny-os: No such file or directory
[    9.136656] fedora (bunny-first-boot)[1372]: bunny-first-boot.service: Failed at step NAMESPACE spawning /usr/libexec/bunny-first-boot: No such file or directory
[    9.138644] fedora systemd[1088]: bunny-first-boot.service: Failed with result 'exit-code'.
[    9.138831] fedora systemd[1088]: Failed to start bunny-first-boot.service - Bunny OS per-user first-boot preferences.
[    9.167609] fedora gsd-media-keys[1291]: Failed to grab accelerator for keybinding settings:hibernate
[    9.167884] fedora gsd-media-keys[1291]: Failed to grab accelerator for keybinding settings:playback-repeat
[    9.303656] fedora gsd-usb-protection[1300]: Failed to fetch USBGuard parameters: GDBus.Error:org.freedesktop.DBus.Error.ServiceUnknown: The name is not activatable
[    9.386759] fedora wireplumber[1436]: spa.bluez5: BlueZ system service is not available
[    9.472890] fedora gnome-shell[1178]: Failed to record usage: GDBus.Error:org.freedesktop.MalcontentTimer1.Child.Error.IdentifyingUser: Error identifying user: Invalid or unknown user
[    9.780251] fedora gnome-keyring-daemon[1642]: discover_other_daemon: 0
[    9.859148] fedora gnome-initial-setup[1375]: Could not read list of available locales from libc, guessing possible locales from available translations, but list may be incomplete!
[   10.369372] fedora gnome-shell[1178]: Could not issue 'GetUnit' systemd call
[   10.401904] fedora gsd-xsettings[1692]: Failed to get current UI scaling factor: GDBus.Error:org.freedesktop.DBus.Error.NameHasNoOwner: Destination does not exist
[   11.388753] fedora chronyd[845]: System clock wrong by 2.699735 seconds
[   14.088557] fedora chronyd[845]: System clock was stepped by 2.699735 seconds
[   17.798540] fedora kernel: kauditd_printk_skb: 146 callbacks suppressed
[   18.001649] fedora irqbalance[864]: Cannot change IRQ 25 affinity: Permission denied
[   18.001725] fedora irqbalance[864]: IRQ 25 affinity is now unmanaged
[   18.001787] fedora irqbalance[864]: Cannot change IRQ 28 affinity: Permission denied
[   18.001791] fedora irqbalance[864]: IRQ 28 affinity is now unmanaged
[   38.009468] fedora irqbalance[864]: Cannot change IRQ 27 affinity: Permission denied
[   38.009521] fedora irqbalance[864]: IRQ 27 affinity is now unmanaged
[   70.035323] fedora kernel: kauditd_printk_skb: 4 callbacks suppressed
[   85.711834] fedora gsd-media-keys[1291]: Virtual machines only honor the 'nothing' power-button-action, and will shutdown otherwise
[   85.870030] fedora gnome-shell[1178]: Connection to xwayland lost
[   85.874857] fedora gnome-shell[1178]: Could not issue 'GetUnit' systemd call
[   86.246919] fedora systemd[1]: sys-devices-virtual-misc-rfkill.device: Failed to enqueue SYSTEMD_WANTS job, ignoring: Transaction for systemd-rfkill.socket/start is destructive (systemd-poweroff.service has 'start' job queued, but 'stop' is included in transaction).
[   86.277432] fedora gnome-shell[1178]: Could not release device '/dev/input/event0' (13,64): GDBus.Error:org.freedesktop.DBus.Error.UnknownObject: Unknown object '/org/freedesktop/login1/session/c1'.
[   86.283532] fedora gnome-shell[1178]: Could not release device '/dev/input/event1' (13,65): GDBus.Error:org.freedesktop.DBus.Error.UnknownObject: Unknown object '/org/freedesktop/login1/session/c1'.
[   86.291522] fedora gnome-shell[1178]: Could not release device '/dev/input/event3' (13,67): GDBus.Error:org.freedesktop.DBus.Error.UnknownObject: Unknown object '/org/freedesktop/login1/session/c1'.
[   86.313979] fedora gnome-shell[1178]: Could not release device '/dev/input/event2' (13,66): GDBus.Error:org.freedesktop.DBus.Error.UnknownObject: Unknown object '/org/freedesktop/login1/session/c1'.
[   86.342253] fedora (udev-worker)[1886]: sr0: Process '/usr/sbin/pktsetup -i -d 11:0' failed with exit code 1.
[   86.344684] fedora gnome-shell[1178]: Could not release device '/dev/dri/card1' (226,1): GDBus.Error:org.freedesktop.DBus.Error.UnknownObject: Unknown object '/org/freedesktop/login1/session/c1'.
[   86.346115] fedora dbus-broker-launch[811]: Activation request for 'org.freedesktop.ColorManager' failed.
[   86.375555] fedora gnome-session-service[1172]: Failed to log out: Logout has been locked down
[  131.489195] fedora systemd[1088]: gnome-session-manager@gnome-initial-setup.service: State 'stop-sigterm' timed out. Aborting.
[  131.493390] fedora kernel: kauditd_printk_skb: 18 callbacks suppressed
[  131.499735] fedora systemd[1088]: gnome-session-manager@gnome-initial-setup.service: Main process exited, code=dumped, status=6/ABRT
[  131.522556] fedora systemd[1088]: gnome-session-manager@gnome-initial-setup.service: Failed with result 'timeout'.
[  131.546364] fedora gnome-session-ctl[1920]: Couldn't connect to session bus: Could not connect: Connection refused
[  131.697488] fedora dbus-broker-launch[811]: Activation request for 'org.freedesktop.nm_dispatcher' failed.
[  131.966645] fedora systemd-udevd[701]: Failed to remove file descriptor "config-serialization" from the store, ignoring: Connection refused
