[    1.869766] fedora kernel: virt/tdx: TDX not supported by the host platform
[    2.118836] fedora rpc.statd[410]: Failed to open directory sm: No such file or directory
[    2.118876] fedora rpc.statd[410]: Failed to create /var/lib/nfs/statd/.state.new: No such file or directory
[    2.122126] fedora rpc.idmapd[415]: Setting log level to 0
[    2.122318] fedora rpc.idmapd[415]: libnfsidmap: Unable to determine the NFSv4 domain; Using 'localdomain' as the NFSv4 domain which means UIDs will be mapped to the 'Nobody-User' user defined in /etc/idmapd.conf
[    3.067397] fedora rpc.idmapd[415]: exiting on signal 15
[    3.069401] fedora rpcbind[406]: cannot open file = /run/rpcbind/rpcbind.xdr for writing
[    3.069434] fedora rpcbind[406]: cannot save any registration
[    3.069446] fedora rpcbind[406]: cannot open file = /run/rpcbind/portmap.xdr for writing
[    3.069447] fedora rpcbind[406]: cannot save any registration
[    5.220248] fedora kernel: kauditd_printk_skb: 8 callbacks suppressed
[    5.263973] fedora systemd-oomd[690]: No swap; memory pressure usage will be degraded
[    5.607132] fedora kernel: , irq 7 [PCSPP,TRISTATE]
[    5.618220] fedora (udev-worker)[703]: sr0: Process '/usr/sbin/pktsetup -i -d 11:0' failed with exit code 1.
[    5.871614] fedora sm-notify[771]: Failed to open sm: No such file or directory
[    5.871653] fedora sm-notify[771]: Failed to open directory sm.bak: No such file or directory
[    5.936660] fedora systemd-tmpfiles[776]: Failed to create directory or subvolume "/usr/local/sbin": Read-only file system
[    7.376872] fedora irqbalance[863]: thermal: failed to receive messages.
[    7.376915] fedora irqbalance[863]: Failed to initialize thermal events.
[    7.444269] fedora avahi-daemon[838]: WARNING: No NSS support for mDNS detected, consider installing nss-mdns!
[    7.600371] fedora systemd-logind[951]: Failed to open '/boot/loader/entries': Remote address changed
[    7.869810] fedora (udev-worker)[714]: sr0: Process '/usr/sbin/pktsetup -i -d 11:0' failed with exit code 1.
[    8.073577] fedora systemd-logind[951]: Failed to open '/boot/loader/entries': Remote address changed
[    8.173892] fedora systemd-logind[951]: Failed to open '/boot/loader/entries': Remote address changed
[    9.043077] fedora systemd-logind[951]: Failed to open '/boot/loader/entries': Remote address changed
[    9.121225] fedora gnome-shell[1174]: Could not issue 'GetUnit' systemd call
[    9.185193] fedora systemd-logind[951]: Failed to open '/boot/loader/entries': Remote address changed
[    9.220185] fedora gsd-sharing[1299]: Failed to stop gnome-user-share-webdav.service: GDBus.Error:org.freedesktop.systemd1.NoSuchUnit: Unit gnome-user-share-webdav.service not loaded.
[    9.220626] fedora gsd-sharing[1299]: Failed to stop rygel.service: GDBus.Error:org.freedesktop.systemd1.NoSuchUnit: Unit rygel.service not loaded.
[    9.236583] fedora systemd-logind[951]: Failed to open '/boot/loader/entries': Remote address changed
[    9.258171] fedora (bunny-first-boot)[1370]: bunny-first-boot.service: Failed to set up mount namespacing: /run/gdm/home/gnome-initial-setup/.config/bunny-os: No such file or directory
[    9.258189] fedora (bunny-first-boot)[1370]: bunny-first-boot.service: Failed at step NAMESPACE spawning /usr/libexec/bunny-first-boot: No such file or directory
[    9.259766] fedora systemd[1114]: bunny-first-boot.service: Failed with result 'exit-code'.
[    9.259929] fedora systemd[1114]: Failed to start bunny-first-boot.service - Bunny OS per-user first-boot preferences.
[    9.454818] fedora gsd-usb-protection[1303]: Failed to fetch USBGuard parameters: GDBus.Error:org.freedesktop.DBus.Error.ServiceUnknown: The name is not activatable
[    9.460245] fedora gsd-media-keys[1291]: Failed to grab accelerator for keybinding settings:hibernate
[    9.460258] fedora gsd-media-keys[1291]: Failed to grab accelerator for keybinding settings:playback-repeat
[    9.571687] fedora gnome-shell[1174]: Failed to record usage: GDBus.Error:org.freedesktop.MalcontentTimer1.Child.Error.IdentifyingUser: Error identifying user: Invalid or unknown user
[    9.672309] fedora wireplumber[1526]: spa.bluez5: BlueZ system service is not available
[    9.881389] fedora gnome-keyring-daemon[1624]: discover_other_daemon: 0
[    9.967746] fedora gnome-initial-setup[1372]: Could not read list of available locales from libc, guessing possible locales from available translations, but list may be incomplete!
[   10.489152] fedora gnome-shell[1174]: Could not issue 'GetUnit' systemd call
[   10.520388] fedora gsd-xsettings[1687]: Failed to get current UI scaling factor: GDBus.Error:org.freedesktop.DBus.Error.NameHasNoOwner: Destination does not exist
[   10.401734] fedora chronyd[847]: System clock wrong by 2.305938 seconds
[   12.707787] fedora chronyd[847]: System clock was stepped by 2.305938 seconds
[   17.813275] fedora kernel: kauditd_printk_skb: 146 callbacks suppressed
[   18.010533] fedora irqbalance[863]: Cannot change IRQ 25 affinity: Permission denied
[   18.010587] fedora irqbalance[863]: IRQ 25 affinity is now unmanaged
[   18.010611] fedora irqbalance[863]: Cannot change IRQ 28 affinity: Permission denied
[   18.010614] fedora irqbalance[863]: IRQ 28 affinity is now unmanaged
[   70.034737] fedora kernel: kauditd_printk_skb: 4 callbacks suppressed
[   84.143994] fedora gsd-media-keys[1291]: Virtual machines only honor the 'nothing' power-button-action, and will shutdown otherwise
[   84.227768] fedora gdm[1046]: Gdm: Failed to list cached users: GDBus.Error:org.freedesktop.DBus.Error.NoReply: Remote peer disconnected
[   84.276363] fedora systemd[1]: gdm.service: Failed with result 'exit-code'.
[   84.277619] fedora systemd[1]: gdm.service: Failed to enqueue OnFailure=plymouth-quit.service job, ignoring: Unit plymouth-quit.service not found.
[   84.316282] fedora gnome-shell[1174]: Connection to xwayland lost
[   84.321323] fedora gnome-shell[1174]: Could not issue 'GetUnit' systemd call
[   84.722615] fedora dbus-broker-launch[810]: Activation request for 'org.freedesktop.ColorManager' failed.
[   84.817989] fedora gnome-session-service[1168]: Failed to log out: Logout has been locked down
[  129.271258] fedora systemd[1]: session-c1.scope: Stopping timed out. Killing.
[  129.273634] fedora systemd[1]: session-c1.scope: Failed with result 'timeout'.
[  129.286971] fedora systemd[1]: sys-devices-virtual-misc-rfkill.device: Failed to enqueue SYSTEMD_WANTS job, ignoring: Transaction for systemd-rfkill.socket/start is destructive (shutdown.target has 'start' job queued, but 'stop' is included in transaction).
[  129.367133] fedora (udev-worker)[1889]: sr0: Process '/usr/sbin/pktsetup -i -d 11:0' failed with exit code 1.
[  130.019492] fedora systemd[1114]: gnome-session-manager@gnome-initial-setup.service: State 'stop-sigterm' timed out. Aborting.
[  130.022364] fedora kernel: kauditd_printk_skb: 18 callbacks suppressed
[  130.027458] fedora systemd[1114]: gnome-session-manager@gnome-initial-setup.service: Main process exited, code=dumped, status=6/ABRT
[  130.052472] fedora systemd[1114]: gnome-session-manager@gnome-initial-setup.service: Failed with result 'timeout'.
[  130.068990] fedora gnome-session-ctl[1916]: Couldn't connect to session bus: Could not connect: Connection refused
[  130.138119] fedora dbus-broker-launch[810]: Activation request for 'org.freedesktop.nm_dispatcher' failed.
[  130.379738] fedora systemd-udevd[699]: Failed to remove file descriptor "config-serialization" from the store, ignoring: Connection refused
