[    7.520698] fedora systemd[1]: Listening on avahi-daemon.socket - Avahi mDNS/DNS-SD Stack Activation Socket.
[    7.611768] fedora systemd[1]: Starting avahi-daemon.service - Avahi mDNS/DNS-SD Stack...
[    7.814399] fedora avahi-daemon[838]: Found user 'avahi' (UID 70) and group 'avahi' (GID 70).
[    7.816777] fedora avahi-daemon[838]: Successfully dropped root privileges.
[    7.819795] fedora avahi-daemon[838]: avahi-daemon 0.8 starting up.
[    7.819954] fedora avahi-daemon[838]: WARNING: No NSS support for mDNS detected, consider installing nss-mdns!
[    7.822086] fedora avahi-daemon[838]: Successfully called chroot().
[    7.822092] fedora avahi-daemon[838]: Successfully dropped remaining capabilities.
[    7.822394] fedora avahi-daemon[838]: No service file found in /etc/avahi/services.
[    7.822831] fedora avahi-daemon[838]: Joining mDNS multicast group on interface lo.IPv6 with address ::1.
[    7.822842] fedora avahi-daemon[838]: New relevant interface lo.IPv6 for mDNS.
[    7.822845] fedora avahi-daemon[838]: Joining mDNS multicast group on interface lo.IPv4 with address 127.0.0.1.
[    7.822850] fedora avahi-daemon[838]: New relevant interface lo.IPv4 for mDNS.
[    7.822851] fedora avahi-daemon[838]: Network interface enumeration completed.
[    7.822854] fedora avahi-daemon[838]: Registering new address record for ::1 on lo.*.
[    7.822870] fedora avahi-daemon[838]: Registering new address record for 127.0.0.1 on lo.IPv4.
[    7.870564] fedora systemd[1]: Started avahi-daemon.service - Avahi mDNS/DNS-SD Stack.
[    7.931712] fedora avahi-daemon[838]: Joining mDNS multicast group on interface enp0s2.IPv6 with address fe80::157b:b0bf:3403:8b58.
[    7.932035] fedora avahi-daemon[838]: New relevant interface enp0s2.IPv6 for mDNS.
[    7.932040] fedora avahi-daemon[838]: Registering new address record for fe80::157b:b0bf:3403:8b58 on enp0s2.*.
[    8.129621] fedora avahi-daemon[838]: Joining mDNS multicast group on interface enp0s2.IPv4 with address 10.0.2.15.
[    8.129688] fedora avahi-daemon[838]: New relevant interface enp0s2.IPv4 for mDNS.
[    8.129699] fedora avahi-daemon[838]: Registering new address record for 10.0.2.15 on enp0s2.IPv4.
[    9.000425] fedora avahi-daemon[838]: Server startup complete. Host name is fedora.local. Local service cookie is 2862197952.
[    9.836867] fedora avahi-daemon[838]: Leaving mDNS multicast group on interface enp0s2.IPv6 with address fe80::157b:b0bf:3403:8b58.
[    9.842506] fedora avahi-daemon[838]: Joining mDNS multicast group on interface enp0s2.IPv6 with address fec0::dd94:47ee:7396:a3d4.
[    9.843101] fedora avahi-daemon[838]: Registering new address record for fec0::dd94:47ee:7396:a3d4 on enp0s2.*.
[    9.843146] fedora avahi-daemon[838]: Withdrawing address record for fe80::157b:b0bf:3403:8b58 on enp0s2.
[  596.571210] fedora avahi-daemon[838]: Got SIGTERM, quitting.
[  596.571419] fedora avahi-daemon[838]: Leaving mDNS multicast group on interface enp0s2.IPv6 with address fec0::dd94:47ee:7396:a3d4.
[  596.570567] fedora systemd[1]: Stopping avahi-daemon.service - Avahi mDNS/DNS-SD Stack...
[  596.572766] fedora avahi-daemon[838]: Leaving mDNS multicast group on interface enp0s2.IPv4 with address 10.0.2.15.
[  596.573473] fedora avahi-daemon[838]: Leaving mDNS multicast group on interface lo.IPv6 with address ::1.
[  596.573528] fedora avahi-daemon[838]: Leaving mDNS multicast group on interface lo.IPv4 with address 127.0.0.1.
[  596.583387] fedora avahi-daemon[838]: avahi-daemon 0.8 exiting.
[  596.612933] fedora systemd[1]: avahi-daemon.service: Deactivated successfully.
[  596.613137] fedora systemd[1]: Stopped avahi-daemon.service - Avahi mDNS/DNS-SD Stack.
[  642.612594] fedora systemd[1]: avahi-daemon.socket: Deactivated successfully.
[  642.612715] fedora systemd[1]: Closed avahi-daemon.socket - Avahi mDNS/DNS-SD Stack Activation Socket.
