[    1.855812] fedora kernel: virt/tdx: TDX not supported by the host platform
[    2.094947] fedora rpc.statd[409]: Failed to open directory sm: No such file or directory
[    2.094983] fedora rpc.statd[409]: Failed to create /var/lib/nfs/statd/.state.new: No such file or directory
[    2.098342] fedora rpc.idmapd[414]: Setting log level to 0
[    2.098527] fedora rpc.idmapd[414]: libnfsidmap: Unable to determine the NFSv4 domain; Using 'localdomain' as the NFSv4 domain which means UIDs will be mapped to the 'Nobody-User' user defined in /etc/idmapd.conf
[    3.046274] fedora rpc.idmapd[414]: exiting on signal 15
[    3.048075] fedora rpcbind[405]: cannot open file = /run/rpcbind/rpcbind.xdr for writing
[    3.048096] fedora rpcbind[405]: cannot save any registration
[    3.048103] fedora rpcbind[405]: cannot open file = /run/rpcbind/portmap.xdr for writing
[    3.048103] fedora rpcbind[405]: cannot save any registration
[    5.276657] fedora kernel: kauditd_printk_skb: 8 callbacks suppressed
[    5.323304] fedora systemd-oomd[691]: No swap; memory pressure usage will be degraded
[    5.669681] fedora (udev-worker)[705]: sr0: Process '/usr/sbin/pktsetup -i -d 11:0' failed with exit code 1.
[    5.896488] fedora sm-notify[775]: Failed to open sm: No such file or directory
[    5.896491] fedora sm-notify[775]: Failed to open directory sm.bak: No such file or directory
[    5.961269] fedora systemd-tmpfiles[777]: Failed to create directory or subvolume "/usr/local/sbin": Read-only file system
[    7.314666] fedora irqbalance[857]: thermal: failed to receive messages.
[    7.314680] fedora irqbalance[857]: Failed to initialize thermal events.
[    7.370380] fedora avahi-daemon[838]: WARNING: No NSS support for mDNS detected, consider installing nss-mdns!
[    7.516571] fedora systemd-logind[948]: Failed to open '/boot/loader/entries': Remote address changed
[    7.945356] fedora (udev-worker)[705]: sr0: Process '/usr/sbin/pktsetup -i -d 11:0' failed with exit code 1.
[    8.033714] fedora systemd-logind[948]: Failed to open '/boot/loader/entries': Remote address changed
[    8.041875] fedora gnome-session-service[1210]: App gnome-keyring-secrets.desktop sets X-GNOME-Autostart-Phase, but gnome-session no longer manages session services
[    8.041969] fedora gnome-session-service[1210]: App at-spi-dbus-bus.desktop sets X-GNOME-Autostart-Phase, but gnome-session no longer manages session services
[    8.042024] fedora gnome-session-service[1210]: App gnome-keyring-pkcs11.desktop sets X-GNOME-Autostart-Phase, but gnome-session no longer manages session services
[    8.042052] fedora gnome-session-service[1210]: App xdg-user-dirs.desktop sets X-GNOME-Autostart-Phase, but gnome-session no longer manages session services
[    8.042080] fedora gnome-session-service[1210]: App gnome-keyring-ssh.desktop sets X-GNOME-Autostart-Phase, but gnome-session no longer manages session services
[    8.131050] fedora systemd-logind[948]: Failed to open '/boot/loader/entries': Remote address changed
[    8.965040] fedora systemd-logind[948]: Failed to open '/boot/loader/entries': Remote address changed
[    9.171140] fedora gnome-shell[1217]: Could not issue 'GetUnit' systemd call
[    9.234231] fedora systemd-logind[948]: Failed to open '/boot/loader/entries': Remote address changed
[    9.262504] fedora systemd-logind[948]: Failed to open '/boot/loader/entries': Remote address changed
[    9.380041] fedora gsd-sharing[1377]: Failed to stop gnome-user-share-webdav.service: GDBus.Error:org.freedesktop.systemd1.NoSuchUnit: Unit gnome-user-share-webdav.service not loaded.
[    9.381512] fedora gsd-sharing[1377]: Failed to stop rygel.service: GDBus.Error:org.freedesktop.systemd1.NoSuchUnit: Unit rygel.service not loaded.
[    9.386806] fedora gsd-keyboard[1361]: g_variant_unref: assertion 'value != NULL' failed
[    9.447640] fedora gsd-media-keys[1367]: Failed to grab accelerator for keybinding settings:hibernate
[    9.447651] fedora gsd-media-keys[1367]: Failed to grab accelerator for keybinding settings:playback-repeat
[    9.581883] fedora gsd-usb-protection[1386]: Failed to fetch USBGuard parameters: GDBus.Error:org.freedesktop.DBus.Error.ServiceUnknown: The name is not activatable
[    9.590931] fedora gnome-shell-calendar-server[1323]: e_cal_client_set_default_timezone: assertion 'zone != NULL' failed
[    9.594266] fedora gnome-shell-calendar-server[1323]: e_cal_client_set_default_timezone: assertion 'zone != NULL' failed
[    9.597036] fedora gnome-shell-calendar-server[1323]: e_cal_client_set_default_timezone: assertion 'zone != NULL' failed
[    9.600094] fedora gnome-shell-calendar-server[1323]: e_cal_client_set_default_timezone: assertion 'zone != NULL' failed
[    9.724896] fedora colord[1298]: CdMain: failed to profile from filename: failed to load file: Error opening file /var/home/dsq-test/.local/share/icc/edid-bb6ad72dc802b000932c73ad20996ae5.icc: Permission denied
[    9.730278] fedora malcontent-timerd[1747]: mct_time_span_new: assertion 'start_time_secs < end_time_secs' failed
[    9.730930] fedora malcontent-timerd[1747]: mct_time_span_copy: assertion 'self != NULL' failed
[    9.730935] fedora malcontent-timerd[1747]: mct_time_span_get_start_time_secs: assertion 'self != NULL' failed
[    9.730936] fedora malcontent-timerd[1747]: mct_time_span_get_end_time_secs: assertion 'self != NULL' failed
[    9.730940] fedora malcontent-timerd[1747]: mct_time_span_free: assertion 'self != NULL' failed
[    9.731467] fedora malcontent-timerd[1747]: mct_time_span_free: assertion 'self != NULL' failed
[    9.913072] fedora gnome-shell[1217]: Failed to create colord color profile icc-9eb41b476fdb2bd3644bfd0bb5d5bf46: failed to load file: Error opening file /var/home/dsq-test/.local/share/icc/edid-bb6ad72dc802b000932c73ad20996ae5.icc: Permission denied
[   10.589652] fedora wireplumber[1847]: spa.bluez5: BlueZ system service is not available
[   12.305478] fedora gnome-keyring-daemon[1999]: discover_other_daemon: 1
[   12.692973] fedora kernel: kauditd_printk_skb: 153 callbacks suppressed
[   12.736873] fedora chronyd[944]: System clock wrong by 1.392635 seconds
[   14.129637] fedora chronyd[944]: System clock was stepped by 1.392635 seconds
[   15.012647] fedora avahi-daemon[838]: Missed message org.freedesktop.DBus.Properties::GetAll()
[   15.013399] fedora avahi-daemon[838]: Missed message org.freedesktop.DBus.Properties::GetAll()
[   18.010464] fedora irqbalance[857]: Cannot change IRQ 25 affinity: Permission denied
[   18.010496] fedora irqbalance[857]: IRQ 25 affinity is now unmanaged
[   18.010511] fedora irqbalance[857]: Cannot change IRQ 28 affinity: Permission denied
[   18.010513] fedora irqbalance[857]: IRQ 28 affinity is now unmanaged
[   28.009351] fedora irqbalance[857]: Cannot change IRQ 27 affinity: Permission denied
[   28.009374] fedora irqbalance[857]: IRQ 27 affinity is now unmanaged
[   84.416539] fedora gsd-media-keys[1367]: Virtual machines only honor the 'nothing' power-button-action, and will shutdown otherwise
[   84.499832] fedora localsearch-3[1504]: Owner of volume monitor org.gtk.vfs.GoaVolumeMonitor disconnected from the bus; removing drives/volumes/mounts
[   84.507476] fedora gnome-shell[1217]: Owner of volume monitor org.gtk.vfs.GoaVolumeMonitor disconnected from the bus; removing drives/volumes/mounts
[   84.508103] fedora localsearch-3[1504]: Owner of volume monitor org.gtk.vfs.UDisks2VolumeMonitor disconnected from the bus; removing drives/volumes/mounts
[   84.511055] fedora gnome-shell[1217]: Owner of volume monitor org.gtk.vfs.UDisks2VolumeMonitor disconnected from the bus; removing drives/volumes/mounts
[   84.987940] fedora systemd-logind[948]: Failed to acquire peer PID: No such process
[   85.072644] fedora gnome-shell[1217]: invalid (NULL) pointer instance
[   85.072670] fedora gnome-shell[1217]: g_signal_handler_disconnect: assertion 'G_TYPE_CHECK_INSTANCE (instance)' failed
[   85.077890] fedora dbus-broker-launch[809]: Activation request for 'org.freedesktop.ColorManager' failed.
[   85.214308] fedora systemd[1]: sys-devices-virtual-misc-rfkill.device: Failed to enqueue SYSTEMD_WANTS job, ignoring: Transaction for systemd-rfkill.socket/start is destructive (systemd-poweroff.service has 'start' job queued, but 'stop' is included in transaction).
[   85.303255] fedora (udev-worker)[2214]: sr0: Process '/usr/sbin/pktsetup -i -d 11:0' failed with exit code 1.
[   85.347811] fedora dbus-broker-launch[809]: Activation request for 'org.freedesktop.nm_dispatcher' failed.
