[    1.885034] fedora kernel: virt/tdx: TDX not supported by the host platform
[    2.141273] fedora rpc.statd[409]: Failed to open directory sm: No such file or directory
[    2.141300] fedora rpc.statd[409]: Failed to create /var/lib/nfs/statd/.state.new: No such file or directory
[    2.146100] fedora rpc.idmapd[414]: Setting log level to 0
[    2.146292] fedora rpc.idmapd[414]: libnfsidmap: Unable to determine the NFSv4 domain; Using 'localdomain' as the NFSv4 domain which means UIDs will be mapped to the 'Nobody-User' user defined in /etc/idmapd.conf
[    3.093428] fedora rpc.idmapd[414]: exiting on signal 15
[    3.095319] fedora rpcbind[405]: cannot open file = /run/rpcbind/rpcbind.xdr for writing
[    3.095329] fedora rpcbind[405]: cannot save any registration
[    3.095335] fedora rpcbind[405]: cannot open file = /run/rpcbind/portmap.xdr for writing
[    3.095337] fedora rpcbind[405]: cannot save any registration
[    5.191535] fedora kernel: kauditd_printk_skb: 6 callbacks suppressed
[    5.332747] fedora systemd-oomd[690]: No swap; memory pressure usage will be degraded
[    5.691425] fedora (udev-worker)[716]: sr0: Process '/usr/sbin/pktsetup -i -d 11:0' failed with exit code 1.
[    5.898421] fedora sm-notify[772]: Failed to open sm: No such file or directory
[    5.898424] fedora sm-notify[772]: Failed to open directory sm.bak: No such file or directory
[    5.955471] fedora systemd-tmpfiles[774]: Failed to create directory or subvolume "/usr/local/sbin": Read-only file system
[    7.357308] fedora irqbalance[857]: thermal: failed to receive messages.
[    7.357361] fedora irqbalance[857]: Failed to initialize thermal events.
[    7.465310] fedora avahi-daemon[838]: WARNING: No NSS support for mDNS detected, consider installing nss-mdns!
[    7.598523] fedora systemd-logind[950]: Failed to open '/boot/loader/entries': Remote address changed
[    7.835389] fedora (udev-worker)[716]: sr0: Process '/usr/sbin/pktsetup -i -d 11:0' failed with exit code 1.
[    8.082894] fedora systemd-logind[950]: Failed to open '/boot/loader/entries': Remote address changed
[    8.189859] fedora systemd-logind[950]: Failed to open '/boot/loader/entries': Remote address changed
[   10.936146] fedora kernel: kauditd_printk_skb: 131 callbacks suppressed
[   11.155810] fedora systemd-logind[950]: Failed to open '/boot/loader/entries': Remote address changed
[   11.236276] fedora gnome-shell[1175]: Could not issue 'GetUnit' systemd call
[   11.296331] fedora systemd-logind[950]: Failed to open '/boot/loader/entries': Remote address changed
[   11.307532] fedora systemd-logind[950]: Failed to open '/boot/loader/entries': Remote address changed
[   11.349204] fedora gsd-sharing[1299]: Failed to stop gnome-user-share-webdav.service: GDBus.Error:org.freedesktop.systemd1.NoSuchUnit: Unit gnome-user-share-webdav.service not loaded.
[   11.349535] fedora gsd-sharing[1299]: Failed to stop rygel.service: GDBus.Error:org.freedesktop.systemd1.NoSuchUnit: Unit rygel.service not loaded.
[   11.355549] fedora (bunny-first-boot)[1367]: bunny-first-boot.service: Failed to set up mount namespacing: /run/gdm/home/gnome-initial-setup/.config/bunny-os: No such file or directory
[   11.355572] fedora (bunny-first-boot)[1367]: bunny-first-boot.service: Failed at step NAMESPACE spawning /usr/libexec/bunny-first-boot: No such file or directory
[   11.359877] fedora systemd[1106]: bunny-first-boot.service: Failed with result 'exit-code'.
[   11.360163] fedora systemd[1106]: Failed to start bunny-first-boot.service - Bunny OS per-user first-boot preferences.
[   11.577206] fedora gsd-usb-protection[1303]: Failed to fetch USBGuard parameters: GDBus.Error:org.freedesktop.DBus.Error.ServiceUnknown: The name is not activatable
[   11.582216] fedora gsd-media-keys[1293]: Failed to grab accelerator for keybinding settings:hibernate
[   11.582224] fedora gsd-media-keys[1293]: Failed to grab accelerator for keybinding settings:playback-repeat
[   11.631569] fedora malcontent-timerd[1500]: mct_time_span_new: assertion 'start_time_secs < end_time_secs' failed
[   11.632576] fedora malcontent-timerd[1500]: mct_time_span_free: assertion 'self != NULL' failed
[   11.694863] fedora gnome-shell[1175]: Failed to record usage: GDBus.Error:org.freedesktop.MalcontentTimer1.Child.Error.IdentifyingUser: Error identifying user: Invalid or unknown user
[   11.804892] fedora wireplumber[1517]: spa.bluez5: BlueZ system service is not available
[   12.015078] fedora gnome-keyring-daemon[1632]: discover_other_daemon: 0
[   12.107715] fedora gnome-initial-setup[1368]: Could not read list of available locales from libc, guessing possible locales from available translations, but list may be incomplete!
[   12.636316] fedora gnome-shell[1175]: Could not issue 'GetUnit' systemd call
[   12.668954] fedora gsd-xsettings[1682]: Failed to get current UI scaling factor: GDBus.Error:org.freedesktop.DBus.Error.NameHasNoOwner: Destination does not exist
[   11.102431] fedora chronyd[944]: System clock wrong by 1.708111 seconds
[   12.812115] fedora chronyd[944]: System clock was stepped by 1.708111 seconds
[   17.837516] fedora kernel: kauditd_printk_skb: 5 callbacks suppressed
[   18.012153] fedora irqbalance[857]: Cannot change IRQ 25 affinity: Permission denied
[   18.012222] fedora irqbalance[857]: IRQ 25 affinity is now unmanaged
[   18.012265] fedora irqbalance[857]: Cannot change IRQ 28 affinity: Permission denied
[   18.012270] fedora irqbalance[857]: IRQ 28 affinity is now unmanaged
[   38.010825] fedora irqbalance[857]: Cannot change IRQ 27 affinity: Permission denied
[   38.010809] fedora irqbalance[857]: IRQ 27 affinity is now unmanaged
[   72.006317] fedora kernel: kauditd_printk_skb: 4 callbacks suppressed
[   84.280779] fedora gsd-media-keys[1293]: Virtual machines only honor the 'nothing' power-button-action, and will shutdown otherwise
[   84.359574] fedora gdm[1033]: Gdm: Failed to list cached users: GDBus.Error:org.freedesktop.DBus.Error.ServiceUnknown: The name is not activatable
[   84.425745] fedora systemd[1]: gdm.service: Failed with result 'exit-code'.
[   84.428177] fedora systemd[1]: gdm.service: Failed to enqueue OnFailure=plymouth-quit.service job, ignoring: Unit plymouth-quit.service not found.
[   84.450042] fedora gnome-shell[1175]: Connection to xwayland lost
[   84.454958] fedora gnome-shell[1175]: Could not issue 'GetUnit' systemd call
[   84.831153] fedora systemd[1]: sys-devices-virtual-misc-rfkill.device: Failed to enqueue SYSTEMD_WANTS job, ignoring: Transaction for systemd-rfkill.socket/start is destructive (poweroff.target has 'start' job queued, but 'stop' is included in transaction).
[   84.857903] fedora gnome-shell[1175]: Could not release device '/dev/input/event0' (13,64): GDBus.Error:org.freedesktop.DBus.Error.UnknownObject: Unknown object '/org/freedesktop/login1/session/c1'.
[   84.863850] fedora gnome-shell[1175]: Could not release device '/dev/input/event1' (13,65): GDBus.Error:org.freedesktop.DBus.Error.UnknownObject: Unknown object '/org/freedesktop/login1/session/c1'.
[   84.871606] fedora gnome-shell[1175]: Could not release device '/dev/input/event3' (13,67): GDBus.Error:org.freedesktop.DBus.Error.UnknownObject: Unknown object '/org/freedesktop/login1/session/c1'.
[   84.883772] fedora gnome-shell[1175]: Could not release device '/dev/input/event2' (13,66): GDBus.Error:org.freedesktop.DBus.Error.UnknownObject: Unknown object '/org/freedesktop/login1/session/c1'.
[   84.922633] fedora gnome-shell[1175]: Could not release device '/dev/dri/card1' (226,1): GDBus.Error:org.freedesktop.DBus.Error.UnknownObject: Unknown object '/org/freedesktop/login1/session/c1'.
[   84.923578] fedora dbus-broker-launch[810]: Activation request for 'org.freedesktop.ColorManager' failed.
[   84.934148] fedora (udev-worker)[1875]: sr0: Process '/usr/sbin/pktsetup -i -d 11:0' failed with exit code 1.
[   84.962054] fedora gnome-session-service[1169]: Failed to log out: Logout has been locked down
[  130.102691] fedora systemd[1106]: gnome-session-manager@gnome-initial-setup.service: State 'stop-sigterm' timed out. Aborting.
[  130.105226] fedora kernel: kauditd_printk_skb: 18 callbacks suppressed
[  130.115458] fedora systemd[1106]: gnome-session-manager@gnome-initial-setup.service: Main process exited, code=dumped, status=6/ABRT
[  130.128787] fedora systemd[1106]: gnome-session-manager@gnome-initial-setup.service: Failed with result 'timeout'.
[  130.144137] fedora gnome-session-ctl[1898]: Couldn't connect to session bus: Could not connect: Connection refused
[  130.281911] fedora dbus-broker-launch[810]: Activation request for 'org.freedesktop.nm_dispatcher' failed.
[  130.552839] fedora systemd-udevd[700]: Failed to remove file descriptor "config-serialization" from the store, ignoring: Connection refused
