[    8.198101] fedora systemd[1]: Listening on avahi-daemon.socket - Avahi mDNS/DNS-SD Stack Activation Socket.
[    8.281566] fedora systemd[1]: Starting avahi-daemon.service - Avahi mDNS/DNS-SD Stack...
[    8.494443] fedora avahi-daemon[839]: Found user 'avahi' (UID 70) and group 'avahi' (GID 70).
[    8.495373] fedora avahi-daemon[839]: Successfully dropped root privileges.
[    8.495553] fedora avahi-daemon[839]: avahi-daemon 0.8 starting up.
[    8.495679] fedora avahi-daemon[839]: WARNING: No NSS support for mDNS detected, consider installing nss-mdns!
[    8.496264] fedora avahi-daemon[839]: Successfully called chroot().
[    8.496269] fedora avahi-daemon[839]: Successfully dropped remaining capabilities.
[    8.497719] fedora systemd[1]: Started avahi-daemon.service - Avahi mDNS/DNS-SD Stack.
[    8.498204] fedora avahi-daemon[839]: No service file found in /etc/avahi/services.
[    8.498671] fedora avahi-daemon[839]: Joining mDNS multicast group on interface lo.IPv6 with address ::1.
[    8.499056] fedora avahi-daemon[839]: New relevant interface lo.IPv6 for mDNS.
[    8.499098] fedora avahi-daemon[839]: Joining mDNS multicast group on interface lo.IPv4 with address 127.0.0.1.
[    8.499121] fedora avahi-daemon[839]: New relevant interface lo.IPv4 for mDNS.
[    8.499137] fedora avahi-daemon[839]: Network interface enumeration completed.
[    8.499154] fedora avahi-daemon[839]: Registering new address record for ::1 on lo.*.
[    8.499569] fedora avahi-daemon[839]: Registering new address record for 127.0.0.1 on lo.IPv4.
[    9.268275] fedora avahi-daemon[839]: Server startup complete. Host name is fedora.local. Local service cookie is 2910239035.
[   86.254527] fedora avahi-daemon[839]: Got SIGTERM, quitting.
[   86.254732] fedora systemd[1]: Stopping avahi-daemon.service - Avahi mDNS/DNS-SD Stack...
[   86.254778] fedora avahi-daemon[839]: Leaving mDNS multicast group on interface lo.IPv6 with address ::1.
[   86.254882] fedora avahi-daemon[839]: Leaving mDNS multicast group on interface lo.IPv4 with address 127.0.0.1.
[   86.257386] fedora avahi-daemon[839]: avahi-daemon 0.8 exiting.
[   86.305713] fedora systemd[1]: avahi-daemon.service: Deactivated successfully.
[   86.305915] fedora systemd[1]: Stopped avahi-daemon.service - Avahi mDNS/DNS-SD Stack.
[  132.157471] fedora systemd[1]: avahi-daemon.socket: Deactivated successfully.
[  132.157594] fedora systemd[1]: Closed avahi-daemon.socket - Avahi mDNS/DNS-SD Stack Activation Socket.
