[    1.885114] fedora kernel: virt/tdx: TDX not supported by the host platform
[    2.160152] fedora rpc.statd[409]: Failed to open directory sm: No such file or directory
[    2.160177] fedora rpc.statd[409]: Failed to create /var/lib/nfs/statd/.state.new: No such file or directory
[    2.163210] fedora rpc.idmapd[414]: Setting log level to 0
[    2.163411] fedora rpc.idmapd[414]: libnfsidmap: Unable to determine the NFSv4 domain; Using 'localdomain' as the NFSv4 domain which means UIDs will be mapped to the 'Nobody-User' user defined in /etc/idmapd.conf
[    3.105036] fedora rpc.idmapd[414]: exiting on signal 15
[    3.106882] fedora rpcbind[405]: cannot open file = /run/rpcbind/rpcbind.xdr for writing
[    3.106906] fedora rpcbind[405]: cannot save any registration
[    3.106913] fedora rpcbind[405]: cannot open file = /run/rpcbind/portmap.xdr for writing
[    3.106914] fedora rpcbind[405]: cannot save any registration
[    5.205166] fedora kernel: kauditd_printk_skb: 6 callbacks suppressed
[    5.393349] fedora systemd-oomd[693]: No swap; memory pressure usage will be degraded
[    5.701361] fedora (udev-worker)[706]: sr0: Process '/usr/sbin/pktsetup -i -d 11:0' failed with exit code 1.
[    5.746026] fedora kernel: overlayfs: failed to get redirect (-4)
[    5.952654] fedora sm-notify[777]: Failed to open sm: No such file or directory
[    5.952657] fedora sm-notify[777]: Failed to open directory sm.bak: No such file or directory
[    6.015248] fedora systemd-tmpfiles[779]: Failed to create directory or subvolume "/usr/local/sbin": Read-only file system
[    7.381397] fedora irqbalance[862]: thermal: failed to receive messages.
[    7.384501] fedora irqbalance[862]: Failed to initialize thermal events.
[    7.443993] fedora avahi-daemon[844]: WARNING: No NSS support for mDNS detected, consider installing nss-mdns!
[    7.588158] fedora systemd-logind[978]: Failed to open '/boot/loader/entries': Remote address changed
[    8.094229] fedora (udev-worker)[706]: sr0: Process '/usr/sbin/pktsetup -i -d 11:0' failed with exit code 1.
[    8.164786] fedora systemd-logind[978]: Failed to open '/boot/loader/entries': Remote address changed
[    8.172893] fedora gnome-session-service[1211]: App gnome-keyring-secrets.desktop sets X-GNOME-Autostart-Phase, but gnome-session no longer manages session services
[    8.173028] fedora gnome-session-service[1211]: App at-spi-dbus-bus.desktop sets X-GNOME-Autostart-Phase, but gnome-session no longer manages session services
[    8.173068] fedora gnome-session-service[1211]: App gnome-keyring-pkcs11.desktop sets X-GNOME-Autostart-Phase, but gnome-session no longer manages session services
[    8.173094] fedora gnome-session-service[1211]: App xdg-user-dirs.desktop sets X-GNOME-Autostart-Phase, but gnome-session no longer manages session services
[    8.173123] fedora gnome-session-service[1211]: App gnome-keyring-ssh.desktop sets X-GNOME-Autostart-Phase, but gnome-session no longer manages session services
[    8.274710] fedora systemd-logind[978]: Failed to open '/boot/loader/entries': Remote address changed
[    9.146560] fedora systemd-logind[978]: Failed to open '/boot/loader/entries': Remote address changed
[    9.372434] fedora gnome-shell[1220]: Could not issue 'GetUnit' systemd call
[    9.474314] fedora systemd-logind[978]: Failed to open '/boot/loader/entries': Remote address changed
[    9.476848] fedora systemd-logind[978]: Failed to open '/boot/loader/entries': Remote address changed
[    9.513308] fedora gsd-keyboard[1366]: g_variant_unref: assertion 'value != NULL' failed
[    9.542846] fedora gsd-sharing[1391]: Failed to stop gnome-user-share-webdav.service: GDBus.Error:org.freedesktop.systemd1.NoSuchUnit: Unit gnome-user-share-webdav.service not loaded.
[    9.549294] fedora gsd-sharing[1391]: Failed to stop rygel.service: GDBus.Error:org.freedesktop.systemd1.NoSuchUnit: Unit rygel.service not loaded.
[    9.646052] fedora gsd-media-keys[1367]: Failed to grab accelerator for keybinding settings:playback-repeat
[    9.646064] fedora gsd-media-keys[1367]: Failed to grab accelerator for keybinding settings:hibernate
[    9.771616] fedora gsd-usb-protection[1399]: Failed to fetch USBGuard parameters: GDBus.Error:org.freedesktop.DBus.Error.ServiceUnknown: The name is not activatable
[    9.900716] fedora gnome-shell-calendar-server[1327]: e_cal_client_set_default_timezone: assertion 'zone != NULL' failed
[    9.902474] fedora gnome-shell-calendar-server[1327]: e_cal_client_set_default_timezone: assertion 'zone != NULL' failed
[    9.904840] fedora gnome-shell-calendar-server[1327]: e_cal_client_set_default_timezone: assertion 'zone != NULL' failed
[    9.908534] fedora gnome-shell-calendar-server[1327]: e_cal_client_set_default_timezone: assertion 'zone != NULL' failed
[    9.940289] fedora malcontent-timerd[1740]: mct_time_span_new: assertion 'start_time_secs < end_time_secs' failed
[    9.941046] fedora malcontent-timerd[1740]: mct_time_span_copy: assertion 'self != NULL' failed
[    9.941074] fedora malcontent-timerd[1740]: mct_time_span_get_start_time_secs: assertion 'self != NULL' failed
[    9.941076] fedora malcontent-timerd[1740]: mct_time_span_get_end_time_secs: assertion 'self != NULL' failed
[    9.941079] fedora malcontent-timerd[1740]: mct_time_span_free: assertion 'self != NULL' failed
[    9.941590] fedora malcontent-timerd[1740]: mct_time_span_free: assertion 'self != NULL' failed
[   10.109207] fedora colord[1302]: CdMain: failed to profile from filename: failed to load file: Error opening file /var/home/dsq-test/.local/share/icc/edid-bb6ad72dc802b000932c73ad20996ae5.icc: Permission denied
[   10.116513] fedora gnome-shell[1220]: Failed to create colord color profile icc-1a2dc1f78cb37ae7835833863c4a2586: failed to load file: Error opening file /var/home/dsq-test/.local/share/icc/edid-bb6ad72dc802b000932c73ad20996ae5.icc: Permission denied
[   10.380391] fedora kernel: kauditd_printk_skb: 153 callbacks suppressed
[   10.419869] fedora wireplumber[1848]: spa.bluez5: BlueZ system service is not available
[   10.559653] fedora gnome-keyring-daemon[1959]: discover_other_daemon: 1
[   11.224433] fedora chronyd[976]: System clock wrong by 1.625083 seconds
[   12.850559] fedora chronyd[976]: System clock was stepped by 1.625083 seconds
[   13.547279] fedora avahi-daemon[844]: Missed message org.freedesktop.DBus.Properties::GetAll()
[   13.548350] fedora avahi-daemon[844]: Missed message org.freedesktop.DBus.Properties::GetAll()
[   18.011280] fedora irqbalance[862]: Cannot change IRQ 25 affinity: Permission denied
[   18.011318] fedora irqbalance[862]: IRQ 25 affinity is now unmanaged
[   18.011340] fedora irqbalance[862]: Cannot change IRQ 28 affinity: Permission denied
[   18.011342] fedora irqbalance[862]: IRQ 28 affinity is now unmanaged
[   28.004863] fedora irqbalance[862]: Cannot change IRQ 27 affinity: Permission denied
[   28.004921] fedora irqbalance[862]: IRQ 27 affinity is now unmanaged
[   84.534063] fedora gsd-media-keys[1367]: Virtual machines only honor the 'nothing' power-button-action, and will shutdown otherwise
[   84.579288] fedora gnome-shell[1220]: Owner of volume monitor org.gtk.vfs.GoaVolumeMonitor disconnected from the bus; removing drives/volumes/mounts
[   84.582113] fedora localsearch-3[1490]: Owner of volume monitor org.gtk.vfs.GoaVolumeMonitor disconnected from the bus; removing drives/volumes/mounts
[   84.590829] fedora localsearch-3[1490]: Owner of volume monitor org.gtk.vfs.UDisks2VolumeMonitor disconnected from the bus; removing drives/volumes/mounts
[   84.591876] fedora gnome-shell[1220]: Owner of volume monitor org.gtk.vfs.UDisks2VolumeMonitor disconnected from the bus; removing drives/volumes/mounts
[   84.714492] fedora gsd-media-keys[1367]: g_hash_table_size: assertion 'hash_table != NULL' failed
[   84.752146] fedora (udev-worker)[2186]: sr0: Process '/usr/sbin/pktsetup -i -d 11:0' failed with exit code 1.
[   85.068535] fedora systemd[1]: sys-devices-virtual-misc-rfkill.device: Failed to enqueue SYSTEMD_WANTS job, ignoring: Transaction for systemd-rfkill.socket/start is destructive (shutdown.target has 'start' job queued, but 'stop' is included in transaction).
[   85.176923] fedora gnome-shell[1220]: invalid (NULL) pointer instance
[   85.176956] fedora gnome-shell[1220]: g_signal_handler_disconnect: assertion 'G_TYPE_CHECK_INSTANCE (instance)' failed
[   85.180298] fedora dbus-broker-launch[814]: Activation request for 'org.freedesktop.ColorManager' failed.
[   85.388618] fedora dbus-broker-launch[814]: Activation request for 'org.freedesktop.nm_dispatcher' failed.
