[    1.858164] fedora kernel: virt/tdx: TDX not supported by the host platform
[    2.135564] fedora rpc.statd[409]: Failed to open directory sm: No such file or directory
[    2.135592] fedora rpc.statd[409]: Failed to create /var/lib/nfs/statd/.state.new: No such file or directory
[    2.139133] fedora rpc.idmapd[414]: Setting log level to 0
[    2.139335] fedora rpc.idmapd[414]: libnfsidmap: Unable to determine the NFSv4 domain; Using 'localdomain' as the NFSv4 domain which means UIDs will be mapped to the 'Nobody-User' user defined in /etc/idmapd.conf
[    3.075054] fedora rpc.idmapd[414]: exiting on signal 15
[    3.076721] fedora rpcbind[405]: cannot open file = /run/rpcbind/rpcbind.xdr for writing
[    3.076744] fedora rpcbind[405]: cannot save any registration
[    3.076752] fedora rpcbind[405]: cannot open file = /run/rpcbind/portmap.xdr for writing
[    3.076753] fedora rpcbind[405]: cannot save any registration
[    5.216886] fedora kernel: kauditd_printk_skb: 5 callbacks suppressed
[    5.427271] fedora systemd-oomd[690]: No swap; memory pressure usage will be degraded
[    5.795076] fedora (udev-worker)[720]: sr0: Process '/usr/sbin/pktsetup -i -d 11:0' failed with exit code 1.
[    6.001703] fedora sm-notify[774]: Failed to open sm: No such file or directory
[    6.001707] fedora sm-notify[774]: Failed to open directory sm.bak: No such file or directory
[    6.058721] fedora systemd-tmpfiles[776]: Failed to create directory or subvolume "/usr/local/sbin": Read-only file system
[    7.506417] fedora irqbalance[858]: thermal: failed to receive messages.
[    7.506715] fedora irqbalance[858]: Failed to initialize thermal events.
[    7.656455] fedora avahi-daemon[841]: WARNING: No NSS support for mDNS detected, consider installing nss-mdns!
[    7.753897] fedora systemd-logind[945]: Failed to open '/boot/loader/entries': Remote address changed
[    7.993611] fedora (udev-worker)[703]: sr0: Process '/usr/sbin/pktsetup -i -d 11:0' failed with exit code 1.
[    8.239022] fedora systemd-logind[945]: Failed to open '/boot/loader/entries': Remote address changed
[    8.345671] fedora systemd-logind[945]: Failed to open '/boot/loader/entries': Remote address changed
[    9.217444] fedora systemd-logind[945]: Failed to open '/boot/loader/entries': Remote address changed
[    9.292294] fedora gnome-shell[1179]: Could not issue 'GetUnit' systemd call
[    9.350182] fedora systemd-logind[945]: Failed to open '/boot/loader/entries': Remote address changed
[    9.353668] fedora systemd-logind[945]: Failed to open '/boot/loader/entries': Remote address changed
[    9.407551] fedora (bunny-first-boot)[1376]: bunny-first-boot.service: Failed to set up mount namespacing: /run/gdm/home/gnome-initial-setup/.config/bunny-os: No such file or directory
[    9.407568] fedora (bunny-first-boot)[1376]: bunny-first-boot.service: Failed at step NAMESPACE spawning /usr/libexec/bunny-first-boot: No such file or directory
[    9.409464] fedora gsd-sharing[1309]: Failed to stop gnome-user-share-webdav.service: GDBus.Error:org.freedesktop.systemd1.NoSuchUnit: Unit gnome-user-share-webdav.service not loaded.
[    9.411540] fedora systemd[1076]: bunny-first-boot.service: Failed with result 'exit-code'.
[    9.411743] fedora systemd[1076]: Failed to start bunny-first-boot.service - Bunny OS per-user first-boot preferences.
[    9.412748] fedora gsd-sharing[1309]: Failed to stop rygel.service: GDBus.Error:org.freedesktop.systemd1.NoSuchUnit: Unit rygel.service not loaded.
[    9.432711] fedora gsd-media-keys[1299]: Failed to grab accelerator for keybinding settings:playback-repeat
[    9.432725] fedora gsd-media-keys[1299]: Failed to grab accelerator for keybinding settings:hibernate
[    9.592551] fedora gsd-usb-protection[1314]: Failed to fetch USBGuard parameters: GDBus.Error:org.freedesktop.DBus.Error.ServiceUnknown: The name is not activatable
[    9.680445] fedora malcontent-timerd[1529]: mct_time_span_new: assertion 'start_time_secs < end_time_secs' failed
[    9.682411] fedora malcontent-timerd[1529]: mct_time_span_free: assertion 'self != NULL' failed
[    9.721585] fedora wireplumber[1428]: spa.bluez5: BlueZ system service is not available
[    9.773669] fedora gnome-shell[1179]: Failed to record usage: GDBus.Error:org.freedesktop.MalcontentTimer1.Child.Error.IdentifyingUser: Error identifying user: Invalid or unknown user
[   10.085493] fedora gnome-keyring-daemon[1633]: discover_other_daemon: 0
[   10.169631] fedora gnome-initial-setup[1379]: Could not read list of available locales from libc, guessing possible locales from available translations, but list may be incomplete!
[   10.353933] fedora kernel: kauditd_printk_skb: 146 callbacks suppressed
[   10.694544] fedora gnome-shell[1179]: Could not issue 'GetUnit' systemd call
[   10.734595] fedora gsd-xsettings[1698]: Failed to get current UI scaling factor: GDBus.Error:org.freedesktop.DBus.Error.NameHasNoOwner: Destination does not exist
[   12.509687] fedora chronyd[940]: System clock wrong by 1.905486 seconds
[   14.415311] fedora chronyd[940]: System clock was stepped by 1.905486 seconds
[   18.011098] fedora irqbalance[858]: Cannot change IRQ 25 affinity: Permission denied
[   18.011116] fedora irqbalance[858]: IRQ 25 affinity is now unmanaged
[   18.011157] fedora irqbalance[858]: Cannot change IRQ 28 affinity: Permission denied
[   18.011158] fedora irqbalance[858]: IRQ 28 affinity is now unmanaged
[   70.034748] fedora kernel: kauditd_printk_skb: 4 callbacks suppressed
[   84.306627] fedora gsd-media-keys[1299]: Virtual machines only honor the 'nothing' power-button-action, and will shutdown otherwise
[   84.499491] fedora gnome-shell[1179]: Connection to xwayland lost
[   84.506105] fedora gnome-shell[1179]: Could not issue 'GetUnit' systemd call
[   84.512051] fedora gnome-shell[1179]: Failed to store screen time limits data: Error opening file “/run/gdm/home/gnome-initial-setup/.local/share/gnome-shell/session-active-history.json”: No such file or directory
[   84.876678] fedora systemd[1]: sys-devices-virtual-misc-rfkill.device: Failed to enqueue SYSTEMD_WANTS job, ignoring: Transaction for systemd-rfkill.socket/start is destructive (systemd-poweroff.service has 'start' job queued, but 'stop' is included in transaction).
[   84.919572] fedora gnome-shell[1179]: Could not release device '/dev/input/event0' (13,64): GDBus.Error:org.freedesktop.DBus.Error.UnknownObject: Unknown object '/org/freedesktop/login1/session/c1'.
[   84.921665] fedora gnome-shell[1179]: Could not release device '/dev/input/event1' (13,65): GDBus.Error:org.freedesktop.DBus.Error.UnknownObject: Unknown object '/org/freedesktop/login1/session/c1'.
[   84.929777] fedora gnome-shell[1179]: Could not release device '/dev/input/event3' (13,67): GDBus.Error:org.freedesktop.DBus.Error.UnknownObject: Unknown object '/org/freedesktop/login1/session/c1'.
[   84.949537] fedora gnome-shell[1179]: Could not release device '/dev/input/event2' (13,66): GDBus.Error:org.freedesktop.DBus.Error.UnknownObject: Unknown object '/org/freedesktop/login1/session/c1'.
[   84.976131] fedora (udev-worker)[1790]: sr0: Process '/usr/sbin/pktsetup -i -d 11:0' failed with exit code 1.
[   84.979208] fedora gnome-shell[1179]: Could not release device '/dev/dri/card1' (226,1): GDBus.Error:org.freedesktop.DBus.Error.UnknownObject: Unknown object '/org/freedesktop/login1/session/c1'.
[   84.980415] fedora dbus-broker-launch[811]: Activation request for 'org.freedesktop.ColorManager' failed.
[   85.013664] fedora gnome-session-service[1173]: Failed to log out: Logout has been locked down
[  130.142221] fedora systemd[1076]: gnome-session-manager@gnome-initial-setup.service: State 'stop-sigterm' timed out. Aborting.
[  130.144117] fedora kernel: kauditd_printk_skb: 16 callbacks suppressed
[  130.153962] fedora systemd[1076]: gnome-session-manager@gnome-initial-setup.service: Main process exited, code=dumped, status=6/ABRT
[  130.170338] fedora systemd[1076]: gnome-session-manager@gnome-initial-setup.service: Failed with result 'timeout'.
[  130.184751] fedora gnome-session-ctl[1916]: Couldn't connect to session bus: Could not connect: Connection refused
[  130.329779] fedora dbus-broker-launch[811]: Activation request for 'org.freedesktop.nm_dispatcher' failed.
[  130.615964] fedora systemd-udevd[700]: Failed to remove file descriptor "config-serialization" from the store, ignoring: Connection refused
