[    1.891324] fedora kernel: virt/tdx: TDX not supported by the host platform
[    2.163970] fedora rpc.statd[409]: Failed to open directory sm: No such file or directory
[    2.164053] fedora rpc.statd[409]: Failed to create /var/lib/nfs/statd/.state.new: No such file or directory
[    2.167729] fedora rpc.idmapd[414]: Setting log level to 0
[    2.167944] fedora rpc.idmapd[414]: libnfsidmap: Unable to determine the NFSv4 domain; Using 'localdomain' as the NFSv4 domain which means UIDs will be mapped to the 'Nobody-User' user defined in /etc/idmapd.conf
[    3.186725] fedora rpc.idmapd[414]: exiting on signal 15
[    3.189703] fedora rpcbind[405]: cannot open file = /run/rpcbind/rpcbind.xdr for writing
[    3.189737] fedora rpcbind[405]: cannot save any registration
[    3.189745] fedora rpcbind[405]: cannot open file = /run/rpcbind/portmap.xdr for writing
[    3.189745] fedora rpcbind[405]: cannot save any registration
[    5.452903] fedora systemd-oomd[688]: No swap; memory pressure usage will be degraded
[    5.826402] fedora (udev-worker)[711]: sr0: Process '/usr/sbin/pktsetup -i -d 11:0' failed with exit code 1.
[    6.026191] fedora sm-notify[771]: Failed to open sm: No such file or directory
[    6.026195] fedora sm-notify[771]: Failed to open directory sm.bak: No such file or directory
[    6.083507] fedora systemd-tmpfiles[773]: Failed to create directory or subvolume "/usr/local/sbin": Read-only file system
[    7.499812] fedora irqbalance[859]: thermal: failed to receive messages.
[    7.499833] fedora irqbalance[859]: Failed to initialize thermal events.
[    7.565420] fedora avahi-daemon[834]: WARNING: No NSS support for mDNS detected, consider installing nss-mdns!
[    7.695220] fedora systemd-logind[947]: Failed to open '/boot/loader/entries': Remote address changed
[    7.922389] fedora (udev-worker)[719]: sr0: Process '/usr/sbin/pktsetup -i -d 11:0' failed with exit code 1.
[    8.178367] fedora systemd-logind[947]: Failed to open '/boot/loader/entries': Remote address changed
[    8.291319] fedora systemd-logind[947]: Failed to open '/boot/loader/entries': Remote address changed
[   10.350617] fedora kernel: kauditd_printk_skb: 142 callbacks suppressed
[   10.564388] fedora systemd-logind[947]: Failed to open '/boot/loader/entries': Remote address changed
[   10.645071] fedora gnome-shell[1175]: Could not issue 'GetUnit' systemd call
[   10.694317] fedora systemd-logind[947]: Failed to open '/boot/loader/entries': Remote address changed
[   10.717393] fedora systemd-logind[947]: Failed to open '/boot/loader/entries': Remote address changed
[   10.750224] fedora gsd-sharing[1301]: Failed to stop gnome-user-share-webdav.service: GDBus.Error:org.freedesktop.systemd1.NoSuchUnit: Unit gnome-user-share-webdav.service not loaded.
[   10.752306] fedora gsd-sharing[1301]: Failed to stop rygel.service: GDBus.Error:org.freedesktop.systemd1.NoSuchUnit: Unit rygel.service not loaded.
[   10.767402] fedora (bunny-first-boot)[1376]: bunny-first-boot.service: Failed to set up mount namespacing: /run/gdm/home/gnome-initial-setup/.config/bunny-os: No such file or directory
[   10.767420] fedora (bunny-first-boot)[1376]: bunny-first-boot.service: Failed at step NAMESPACE spawning /usr/libexec/bunny-first-boot: No such file or directory
[   10.769274] fedora systemd[1074]: bunny-first-boot.service: Failed with result 'exit-code'.
[   10.771324] fedora systemd[1074]: Failed to start bunny-first-boot.service - Bunny OS per-user first-boot preferences.
[   10.970192] fedora gsd-usb-protection[1314]: Failed to fetch USBGuard parameters: GDBus.Error:org.freedesktop.DBus.Error.ServiceUnknown: The name is not activatable
[   10.981680] fedora gsd-media-keys[1292]: Failed to grab accelerator for keybinding settings:playback-repeat
[   10.981727] fedora gsd-media-keys[1292]: Failed to grab accelerator for keybinding settings:hibernate
[   11.025627] fedora malcontent-timerd[1495]: mct_time_span_new: assertion 'start_time_secs < end_time_secs' failed
[   11.029496] fedora malcontent-timerd[1495]: mct_time_span_free: assertion 'self != NULL' failed
[   11.047372] fedora gnome-shell[1175]: Failed to record usage: GDBus.Error:org.freedesktop.MalcontentTimer1.Child.Error.IdentifyingUser: Error identifying user: Invalid or unknown user
[   11.162700] fedora wireplumber[1510]: spa.bluez5: BlueZ system service is not available
[   11.396052] fedora gnome-keyring-daemon[1628]: discover_other_daemon: 0
[   11.482625] fedora gnome-initial-setup[1378]: Could not read list of available locales from libc, guessing possible locales from available translations, but list may be incomplete!
[   12.016794] fedora gnome-shell[1175]: Could not issue 'GetUnit' systemd call
[   12.051317] fedora gsd-xsettings[1690]: Failed to get current UI scaling factor: GDBus.Error:org.freedesktop.DBus.Error.NameHasNoOwner: Destination does not exist
[   10.408806] fedora chronyd[943]: System clock wrong by 2.360613 seconds
[   12.771385] fedora chronyd[943]: System clock was stepped by 2.360613 seconds
[   17.964901] fedora kernel: kauditd_printk_skb: 5 callbacks suppressed
[   18.011162] fedora irqbalance[859]: Cannot change IRQ 25 affinity: Permission denied
[   18.011190] fedora irqbalance[859]: IRQ 25 affinity is now unmanaged
[   18.011208] fedora irqbalance[859]: Cannot change IRQ 28 affinity: Permission denied
[   18.011211] fedora irqbalance[859]: IRQ 28 affinity is now unmanaged
[   48.005658] fedora irqbalance[859]: Cannot change IRQ 27 affinity: Permission denied
[   48.005756] fedora irqbalance[859]: IRQ 27 affinity is now unmanaged
[   71.011594] fedora kernel: kauditd_printk_skb: 4 callbacks suppressed
[   84.373055] fedora gsd-media-keys[1292]: Virtual machines only honor the 'nothing' power-button-action, and will shutdown otherwise
[   84.549688] fedora gnome-shell[1175]: Connection to xwayland lost
[   84.556452] fedora gnome-shell[1175]: Could not issue 'GetUnit' systemd call
[   84.562138] fedora gnome-shell[1175]: Failed to store screen time limits data: Error opening file “/run/gdm/home/gnome-initial-setup/.local/share/gnome-shell/session-active-history.json”: No such file or directory
[   84.927694] fedora systemd[1]: sys-devices-virtual-misc-rfkill.device: Failed to enqueue SYSTEMD_WANTS job, ignoring: Transaction for systemd-rfkill.socket/start is destructive (systemd-poweroff.service has 'start' job queued, but 'stop' is included in transaction).
[   84.974787] fedora gnome-shell[1175]: Could not release device '/dev/input/event0' (13,64): GDBus.Error:org.freedesktop.DBus.Error.UnknownObject: Unknown object '/org/freedesktop/login1/session/c1'.
[   84.981533] fedora gnome-shell[1175]: Could not release device '/dev/input/event1' (13,65): GDBus.Error:org.freedesktop.DBus.Error.UnknownObject: Unknown object '/org/freedesktop/login1/session/c1'.
[   84.995091] fedora gnome-shell[1175]: Could not release device '/dev/input/event3' (13,67): GDBus.Error:org.freedesktop.DBus.Error.UnknownObject: Unknown object '/org/freedesktop/login1/session/c1'.
[   85.012928] fedora gnome-shell[1175]: Could not release device '/dev/input/event2' (13,66): GDBus.Error:org.freedesktop.DBus.Error.UnknownObject: Unknown object '/org/freedesktop/login1/session/c1'.
[   85.041694] fedora (udev-worker)[1771]: sr0: Process '/usr/sbin/pktsetup -i -d 11:0' failed with exit code 1.
[   85.043716] fedora gnome-shell[1175]: Could not release device '/dev/dri/card1' (226,1): GDBus.Error:org.freedesktop.DBus.Error.UnknownObject: Unknown object '/org/freedesktop/login1/session/c1'.
[   85.044939] fedora dbus-broker-launch[807]: Activation request for 'org.freedesktop.ColorManager' failed.
[   85.083492] fedora gnome-session-service[1169]: Failed to log out: Logout has been locked down
[  130.274999] fedora systemd[1074]: gnome-session-manager@gnome-initial-setup.service: State 'stop-sigterm' timed out. Aborting.
[  130.278081] fedora kernel: kauditd_printk_skb: 18 callbacks suppressed
[  130.284890] fedora systemd[1074]: gnome-session-manager@gnome-initial-setup.service: Main process exited, code=dumped, status=6/ABRT
[  130.310251] fedora systemd[1074]: gnome-session-manager@gnome-initial-setup.service: Failed with result 'timeout'.
[  130.325577] fedora gnome-session-ctl[1899]: Couldn't connect to session bus: Could not connect: Connection refused
[  130.450383] fedora dbus-broker-launch[807]: Activation request for 'org.freedesktop.nm_dispatcher' failed.
[  130.721869] fedora systemd-udevd[697]: Failed to remove file descriptor "config-serialization" from the store, ignoring: Connection refused
