[    1.810133] fedora kernel: virt/tdx: TDX not supported by the host platform
[    2.056195] fedora rpc.statd[394]: Failed to open directory sm: No such file or directory
[    2.056225] fedora rpc.statd[394]: Failed to create /var/lib/nfs/statd/.state.new: No such file or directory
[    2.059419] fedora rpc.idmapd[399]: Setting log level to 0
[    2.059572] fedora rpc.idmapd[399]: libnfsidmap: Unable to determine the NFSv4 domain; Using 'localdomain' as the NFSv4 domain which means UIDs will be mapped to the 'Nobody-User' user defined in /etc/idmapd.conf
[    2.981868] fedora rpc.idmapd[399]: exiting on signal 15
[    2.985326] fedora rpcbind[390]: cannot open file = /run/rpcbind/rpcbind.xdr for writing
[    2.985331] fedora rpcbind[390]: cannot save any registration
[    2.985337] fedora rpcbind[390]: cannot open file = /run/rpcbind/portmap.xdr for writing
[    2.985338] fedora rpcbind[390]: cannot save any registration
[    5.208221] fedora systemd-oomd[671]: No swap; memory pressure usage will be degraded
[    5.216312] fedora kernel: kauditd_printk_skb: 13 callbacks suppressed
[    5.628183] fedora (udev-worker)[695]: sr0: Process '/usr/sbin/pktsetup -i -d 11:0' failed with exit code 1.
[    5.763029] fedora kernel: erofs (device erofs): failed to readdir of logical block 0 of nid 98268
[    5.881566] fedora sm-notify[749]: Failed to open sm: No such file or directory
[    5.881569] fedora sm-notify[749]: Failed to open directory sm.bak: No such file or directory
[    5.963782] fedora systemd-tmpfiles[751]: Failed to create directory or subvolume "/usr/local/sbin": Read-only file system
[    7.458467] fedora irqbalance[834]: thermal: failed to receive messages.
[    7.458482] fedora irqbalance[834]: Failed to initialize thermal events.
[    7.649930] fedora avahi-daemon[808]: WARNING: No NSS support for mDNS detected, consider installing nss-mdns!
[    7.884584] fedora systemd-logind[921]: Failed to open '/boot/loader/entries': Remote address changed
[    8.275710] fedora (udev-worker)[700]: sr0: Process '/usr/sbin/pktsetup -i -d 11:0' failed with exit code 1.
[    8.545209] fedora systemd-logind[921]: Failed to open '/boot/loader/entries': Remote address changed
[    8.661997] fedora systemd-logind[921]: Failed to open '/boot/loader/entries': Remote address changed
[    9.555327] fedora systemd-logind[921]: Failed to open '/boot/loader/entries': Remote address changed
[    9.644240] fedora gnome-shell[1144]: Could not issue 'GetUnit' systemd call
[    9.769909] fedora systemd-logind[921]: Failed to open '/boot/loader/entries': Remote address changed
[    9.773522] fedora systemd-logind[921]: Failed to open '/boot/loader/entries': Remote address changed
[    9.856168] fedora gsd-sharing[1262]: Failed to stop gnome-user-share-webdav.service: GDBus.Error:org.freedesktop.systemd1.NoSuchUnit: Unit gnome-user-share-webdav.service not loaded.
[    9.858179] fedora gsd-sharing[1262]: Failed to stop rygel.service: GDBus.Error:org.freedesktop.systemd1.NoSuchUnit: Unit rygel.service not loaded.
[    9.901529] fedora gsd-media-keys[1259]: Failed to grab accelerator for keybinding settings:playback-repeat
[    9.901968] fedora gsd-media-keys[1259]: Failed to grab accelerator for keybinding settings:hibernate
[    9.907969] fedora (bunny-first-boot)[1331]: bunny-first-boot.service: Failed to set up mount namespacing: /run/gdm/home/gnome-initial-setup/.config/bunny-os: No such file or directory
[    9.915574] fedora (bunny-first-boot)[1331]: bunny-first-boot.service: Failed at step NAMESPACE spawning /usr/libexec/bunny-first-boot: No such file or directory
[    9.930481] fedora systemd[1063]: bunny-first-boot.service: Failed with result 'exit-code'.
[    9.930654] fedora systemd[1063]: Failed to start bunny-first-boot.service - Bunny OS per-user first-boot preferences.
[   10.054392] fedora gsd-usb-protection[1268]: Failed to fetch USBGuard parameters: GDBus.Error:org.freedesktop.DBus.Error.ServiceUnknown: The name is not activatable
[   10.243406] fedora kernel: kauditd_printk_skb: 129 callbacks suppressed
[   10.383488] fedora wireplumber[1425]: spa.bluez5: BlueZ system service is not available
[   10.493653] fedora gnome-shell[1144]: Failed to record usage: GDBus.Error:org.freedesktop.MalcontentTimer1.Child.Error.IdentifyingUser: Error identifying user: Invalid or unknown user
[   10.813348] fedora gnome-keyring-daemon[1572]: discover_other_daemon: 0
[   10.902814] fedora gnome-initial-setup[1335]: Could not read list of available locales from libc, guessing possible locales from available translations, but list may be incomplete!
[   11.423634] fedora gnome-shell[1144]: Could not issue 'GetUnit' systemd call
[   11.458668] fedora gsd-xsettings[1632]: Failed to get current UI scaling factor: GDBus.Error:org.freedesktop.DBus.Error.NameHasNoOwner: Destination does not exist
[   12.139502] fedora chronyd[818]: System clock wrong by 1.609965 seconds
[   13.749525] fedora chronyd[818]: System clock was stepped by 1.609965 seconds
[   71.009550] fedora kernel: kauditd_printk_skb: 4 callbacks suppressed
[   84.660296] fedora gsd-media-keys[1259]: Virtual machines only honor the 'nothing' power-button-action, and will shutdown otherwise
[   84.790957] fedora gdm[1000]: Gdm: Failed to list cached users: GDBus.Error:org.freedesktop.DBus.Error.ServiceUnknown: The name is not activatable
[   84.853956] fedora systemd[1]: gdm.service: Failed with result 'exit-code'.
[   84.856685] fedora systemd[1]: gdm.service: Failed to enqueue OnFailure=plymouth-quit.service job, ignoring: Unit plymouth-quit.service not found.
[   84.902963] fedora gnome-shell[1144]: Connection to xwayland lost
[   85.274597] fedora systemd[1]: sys-devices-virtual-misc-rfkill.device: Failed to enqueue SYSTEMD_WANTS job, ignoring: Transaction for systemd-rfkill.socket/start is destructive (systemd-poweroff.service has 'start' job queued, but 'stop' is included in transaction).
[   85.298063] fedora gnome-shell[1144]: Could not release device '/dev/input/event0' (13,64): GDBus.Error:org.freedesktop.DBus.Error.UnknownObject: Unknown object '/org/freedesktop/login1/session/c1'.
[   85.303597] fedora gnome-shell[1144]: Could not release device '/dev/input/event1' (13,65): GDBus.Error:org.freedesktop.DBus.Error.UnknownObject: Unknown object '/org/freedesktop/login1/session/c1'.
[   85.307459] fedora gnome-shell[1144]: Could not release device '/dev/input/event3' (13,67): GDBus.Error:org.freedesktop.DBus.Error.UnknownObject: Unknown object '/org/freedesktop/login1/session/c1'.
[   85.316367] fedora gnome-shell[1144]: Could not release device '/dev/input/event2' (13,66): GDBus.Error:org.freedesktop.DBus.Error.UnknownObject: Unknown object '/org/freedesktop/login1/session/c1'.
[   85.344317] fedora (udev-worker)[1711]: sr0: Process '/usr/sbin/pktsetup -i -d 11:0' failed with exit code 1.
[   85.348164] fedora gnome-shell[1144]: Could not release device '/dev/dri/card1' (226,1): GDBus.Error:org.freedesktop.DBus.Error.UnknownObject: Unknown object '/org/freedesktop/login1/session/c1'.
[   85.349553] fedora dbus-broker-launch[781]: Activation request for 'org.freedesktop.ColorManager' failed.
[   85.382258] fedora gnome-session-service[1138]: Failed to log out: Logout has been locked down
[  130.572771] fedora systemd[1063]: gnome-session-manager@gnome-initial-setup.service: State 'stop-sigterm' timed out. Aborting.
[  130.575758] fedora kernel: kauditd_printk_skb: 18 callbacks suppressed
[  130.583074] fedora systemd[1063]: gnome-session-manager@gnome-initial-setup.service: Main process exited, code=dumped, status=6/ABRT
[  130.597076] fedora systemd[1063]: gnome-session-manager@gnome-initial-setup.service: Failed with result 'timeout'.
[  130.609276] fedora gnome-session-ctl[1834]: Couldn't connect to session bus: Could not connect: Connection refused
[  130.714428] fedora dbus-broker-launch[781]: Activation request for 'org.freedesktop.nm_dispatcher' failed.
[  130.963245] fedora systemd-udevd[680]: Failed to remove file descriptor "config-serialization" from the store, ignoring: Connection refused
