[    1.955581] fedora kernel: virt/tdx: TDX not supported by the host platform
[    2.218155] fedora rpc.statd[411]: Failed to open directory sm: No such file or directory
[    2.218184] fedora rpc.statd[411]: Failed to create /var/lib/nfs/statd/.state.new: No such file or directory
[    2.221802] fedora rpc.idmapd[416]: Setting log level to 0
[    2.221996] fedora rpc.idmapd[416]: libnfsidmap: Unable to determine the NFSv4 domain; Using 'localdomain' as the NFSv4 domain which means UIDs will be mapped to the 'Nobody-User' user defined in /etc/idmapd.conf
[    3.166298] fedora rpc.idmapd[416]: exiting on signal 15
[    3.168430] fedora rpcbind[407]: cannot open file = /run/rpcbind/rpcbind.xdr for writing
[    3.168453] fedora rpcbind[407]: cannot save any registration
[    3.168461] fedora rpcbind[407]: cannot open file = /run/rpcbind/portmap.xdr for writing
[    3.168462] fedora rpcbind[407]: cannot save any registration
[    5.294467] fedora kernel: kauditd_printk_skb: 7 callbacks suppressed
[    5.404287] fedora systemd-oomd[689]: No swap; memory pressure usage will be degraded
[    5.758297] fedora (udev-worker)[702]: sr0: Process '/usr/sbin/pktsetup -i -d 11:0' failed with exit code 1.
[    5.978265] fedora sm-notify[773]: Failed to open sm: No such file or directory
[    5.978267] fedora sm-notify[773]: Failed to open directory sm.bak: No such file or directory
[    6.035171] fedora systemd-tmpfiles[776]: Failed to create directory or subvolume "/usr/local/sbin": Read-only file system
[    7.542463] fedora irqbalance[861]: thermal: failed to receive messages.
[    7.542476] fedora irqbalance[861]: Failed to initialize thermal events.
[    7.621280] fedora avahi-daemon[839]: WARNING: No NSS support for mDNS detected, consider installing nss-mdns!
[    7.734865] fedora systemd-logind[956]: Failed to open '/boot/loader/entries': Remote address changed
[    8.012472] fedora (udev-worker)[704]: sr0: Process '/usr/sbin/pktsetup -i -d 11:0' failed with exit code 1.
[    8.237745] fedora systemd-logind[956]: Failed to open '/boot/loader/entries': Remote address changed
[    8.342497] fedora systemd-logind[956]: Failed to open '/boot/loader/entries': Remote address changed
[    9.209342] fedora systemd-logind[956]: Failed to open '/boot/loader/entries': Remote address changed
[    9.288860] fedora gnome-shell[1174]: Could not issue 'GetUnit' systemd call
[    9.343894] fedora systemd-logind[956]: Failed to open '/boot/loader/entries': Remote address changed
[    9.347830] fedora systemd-logind[956]: Failed to open '/boot/loader/entries': Remote address changed
[    9.385267] fedora gsd-sharing[1295]: Failed to stop gnome-user-share-webdav.service: GDBus.Error:org.freedesktop.systemd1.NoSuchUnit: Unit gnome-user-share-webdav.service not loaded.
[    9.385937] fedora gsd-sharing[1295]: Failed to stop rygel.service: GDBus.Error:org.freedesktop.systemd1.NoSuchUnit: Unit rygel.service not loaded.
[    9.410891] fedora (bunny-first-boot)[1369]: bunny-first-boot.service: Failed to set up mount namespacing: /run/gdm/home/gnome-initial-setup/.config/bunny-os: No such file or directory
[    9.410910] fedora (bunny-first-boot)[1369]: bunny-first-boot.service: Failed at step NAMESPACE spawning /usr/libexec/bunny-first-boot: No such file or directory
[    9.416654] fedora systemd[1113]: bunny-first-boot.service: Failed with result 'exit-code'.
[    9.416853] fedora systemd[1113]: Failed to start bunny-first-boot.service - Bunny OS per-user first-boot preferences.
[    9.588571] fedora gsd-media-keys[1289]: Failed to grab accelerator for keybinding settings:hibernate
[    9.588577] fedora gsd-media-keys[1289]: Failed to grab accelerator for keybinding settings:playback-repeat
[    9.591750] fedora gsd-usb-protection[1301]: Failed to fetch USBGuard parameters: GDBus.Error:org.freedesktop.DBus.Error.ServiceUnknown: The name is not activatable
[    9.639559] fedora malcontent-timerd[1488]: mct_time_span_new: assertion 'start_time_secs < end_time_secs' failed
[    9.641198] fedora malcontent-timerd[1488]: mct_time_span_free: assertion 'self != NULL' failed
[    9.649038] fedora gnome-shell[1174]: Failed to record usage: GDBus.Error:org.freedesktop.MalcontentTimer1.Child.Error.IdentifyingUser: Error identifying user: Invalid or unknown user
[    9.816116] fedora wireplumber[1519]: spa.bluez5: BlueZ system service is not available
[   10.029310] fedora gnome-keyring-daemon[1630]: discover_other_daemon: 0
[   10.107116] fedora gnome-initial-setup[1371]: Could not read list of available locales from libc, guessing possible locales from available translations, but list may be incomplete!
[   10.332089] fedora kernel: kauditd_printk_skb: 148 callbacks suppressed
[   10.637364] fedora gnome-shell[1174]: Could not issue 'GetUnit' systemd call
[   10.670527] fedora gsd-xsettings[1680]: Failed to get current UI scaling factor: GDBus.Error:org.freedesktop.DBus.Error.NameHasNoOwner: Destination does not exist
[   10.724076] fedora chronyd[847]: System clock wrong by 2.267307 seconds
[   12.991456] fedora chronyd[847]: System clock was stepped by 2.267307 seconds
[   18.009732] fedora irqbalance[861]: Cannot change IRQ 25 affinity: Permission denied
[   18.009805] fedora irqbalance[861]: IRQ 25 affinity is now unmanaged
[   18.009838] fedora irqbalance[861]: Cannot change IRQ 28 affinity: Permission denied
[   18.009843] fedora irqbalance[861]: IRQ 28 affinity is now unmanaged
[   70.034157] fedora kernel: kauditd_printk_skb: 4 callbacks suppressed
[   84.389970] fedora gsd-media-keys[1289]: Virtual machines only honor the 'nothing' power-button-action, and will shutdown otherwise
[   84.483108] fedora systemd[1113]: at-spi-dbus-bus.service: Failed with result 'exit-code'.
[   84.489262] fedora gdm[1027]: Gdm: Failed to list cached users: GDBus.Error:org.freedesktop.DBus.Error.ServiceUnknown: The name is not activatable
[   84.519947] fedora gsd-media-keys[1289]: g_hash_table_size: assertion 'hash_table != NULL' failed
[   84.528106] fedora systemd[1]: gdm.service: Failed with result 'exit-code'.
[   84.529486] fedora systemd[1]: gdm.service: Failed to enqueue OnFailure=plymouth-quit.service job, ignoring: Unit plymouth-quit.service not found.
[   84.551040] fedora gnome-shell[1174]: Connection to xwayland lost
[   84.554989] fedora gnome-shell[1174]: Could not issue 'GetUnit' systemd call
[   84.927617] fedora systemd[1]: sys-devices-virtual-misc-rfkill.device: Failed to enqueue SYSTEMD_WANTS job, ignoring: Transaction for systemd-rfkill.socket/start is destructive (systemd-poweroff.service has 'start' job queued, but 'stop' is included in transaction).
[   84.975793] fedora gnome-shell[1174]: Could not release device '/dev/input/event0' (13,64): GDBus.Error:org.freedesktop.DBus.Error.UnknownObject: Unknown object '/org/freedesktop/login1/session/c1'.
[   84.981695] fedora gnome-shell[1174]: Could not release device '/dev/input/event1' (13,65): GDBus.Error:org.freedesktop.DBus.Error.UnknownObject: Unknown object '/org/freedesktop/login1/session/c1'.
[   84.990652] fedora gnome-shell[1174]: Could not release device '/dev/input/event3' (13,67): GDBus.Error:org.freedesktop.DBus.Error.UnknownObject: Unknown object '/org/freedesktop/login1/session/c1'.
[   85.006776] fedora gnome-shell[1174]: Could not release device '/dev/input/event2' (13,66): GDBus.Error:org.freedesktop.DBus.Error.UnknownObject: Unknown object '/org/freedesktop/login1/session/c1'.
[   85.017274] fedora (udev-worker)[1765]: sr0: Process '/usr/sbin/pktsetup -i -d 11:0' failed with exit code 1.
[   85.031116] fedora gnome-shell[1174]: Could not release device '/dev/dri/card1' (226,1): GDBus.Error:org.freedesktop.DBus.Error.UnknownObject: Unknown object '/org/freedesktop/login1/session/c1'.
[   85.033744] fedora dbus-broker-launch[809]: Activation request for 'org.freedesktop.ColorManager' failed.
[   85.058301] fedora gnome-session-service[1168]: Failed to log out: Logout has been locked down
[  130.098390] fedora systemd[1113]: gnome-session-manager@gnome-initial-setup.service: State 'stop-sigterm' timed out. Aborting.
[  130.102731] fedora kernel: kauditd_printk_skb: 18 callbacks suppressed
[  130.108664] fedora systemd[1113]: gnome-session-manager@gnome-initial-setup.service: Main process exited, code=dumped, status=6/ABRT
[  130.121238] fedora systemd[1113]: gnome-session-manager@gnome-initial-setup.service: Failed with result 'timeout'.
[  130.133178] fedora gnome-session-ctl[1892]: Couldn't connect to session bus: Could not connect: Connection refused
[  130.263585] fedora dbus-broker-launch[809]: Activation request for 'org.freedesktop.nm_dispatcher' failed.
[  130.536501] fedora systemd-udevd[699]: Failed to remove file descriptor "config-serialization" from the store, ignoring: Connection refused
