[    1.879040] fedora kernel: virt/tdx: TDX not supported by the host platform
[    2.132237] fedora rpc.statd[410]: Failed to open directory sm: No such file or directory
[    2.132261] fedora rpc.statd[410]: Failed to create /var/lib/nfs/statd/.state.new: No such file or directory
[    2.135392] fedora rpc.idmapd[415]: Setting log level to 0
[    2.135583] fedora rpc.idmapd[415]: libnfsidmap: Unable to determine the NFSv4 domain; Using 'localdomain' as the NFSv4 domain which means UIDs will be mapped to the 'Nobody-User' user defined in /etc/idmapd.conf
[    3.092111] fedora rpc.idmapd[415]: exiting on signal 15
[    3.094113] fedora rpcbind[406]: cannot open file = /run/rpcbind/rpcbind.xdr for writing
[    3.094123] fedora rpcbind[406]: cannot save any registration
[    3.094130] fedora rpcbind[406]: cannot open file = /run/rpcbind/portmap.xdr for writing
[    3.094131] fedora rpcbind[406]: cannot save any registration
[    5.244315] fedora kernel: kauditd_printk_skb: 8 callbacks suppressed
[    5.294830] fedora systemd-oomd[692]: No swap; memory pressure usage will be degraded
[    5.632424] fedora (udev-worker)[721]: sr0: Process '/usr/sbin/pktsetup -i -d 11:0' failed with exit code 1.
[    5.881206] fedora sm-notify[776]: Failed to open sm: No such file or directory
[    5.881209] fedora sm-notify[776]: Failed to open directory sm.bak: No such file or directory
[    5.949752] fedora systemd-tmpfiles[778]: Failed to create directory or subvolume "/usr/local/sbin": Read-only file system
[    7.339368] fedora irqbalance[859]: thermal: failed to receive messages.
[    7.340936] fedora irqbalance[859]: Failed to initialize thermal events.
[    7.476534] fedora avahi-daemon[837]: WARNING: No NSS support for mDNS detected, consider installing nss-mdns!
[    7.597754] fedora systemd-logind[944]: Failed to open '/boot/loader/entries': Remote address changed
[    7.849636] fedora (udev-worker)[723]: sr0: Process '/usr/sbin/pktsetup -i -d 11:0' failed with exit code 1.
[    8.094713] fedora systemd-logind[944]: Failed to open '/boot/loader/entries': Remote address changed
[    8.191218] fedora systemd-logind[944]: Failed to open '/boot/loader/entries': Remote address changed
[    9.057578] fedora systemd-logind[944]: Failed to open '/boot/loader/entries': Remote address changed
[    9.139435] fedora gnome-shell[1176]: Could not issue 'GetUnit' systemd call
[    9.191083] fedora systemd-logind[944]: Failed to open '/boot/loader/entries': Remote address changed
[    9.233848] fedora gsd-sharing[1301]: Failed to stop gnome-user-share-webdav.service: GDBus.Error:org.freedesktop.systemd1.NoSuchUnit: Unit gnome-user-share-webdav.service not loaded.
[    9.235051] fedora systemd-logind[944]: Failed to open '/boot/loader/entries': Remote address changed
[    9.235576] fedora gsd-sharing[1301]: Failed to stop rygel.service: GDBus.Error:org.freedesktop.systemd1.NoSuchUnit: Unit rygel.service not loaded.
[    9.264713] fedora (bunny-first-boot)[1378]: bunny-first-boot.service: Failed to set up mount namespacing: /run/gdm/home/gnome-initial-setup/.config/bunny-os: No such file or directory
[    9.264733] fedora (bunny-first-boot)[1378]: bunny-first-boot.service: Failed at step NAMESPACE spawning /usr/libexec/bunny-first-boot: No such file or directory
[    9.267039] fedora systemd[1090]: bunny-first-boot.service: Failed with result 'exit-code'.
[    9.267273] fedora systemd[1090]: Failed to start bunny-first-boot.service - Bunny OS per-user first-boot preferences.
[    9.438132] fedora gsd-usb-protection[1303]: Failed to fetch USBGuard parameters: GDBus.Error:org.freedesktop.DBus.Error.ServiceUnknown: The name is not activatable
[    9.442910] fedora gsd-media-keys[1298]: Failed to grab accelerator for keybinding settings:hibernate
[    9.442923] fedora gsd-media-keys[1298]: Failed to grab accelerator for keybinding settings:playback-repeat
[    9.494824] fedora malcontent-timerd[1502]: mct_time_span_new: assertion 'start_time_secs < end_time_secs' failed
[    9.496130] fedora malcontent-timerd[1502]: mct_time_span_free: assertion 'self != NULL' failed
[    9.499632] fedora gnome-shell[1176]: Failed to record usage: GDBus.Error:org.freedesktop.MalcontentTimer1.Child.Error.IdentifyingUser: Error identifying user: Invalid or unknown user
[    9.663691] fedora wireplumber[1527]: spa.bluez5: BlueZ system service is not available
[    9.889727] fedora gnome-keyring-daemon[1656]: discover_other_daemon: 0
[    9.976426] fedora gnome-initial-setup[1387]: Could not read list of available locales from libc, guessing possible locales from available translations, but list may be incomplete!
[   10.514419] fedora gnome-shell[1176]: Could not issue 'GetUnit' systemd call
[   10.550931] fedora gsd-xsettings[1707]: Failed to get current UI scaling factor: GDBus.Error:org.freedesktop.DBus.Error.NameHasNoOwner: Destination does not exist
[   10.827534] fedora chronyd[848]: System clock wrong by 1.981811 seconds
[   12.809732] fedora chronyd[848]: System clock was stepped by 1.981811 seconds
[   17.846568] fedora kernel: kauditd_printk_skb: 146 callbacks suppressed
[   18.003096] fedora irqbalance[859]: Cannot change IRQ 25 affinity: Permission denied
[   18.003145] fedora irqbalance[859]: IRQ 25 affinity is now unmanaged
[   18.003183] fedora irqbalance[859]: Cannot change IRQ 28 affinity: Permission denied
[   18.003185] fedora irqbalance[859]: IRQ 28 affinity is now unmanaged
[   70.010394] fedora kernel: kauditd_printk_skb: 4 callbacks suppressed
[   84.270863] fedora gsd-media-keys[1298]: Virtual machines only honor the 'nothing' power-button-action, and will shutdown otherwise
[   84.444984] fedora gnome-shell[1176]: Connection to xwayland lost
[   84.450627] fedora gnome-shell[1176]: Could not issue 'GetUnit' systemd call
[   84.849658] fedora gnome-shell[1176]: Could not release device '/dev/input/event0' (13,64): GDBus.Error:org.freedesktop.DBus.Error.UnknownObject: Unknown object '/org/freedesktop/login1/session/c1'.
[   84.850617] fedora systemd[1]: sys-devices-virtual-misc-rfkill.device: Failed to enqueue SYSTEMD_WANTS job, ignoring: Transaction for systemd-rfkill.socket/start is destructive (systemd-poweroff.service has 'start' job queued, but 'stop' is included in transaction).
[   84.853948] fedora gnome-shell[1176]: Could not release device '/dev/input/event1' (13,65): GDBus.Error:org.freedesktop.DBus.Error.UnknownObject: Unknown object '/org/freedesktop/login1/session/c1'.
[   84.858684] fedora gnome-shell[1176]: Could not release device '/dev/input/event3' (13,67): GDBus.Error:org.freedesktop.DBus.Error.UnknownObject: Unknown object '/org/freedesktop/login1/session/c1'.
[   84.879670] fedora gnome-shell[1176]: Could not release device '/dev/input/event2' (13,66): GDBus.Error:org.freedesktop.DBus.Error.UnknownObject: Unknown object '/org/freedesktop/login1/session/c1'.
[   84.897658] fedora (udev-worker)[1901]: sr0: Process '/usr/sbin/pktsetup -i -d 11:0' failed with exit code 1.
[   84.906415] fedora gnome-shell[1176]: Could not release device '/dev/dri/card1' (226,1): GDBus.Error:org.freedesktop.DBus.Error.UnknownObject: Unknown object '/org/freedesktop/login1/session/c1'.
[   84.909243] fedora dbus-broker-launch[810]: Activation request for 'org.freedesktop.ColorManager' failed.
[   84.931318] fedora gnome-session-service[1170]: Failed to log out: Logout has been locked down
[  129.989500] fedora systemd[1090]: gnome-session-manager@gnome-initial-setup.service: State 'stop-sigterm' timed out. Aborting.
[  129.994128] fedora kernel: kauditd_printk_skb: 18 callbacks suppressed
[  130.000751] fedora systemd[1090]: gnome-session-manager@gnome-initial-setup.service: Main process exited, code=dumped, status=6/ABRT
[  130.015675] fedora systemd[1090]: gnome-session-manager@gnome-initial-setup.service: Failed with result 'timeout'.
[  130.031612] fedora gnome-session-ctl[1944]: Couldn't connect to session bus: Could not connect: Connection refused
[  130.165054] fedora dbus-broker-launch[810]: Activation request for 'org.freedesktop.nm_dispatcher' failed.
[  130.461537] fedora systemd-udevd[701]: Failed to remove file descriptor "config-serialization" from the store, ignoring: Connection refused
