[    1.861657] fedora kernel: virt/tdx: TDX not supported by the host platform
[    2.133842] fedora rpc.statd[410]: Failed to open directory sm: No such file or directory
[    2.133880] fedora rpc.statd[410]: Failed to create /var/lib/nfs/statd/.state.new: No such file or directory
[    2.137225] fedora rpc.idmapd[415]: Setting log level to 0
[    2.137411] fedora rpc.idmapd[415]: libnfsidmap: Unable to determine the NFSv4 domain; Using 'localdomain' as the NFSv4 domain which means UIDs will be mapped to the 'Nobody-User' user defined in /etc/idmapd.conf
[    3.065151] fedora rpc.idmapd[415]: exiting on signal 15
[    3.068519] fedora rpcbind[406]: cannot open file = /run/rpcbind/rpcbind.xdr for writing
[    3.068544] fedora rpcbind[406]: cannot save any registration
[    3.068553] fedora rpcbind[406]: cannot open file = /run/rpcbind/portmap.xdr for writing
[    3.068554] fedora rpcbind[406]: cannot save any registration
[    5.239357] fedora kernel: kauditd_printk_skb: 8 callbacks suppressed
[    5.282181] fedora systemd-oomd[690]: No swap; memory pressure usage will be degraded
[    5.633699] fedora (udev-worker)[722]: sr0: Process '/usr/sbin/pktsetup -i -d 11:0' failed with exit code 1.
[    5.854454] fedora sm-notify[772]: Failed to open sm: No such file or directory
[    5.854456] fedora sm-notify[772]: Failed to open directory sm.bak: No such file or directory
[    5.912711] fedora systemd-tmpfiles[774]: Failed to create directory or subvolume "/usr/local/sbin": Read-only file system
[    7.331269] fedora irqbalance[858]: thermal: failed to receive messages.
[    7.331282] fedora irqbalance[858]: Failed to initialize thermal events.
[    7.424857] fedora avahi-daemon[836]: WARNING: No NSS support for mDNS detected, consider installing nss-mdns!
[    7.545862] fedora systemd-logind[956]: Failed to open '/boot/loader/entries': Remote address changed
[    7.748574] fedora (udev-worker)[706]: sr0: Process '/usr/sbin/pktsetup -i -d 11:0' failed with exit code 1.
[    7.955474] fedora systemd-logind[956]: Failed to open '/boot/loader/entries': Remote address changed
[    8.052895] fedora systemd-logind[956]: Failed to open '/boot/loader/entries': Remote address changed
[    9.772070] fedora systemd-logind[956]: Failed to open '/boot/loader/entries': Remote address changed
[    9.849505] fedora gnome-shell[1177]: Could not issue 'GetUnit' systemd call
[    9.894471] fedora systemd-logind[956]: Failed to open '/boot/loader/entries': Remote address changed
[    9.927147] fedora gsd-sharing[1297]: Failed to stop gnome-user-share-webdav.service: GDBus.Error:org.freedesktop.systemd1.NoSuchUnit: Unit gnome-user-share-webdav.service not loaded.
[    9.927347] fedora gsd-sharing[1297]: Failed to stop rygel.service: GDBus.Error:org.freedesktop.systemd1.NoSuchUnit: Unit rygel.service not loaded.
[    9.938989] fedora systemd-logind[956]: Failed to open '/boot/loader/entries': Remote address changed
[    9.959822] fedora (bunny-first-boot)[1373]: bunny-first-boot.service: Failed to set up mount namespacing: /run/gdm/home/gnome-initial-setup/.config/bunny-os: No such file or directory
[    9.959840] fedora (bunny-first-boot)[1373]: bunny-first-boot.service: Failed at step NAMESPACE spawning /usr/libexec/bunny-first-boot: No such file or directory
[    9.960693] fedora systemd[1112]: bunny-first-boot.service: Failed with result 'exit-code'.
[    9.961266] fedora systemd[1112]: Failed to start bunny-first-boot.service - Bunny OS per-user first-boot preferences.
[    9.968481] fedora gsd-media-keys[1293]: Failed to grab accelerator for keybinding settings:playback-repeat
[    9.968491] fedora gsd-media-keys[1293]: Failed to grab accelerator for keybinding settings:hibernate
[   10.156781] fedora gsd-usb-protection[1299]: Failed to fetch USBGuard parameters: GDBus.Error:org.freedesktop.DBus.Error.ServiceUnknown: The name is not activatable
[   10.217307] fedora gnome-shell[1177]: Failed to record usage: GDBus.Error:org.freedesktop.MalcontentTimer1.Child.Error.IdentifyingUser: Error identifying user: Invalid or unknown user
[   10.360080] fedora kernel: kauditd_printk_skb: 138 callbacks suppressed
[   10.380323] fedora wireplumber[1518]: spa.bluez5: BlueZ system service is not available
[   10.592529] fedora gnome-keyring-daemon[1632]: discover_other_daemon: 0
[   10.676603] fedora gnome-initial-setup[1377]: Could not read list of available locales from libc, guessing possible locales from available translations, but list may be incomplete!
[   10.776317] fedora chronyd[846]: System clock wrong by 1.963478 seconds
[   12.742759] fedora chronyd[846]: System clock was stepped by 1.963478 seconds
[   12.989596] fedora gnome-shell[1177]: Could not issue 'GetUnit' systemd call
[   13.028829] fedora gsd-xsettings[1700]: Failed to get current UI scaling factor: GDBus.Error:org.freedesktop.DBus.Error.NameHasNoOwner: Destination does not exist
[   18.011633] fedora irqbalance[858]: Cannot change IRQ 25 affinity: Permission denied
[   18.011663] fedora irqbalance[858]: IRQ 25 affinity is now unmanaged
[   18.011682] fedora irqbalance[858]: Cannot change IRQ 28 affinity: Permission denied
[   18.011683] fedora irqbalance[858]: IRQ 28 affinity is now unmanaged
[   38.010687] fedora irqbalance[858]: Cannot change IRQ 27 affinity: Permission denied
[   38.010759] fedora irqbalance[858]: IRQ 27 affinity is now unmanaged
[   71.035396] fedora kernel: kauditd_printk_skb: 4 callbacks suppressed
[   84.479111] fedora gsd-media-keys[1293]: Virtual machines only honor the 'nothing' power-button-action, and will shutdown otherwise
[   84.654619] fedora gnome-shell[1177]: Connection to xwayland lost
[   84.661209] fedora gnome-shell[1177]: Could not issue 'GetUnit' systemd call
[   84.666322] fedora gnome-shell[1177]: Failed to store screen time limits data: Error opening file “/run/gdm/home/gnome-initial-setup/.local/share/gnome-shell/session-active-history.json”: No such file or directory
[   85.019422] fedora systemd[1]: sys-devices-virtual-misc-rfkill.device: Failed to enqueue SYSTEMD_WANTS job, ignoring: Transaction for systemd-rfkill.socket/start is destructive (shutdown.target has 'start' job queued, but 'stop' is included in transaction).
[   85.066088] fedora gnome-shell[1177]: Could not release device '/dev/input/event0' (13,64): GDBus.Error:org.freedesktop.DBus.Error.UnknownObject: Unknown object '/org/freedesktop/login1/session/c1'.
[   85.072522] fedora gnome-shell[1177]: Could not release device '/dev/input/event1' (13,65): GDBus.Error:org.freedesktop.DBus.Error.UnknownObject: Unknown object '/org/freedesktop/login1/session/c1'.
[   85.084193] fedora gnome-shell[1177]: Could not release device '/dev/input/event3' (13,67): GDBus.Error:org.freedesktop.DBus.Error.UnknownObject: Unknown object '/org/freedesktop/login1/session/c1'.
[   85.093883] fedora gnome-shell[1177]: Could not release device '/dev/input/event2' (13,66): GDBus.Error:org.freedesktop.DBus.Error.UnknownObject: Unknown object '/org/freedesktop/login1/session/c1'.
[   85.106099] fedora (udev-worker)[1778]: sr0: Process '/usr/sbin/pktsetup -i -d 11:0' failed with exit code 1.
[   85.123122] fedora gnome-shell[1177]: Could not release device '/dev/dri/card1' (226,1): GDBus.Error:org.freedesktop.DBus.Error.UnknownObject: Unknown object '/org/freedesktop/login1/session/c1'.
[   85.125954] fedora dbus-broker-launch[807]: Activation request for 'org.freedesktop.ColorManager' failed.
[   85.158361] fedora gnome-session-service[1171]: Failed to log out: Logout has been locked down
[  130.202488] fedora systemd[1112]: gnome-session-manager@gnome-initial-setup.service: State 'stop-sigterm' timed out. Aborting.
[  130.206143] fedora kernel: kauditd_printk_skb: 16 callbacks suppressed
[  130.214746] fedora systemd[1112]: gnome-session-manager@gnome-initial-setup.service: Main process exited, code=dumped, status=6/ABRT
[  130.232484] fedora systemd[1112]: gnome-session-manager@gnome-initial-setup.service: Failed with result 'timeout'.
[  130.248451] fedora gnome-session-ctl[1904]: Couldn't connect to session bus: Could not connect: Connection refused
[  130.372514] fedora dbus-broker-launch[807]: Activation request for 'org.freedesktop.nm_dispatcher' failed.
[  130.689896] fedora systemd-udevd[699]: Failed to remove file descriptor "config-serialization" from the store, ignoring: Connection refused
