############ AG-5 deny: spoken Open Terminal, denied on purpose ############
42:      bunny-shell-assistant approval "$TASKID" "$REQID" deny \
allowing approval:task-e786c2e46d9b4534846f5d9ffb79e573:72ca6d36c28b70ab9785785da7d5c4b7:0:launch_application at 05:58:41.147
{"event": "approval_resolved", "taskId": "task-e786c2e46d9b4534846f5d9ffb79e573", "requestId": "approval:task-e786c2e46d9b4534846f5d9ffb79e573:72ca6d36c28b70ab9785785da7d5c4b7:0:launch_application", "decision": "denied"}
voice_phase              {"phase": "listening", "statusText": "Listening..."}
voice_phase              {"phase": "transcribing", "statusText": "Transcribing..."}
transcript               {"text": "open terminal", "confidence": 1.0, "providerId": "vosk"}
phase                    {"phase": "starting", "statusText": "Starting...", "taskId": "task-e786c2e46d9b4534846f5d9ffb79e573"}
phase                    {"phase": "understanding", "statusText": "Understanding...", "taskId": "task-e786c2e46d9b4534846f5d9ffb79e573"}
phase                    {"phase": "planning", "statusText": "Planning...", "taskId": "task-e786c2e46d9b4534846f5d9ffb79e573"}
phase                    {"phase": "waiting_for_approval", "statusText": "Waiting for permission...", "taskId": "task-e786c2e46d9b4534846f5d9ffb79e573"}
approval                 {"taskId": "task-e786c2e46d9b4534846f5d9ffb79e573", "action": "launch_application", "reason": "Open Terminal. The application starts and its window appears. Discloses: nothing. This cannot be undone (irreversible)."}
phase                    {"phase": "blocked", "statusText": "Declined; nothing was done.", "taskId": "task-e786c2e46d9b4534846f5d9ffb79e573"}
reply                    {"text": "the request was declined", "taskId": "task-e786c2e46d9b4534846f5d9ffb79e573", "kind": "error"}
finished                 {"phase": "blocked", "taskId": "task-e786c2e46d9b4534846f5d9ffb79e573"}
--- terminal processes after the deny ---
18390 /bin/bash -lc set -u echo "--- terminal processes after the deny ---" pgrep -a -u bunny -f "ptyxis|gnome-terminal|kgx" || echo "no terminal process" echo "--- terminal windows on the accessibility bus ---" python3 - <<'PY' import gi gi.require_version("Atspi", "2.0") from gi.repository import Atspi Atspi.init() desktop = Atspi.get_desktop(0) hits = [] for i in range(desktop.get_child_count()):     app = desktop.get_child_at_index(i)     if app is None: continue     name = (app.get_name() or "").lower()     if "terminal" in name or "ptyxis" in name or "console" in name:         hits.append(name) print("terminal applications:", hits or "none") PY 
--- terminal windows on the accessibility bus ---
terminal applications: none
############ AG-2 session parity: a typed question joins the same session ############
{"event": "accepted", "taskId": "task-88eb4aac34534886867044e94095e861", "sessionId": "ses-7d6c0d7f24fe4e0ebb6a123a73871959"}
{"event": "phase", "phase": "starting", "statusText": "Starting...", "approvalState": "not_required", "taskId": "task-88eb4aac34534886867044e94095e861"}
{"event": "phase", "phase": "understanding", "statusText": "Understanding...", "approvalState": "not_required", "taskId": "task-88eb4aac34534886867044e94095e861"}
{"event": "phase", "phase": "planning", "statusText": "Planning...", "approvalState": "not_required", "taskId": "task-88eb4aac34534886867044e94095e861"}
{"event": "phase", "phase": "working", "statusText": "Working...", "approvalState": "not_required", "taskId": "task-88eb4aac34534886867044e94095e861"}
{"event": "phase", "phase": "planning", "statusText": "Planning...", "approvalState": "not_required", "taskId": "task-88eb4aac34534886867044e94095e861"}
{"event": "phase", "phase": "working", "statusText": "Working...", "approvalState": "not_required", "taskId": "task-88eb4aac34534886867044e94095e861"}
{"event": "phase", "phase": "presenting_result", "statusText": "Preparing the response...", "approvalState": "not_required", "taskId": "task-88eb4aac34534886867044e94095e861"}
{"event": "phase", "phase": "success", "statusText": "Done", "approvalState": "not_required", "taskId": "task-88eb4aac34534886867044e94095e861"}
{"event": "reply", "text": "I can resize an image, open applications and folders, search approved user folders, read current system metrics, and control an active media player — try “Resize this to 1024 pixels wide”, “Open Files” or “How much memory am I using?”. I d…", "taskId": "task-88eb4aac34534886867044e94095e861"}
{"event": "finished", "phase": "success", "taskId": "task-88eb4aac34534886867044e94095e861"}
session: ses-7d6c0d7f24fe4e0ebb6a123a73871959 'Bunny Desktop' active: ['task-e786c2e46d9b4534846f5d9ffb79e573'] completed: ['task-55cdbc7cfc3f4a49b2b631995a899f50', 'task-4990bc2f39494a938139cd5a479d6d55', 'task-20ae71da9290481f9903fdcfd2e16bf6', 'task-8a83db2a600e4b009d1009c9ebc3566a', 'task-e312546de30148ac97000d751aa29b6b', 'task-ed33e9d77d6643709ed1b3952b93807c', 'task-c3633c4bc89b46568024cc3005642ebc', 'task-55a917b72ce34f9881bf7d5fd0da08d7', 'task-a2240a7669724c69af7da8b0e2f5c47c', 'task-66019aa24d934da39a55cd7e1a8bdf91', 'task-a1ffc10ac6cc4141ba28c83b23e7c74f', 'task-869c003b2a524f2a8d63893623102847', 'task-1ead4fa6e1824114859a3a3f183f451d', 'task-bf4f234dfd674a8cae076c5efd6c10b0', 'task-65f54c5002144ed1b214e750cd92ab72', 'task-6660dce6cbb7475d86662cce4c7976c9', 'task-3faa433c167f47cdb3a05aa3dfb37bd8', 'task-bccf86258632477ba3be55e0be43fee1', 'task-55beb5b4707d492b8e35284d5a312fbb', 'task-c89597d2d9f943f68d077320f301a5a1', 'task-c9375a63ad5d45fe823bf0fb3299894d', 'task-1f90de48d2ac4cd3bd118d348e01a914', 'task-1e839d0e94324135bae00d403bb15ea0', 'task-6ba038299e0e4d1f80c5dad3b6af240c', 'task-e55b1010793f41eaa96a88d08f478f95', 'task-76e9c7f35e78470d8040193b315b046a', 'task-05339eeea79b42fc8f31c9e9b7330acb', 'task-88eb4aac34534886867044e94095e861']
--- the store on disk ---
/var/home/bunny/.local/state/bunny-companion/store/sessions/ses-7d6c0d7f24fe4e0ebb6a123a73871959/session.json tasks=29
  title: Bunny Desktop id: ses-7d6c0d7f24fe4e0ebb6a123a73871959
############ EE-4 offline: links down, spoken Open Terminal ############
--- taking every non-loopback link down ---
down: enp0s1
lo               UNKNOWN        00:00:00:00:00:00 <LOOPBACK,UP,LOWER_UP> 
enp0s1           DOWN           52:54:00:12:34:56 <BROADCAST,MULTICAST> 
--- is anything reachable? ---
ping: connect: Network is unreachable
allowing approval:task-a42cbbaa418b465ca8f8c352d9f51de4:72ca6d36c28b70ab9785785da7d5c4b7:0:launch_application at 05:58:57.179
{"event": "approval_resolved", "taskId": "task-a42cbbaa418b465ca8f8c352d9f51de4", "requestId": "approval:task-a42cbbaa418b465ca8f8c352d9f51de4:72ca6d36c28b70ab9785785da7d5c4b7:0:launch_application", "decision": "granted"}
transcript               {"text": "open terminal", "confidence": 1.0, "providerId": "vosk"}
phase                    {"phase": "waiting_for_approval", "statusText": "Waiting for permission...", "taskId": "task-a42cbbaa418b465ca8f8c352d9f51de4"}
approval                 {"taskId": "task-a42cbbaa418b465ca8f8c352d9f51de4", "action": "launch_application", "reason": "Open Terminal. The application starts and its window appears. Discloses: nothing. This cannot be undone (irreversible)."}
reply                    {"text": "Terminal is open.", "taskId": "task-a42cbbaa418b465ca8f8c352d9f51de4"}
speech_started           {"taskId": "task-a42cbbaa418b465ca8f8c352d9f51de4", "providerId": "pocket", "deviceId": "alsa_output.pci-0000_00_04.0.analog-stereo"}
speech_finished          {"taskId": "task-a42cbbaa418b465ca8f8c352d9f51de4"}
finished                 {"phase": "success", "taskId": "task-a42cbbaa418b465ca8f8c352d9f51de4"}
--- terminal processes after the deny ---
18801 /usr/libexec/gnome-terminal-server
18997 /bin/bash -lc set -u echo "--- terminal processes after the deny ---" pgrep -a -u bunny -f "ptyxis|gnome-terminal|kgx" || echo "no terminal process" echo "--- terminal windows on the accessibility bus ---" python3 - <<'PY' import gi gi.require_version("Atspi", "2.0") from gi.repository import Atspi Atspi.init() desktop = Atspi.get_desktop(0) hits = [] for i in range(desktop.get_child_count()):     app = desktop.get_child_at_index(i)     if app is None: continue     name = (app.get_name() or "").lower()     if "terminal" in name or "ptyxis" in name or "console" in name:         hits.append(name) print("terminal applications:", hits or "none") PY 
--- terminal windows on the accessibility bus ---
terminal applications: ['org.gnome.terminal']
up: enp0s1
lo               UNKNOWN        127.0.0.1/8 ::1/128 
enp0s1           UP             10.0.2.15/24 fec0::38af:4434:aa5:a193/64 fe80::89d:5611:1d26:925/64 
############ AG-3 continuity honesty: a follow-up by reference ############
'Now close it.' -> /tmp/utt-closeit.raw: provider=kitten source_rate=24000 frames=43067 seconds=2.69 peak=16934
transcript               {"text": "now close it", "confidence": 0.8309033333333332, "providerId": "vosk"}
reply                    {"text": "I can resize an image, open applications and folders, search approved user folders, read current system metrics, and control an active media player \u2014 try \u201cResize this to 1024 pixels wide\u201d, \u201cOpen Files\u201d or \u201cHow much memory am I using?\u201d. I d\u2026", "taskId": "task-c567cc1a90e
speech_finished          {"taskId": "task-c567cc1a90ea4515a4a0893a76e1b3da"}
finished                 {"phase": "success", "taskId": "task-c567cc1a90ea4515a4a0893a76e1b3da"}
############ PHASE5 DONE ############
