===== speaking: /tmp/utt-memory.raw =====
microphone open at 05:29:54.815
utterance queued at 05:29:55.219

===== events =====
voice_started            {}
microphone               {"active": true}
voice_phase              {"phase": "listening", "statusText": "Listening..."}
partial                  {"text": "how much"}
partial                  {"text": "how much memory"}
partial                  {"text": "how much memory am i"}
partial                  {"text": "how much memory am i using"}
microphone               {"active": false}
voice_phase              {"phase": "transcribing", "statusText": "Transcribing..."}
microphone               {"active": false}
microphone               {"active": false}
microphone               {"active": false}
transcript               {"text": "how much memory am i using", "confidence": 1.0, "providerId": "vosk"}
accepted                 {"taskId": "task-66019aa24d934da39a55cd7e1a8bdf91"}
phase                    {"phase": "starting", "statusText": "Starting...", "taskId": "task-66019aa24d934da39a55cd7e1a8bdf91"}
phase                    {"phase": "understanding", "statusText": "Understanding...", "taskId": "task-66019aa24d934da39a55cd7e1a8bdf91"}
phase                    {"phase": "planning", "statusText": "Planning...", "taskId": "task-66019aa24d934da39a55cd7e1a8bdf91"}
phase                    {"phase": "working", "statusText": "Working...", "taskId": "task-66019aa24d934da39a55cd7e1a8bdf91"}
phase                    {"phase": "presenting_result", "statusText": "Preparing the response...", "taskId": "task-66019aa24d934da39a55cd7e1a8bdf91"}
reply                    {"text": "You are using 1.7 GiB of 5.8 GiB of memory (30%).", "taskId": "task-66019aa24d934da39a55cd7e1a8bdf91"}
speech_finished          {"taskId": "task-66019aa24d934da39a55cd7e1a8bdf91"}
speech_error             {"reason": "speech output did not finish within its time limit", "taskId": "task-66019aa24d934da39a55cd7e1a8bdf91"}
phase                    {"phase": "success", "statusText": "Done", "taskId": "task-66019aa24d934da39a55cd7e1a8bdf91"}
finished                 {"phase": "success", "taskId": "task-66019aa24d934da39a55cd7e1a8bdf91"}
--- stderr ---
--- mic daemon ---
mic-daemon: speaking interrupt.raw (3.94s)
mic-daemon: speaking reproA.raw (5.87s)
