speech started for task-a2240a7669724c69af7da8b0e2f5c47c
audio stopped 118 ms after the cancel
--- did anything play afterwards? ---
sink state: 2ch
--- events ---
voice_started        {}
microphone           {}
voice_phase          {"phase": "listening"}
partial              {"text": "what can"}
partial              {"text": "what can you"}
partial              {"text": "what can you do"}
microphone           {}
voice_phase          {"phase": "transcribing"}
microphone           {}
microphone           {}
microphone           {}
transcript           {"text": "what can you do", "providerId": "vosk"}
accepted             {}
phase                {"phase": "starting"}
phase                {"phase": "understanding"}
phase                {"phase": "planning"}
phase                {"phase": "working"}
phase                {"phase": "presenting_result"}
reply                {"text": "I can resize an image, open applications and folders, search approved user folders, read current system metrics, and control an ac
speech_started       {"providerId": "pocket"}
phase                {"phase": "speaking"}
