===== speaking: /tmp/utt-pdfs.raw =====
microphone open at 05:55:47.302
utterance queued at 05:55:47.706

===== events =====
voice_started            {}
microphone               {"active": true}
voice_phase              {"phase": "listening", "statusText": "Listening..."}
partial                  {"text": "find"}
partial                  {"text": "find people"}
partial                  {"text": "find p d"}
partial                  {"text": "find pdf"}
partial                  {"text": "find pdf files"}
partial                  {"text": "find pdf files in"}
partial                  {"text": "find pdf files in downloads"}
microphone               {"active": false}
microphone               {"active": false}
microphone               {"active": false}
voice_phase              {"phase": "transcribing", "statusText": "Transcribing..."}
transcript               {"text": "find pdf files in downloads", "confidence": 1.0, "providerId": "vosk"}
accepted                 {"taskId": "task-e55b1010793f41eaa96a88d08f478f95"}
phase                    {"phase": "starting", "statusText": "Starting...", "taskId": "task-e55b1010793f41eaa96a88d08f478f95"}
phase                    {"phase": "understanding", "statusText": "Understanding...", "taskId": "task-e55b1010793f41eaa96a88d08f478f95"}
phase                    {"phase": "planning", "statusText": "Planning...", "taskId": "task-e55b1010793f41eaa96a88d08f478f95"}
phase                    {"phase": "working", "statusText": "Working...", "taskId": "task-e55b1010793f41eaa96a88d08f478f95"}
phase                    {"phase": "presenting_result", "statusText": "Preparing the response...", "taskId": "task-e55b1010793f41eaa96a88d08f478f95"}
reply                    {"text": "I found 2 matching files: bunny-test-one.pdf, bunny-test-two.pdf.", "taskId": "task-e55b1010793f41eaa96a88d08f478f95"}
file_results             {"results": [{"reference": "result-1", "name": "bunny-test-one.pdf", "display": "Downloads/bunny-test-one.pdf"}, {"reference": "result-2", "name": "bunny-test-two.pdf", "display": "Downloads/bunny-test-two.pdf"}], "taskId": "task-e55b1010793f41eaa96a88d08f478f95"}
speech_started           {"taskId": "task-e55b1010793f41eaa96a88d08f478f95", "providerId": "pocket", "deviceId": "alsa_output.pci-0000_00_04.0.analog-stereo"}
phase                    {"phase": "speaking", "statusText": "Speaking...", "taskId": "task-e55b1010793f41eaa96a88d08f478f95"}
speech_finished          {"taskId": "task-e55b1010793f41eaa96a88d08f478f95"}
phase                    {"phase": "success", "statusText": "Done", "taskId": "task-e55b1010793f41eaa96a88d08f478f95"}
finished                 {"phase": "success", "taskId": "task-e55b1010793f41eaa96a88d08f478f95"}
--- stderr ---
--- mic daemon ---
mic-daemon: speaking c1.raw (5.87s)
mic-daemon: speaking c2.raw (5.97s)
