  watcher-started: {"samples": 1}
  microphone-button: {"found": true, "at": {"x": 1830, "y": 684, "width": 24, "height": 24}}
  clicked-microphone: {"at": {"x": 1842, "y": 696}}
  state: listening (+0.6s)
  listening: {"microphoneIndicator": true}
  allowed: {"detail": "none"}
  spoke: {"utterance": "/tmp/utt-capabilities.raw"}
  allowed: {"detail": "none"}
  state: thinking (+6.5s)
  allowed: {"detail": "none"}
  allowed: {"detail": "none"}
  allowed: {"detail": "none"}
  state: talking (+13.4s)
  talking: {"says": "Bunny says: I can resize an image, open applications and folders, search approved user folders, read current system metrics, and control an active media player "}
  allowed: {"detail": "none"}
  clicked-stop: {"at": {"x": 1842, "y": 696}}
  state: idle (+14.9s)
  allowed: {"detail": "none"}
/root/bunny-ops/e2e/runs/s2/screens/ee1-00-idle.png (1920x1080)
/root/bunny-ops/e2e/runs/s2/screens/ee1-01-listening.png (1920x1080)
/root/bunny-ops/e2e/runs/s2/screens/ee1-02-talking.png (1920x1080)
/root/bunny-ops/e2e/runs/s2/screens/ee1-03-approval.png (1920x1080)
/root/bunny-ops/e2e/runs/s2/screens/ee1-04-after.png (1920x1080)
/root/bunny-ops/e2e/runs/s2/screens/mem-00-idle.png (1920x1080)
/root/bunny-ops/e2e/runs/s2/screens/mem-01-listening.png (1920x1080)
/root/bunny-ops/e2e/runs/s2/screens/mem-02-talking.png (1920x1080)
/root/bunny-ops/e2e/runs/s2/screens/mem-03-approval.png (1920x1080)
/root/bunny-ops/e2e/runs/s2/screens/mem-04-after.png (1920x1080)
/root/bunny-ops/e2e/runs/s2/screens/pdfs-00-idle.png (1920x1080)
/root/bunny-ops/e2e/runs/s2/screens/pdfs-01-listening.png (1920x1080)
/root/bunny-ops/e2e/runs/s2/screens/pdfs-02-talking.png (1920x1080)
/root/bunny-ops/e2e/runs/s2/screens/pdfs-03-approval.png (1920x1080)
/root/bunny-ops/e2e/runs/s2/screens/pdfs-04-after.png (1920x1080)
/root/bunny-ops/e2e/runs/s2/screens/postint-00-idle.png (1920x1080)
/root/bunny-ops/e2e/runs/s2/screens/postint-01-listening.png (1920x1080)
/root/bunny-ops/e2e/runs/s2/screens/postint-03-approval.png (1920x1080)
/root/bunny-ops/e2e/runs/s2/screens/postint-04-after.png (1920x1080)
/root/bunny-ops/e2e/runs/s2/screens/s2-00-desktop.png (1920x1080)
/root/bunny-ops/e2e/runs/s2/screens/uistop-00-idle.png (1920x1080)
/root/bunny-ops/e2e/runs/s2/screens/uistop-01-listening.png (1920x1080)
/root/bunny-ops/e2e/runs/s2/screens/uistop-02-talking.png (1920x1080)
/root/bunny-ops/e2e/runs/s2/screens/uistop-03-approval.png (1920x1080)
/root/bunny-ops/e2e/runs/s2/screens/uistop-04-after.png (1920x1080)
{
  "tag": "uistop",
  "utterance": "/tmp/utt-capabilities.raw",
  "transitions": [
    {
      "state": "listening",
      "at": 1786856163.465,
      "sinceClick": 0.65
    },
    {
      "state": "thinking",
      "at": 1786856169.317,
      "sinceClick": 6.5
    },
    {
      "state": "talking",
      "at": 1786856176.233,
      "sinceClick": 13.42
    },
    {
      "state": "idle",
      "at": 1786856177.749,
      "sinceClick": 14.93
    }
  ],
  "screens": {
    "00-idle": "/root/bunny-ops/e2e/runs/s2/screens/uistop-00-idle.ppm",
    "01-listening": "/root/bunny-ops/e2e/runs/s2/screens/uistop-01-listening.ppm",
    "03-approval": "/root/bunny-ops/e2e/runs/s2/screens/uistop-03-approval.ppm",
    "02-talking": "/root/bunny-ops/e2e/runs/s2/screens/uistop-02-talking.ppm",
    "04-after": "/root/bunny-ops/e2e/runs/s2/screens/uistop-04-after.ppm"
  },
  "stopRequestedAt": 1786856177.172,
  "listeningSeen": true,
  "talkingSeen": true,
  "approved": false,
  "finalState": "idle",
  "says": "Bunny says: I can resize an image, open applications and folders, search approved user folders, read current system metrics, and control an active media player \u2014 try \u201cResize this to 1024 pixels wide\u201d, \u201cOpen Files\u201d or \u201cHow much memory am I using?\u201d. I d\u2026"
}
