===== speaking: /tmp/utt-memory-noisy.raw =====
microphone open at 05:54:45.111
utterance queued at 05:54:45.518

===== events =====
voice_started            {}
microphone               {"active": true}
voice_phase              {"phase": "listening", "statusText": "Listening..."}
partial                  {"text": "how much"}
partial                  {"text": "how much memory"}
partial                  {"text": "how much memory and"}
partial                  {"text": "how much memory and i"}
partial                  {"text": "how much memory and i usually"}
partial                  {"text": "how much memory am i using"}
partial                  {"text": "how much memory and i use"}
microphone               {"active": false}
microphone               {"active": false}
microphone               {"active": false}
voice_phase              {"phase": "transcribing", "statusText": "Transcribing..."}
transcript               {"text": "how much memory and i use", "confidence": 0.8711548333333333, "providerId": "vosk"}
accepted                 {"taskId": "task-1e839d0e94324135bae00d403bb15ea0"}
phase                    {"phase": "starting", "statusText": "Starting...", "taskId": "task-1e839d0e94324135bae00d403bb15ea0"}
phase                    {"phase": "understanding", "statusText": "Understanding...", "taskId": "task-1e839d0e94324135bae00d403bb15ea0"}
phase                    {"phase": "planning", "statusText": "Planning...", "taskId": "task-1e839d0e94324135bae00d403bb15ea0"}
phase                    {"phase": "working", "statusText": "Working...", "taskId": "task-1e839d0e94324135bae00d403bb15ea0"}
phase                    {"phase": "planning", "statusText": "Planning...", "taskId": "task-1e839d0e94324135bae00d403bb15ea0"}
phase                    {"phase": "working", "statusText": "Working...", "taskId": "task-1e839d0e94324135bae00d403bb15ea0"}
phase                    {"phase": "presenting_result", "statusText": "Preparing the response...", "taskId": "task-1e839d0e94324135bae00d403bb15ea0"}
reply                    {"text": "I can resize an image, open applications and folders, search approved user folders, read current system metrics, and control an active media player \u2014 try \u201cResize this to 1024 pixels wide\u201d, \u201cOpen Files\u201d or \u201cHow much memory am I using?\u201d. I d\u2026", "taskId": "task-1e839d0e943
speech_started           {"taskId": "task-1e839d0e94324135bae00d403bb15ea0", "providerId": "pocket", "deviceId": "alsa_output.pci-0000_00_04.0.analog-stereo"}
phase                    {"phase": "speaking", "statusText": "Speaking...", "taskId": "task-1e839d0e94324135bae00d403bb15ea0"}
speech_finished          {"taskId": "task-1e839d0e94324135bae00d403bb15ea0"}
phase                    {"phase": "success", "statusText": "Done", "taskId": "task-1e839d0e94324135bae00d403bb15ea0"}
finished                 {"phase": "success", "taskId": "task-1e839d0e94324135bae00d403bb15ea0"}
--- stderr ---
--- mic daemon ---
mic-daemon: speaking noise.raw (4.00s)
mic-daemon: speaking noisy.raw (5.87s)
