===== speaking: /tmp/utt-memory.raw =====
microphone open at 05:57:18.849
utterance queued at 05:57:19.256

===== events =====
voice_started            {}
microphone               {"active": true}
voice_phase              {"phase": "listening", "statusText": "Listening..."}
partial                  {"text": "how"}
partial                  {"text": "how much"}
partial                  {"text": "how much memory"}
partial                  {"text": "how much memory and"}
partial                  {"text": "how much memory am i"}
partial                  {"text": "how much memory am i using"}
microphone               {"active": false}
microphone               {"active": false}
microphone               {"active": false}
voice_phase              {"phase": "transcribing", "statusText": "Transcribing..."}
transcript               {"text": "how much memory am i using", "confidence": 1.0, "providerId": "vosk"}
accepted                 {"taskId": "task-05339eeea79b42fc8f31c9e9b7330acb"}
phase                    {"phase": "starting", "statusText": "Starting...", "taskId": "task-05339eeea79b42fc8f31c9e9b7330acb"}
phase                    {"phase": "understanding", "statusText": "Understanding...", "taskId": "task-05339eeea79b42fc8f31c9e9b7330acb"}
phase                    {"phase": "planning", "statusText": "Planning...", "taskId": "task-05339eeea79b42fc8f31c9e9b7330acb"}
phase                    {"phase": "working", "statusText": "Working...", "taskId": "task-05339eeea79b42fc8f31c9e9b7330acb"}
phase                    {"phase": "presenting_result", "statusText": "Preparing the response...", "taskId": "task-05339eeea79b42fc8f31c9e9b7330acb"}
reply                    {"text": "You are using 2.0 GiB of 5.8 GiB of memory (35%).", "taskId": "task-05339eeea79b42fc8f31c9e9b7330acb"}
speech_started           {"taskId": "task-05339eeea79b42fc8f31c9e9b7330acb", "providerId": "pocket", "deviceId": "alsa_output.pci-0000_00_04.0.analog-stereo"}
phase                    {"phase": "speaking", "statusText": "Speaking...", "taskId": "task-05339eeea79b42fc8f31c9e9b7330acb"}
speech_finished          {"taskId": "task-05339eeea79b42fc8f31c9e9b7330acb"}
phase                    {"phase": "success", "statusText": "Done", "taskId": "task-05339eeea79b42fc8f31c9e9b7330acb"}
finished                 {"phase": "success", "taskId": "task-05339eeea79b42fc8f31c9e9b7330acb"}
--- stderr ---
--- mic daemon ---
mic-daemon: speaking c3.raw (3.94s)
mic-daemon: speaking hda-silent.raw (5.87s)
