[    1.902656] fedora kernel: virt/tdx: TDX not supported by the host platform
[    2.164295] fedora rpc.statd[410]: Failed to open directory sm: No such file or directory
[    2.164330] fedora rpc.statd[410]: Failed to create /var/lib/nfs/statd/.state.new: No such file or directory
[    2.168277] fedora rpc.idmapd[415]: Setting log level to 0
[    2.168473] fedora rpc.idmapd[415]: libnfsidmap: Unable to determine the NFSv4 domain; Using 'localdomain' as the NFSv4 domain which means UIDs will be mapped to the 'Nobody-User' user defined in /etc/idmapd.conf
[    3.114047] fedora rpc.idmapd[415]: exiting on signal 15
[    3.116138] fedora rpcbind[406]: cannot open file = /run/rpcbind/rpcbind.xdr for writing
[    3.116163] fedora rpcbind[406]: cannot save any registration
[    3.116172] fedora rpcbind[406]: cannot open file = /run/rpcbind/portmap.xdr for writing
[    3.116173] fedora rpcbind[406]: cannot save any registration
[    5.210434] fedora kernel: kauditd_printk_skb: 6 callbacks suppressed
[    5.356120] fedora systemd-oomd[693]: No swap; memory pressure usage will be degraded
[    5.702101] fedora (udev-worker)[710]: sr0: Process '/usr/sbin/pktsetup -i -d 11:0' failed with exit code 1.
[    5.932395] fedora sm-notify[775]: Failed to open sm: No such file or directory
[    5.932398] fedora sm-notify[775]: Failed to open directory sm.bak: No such file or directory
[    5.985126] fedora systemd-tmpfiles[777]: Failed to create directory or subvolume "/usr/local/sbin": Read-only file system
[    7.431685] fedora irqbalance[854]: thermal: failed to receive messages.
[    7.431739] fedora irqbalance[854]: Failed to initialize thermal events.
[    7.525903] fedora avahi-daemon[839]: WARNING: No NSS support for mDNS detected, consider installing nss-mdns!
[    7.669947] fedora systemd-logind[951]: Failed to open '/boot/loader/entries': Remote address changed
[    7.887950] fedora (udev-worker)[710]: sr0: Process '/usr/sbin/pktsetup -i -d 11:0' failed with exit code 1.
[    8.138560] fedora systemd-logind[951]: Failed to open '/boot/loader/entries': Remote address changed
[    8.241911] fedora systemd-logind[951]: Failed to open '/boot/loader/entries': Remote address changed
[   10.944879] fedora kernel: kauditd_printk_skb: 131 callbacks suppressed
[   11.577258] fedora systemd-logind[951]: Failed to open '/boot/loader/entries': Remote address changed
[   11.661353] fedora gnome-shell[1176]: Could not issue 'GetUnit' systemd call
[   11.717977] fedora systemd-logind[951]: Failed to open '/boot/loader/entries': Remote address changed
[   11.780939] fedora systemd-logind[951]: Failed to open '/boot/loader/entries': Remote address changed
[   11.784809] fedora gsd-sharing[1302]: Failed to stop gnome-user-share-webdav.service: GDBus.Error:org.freedesktop.systemd1.NoSuchUnit: Unit gnome-user-share-webdav.service not loaded.
[   11.785261] fedora gsd-sharing[1302]: Failed to stop rygel.service: GDBus.Error:org.freedesktop.systemd1.NoSuchUnit: Unit rygel.service not loaded.
[   11.820355] fedora (bunny-first-boot)[1386]: bunny-first-boot.service: Failed to set up mount namespacing: /run/gdm/home/gnome-initial-setup/.config/bunny-os: No such file or directory
[   11.820375] fedora (bunny-first-boot)[1386]: bunny-first-boot.service: Failed at step NAMESPACE spawning /usr/libexec/bunny-first-boot: No such file or directory
[   11.821457] fedora systemd[1088]: bunny-first-boot.service: Failed with result 'exit-code'.
[   11.821782] fedora systemd[1088]: Failed to start bunny-first-boot.service - Bunny OS per-user first-boot preferences.
[   12.013033] fedora gsd-usb-protection[1311]: Failed to fetch USBGuard parameters: GDBus.Error:org.freedesktop.DBus.Error.ServiceUnknown: The name is not activatable
[   12.014496] fedora gsd-media-keys[1298]: Failed to grab accelerator for keybinding settings:hibernate
[   12.014504] fedora gsd-media-keys[1298]: Failed to grab accelerator for keybinding settings:playback-repeat
[   12.073206] fedora malcontent-timerd[1495]: mct_time_span_new: assertion 'start_time_secs < end_time_secs' failed
[   12.074775] fedora malcontent-timerd[1495]: mct_time_span_free: assertion 'self != NULL' failed
[   12.133233] fedora gnome-shell[1176]: Failed to record usage: GDBus.Error:org.freedesktop.MalcontentTimer1.Child.Error.IdentifyingUser: Error identifying user: Invalid or unknown user
[   12.234087] fedora wireplumber[1526]: spa.bluez5: BlueZ system service is not available
[   12.452377] fedora gnome-keyring-daemon[1626]: discover_other_daemon: 0
[   12.542191] fedora gnome-initial-setup[1387]: Could not read list of available locales from libc, guessing possible locales from available translations, but list may be incomplete!
[   13.083063] fedora gnome-shell[1176]: Could not issue 'GetUnit' systemd call
[   13.116198] fedora gsd-xsettings[1678]: Failed to get current UI scaling factor: GDBus.Error:org.freedesktop.DBus.Error.NameHasNoOwner: Destination does not exist
[   12.115417] fedora chronyd[944]: System clock wrong by 2.170793 seconds
[   14.286330] fedora chronyd[944]: System clock was stepped by 2.170793 seconds
[   17.911376] fedora kernel: kauditd_printk_skb: 5 callbacks suppressed
[   18.001659] fedora irqbalance[854]: Cannot change IRQ 25 affinity: Permission denied
[   18.001718] fedora irqbalance[854]: IRQ 25 affinity is now unmanaged
[   18.001745] fedora irqbalance[854]: Cannot change IRQ 28 affinity: Permission denied
[   18.001747] fedora irqbalance[854]: IRQ 28 affinity is now unmanaged
[   72.035513] fedora kernel: kauditd_printk_skb: 4 callbacks suppressed
[   78.010535] fedora irqbalance[854]: Cannot change IRQ 27 affinity: Permission denied
[   78.010625] fedora irqbalance[854]: IRQ 27 affinity is now unmanaged
[   84.301753] fedora gsd-media-keys[1298]: Virtual machines only honor the 'nothing' power-button-action, and will shutdown otherwise
[   84.404161] fedora gsd-media-keys[1298]: g_hash_table_size: assertion 'hash_table != NULL' failed
[   84.464726] fedora gnome-shell[1176]: Connection to xwayland lost
[   84.471637] fedora gnome-shell[1176]: Could not issue 'GetUnit' systemd call
[   84.884709] fedora systemd[1]: sys-devices-virtual-misc-rfkill.device: Failed to enqueue SYSTEMD_WANTS job, ignoring: Transaction for systemd-rfkill.socket/start is destructive (poweroff.target has 'start' job queued, but 'stop' is included in transaction).
[   84.936063] fedora gnome-shell[1176]: Could not release device '/dev/input/event0' (13,64): GDBus.Error:org.freedesktop.DBus.Error.UnknownObject: Unknown object '/org/freedesktop/login1/session/c1'.
[   84.941540] fedora gnome-shell[1176]: Could not release device '/dev/input/event1' (13,65): GDBus.Error:org.freedesktop.DBus.Error.UnknownObject: Unknown object '/org/freedesktop/login1/session/c1'.
[   84.949568] fedora gnome-shell[1176]: Could not release device '/dev/input/event3' (13,67): GDBus.Error:org.freedesktop.DBus.Error.UnknownObject: Unknown object '/org/freedesktop/login1/session/c1'.
[   84.959890] fedora (udev-worker)[1753]: sr0: Process '/usr/sbin/pktsetup -i -d 11:0' failed with exit code 1.
[   84.963938] fedora gnome-shell[1176]: Could not release device '/dev/input/event2' (13,66): GDBus.Error:org.freedesktop.DBus.Error.UnknownObject: Unknown object '/org/freedesktop/login1/session/c1'.
[   84.997987] fedora gnome-shell[1176]: Could not release device '/dev/dri/card1' (226,1): GDBus.Error:org.freedesktop.DBus.Error.UnknownObject: Unknown object '/org/freedesktop/login1/session/c1'.
[   85.001023] fedora dbus-broker-launch[809]: Activation request for 'org.freedesktop.ColorManager' failed.
[   85.032144] fedora gnome-session-service[1170]: Failed to log out: Logout has been locked down
[  130.155531] fedora systemd[1088]: gnome-session-manager@gnome-initial-setup.service: State 'stop-sigterm' timed out. Aborting.
[  130.164570] fedora kernel: kauditd_printk_skb: 18 callbacks suppressed
[  130.166383] fedora systemd[1088]: gnome-session-manager@gnome-initial-setup.service: Main process exited, code=dumped, status=6/ABRT
[  130.180619] fedora systemd[1088]: gnome-session-manager@gnome-initial-setup.service: Failed with result 'timeout'.
[  130.195038] fedora gnome-session-ctl[1886]: Couldn't connect to session bus: Could not connect: Connection refused
[  130.316091] fedora dbus-broker-launch[809]: Activation request for 'org.freedesktop.nm_dispatcher' failed.
[  130.589127] fedora systemd-udevd[702]: Failed to remove file descriptor "config-serialization" from the store, ignoring: Connection refused
