[    1.930140] fedora kernel: virt/tdx: TDX not supported by the host platform
[    2.193687] fedora rpc.statd[409]: Failed to open directory sm: No such file or directory
[    2.193717] fedora rpc.statd[409]: Failed to create /var/lib/nfs/statd/.state.new: No such file or directory
[    2.197069] fedora rpc.idmapd[414]: Setting log level to 0
[    2.197235] fedora rpc.idmapd[414]: libnfsidmap: Unable to determine the NFSv4 domain; Using 'localdomain' as the NFSv4 domain which means UIDs will be mapped to the 'Nobody-User' user defined in /etc/idmapd.conf
[    3.143071] fedora rpc.idmapd[414]: exiting on signal 15
[    3.144885] fedora rpcbind[405]: cannot open file = /run/rpcbind/rpcbind.xdr for writing
[    3.144908] fedora rpcbind[405]: cannot save any registration
[    3.144915] fedora rpcbind[405]: cannot open file = /run/rpcbind/portmap.xdr for writing
[    3.144916] fedora rpcbind[405]: cannot save any registration
[    5.222654] fedora kernel: kauditd_printk_skb: 6 callbacks suppressed
[    5.365775] fedora systemd-oomd[690]: No swap; memory pressure usage will be degraded
[    5.729627] fedora (udev-worker)[704]: sr0: Process '/usr/sbin/pktsetup -i -d 11:0' failed with exit code 1.
[    5.957187] fedora sm-notify[774]: Failed to open sm: No such file or directory
[    5.957190] fedora sm-notify[774]: Failed to open directory sm.bak: No such file or directory
[    6.014531] fedora systemd-tmpfiles[776]: Failed to create directory or subvolume "/usr/local/sbin": Read-only file system
[    7.462978] fedora irqbalance[855]: thermal: failed to receive messages.
[    7.464520] fedora irqbalance[855]: Failed to initialize thermal events.
[    7.529661] fedora avahi-daemon[836]: WARNING: No NSS support for mDNS detected, consider installing nss-mdns!
[    7.666843] fedora systemd-logind[948]: Failed to open '/boot/loader/entries': Remote address changed
[    7.918943] fedora (udev-worker)[704]: sr0: Process '/usr/sbin/pktsetup -i -d 11:0' failed with exit code 1.
[    8.145819] fedora systemd-logind[948]: Failed to open '/boot/loader/entries': Remote address changed
[    8.259974] fedora systemd-logind[948]: Failed to open '/boot/loader/entries': Remote address changed
[    9.120521] fedora systemd-logind[948]: Failed to open '/boot/loader/entries': Remote address changed
[    9.200449] fedora gnome-shell[1176]: Could not issue 'GetUnit' systemd call
[    9.252454] fedora systemd-logind[948]: Failed to open '/boot/loader/entries': Remote address changed
[    9.277767] fedora gsd-sharing[1293]: Failed to stop gnome-user-share-webdav.service: GDBus.Error:org.freedesktop.systemd1.NoSuchUnit: Unit gnome-user-share-webdav.service not loaded.
[    9.277787] fedora gsd-sharing[1293]: Failed to stop rygel.service: GDBus.Error:org.freedesktop.systemd1.NoSuchUnit: Unit rygel.service not loaded.
[    9.290593] fedora systemd-logind[948]: Failed to open '/boot/loader/entries': Remote address changed
[    9.313586] fedora gsd-media-keys[1290]: Failed to grab accelerator for keybinding settings:playback-repeat
[    9.313631] fedora gsd-media-keys[1290]: Failed to grab accelerator for keybinding settings:hibernate
[    9.317257] fedora (bunny-first-boot)[1374]: bunny-first-boot.service: Failed to set up mount namespacing: /run/gdm/home/gnome-initial-setup/.config/bunny-os: No such file or directory
[    9.318871] fedora (bunny-first-boot)[1374]: bunny-first-boot.service: Failed at step NAMESPACE spawning /usr/libexec/bunny-first-boot: No such file or directory
[    9.329733] fedora systemd[1096]: bunny-first-boot.service: Failed with result 'exit-code'.
[    9.330302] fedora systemd[1096]: Failed to start bunny-first-boot.service - Bunny OS per-user first-boot preferences.
[    9.993268] fedora gsd-usb-protection[1297]: Failed to fetch USBGuard parameters: GDBus.Error:org.freedesktop.DBus.Error.ServiceUnknown: The name is not activatable
[   10.618736] fedora kernel: kauditd_printk_skb: 143 callbacks suppressed
[   10.614269] fedora malcontent-timerd[1497]: mct_time_span_new: assertion 'start_time_secs < end_time_secs' failed
[   10.636718] fedora malcontent-timerd[1497]: mct_time_span_free: assertion 'self != NULL' failed
[   10.923283] fedora gnome-shell[1176]: Failed to record usage: GDBus.Error:org.freedesktop.MalcontentTimer1.Child.Error.IdentifyingUser: Error identifying user: Invalid or unknown user
[   11.022804] fedora wireplumber[1525]: spa.bluez5: BlueZ system service is not available
[   11.262189] fedora gnome-keyring-daemon[1632]: discover_other_daemon: 0
[   11.348542] fedora gnome-initial-setup[1378]: Could not read list of available locales from libc, guessing possible locales from available translations, but list may be incomplete!
[   11.862041] fedora gnome-shell[1176]: Could not issue 'GetUnit' systemd call
[   11.894100] fedora gsd-xsettings[1683]: Failed to get current UI scaling factor: GDBus.Error:org.freedesktop.DBus.Error.NameHasNoOwner: Destination does not exist
[   11.449970] fedora chronyd[946]: System clock wrong by 1.452951 seconds
[   12.902951] fedora chronyd[946]: System clock was stepped by 1.452951 seconds
[   18.011284] fedora irqbalance[855]: Cannot change IRQ 25 affinity: Permission denied
[   18.011319] fedora irqbalance[855]: IRQ 25 affinity is now unmanaged
[   18.011341] fedora irqbalance[855]: Cannot change IRQ 28 affinity: Permission denied
[   18.011353] fedora irqbalance[855]: IRQ 28 affinity is now unmanaged
[   71.010461] fedora kernel: kauditd_printk_skb: 4 callbacks suppressed
[   84.390816] fedora gsd-media-keys[1290]: Virtual machines only honor the 'nothing' power-button-action, and will shutdown otherwise
[   84.578881] fedora gnome-shell[1176]: Connection to xwayland lost
[   84.584560] fedora gnome-shell[1176]: Could not issue 'GetUnit' systemd call
[   84.964300] fedora gnome-shell[1176]: Could not release device '/dev/input/event0' (13,64): GDBus.Error:org.freedesktop.DBus.Error.UnknownObject: Unknown object '/org/freedesktop/login1/session/c1'.
[   84.966187] fedora systemd[1]: sys-devices-virtual-misc-rfkill.device: Failed to enqueue SYSTEMD_WANTS job, ignoring: Transaction for systemd-rfkill.socket/start is destructive (systemd-poweroff.service has 'start' job queued, but 'stop' is included in transaction).
[   84.969425] fedora gnome-shell[1176]: Could not release device '/dev/input/event1' (13,65): GDBus.Error:org.freedesktop.DBus.Error.UnknownObject: Unknown object '/org/freedesktop/login1/session/c1'.
[   84.975876] fedora gnome-shell[1176]: Could not release device '/dev/input/event3' (13,67): GDBus.Error:org.freedesktop.DBus.Error.UnknownObject: Unknown object '/org/freedesktop/login1/session/c1'.
[   84.990903] fedora gnome-shell[1176]: Could not release device '/dev/input/event2' (13,66): GDBus.Error:org.freedesktop.DBus.Error.UnknownObject: Unknown object '/org/freedesktop/login1/session/c1'.
[   85.008340] fedora (udev-worker)[1761]: sr0: Process '/usr/sbin/pktsetup -i -d 11:0' failed with exit code 1.
[   85.022336] fedora gnome-shell[1176]: Could not release device '/dev/dri/card1' (226,1): GDBus.Error:org.freedesktop.DBus.Error.UnknownObject: Unknown object '/org/freedesktop/login1/session/c1'.
[   85.023947] fedora dbus-broker-launch[808]: Activation request for 'org.freedesktop.ColorManager' failed.
[   85.054183] fedora gnome-session-service[1170]: Failed to log out: Logout has been locked down
[  130.170139] fedora systemd[1096]: gnome-session-manager@gnome-initial-setup.service: State 'stop-sigterm' timed out. Aborting.
[  130.173581] fedora kernel: kauditd_printk_skb: 18 callbacks suppressed
[  130.180953] fedora systemd[1096]: gnome-session-manager@gnome-initial-setup.service: Main process exited, code=dumped, status=6/ABRT
[  130.199274] fedora systemd[1096]: gnome-session-manager@gnome-initial-setup.service: Failed with result 'timeout'.
[  130.213432] fedora gnome-session-ctl[1890]: Couldn't connect to session bus: Could not connect: Connection refused
[  130.355120] fedora dbus-broker-launch[808]: Activation request for 'org.freedesktop.nm_dispatcher' failed.
[  130.615874] fedora systemd-udevd[699]: Failed to remove file descriptor "config-serialization" from the store, ignoring: Connection refused
