===== speaking: /tmp/utt-memory.raw =====
microphone open at 06:55:45.705
utterance queued at 06:55:46.111

===== events =====
voice_started            {}
microphone               {"active": true}
voice_phase              {"phase": "listening", "statusText": "Listening..."}
partial                  {"text": "how much"}
partial                  {"text": "how much memory"}
partial                  {"text": "how much memory and"}
partial                  {"text": "how much memory am i"}
partial                  {"text": "how much memory and i"}
partial                  {"text": "how much memory am i using"}
microphone               {"active": false}
microphone               {"active": false}
microphone               {"active": false}
voice_phase              {"phase": "transcribing", "statusText": "Transcribing..."}
transcript               {"text": "how much memory am i using", "confidence": 1.0, "providerId": "vosk"}
accepted                 {"taskId": "task-bc78a9062c9c4fb38da196a8cc6632d0"}
phase                    {"phase": "starting", "statusText": "Starting...", "taskId": "task-bc78a9062c9c4fb38da196a8cc6632d0"}
phase                    {"phase": "understanding", "statusText": "Understanding...", "taskId": "task-bc78a9062c9c4fb38da196a8cc6632d0"}
phase                    {"phase": "planning", "statusText": "Planning...", "taskId": "task-bc78a9062c9c4fb38da196a8cc6632d0"}
phase                    {"phase": "working", "statusText": "Working...", "taskId": "task-bc78a9062c9c4fb38da196a8cc6632d0"}
phase                    {"phase": "presenting_result", "statusText": "Preparing the response...", "taskId": "task-bc78a9062c9c4fb38da196a8cc6632d0"}
reply                    {"text": "You are using 2.1 GiB of 5.8 GiB of memory (37%).", "taskId": "task-bc78a9062c9c4fb38da196a8cc6632d0"}
speech_started           {"taskId": "task-bc78a9062c9c4fb38da196a8cc6632d0", "providerId": "pocket", "deviceId": "alsa_output.pci-0000_00_04.0.analog-stereo"}
phase                    {"phase": "speaking", "statusText": "Speaking...", "taskId": "task-bc78a9062c9c4fb38da196a8cc6632d0"}
speech_finished          {"taskId": "task-bc78a9062c9c4fb38da196a8cc6632d0"}
phase                    {"phase": "success", "statusText": "Done", "taskId": "task-bc78a9062c9c4fb38da196a8cc6632d0"}
finished                 {"phase": "success", "taskId": "task-bc78a9062c9c4fb38da196a8cc6632d0"}
--- stderr ---
--- mic daemon ---
)
mic-daemon: speaking offline.raw (3.89s)
