===== speaking: /tmp/utt-terminal.raw =====
microphone open at 06:44:18.083
utterance queued at 06:44:18.491
allowing approval:task-e80cfe1a69c1421ab2e84b549ef4f112:72ca6d36c28b70ab9785785da7d5c4b7:0:launch_application at 06:44:24.547
{"event": "approval_resolved", "taskId": "task-e80cfe1a69c1421ab2e84b549ef4f112", "requestId": "approval:task-e80cfe1a69c1421ab2e84b549ef4f112:72ca6d36c28b70ab9785785da7d5c4b7:0:launch_application", "decision": "denied"}

===== events =====
voice_started            {}
microphone               {"active": true}
voice_phase              {"phase": "listening", "statusText": "Listening..."}
partial                  {"text": "oh"}
partial                  {"text": "open"}
partial                  {"text": "oh been"}
partial                  {"text": "open terminal"}
microphone               {"active": false}
microphone               {"active": false}
microphone               {"active": false}
voice_phase              {"phase": "transcribing", "statusText": "Transcribing..."}
transcript               {"text": "open terminal", "confidence": 1.0, "providerId": "vosk"}
accepted                 {"taskId": "task-e80cfe1a69c1421ab2e84b549ef4f112"}
phase                    {"phase": "starting", "statusText": "Starting...", "taskId": "task-e80cfe1a69c1421ab2e84b549ef4f112"}
phase                    {"phase": "understanding", "statusText": "Understanding...", "taskId": "task-e80cfe1a69c1421ab2e84b549ef4f112"}
phase                    {"phase": "planning", "statusText": "Planning...", "taskId": "task-e80cfe1a69c1421ab2e84b549ef4f112"}
phase                    {"phase": "waiting_for_approval", "statusText": "Waiting for permission...", "taskId": "task-e80cfe1a69c1421ab2e84b549ef4f112"}
approval                 {"taskId": "task-e80cfe1a69c1421ab2e84b549ef4f112", "action": "launch_application", "reason": "Open Terminal. The application starts and its window appears. Discloses: nothing. This cannot be undone (irreversible)."}
phase                    {"phase": "blocked", "statusText": "Declined; nothing was done.", "taskId": "task-e80cfe1a69c1421ab2e84b549ef4f112"}
reply                    {"text": "the request was declined", "taskId": "task-e80cfe1a69c1421ab2e84b549ef4f112", "kind": "error"}
finished                 {"phase": "blocked", "taskId": "task-e80cfe1a69c1421ab2e84b549ef4f112"}
--- stderr ---
--- mic daemon ---
mic-daemon: speaking pdfs.raw (5.97s)
mic-daemon: speaking deny.raw (3.89s)
