  watcher-started: {"samples": 1}
  microphone-button: {"found": true, "at": {"x": 1772, "y": 612, "width": 24, "height": 24}}
  clicked-microphone: {"at": {"x": 1784, "y": 624}}
  state: listening (+0.7s)
  listening: {"microphoneIndicator": true}
  spoke: {"utterance": "/tmp/utt-open-files.raw"}
  state: thinking (+5.6s)
  state: warning (+6.3s)
  allowed: {"detail": "allowing task=task-20c23e34d5354b04b2228caf40899896 request=approval:task-20c23e34d5354b04b2228caf40899896:26e3a72588074be39d2661db554c07ce:0:launch_application\n{\"event\": \"approval_res
  state: working (+7.9s)
  state: thinking (+8.6s)
  state: talking (+22.5s)
  talking: {"says": "Bunny says: Files is open."}
  state: success (+24.2s)
/root/bunny-ops/e2e/runs/s2b/screens/ee1-00-idle.png (1920x1080)
/root/bunny-ops/e2e/runs/s2b/screens/ee1-01-listening.png (1920x1080)
/root/bunny-ops/e2e/runs/s2b/screens/ee1-02-talking.png (1920x1080)
/root/bunny-ops/e2e/runs/s2b/screens/ee1-03-approval.png (1920x1080)
/root/bunny-ops/e2e/runs/s2b/screens/ee1-04-after.png (1920x1080)
/root/bunny-ops/e2e/runs/s2b/screens/s2b-00-desktop.png (1920x1080)
{
  "tag": "ee1",
  "utterance": "/tmp/utt-open-files.raw",
  "transitions": [
    {
      "state": "listening",
      "at": 1786862570.731,
      "sinceClick": 0.73
    },
    {
      "state": "thinking",
      "at": 1786862575.644,
      "sinceClick": 5.64
    },
    {
      "state": "warning",
      "at": 1786862576.256,
      "sinceClick": 6.26
    },
    {
      "state": "working",
      "at": 1786862577.942,
      "sinceClick": 7.94
    },
    {
      "state": "thinking",
      "at": 1786862578.637,
      "sinceClick": 8.64
    },
    {
      "state": "talking",
      "at": 1786862592.478,
      "sinceClick": 22.48
    },
    {
      "state": "success",
      "at": 1786862594.162,
      "sinceClick": 24.16
    }
  ],
  "screens": {
    "00-idle": "/root/bunny-ops/e2e/runs/s2b/screens/ee1-00-idle.ppm",
    "01-listening": "/root/bunny-ops/e2e/runs/s2b/screens/ee1-01-listening.ppm",
    "03-approval": "/root/bunny-ops/e2e/runs/s2b/screens/ee1-03-approval.ppm",
    "02-talking": "/root/bunny-ops/e2e/runs/s2b/screens/ee1-02-talking.ppm",
    "04-after": "/root/bunny-ops/e2e/runs/s2b/screens/ee1-04-after.ppm"
  },
  "listeningSeen": true,
  "talkingSeen": true,
  "approved": true,
  "finalState": "success",
  "says": "Bunny says: Files is open."
}
