===== speaking: /tmp/utt-memory-noisy.raw =====
microphone open at 06:53:29.990
utterance queued at 06:53:30.395

===== events =====
voice_started            {}
microphone               {"active": true}
voice_phase              {"phase": "listening", "statusText": "Listening..."}
partial                  {"text": "how much"}
partial                  {"text": "how much memory"}
partial                  {"text": "how much memory and"}
partial                  {"text": "how much memory and i"}
partial                  {"text": "how much memory and i usually"}
partial                  {"text": "how much memory and i use it"}
microphone               {"active": false}
microphone               {"active": false}
microphone               {"active": false}
voice_phase              {"phase": "transcribing", "statusText": "Transcribing..."}
transcript               {"text": "how much memory and i use it", "confidence": 0.8134677142857143, "providerId": "vosk"}
accepted                 {"taskId": "task-75d875d2452a4ac79f629ef6cc7ae7c3"}
phase                    {"phase": "starting", "statusText": "Starting...", "taskId": "task-75d875d2452a4ac79f629ef6cc7ae7c3"}
phase                    {"phase": "understanding", "statusText": "Understanding...", "taskId": "task-75d875d2452a4ac79f629ef6cc7ae7c3"}
phase                    {"phase": "planning", "statusText": "Planning...", "taskId": "task-75d875d2452a4ac79f629ef6cc7ae7c3"}
phase                    {"phase": "working", "statusText": "Working...", "taskId": "task-75d875d2452a4ac79f629ef6cc7ae7c3"}
phase                    {"phase": "planning", "statusText": "Planning...", "taskId": "task-75d875d2452a4ac79f629ef6cc7ae7c3"}
phase                    {"phase": "working", "statusText": "Working...", "taskId": "task-75d875d2452a4ac79f629ef6cc7ae7c3"}
phase                    {"phase": "reviewing", "statusText": "Reviewer: The plan validates its own result before completing.", "taskId": "task-75d875d2452a4ac79f629ef6cc7ae7c3"}
phase                    {"phase": "presenting_result", "statusText": "Preparing the response...", "taskId": "task-75d875d2452a4ac79f629ef6cc7ae7c3"}
reply                    {"text": "I can resize an image, open applications and folders, search approved user folders, read current system metrics, and control an active media player \u2014 try \u201cResize this to 1024 pixels wide\u201d, \u201cOpen Files\u201d or \u201cHow much memory am I using?\u201d. I d\u2026", "taskId": "task-75d875d2452
speech_started           {"taskId": "task-75d875d2452a4ac79f629ef6cc7ae7c3", "providerId": "pocket", "deviceId": "alsa_output.pci-0000_00_04.0.analog-stereo"}
phase                    {"phase": "speaking", "statusText": "Speaking...", "taskId": "task-75d875d2452a4ac79f629ef6cc7ae7c3"}
speech_finished          {"taskId": "task-75d875d2452a4ac79f629ef6cc7ae7c3"}
phase                    {"phase": "success", "statusText": "Done", "taskId": "task-75d875d2452a4ac79f629ef6cc7ae7c3"}
finished                 {"phase": "success", "taskId": "task-75d875d2452a4ac79f629ef6cc7ae7c3"}
--- stderr ---
--- mic daemon ---
mic-daemon: speaking restored.raw (5.87s)
mic-daemon: speaking offline.raw (3.89s)
