  watcher-started: {"samples": 1}
  microphone-button: {"found": true, "at": {"x": 1830, "y": 663, "width": 24, "height": 24}}
  clicked-microphone: {"at": {"x": 1842, "y": 675}}
  state: listening (+0.8s)
  listening: {"microphoneIndicator": true}
  allowed: {"detail": "none"}
  spoke: {"utterance": "/tmp/utt-pdfs.raw"}
  allowed: {"detail": "none"}
  state: thinking (+8.1s)
  allowed: {"detail": "none"}
  allowed: {"detail": "none"}
  allowed: {"detail": "none"}
  state: talking (+11.0s)
  talking: {"says": "Bunny says: I found 2 matching files: bunny-test-one.pdf, bunny-test-two.pdf."}
  allowed: {"detail": "none"}
  state: success (+18.4s)
  allowed: {"detail": "none"}
/root/bunny-ops/e2e/runs/s2b/screens/ee1-00-idle.png (1920x1080)
/root/bunny-ops/e2e/runs/s2b/screens/ee1-01-listening.png (1920x1080)
/root/bunny-ops/e2e/runs/s2b/screens/ee1-02-talking.png (1920x1080)
/root/bunny-ops/e2e/runs/s2b/screens/ee1-03-approval.png (1920x1080)
/root/bunny-ops/e2e/runs/s2b/screens/ee1-04-after.png (1920x1080)
/root/bunny-ops/e2e/runs/s2b/screens/mem-00-idle.png (1920x1080)
/root/bunny-ops/e2e/runs/s2b/screens/mem-01-listening.png (1920x1080)
/root/bunny-ops/e2e/runs/s2b/screens/mem-02-talking.png (1920x1080)
/root/bunny-ops/e2e/runs/s2b/screens/mem-03-approval.png (1920x1080)
/root/bunny-ops/e2e/runs/s2b/screens/mem-04-after.png (1920x1080)
/root/bunny-ops/e2e/runs/s2b/screens/pdfs-00-idle.png (1920x1080)
/root/bunny-ops/e2e/runs/s2b/screens/pdfs-01-listening.png (1920x1080)
/root/bunny-ops/e2e/runs/s2b/screens/pdfs-02-talking.png (1920x1080)
/root/bunny-ops/e2e/runs/s2b/screens/pdfs-03-approval.png (1920x1080)
/root/bunny-ops/e2e/runs/s2b/screens/pdfs-04-after.png (1920x1080)
/root/bunny-ops/e2e/runs/s2b/screens/s2b-00-desktop.png (1920x1080)
{
  "tag": "pdfs",
  "utterance": "/tmp/utt-pdfs.raw",
  "transitions": [
    {
      "state": "listening",
      "at": 1786862636.008,
      "sinceClick": 0.8
    },
    {
      "state": "thinking",
      "at": 1786862643.295,
      "sinceClick": 8.09
    },
    {
      "state": "talking",
      "at": 1786862646.161,
      "sinceClick": 10.95
    },
    {
      "state": "success",
      "at": 1786862653.616,
      "sinceClick": 18.41
    }
  ],
  "screens": {
    "00-idle": "/root/bunny-ops/e2e/runs/s2b/screens/pdfs-00-idle.ppm",
    "01-listening": "/root/bunny-ops/e2e/runs/s2b/screens/pdfs-01-listening.ppm",
    "03-approval": "/root/bunny-ops/e2e/runs/s2b/screens/pdfs-03-approval.ppm",
    "02-talking": "/root/bunny-ops/e2e/runs/s2b/screens/pdfs-02-talking.ppm",
    "04-after": "/root/bunny-ops/e2e/runs/s2b/screens/pdfs-04-after.ppm"
  },
  "listeningSeen": true,
  "talkingSeen": true,
  "approved": false,
  "finalState": "success",
  "says": "Bunny says: I found 2 matching files: bunny-test-one.pdf, bunny-test-two.pdf."
}
