===== speaking: /tmp/utt-memory.raw =====
microphone open at 06:46:33.357
utterance queued at 06:46:33.762

===== events =====
voice_started            {}
microphone               {"active": true}
voice_phase              {"phase": "listening", "statusText": "Listening..."}
partial                  {"text": "how"}
partial                  {"text": "how much"}
partial                  {"text": "how much memory"}
partial                  {"text": "how much memory and"}
partial                  {"text": "how much memory am i"}
partial                  {"text": "how much memory and"}
partial                  {"text": "how much memory and i"}
partial                  {"text": "how much memory am i using"}
microphone               {"active": false}
microphone               {"active": false}
microphone               {"active": false}
voice_phase              {"phase": "transcribing", "statusText": "Transcribing..."}
transcript               {"text": "how much memory am i using", "confidence": 1.0, "providerId": "vosk"}
accepted                 {"taskId": "task-d6c05780352f41ac8b7fd1101e7773de"}
phase                    {"phase": "starting", "statusText": "Starting...", "taskId": "task-d6c05780352f41ac8b7fd1101e7773de"}
phase                    {"phase": "understanding", "statusText": "Understanding...", "taskId": "task-d6c05780352f41ac8b7fd1101e7773de"}
phase                    {"phase": "planning", "statusText": "Planning...", "taskId": "task-d6c05780352f41ac8b7fd1101e7773de"}
phase                    {"phase": "working", "statusText": "Working...", "taskId": "task-d6c05780352f41ac8b7fd1101e7773de"}
phase                    {"phase": "presenting_result", "statusText": "Preparing the response...", "taskId": "task-d6c05780352f41ac8b7fd1101e7773de"}
reply                    {"text": "You are using 1.3 GiB of 5.8 GiB of memory (22%).", "taskId": "task-d6c05780352f41ac8b7fd1101e7773de"}
speech_started           {"taskId": "task-d6c05780352f41ac8b7fd1101e7773de", "providerId": "pocket", "deviceId": "alsa_output.pci-0000_00_04.0.analog-stereo"}
phase                    {"phase": "speaking", "statusText": "Speaking...", "taskId": "task-d6c05780352f41ac8b7fd1101e7773de"}
speech_finished          {"taskId": "task-d6c05780352f41ac8b7fd1101e7773de"}
phase                    {"phase": "success", "statusText": "Done", "taskId": "task-d6c05780352f41ac8b7fd1101e7773de"}
finished                 {"phase": "success", "taskId": "task-d6c05780352f41ac8b7fd1101e7773de"}
--- stderr ---
--- mic daemon ---
mic-daemon: speaking notts.raw (5.87s)
mic-daemon: speaking restored.raw (5.87s)
