[    6.772776] fedora systemd[1]: Starting authselect-apply-changes.service - Apply authselect changes...
[    6.791303] fedora authselect[833]: Installed profiles did not change. No action is needed.
[    6.859670] fedora systemd[1]: Finished authselect-apply-changes.service - Apply authselect changes.
[    6.898489] fedora systemd[1]: Starting chronyd.service - NTP client/server...
[    6.945335] fedora chronyd[890]: chronyd version 4.8 starting (+CMDMON +REFCLOCK +RTC +PRIVDROP +SCFILTER +SIGND +NTS +SECHASH +IPV6 +DEBUG)
[    6.947646] fedora chronyd[890]: Using leap second list /usr/share/zoneinfo/leap-seconds.list
[    6.948207] fedora chronyd[890]: Frequency -75.460 +/- 650.779 ppm read from /var/lib/chrony/drift
[    6.948313] fedora chronyd[890]: Loaded seccomp filter (level 2)
[    6.948488] fedora systemd[1]: Started chronyd.service - NTP client/server.
[   11.216821] fedora chronyd[890]: Selected source 129.146.193.200 (2.fedora.pool.ntp.org)
[   11.216905] fedora chronyd[890]: System clock wrong by 1.192934 seconds
[   12.409948] fedora chronyd[890]: System clock was stepped by 1.192934 seconds
[   12.410156] fedora chronyd[890]: System clock TAI offset set to 37 seconds
[   13.752181] fedora chronyd[890]: Selected source 216.82.35.115 (2.fedora.pool.ntp.org)
[   84.873531] fedora systemd[1]: Stopping chronyd.service - NTP client/server...
[   84.873567] fedora chronyd[890]: chronyd exiting
[   84.992849] fedora systemd[1]: chronyd.service: Deactivated successfully.
[   84.993055] fedora systemd[1]: Stopped chronyd.service - NTP client/server.
[   85.802650] fedora systemd[1]: authselect-apply-changes.service: Deactivated successfully.
[   85.802785] fedora systemd[1]: Stopped authselect-apply-changes.service - Apply authselect changes.
