[    1.817515] fedora kernel: virt/tdx: TDX not supported by the host platform
[    2.046925] fedora rpc.statd[411]: Failed to open directory sm: No such file or directory
[    2.046957] fedora rpc.statd[411]: Failed to create /var/lib/nfs/statd/.state.new: No such file or directory
[    2.049745] fedora rpc.idmapd[416]: Setting log level to 0
[    2.049929] fedora rpc.idmapd[416]: libnfsidmap: Unable to determine the NFSv4 domain; Using 'localdomain' as the NFSv4 domain which means UIDs will be mapped to the 'Nobody-User' user defined in /etc/idmapd.conf
[    3.014519] fedora rpc.idmapd[416]: exiting on signal 15
[    3.016441] fedora rpcbind[407]: cannot open file = /run/rpcbind/rpcbind.xdr for writing
[    3.016465] fedora rpcbind[407]: cannot save any registration
[    3.016473] fedora rpcbind[407]: cannot open file = /run/rpcbind/portmap.xdr for writing
[    3.016475] fedora rpcbind[407]: cannot save any registration
[    5.219545] fedora systemd-oomd[708]: No swap; memory pressure usage will be degraded
[    5.223682] fedora kernel: kauditd_printk_skb: 13 callbacks suppressed
[    5.566115] fedora (udev-worker)[742]: sr0: Process '/usr/sbin/pktsetup -i -d 11:0' failed with exit code 1.
[    5.789734] fedora sm-notify[786]: Failed to open sm: No such file or directory
[    5.789738] fedora sm-notify[786]: Failed to open directory sm.bak: No such file or directory
[    5.858658] fedora systemd-tmpfiles[793]: Failed to create directory or subvolume "/usr/local/sbin": Read-only file system
[    7.168934] fedora irqbalance[871]: thermal: failed to receive messages.
[    7.168956] fedora irqbalance[871]: Failed to initialize thermal events.
[    7.270584] fedora avahi-daemon[856]: WARNING: No NSS support for mDNS detected, consider installing nss-mdns!
[    7.410786] fedora systemd-logind[969]: Failed to open '/boot/loader/entries': Remote address changed
[    7.836561] fedora (udev-worker)[742]: sr0: Process '/usr/sbin/pktsetup -i -d 11:0' failed with exit code 1.
[    7.910163] fedora systemd-logind[969]: Failed to open '/boot/loader/entries': Remote address changed
[    7.917571] fedora gnome-session-service[1223]: App gnome-keyring-secrets.desktop sets X-GNOME-Autostart-Phase, but gnome-session no longer manages session services
[    7.917669] fedora gnome-session-service[1223]: App at-spi-dbus-bus.desktop sets X-GNOME-Autostart-Phase, but gnome-session no longer manages session services
[    7.917702] fedora gnome-session-service[1223]: App gnome-keyring-pkcs11.desktop sets X-GNOME-Autostart-Phase, but gnome-session no longer manages session services
[    7.917724] fedora gnome-session-service[1223]: App xdg-user-dirs.desktop sets X-GNOME-Autostart-Phase, but gnome-session no longer manages session services
[    7.917751] fedora gnome-session-service[1223]: App gnome-keyring-ssh.desktop sets X-GNOME-Autostart-Phase, but gnome-session no longer manages session services
[    8.014405] fedora systemd-logind[969]: Failed to open '/boot/loader/entries': Remote address changed
[    8.805571] fedora systemd-logind[969]: Failed to open '/boot/loader/entries': Remote address changed
[    8.995144] fedora gnome-shell[1230]: Could not issue 'GetUnit' systemd call
[    9.078778] fedora systemd-logind[969]: Failed to open '/boot/loader/entries': Remote address changed
[    9.086189] fedora systemd-logind[969]: Failed to open '/boot/loader/entries': Remote address changed
[    9.128435] fedora gsd-sharing[1395]: Failed to stop gnome-user-share-webdav.service: GDBus.Error:org.freedesktop.systemd1.NoSuchUnit: Unit gnome-user-share-webdav.service not loaded.
[    9.128453] fedora gsd-sharing[1395]: Failed to stop rygel.service: GDBus.Error:org.freedesktop.systemd1.NoSuchUnit: Unit rygel.service not loaded.
[    9.138481] fedora gsd-keyboard[1379]: g_variant_unref: assertion 'value != NULL' failed
[    9.261339] fedora gsd-media-keys[1380]: Failed to grab accelerator for keybinding settings:playback-repeat
[    9.261346] fedora gsd-media-keys[1380]: Failed to grab accelerator for keybinding settings:hibernate
[    9.389780] fedora gsd-usb-protection[1399]: Failed to fetch USBGuard parameters: GDBus.Error:org.freedesktop.DBus.Error.ServiceUnknown: The name is not activatable
[    9.496942] fedora gnome-shell-calendar-server[1335]: e_cal_client_set_default_timezone: assertion 'zone != NULL' failed
[    9.501618] fedora gnome-shell-calendar-server[1335]: e_cal_client_set_default_timezone: assertion 'zone != NULL' failed
[    9.507289] fedora gnome-shell-calendar-server[1335]: e_cal_client_set_default_timezone: assertion 'zone != NULL' failed
[    9.511725] fedora gnome-shell-calendar-server[1335]: e_cal_client_set_default_timezone: assertion 'zone != NULL' failed
[    9.518194] fedora colord[1311]: CdMain: failed to profile from filename: failed to load file: Error opening file /var/home/dsq-test/.local/share/icc/edid-bb6ad72dc802b000932c73ad20996ae5.icc: Permission denied
[    9.713472] fedora gnome-shell[1230]: Failed to create colord color profile icc-3fa19adc2353f303607e4f498230156d: failed to load file: Error opening file /var/home/dsq-test/.local/share/icc/edid-bb6ad72dc802b000932c73ad20996ae5.icc: Permission denied
[    9.937850] fedora wireplumber[1811]: spa.bluez5: BlueZ system service is not available
[   10.179869] fedora gnome-keyring-daemon[1976]: discover_other_daemon: 1
[   10.307856] fedora kernel: kauditd_printk_skb: 146 callbacks suppressed
[   12.062164] fedora avahi-daemon[856]: Missed message org.freedesktop.DBus.Properties::GetAll()
[   12.063062] fedora avahi-daemon[856]: Missed message org.freedesktop.DBus.Properties::GetAll()
[   17.001769] fedora irqbalance[871]: Cannot change IRQ 25 affinity: Permission denied
[   17.001782] fedora irqbalance[871]: IRQ 25 affinity is now unmanaged
[   17.001799] fedora irqbalance[871]: Cannot change IRQ 28 affinity: Permission denied
[   17.001800] fedora irqbalance[871]: IRQ 28 affinity is now unmanaged
[   27.010405] fedora irqbalance[871]: Cannot change IRQ 27 affinity: Permission denied
[   27.010455] fedora irqbalance[871]: IRQ 27 affinity is now unmanaged
[   85.398812] fedora gsd-media-keys[1380]: Virtual machines only honor the 'nothing' power-button-action, and will shutdown otherwise
[   85.437579] fedora gnome-shell[1230]: Owner of volume monitor org.gtk.vfs.GoaVolumeMonitor disconnected from the bus; removing drives/volumes/mounts
[   85.439785] fedora localsearch-3[1507]: Owner of volume monitor org.gtk.vfs.GoaVolumeMonitor disconnected from the bus; removing drives/volumes/mounts
[   85.444499] fedora localsearch-3[1507]: Owner of volume monitor org.gtk.vfs.UDisks2VolumeMonitor disconnected from the bus; removing drives/volumes/mounts
[   85.445778] fedora gnome-shell[1230]: Owner of volume monitor org.gtk.vfs.UDisks2VolumeMonitor disconnected from the bus; removing drives/volumes/mounts
[   85.574541] fedora gsd-media-keys[1380]: g_hash_table_size: assertion 'hash_table != NULL' failed
[   86.008934] fedora polkitd[960]: Error evaluating admin rules: Error: Helper was signaled with signal SIGTERM (15), stdout=`', stderr=`'
[   86.014066] fedora systemd[1]: sys-devices-virtual-misc-rfkill.device: Failed to enqueue SYSTEMD_WANTS job, ignoring: Transaction for systemd-rfkill.socket/start is destructive (poweroff.target has 'start' job queued, but 'stop' is included in transaction).
[   86.058373] fedora gnome-shell[1230]: invalid (NULL) pointer instance
[   86.058398] fedora gnome-shell[1230]: g_signal_handler_disconnect: assertion 'G_TYPE_CHECK_INSTANCE (instance)' failed
[   86.061917] fedora dbus-broker-launch[825]: Activation request for 'org.freedesktop.ColorManager' failed.
[   86.089493] fedora (udev-worker)[2212]: sr0: Process '/usr/sbin/pktsetup -i -d 11:0' failed with exit code 1.
[   86.296984] fedora dbus-broker-launch[825]: Activation request for 'org.freedesktop.nm_dispatcher' failed.
[   86.621766] fedora systemd-udevd[717]: Failed to remove file descriptor "config-serialization" from the store, ignoring: Connection refused
