[    7.223325] fedora systemd[1]: Listening on avahi-daemon.socket - Avahi mDNS/DNS-SD Stack Activation Socket.
[    7.316465] fedora systemd[1]: Starting avahi-daemon.service - Avahi mDNS/DNS-SD Stack...
[    7.523722] fedora avahi-daemon[841]: Found user 'avahi' (UID 70) and group 'avahi' (GID 70).
[    7.524634] fedora avahi-daemon[841]: Successfully dropped root privileges.
[    7.524805] fedora avahi-daemon[841]: avahi-daemon 0.8 starting up.
[    7.524919] fedora avahi-daemon[841]: WARNING: No NSS support for mDNS detected, consider installing nss-mdns!
[    7.526101] fedora avahi-daemon[841]: Successfully called chroot().
[    7.526108] fedora avahi-daemon[841]: Successfully dropped remaining capabilities.
[    7.526690] fedora avahi-daemon[841]: No service file found in /etc/avahi/services.
[    7.527348] fedora avahi-daemon[841]: Joining mDNS multicast group on interface lo.IPv6 with address ::1.
[    7.527358] fedora avahi-daemon[841]: New relevant interface lo.IPv6 for mDNS.
[    7.527361] fedora avahi-daemon[841]: Joining mDNS multicast group on interface lo.IPv4 with address 127.0.0.1.
[    7.527366] fedora avahi-daemon[841]: New relevant interface lo.IPv4 for mDNS.
[    7.527368] fedora avahi-daemon[841]: Network interface enumeration completed.
[    7.527371] fedora avahi-daemon[841]: Registering new address record for ::1 on lo.*.
[    7.527385] fedora avahi-daemon[841]: Registering new address record for 127.0.0.1 on lo.IPv4.
[    7.529215] fedora systemd[1]: Started avahi-daemon.service - Avahi mDNS/DNS-SD Stack.
[    7.622308] fedora avahi-daemon[841]: Joining mDNS multicast group on interface enp0s2.IPv6 with address fe80::ab37:47d6:d7a2:96b9.
[    7.622327] fedora avahi-daemon[841]: New relevant interface enp0s2.IPv6 for mDNS.
[    7.622331] fedora avahi-daemon[841]: Registering new address record for fe80::ab37:47d6:d7a2:96b9 on enp0s2.*.
[    7.778191] fedora avahi-daemon[841]: Joining mDNS multicast group on interface enp0s2.IPv4 with address 10.0.2.15.
[    7.778611] fedora avahi-daemon[841]: New relevant interface enp0s2.IPv4 for mDNS.
[    7.778621] fedora avahi-daemon[841]: Registering new address record for 10.0.2.15 on enp0s2.IPv4.
[    8.572964] fedora avahi-daemon[841]: Server startup complete. Host name is fedora.local. Local service cookie is 3162523548.
[    9.191926] fedora avahi-daemon[841]: Leaving mDNS multicast group on interface enp0s2.IPv6 with address fe80::ab37:47d6:d7a2:96b9.
[    9.191958] fedora avahi-daemon[841]: Joining mDNS multicast group on interface enp0s2.IPv6 with address fec0::8060:c1b5:8ac1:6beb.
[    9.191967] fedora avahi-daemon[841]: Registering new address record for fec0::8060:c1b5:8ac1:6beb on enp0s2.*.
[    9.191984] fedora avahi-daemon[841]: Withdrawing address record for fe80::ab37:47d6:d7a2:96b9 on enp0s2.
[   84.264499] fedora systemd[1]: Stopping avahi-daemon.service - Avahi mDNS/DNS-SD Stack...
[   84.281306] fedora avahi-daemon[841]: Got SIGTERM, quitting.
[   84.281526] fedora avahi-daemon[841]: Leaving mDNS multicast group on interface enp0s2.IPv6 with address fec0::8060:c1b5:8ac1:6beb.
[   84.281672] fedora avahi-daemon[841]: Leaving mDNS multicast group on interface enp0s2.IPv4 with address 10.0.2.15.
[   84.281700] fedora avahi-daemon[841]: Leaving mDNS multicast group on interface lo.IPv6 with address ::1.
[   84.281746] fedora avahi-daemon[841]: Leaving mDNS multicast group on interface lo.IPv4 with address 127.0.0.1.
[   84.283686] fedora avahi-daemon[841]: avahi-daemon 0.8 exiting.
[   84.311409] fedora systemd[1]: avahi-daemon.service: Deactivated successfully.
[   84.311568] fedora systemd[1]: Stopped avahi-daemon.service - Avahi mDNS/DNS-SD Stack.
[  130.349141] fedora systemd[1]: avahi-daemon.socket: Deactivated successfully.
[  130.349325] fedora systemd[1]: Closed avahi-daemon.socket - Avahi mDNS/DNS-SD Stack Activation Socket.
