[    1.824067] fedora kernel: virt/tdx: TDX not supported by the host platform
[    2.083361] fedora rpc.statd[395]: Failed to open directory sm: No such file or directory
[    2.083386] fedora rpc.statd[395]: Failed to create /var/lib/nfs/statd/.state.new: No such file or directory
[    2.086570] fedora rpc.idmapd[400]: Setting log level to 0
[    2.086758] fedora rpc.idmapd[400]: libnfsidmap: Unable to determine the NFSv4 domain; Using 'localdomain' as the NFSv4 domain which means UIDs will be mapped to the 'Nobody-User' user defined in /etc/idmapd.conf
[    3.043870] fedora rpc.idmapd[400]: exiting on signal 15
[    3.045454] fedora rpcbind[391]: cannot open file = /run/rpcbind/rpcbind.xdr for writing
[    3.045582] fedora rpcbind[391]: cannot save any registration
[    3.045607] fedora rpcbind[391]: cannot open file = /run/rpcbind/portmap.xdr for writing
[    3.045620] fedora rpcbind[391]: cannot save any registration
[    5.213629] fedora kernel: kauditd_printk_skb: 8 callbacks suppressed
[    5.288437] fedora systemd-oomd[668]: No swap; memory pressure usage will be degraded
[    5.748749] fedora (udev-worker)[695]: sr0: Process '/usr/sbin/pktsetup -i -d 11:0' failed with exit code 1.
[    5.893200] fedora sm-notify[748]: Failed to open sm: No such file or directory
[    5.893219] fedora sm-notify[748]: Failed to open directory sm.bak: No such file or directory
[    6.004831] fedora systemd-tmpfiles[751]: Failed to create directory or subvolume "/usr/local/sbin": Read-only file system
[    7.550702] fedora irqbalance[836]: thermal: failed to receive messages.
[    7.551571] fedora irqbalance[836]: Failed to initialize thermal events.
[    7.710962] fedora avahi-daemon[815]: WARNING: No NSS support for mDNS detected, consider installing nss-mdns!
[    7.950452] fedora systemd-logind[924]: Failed to open '/boot/loader/entries': Remote address changed
[    8.304783] fedora (udev-worker)[698]: sr0: Process '/usr/sbin/pktsetup -i -d 11:0' failed with exit code 1.
[    8.551957] fedora systemd-logind[924]: Failed to open '/boot/loader/entries': Remote address changed
[    8.652395] fedora systemd-logind[924]: Failed to open '/boot/loader/entries': Remote address changed
[    9.546789] fedora systemd-logind[924]: Failed to open '/boot/loader/entries': Remote address changed
[    9.629287] fedora gnome-shell[1149]: Could not issue 'GetUnit' systemd call
[    9.736626] fedora systemd-logind[924]: Failed to open '/boot/loader/entries': Remote address changed
[    9.797571] fedora gsd-sharing[1264]: Failed to stop gnome-user-share-webdav.service: GDBus.Error:org.freedesktop.systemd1.NoSuchUnit: Unit gnome-user-share-webdav.service not loaded.
[    9.797587] fedora gsd-sharing[1264]: Failed to stop rygel.service: GDBus.Error:org.freedesktop.systemd1.NoSuchUnit: Unit rygel.service not loaded.
[    9.819296] fedora systemd-logind[924]: Failed to open '/boot/loader/entries': Remote address changed
[    9.876635] fedora (bunny-first-boot)[1342]: bunny-first-boot.service: Failed to set up mount namespacing: /run/gdm/home/gnome-initial-setup/.config/bunny-os: No such file or directory
[    9.876653] fedora (bunny-first-boot)[1342]: bunny-first-boot.service: Failed at step NAMESPACE spawning /usr/libexec/bunny-first-boot: No such file or directory
[    9.879415] fedora systemd[1076]: bunny-first-boot.service: Failed with result 'exit-code'.
[    9.879779] fedora systemd[1076]: Failed to start bunny-first-boot.service - Bunny OS per-user first-boot preferences.
[    9.948371] fedora gsd-media-keys[1258]: Failed to grab accelerator for keybinding settings:hibernate
[    9.949190] fedora gsd-media-keys[1258]: Failed to grab accelerator for keybinding settings:playback-repeat
[   10.173124] fedora gsd-usb-protection[1269]: Failed to fetch USBGuard parameters: GDBus.Error:org.freedesktop.DBus.Error.ServiceUnknown: The name is not activatable
[   10.245101] fedora kernel: kauditd_printk_skb: 139 callbacks suppressed
[   10.252264] fedora gnome-shell[1149]: Failed to record usage: GDBus.Error:org.freedesktop.MalcontentTimer1.Child.Error.IdentifyingUser: Error identifying user: Invalid or unknown user
[   10.503135] fedora wireplumber[1475]: spa.bluez5: BlueZ system service is not available
[   10.746399] fedora gnome-keyring-daemon[1576]: discover_other_daemon: 0
[   10.825537] fedora gnome-initial-setup[1345]: Could not read list of available locales from libc, guessing possible locales from available translations, but list may be incomplete!
[   11.326201] fedora gnome-shell[1149]: Could not issue 'GetUnit' systemd call
[   12.262588] fedora chronyd[824]: System clock wrong by 2.220794 seconds
[   14.483864] fedora chronyd[824]: System clock was stepped by 2.220794 seconds
[   71.011300] fedora kernel: kauditd_printk_skb: 4 callbacks suppressed
[   86.394646] fedora gsd-media-keys[1258]: Virtual machines only honor the 'nothing' power-button-action, and will shutdown otherwise
[   86.605383] fedora gsd-media-keys[1258]: g_hash_table_size: assertion 'hash_table != NULL' failed
[   86.647145] fedora gnome-shell[1149]: Connection to xwayland lost
[   86.654389] fedora gnome-shell[1149]: Could not issue 'GetUnit' systemd call
[   86.988540] fedora systemd[1]: sys-devices-virtual-misc-rfkill.device: Failed to enqueue SYSTEMD_WANTS job, ignoring: Transaction for systemd-rfkill.socket/start is destructive (shutdown.target has 'start' job queued, but 'stop' is included in transaction).
[   87.025659] fedora gnome-shell[1149]: Could not release device '/dev/input/event0' (13,64): GDBus.Error:org.freedesktop.DBus.Error.UnknownObject: Unknown object '/org/freedesktop/login1/session/c1'.
[   87.029523] fedora gnome-shell[1149]: Could not release device '/dev/input/event1' (13,65): GDBus.Error:org.freedesktop.DBus.Error.UnknownObject: Unknown object '/org/freedesktop/login1/session/c1'.
[   87.033686] fedora gnome-shell[1149]: Could not release device '/dev/input/event3' (13,67): GDBus.Error:org.freedesktop.DBus.Error.UnknownObject: Unknown object '/org/freedesktop/login1/session/c1'.
[   87.041462] fedora gnome-shell[1149]: Could not release device '/dev/input/event2' (13,66): GDBus.Error:org.freedesktop.DBus.Error.UnknownObject: Unknown object '/org/freedesktop/login1/session/c1'.
[   87.043133] fedora (udev-worker)[1733]: sr0: Process '/usr/sbin/pktsetup -i -d 11:0' failed with exit code 1.
[   87.068563] fedora gnome-shell[1149]: Could not release device '/dev/dri/card1' (226,1): GDBus.Error:org.freedesktop.DBus.Error.UnknownObject: Unknown object '/org/freedesktop/login1/session/c1'.
[   87.071258] fedora dbus-broker-launch[783]: Activation request for 'org.freedesktop.ColorManager' failed.
[   87.095668] fedora gnome-session-service[1143]: Failed to log out: Logout has been locked down
[  132.100591] fedora systemd[1076]: gnome-session-manager@gnome-initial-setup.service: State 'stop-sigterm' timed out. Aborting.
[  132.103217] fedora kernel: kauditd_printk_skb: 18 callbacks suppressed
[  132.110609] fedora systemd[1076]: gnome-session-manager@gnome-initial-setup.service: Main process exited, code=dumped, status=6/ABRT
[  132.121871] fedora systemd[1076]: gnome-session-manager@gnome-initial-setup.service: Failed with result 'timeout'.
[  132.134159] fedora gnome-session-ctl[1850]: Couldn't connect to session bus: Could not connect: Connection refused
[  132.250422] fedora dbus-broker-launch[783]: Activation request for 'org.freedesktop.nm_dispatcher' failed.
[  132.505445] fedora systemd-udevd[677]: Failed to remove file descriptor "config-serialization" from the store, ignoring: Connection refused
