[    5.833780] fedora systemd[1]: Listening on avahi-daemon.socket - Avahi mDNS/DNS-SD Stack Activation Socket.
[    5.921887] fedora systemd[1]: Starting avahi-daemon.service - Avahi mDNS/DNS-SD Stack...
[    6.033160] fedora avahi-daemon[827]: Found user 'avahi' (UID 70) and group 'avahi' (GID 70).
[    6.033893] fedora avahi-daemon[827]: Successfully dropped root privileges.
[    6.034095] fedora avahi-daemon[827]: avahi-daemon 0.8 starting up.
[    6.034214] fedora avahi-daemon[827]: WARNING: No NSS support for mDNS detected, consider installing nss-mdns!
[    6.037136] fedora avahi-daemon[827]: Successfully called chroot().
[    6.037189] fedora avahi-daemon[827]: Successfully dropped remaining capabilities.
[    6.037503] fedora avahi-daemon[827]: No service file found in /etc/avahi/services.
[    6.037948] fedora avahi-daemon[827]: Joining mDNS multicast group on interface lo.IPv6 with address ::1.
[    6.037982] fedora avahi-daemon[827]: New relevant interface lo.IPv6 for mDNS.
[    6.038047] fedora avahi-daemon[827]: Joining mDNS multicast group on interface lo.IPv4 with address 127.0.0.1.
[    6.038076] fedora avahi-daemon[827]: New relevant interface lo.IPv4 for mDNS.
[    6.038097] fedora avahi-daemon[827]: Network interface enumeration completed.
[    6.038111] fedora avahi-daemon[827]: Registering new address record for ::1 on lo.*.
[    6.038142] fedora avahi-daemon[827]: Registering new address record for 127.0.0.1 on lo.IPv4.
[    6.059192] fedora systemd[1]: Started avahi-daemon.service - Avahi mDNS/DNS-SD Stack.
[    6.139594] fedora avahi-daemon[827]: Joining mDNS multicast group on interface enp0s2.IPv6 with address fe80::a47:b581:567c:9e1e.
[    6.139711] fedora avahi-daemon[827]: New relevant interface enp0s2.IPv6 for mDNS.
[    6.139781] fedora avahi-daemon[827]: Registering new address record for fe80::a47:b581:567c:9e1e on enp0s2.*.
[    6.263666] fedora avahi-daemon[827]: Joining mDNS multicast group on interface enp0s2.IPv4 with address 10.0.2.15.
[    6.263700] fedora avahi-daemon[827]: New relevant interface enp0s2.IPv4 for mDNS.
[    6.263708] fedora avahi-daemon[827]: Registering new address record for 10.0.2.15 on enp0s2.IPv4.
[    7.038041] fedora avahi-daemon[827]: Server startup complete. Host name is fedora.local. Local service cookie is 4057038912.
[    7.788282] fedora avahi-daemon[827]: Leaving mDNS multicast group on interface enp0s2.IPv6 with address fe80::a47:b581:567c:9e1e.
[    7.788297] fedora avahi-daemon[827]: Joining mDNS multicast group on interface enp0s2.IPv6 with address fec0::ebe7:27a4:dad3:d9bc.
[    7.788303] fedora avahi-daemon[827]: Registering new address record for fec0::ebe7:27a4:dad3:d9bc on enp0s2.*.
[    7.788320] fedora avahi-daemon[827]: Withdrawing address record for fe80::a47:b581:567c:9e1e on enp0s2.
[   85.139962] fedora systemd[1]: Stopping avahi-daemon.service - Avahi mDNS/DNS-SD Stack...
[   85.152803] fedora avahi-daemon[827]: Got SIGTERM, quitting.
[   85.155165] fedora avahi-daemon[827]: Leaving mDNS multicast group on interface enp0s2.IPv6 with address fec0::ebe7:27a4:dad3:d9bc.
[   85.155322] fedora avahi-daemon[827]: Leaving mDNS multicast group on interface enp0s2.IPv4 with address 10.0.2.15.
[   85.155366] fedora avahi-daemon[827]: Leaving mDNS multicast group on interface lo.IPv6 with address ::1.
[   85.155404] fedora avahi-daemon[827]: Leaving mDNS multicast group on interface lo.IPv4 with address 127.0.0.1.
[   85.161773] fedora avahi-daemon[827]: avahi-daemon 0.8 exiting.
[   85.286985] fedora systemd[1]: avahi-daemon.service: Deactivated successfully.
[   85.287247] fedora systemd[1]: Stopped avahi-daemon.service - Avahi mDNS/DNS-SD Stack.
[   86.295436] fedora systemd[1]: avahi-daemon.socket: Deactivated successfully.
[   86.295531] fedora systemd[1]: Closed avahi-daemon.socket - Avahi mDNS/DNS-SD Stack Activation Socket.
