[    7.059369] fedora systemd[1]: Listening on avahi-daemon.socket - Avahi mDNS/DNS-SD Stack Activation Socket.
[    7.145694] fedora systemd[1]: Starting avahi-daemon.service - Avahi mDNS/DNS-SD Stack...
[    7.347149] fedora avahi-daemon[843]: Found user 'avahi' (UID 70) and group 'avahi' (GID 70).
[    7.352720] fedora avahi-daemon[843]: Successfully dropped root privileges.
[    7.353087] fedora avahi-daemon[843]: avahi-daemon 0.8 starting up.
[    7.353247] fedora avahi-daemon[843]: WARNING: No NSS support for mDNS detected, consider installing nss-mdns!
[    7.355623] fedora avahi-daemon[843]: Successfully called chroot().
[    7.355628] fedora avahi-daemon[843]: Successfully dropped remaining capabilities.
[    7.356188] fedora avahi-daemon[843]: No service file found in /etc/avahi/services.
[    7.356701] fedora avahi-daemon[843]: Joining mDNS multicast group on interface lo.IPv6 with address ::1.
[    7.356708] fedora avahi-daemon[843]: New relevant interface lo.IPv6 for mDNS.
[    7.356711] fedora avahi-daemon[843]: Joining mDNS multicast group on interface lo.IPv4 with address 127.0.0.1.
[    7.356719] fedora avahi-daemon[843]: New relevant interface lo.IPv4 for mDNS.
[    7.356721] fedora avahi-daemon[843]: Network interface enumeration completed.
[    7.356725] fedora avahi-daemon[843]: Registering new address record for ::1 on lo.*.
[    7.356742] fedora avahi-daemon[843]: Registering new address record for 127.0.0.1 on lo.IPv4.
[    7.356990] fedora systemd[1]: Started avahi-daemon.service - Avahi mDNS/DNS-SD Stack.
[    7.489036] fedora avahi-daemon[843]: Joining mDNS multicast group on interface enp0s2.IPv6 with address fe80::b22f:8572:b116:f972.
[    7.489386] fedora avahi-daemon[843]: New relevant interface enp0s2.IPv6 for mDNS.
[    7.489393] fedora avahi-daemon[843]: Registering new address record for fe80::b22f:8572:b116:f972 on enp0s2.*.
[    7.646397] fedora avahi-daemon[843]: Joining mDNS multicast group on interface enp0s2.IPv4 with address 10.0.2.15.
[    7.646627] fedora avahi-daemon[843]: New relevant interface enp0s2.IPv4 for mDNS.
[    7.646693] fedora avahi-daemon[843]: Registering new address record for 10.0.2.15 on enp0s2.IPv4.
[    8.529426] fedora avahi-daemon[843]: Server startup complete. Host name is fedora.local. Local service cookie is 2477896800.
[    9.267775] fedora avahi-daemon[843]: Leaving mDNS multicast group on interface enp0s2.IPv6 with address fe80::b22f:8572:b116:f972.
[    9.267985] fedora avahi-daemon[843]: Joining mDNS multicast group on interface enp0s2.IPv6 with address fec0::eebd:afd4:f878:8a9c.
[    9.268123] fedora avahi-daemon[843]: Registering new address record for fec0::eebd:afd4:f878:8a9c on enp0s2.*.
[    9.268153] fedora avahi-daemon[843]: Withdrawing address record for fe80::b22f:8572:b116:f972 on enp0s2.
[   12.251904] fedora avahi-daemon[843]: Missed message org.freedesktop.DBus.Properties::GetAll()
[   12.252570] fedora avahi-daemon[843]: Missed message org.freedesktop.DBus.Properties::GetAll()
[   85.359205] fedora avahi-daemon[843]: Got SIGTERM, quitting.
[   85.359395] fedora avahi-daemon[843]: Leaving mDNS multicast group on interface enp0s2.IPv6 with address fec0::eebd:afd4:f878:8a9c.
[   85.359455] fedora systemd[1]: Stopping avahi-daemon.service - Avahi mDNS/DNS-SD Stack...
[   85.360597] fedora avahi-daemon[843]: Leaving mDNS multicast group on interface enp0s2.IPv4 with address 10.0.2.15.
[   85.360635] fedora avahi-daemon[843]: Leaving mDNS multicast group on interface lo.IPv6 with address ::1.
[   85.360664] fedora avahi-daemon[843]: Leaving mDNS multicast group on interface lo.IPv4 with address 127.0.0.1.
[   85.362156] fedora avahi-daemon[843]: avahi-daemon 0.8 exiting.
[   85.362681] fedora systemd[1]: avahi-daemon.service: Deactivated successfully.
[   85.369333] fedora systemd[1]: Stopped avahi-daemon.service - Avahi mDNS/DNS-SD Stack.
[   85.609360] fedora systemd[1]: avahi-daemon.socket: Deactivated successfully.
[   85.609458] fedora systemd[1]: Closed avahi-daemon.socket - Avahi mDNS/DNS-SD Stack Activation Socket.
