[    1.884284] fedora kernel: virt/tdx: TDX not supported by the host platform
[    2.149401] fedora rpc.statd[410]: Failed to open directory sm: No such file or directory
[    2.149436] fedora rpc.statd[410]: Failed to create /var/lib/nfs/statd/.state.new: No such file or directory
[    2.153447] fedora rpc.idmapd[415]: Setting log level to 0
[    2.153822] fedora rpc.idmapd[415]: libnfsidmap: Unable to determine the NFSv4 domain; Using 'localdomain' as the NFSv4 domain which means UIDs will be mapped to the 'Nobody-User' user defined in /etc/idmapd.conf
[    3.122081] fedora rpc.idmapd[415]: exiting on signal 15
[    3.123953] fedora rpcbind[406]: cannot open file = /run/rpcbind/rpcbind.xdr for writing
[    3.123977] fedora rpcbind[406]: cannot save any registration
[    3.123985] fedora rpcbind[406]: cannot open file = /run/rpcbind/portmap.xdr for writing
[    3.123986] fedora rpcbind[406]: cannot save any registration
[    5.538560] fedora systemd-oomd[710]: No swap; memory pressure usage will be degraded
[    5.840536] fedora (udev-worker)[743]: sr0: Process '/usr/sbin/pktsetup -i -d 11:0' failed with exit code 1.
[    6.109418] fedora sm-notify[786]: Failed to open sm: No such file or directory
[    6.109421] fedora sm-notify[786]: Failed to open directory sm.bak: No such file or directory
[    6.207581] fedora systemd-tmpfiles[799]: Failed to create directory or subvolume "/usr/local/sbin": Read-only file system
[    8.917718] fedora irqbalance[873]: thermal: failed to receive messages.
[    8.918282] fedora irqbalance[873]: Failed to initialize thermal events.
[    9.236127] fedora avahi-daemon[853]: WARNING: No NSS support for mDNS detected, consider installing nss-mdns!
[    9.357927] fedora systemd-logind[969]: Failed to open '/boot/loader/entries': Remote address changed
[    9.858685] fedora (udev-worker)[725]: sr0: Process '/usr/sbin/pktsetup -i -d 11:0' failed with exit code 1.
[    9.928582] fedora systemd-logind[969]: Failed to open '/boot/loader/entries': Remote address changed
[    9.938644] fedora gnome-session-service[1226]: App gnome-keyring-secrets.desktop sets X-GNOME-Autostart-Phase, but gnome-session no longer manages session services
[    9.938771] fedora gnome-session-service[1226]: App at-spi-dbus-bus.desktop sets X-GNOME-Autostart-Phase, but gnome-session no longer manages session services
[    9.938807] fedora gnome-session-service[1226]: App gnome-keyring-pkcs11.desktop sets X-GNOME-Autostart-Phase, but gnome-session no longer manages session services
[    9.938846] fedora gnome-session-service[1226]: App xdg-user-dirs.desktop sets X-GNOME-Autostart-Phase, but gnome-session no longer manages session services
[    9.938877] fedora gnome-session-service[1226]: App gnome-keyring-ssh.desktop sets X-GNOME-Autostart-Phase, but gnome-session no longer manages session services
[   10.044420] fedora systemd-logind[969]: Failed to open '/boot/loader/entries': Remote address changed
[   10.240798] fedora kernel: kauditd_printk_skb: 139 callbacks suppressed
[   10.894736] fedora systemd-logind[969]: Failed to open '/boot/loader/entries': Remote address changed
[   11.105758] fedora gnome-shell[1235]: Could not issue 'GetUnit' systemd call
[   11.186185] fedora systemd-logind[969]: Failed to open '/boot/loader/entries': Remote address changed
[   11.251958] fedora systemd-logind[969]: Failed to open '/boot/loader/entries': Remote address changed
[   11.262429] fedora gsd-sharing[1389]: Failed to stop gnome-user-share-webdav.service: GDBus.Error:org.freedesktop.systemd1.NoSuchUnit: Unit gnome-user-share-webdav.service not loaded.
[   11.264318] fedora gsd-sharing[1389]: Failed to stop rygel.service: GDBus.Error:org.freedesktop.systemd1.NoSuchUnit: Unit rygel.service not loaded.
[   11.336317] fedora gsd-keyboard[1379]: g_variant_unref: assertion 'value != NULL' failed
[   11.419817] fedora gsd-media-keys[1381]: Failed to grab accelerator for keybinding settings:playback-repeat
[   11.419824] fedora gsd-media-keys[1381]: Failed to grab accelerator for keybinding settings:hibernate
[   11.547961] fedora gsd-usb-protection[1397]: Failed to fetch USBGuard parameters: GDBus.Error:org.freedesktop.DBus.Error.ServiceUnknown: The name is not activatable
[   11.555471] fedora gnome-shell-calendar-server[1340]: e_cal_client_set_default_timezone: assertion 'zone != NULL' failed
[   11.560976] fedora gnome-shell-calendar-server[1340]: e_cal_client_set_default_timezone: assertion 'zone != NULL' failed
[   11.568624] fedora gnome-shell-calendar-server[1340]: e_cal_client_set_default_timezone: assertion 'zone != NULL' failed
[   11.570953] fedora gnome-shell-calendar-server[1340]: e_cal_client_set_default_timezone: assertion 'zone != NULL' failed
[   12.101696] fedora wireplumber[1818]: spa.bluez5: BlueZ system service is not available
[   12.185698] fedora colord[1316]: CdMain: failed to profile from filename: failed to load file: Error opening file /var/home/dsq-test/.local/share/icc/edid-bb6ad72dc802b000932c73ad20996ae5.icc: Permission denied
[   12.191222] fedora gnome-shell[1235]: Failed to create colord color profile icc-be888ad79a70c1fd4a9bf6303f53af24: failed to load file: Error opening file /var/home/dsq-test/.local/share/icc/edid-bb6ad72dc802b000932c73ad20996ae5.icc: Permission denied
[   12.428416] fedora gnome-keyring-daemon[1992]: discover_other_daemon: 1
[   14.401143] fedora avahi-daemon[853]: Missed message org.freedesktop.DBus.Properties::GetAll()
[   14.401866] fedora avahi-daemon[853]: Missed message org.freedesktop.DBus.Properties::GetAll()
[   14.114101] fedora chronyd[966]: System clock wrong by 1.740669 seconds
[   15.854913] fedora chronyd[966]: System clock was stepped by 1.740669 seconds
[   19.010892] fedora irqbalance[873]: Cannot change IRQ 25 affinity: Permission denied
[   19.010936] fedora irqbalance[873]: IRQ 25 affinity is now unmanaged
[   19.010957] fedora irqbalance[873]: Cannot change IRQ 28 affinity: Permission denied
[   19.010960] fedora irqbalance[873]: IRQ 28 affinity is now unmanaged
[   19.592433] fedora kernel: kauditd_printk_skb: 18 callbacks suppressed
[   29.010443] fedora irqbalance[873]: Cannot change IRQ 27 affinity: Permission denied
[   29.010465] fedora irqbalance[873]: IRQ 27 affinity is now unmanaged
[   87.345320] fedora gsd-media-keys[1381]: Virtual machines only honor the 'nothing' power-button-action, and will shutdown otherwise
[   87.392106] fedora localsearch-3[1526]: Owner of volume monitor org.gtk.vfs.GoaVolumeMonitor disconnected from the bus; removing drives/volumes/mounts
[   87.397555] fedora gnome-shell[1235]: Owner of volume monitor org.gtk.vfs.GoaVolumeMonitor disconnected from the bus; removing drives/volumes/mounts
[   87.401300] fedora gnome-shell[1235]: Owner of volume monitor org.gtk.vfs.UDisks2VolumeMonitor disconnected from the bus; removing drives/volumes/mounts
[   87.402739] fedora localsearch-3[1526]: Owner of volume monitor org.gtk.vfs.UDisks2VolumeMonitor disconnected from the bus; removing drives/volumes/mounts
[   87.476302] fedora gsd-media-keys[1381]: g_hash_table_size: assertion 'hash_table != NULL' failed
[   87.944304] fedora polkitd[967]: Error evaluating admin rules: Error: Helper was signaled with signal SIGTERM (15), stdout=`', stderr=`'
[   87.951834] fedora systemd[1]: sys-devices-virtual-misc-rfkill.device: Failed to enqueue SYSTEMD_WANTS job, ignoring: Transaction for systemd-rfkill.socket/start is destructive (shutdown.target has 'start' job queued, but 'stop' is included in transaction).
[   88.021932] fedora (udev-worker)[2345]: sr0: Process '/usr/sbin/pktsetup -i -d 11:0' failed with exit code 1.
[   88.025165] fedora gnome-shell[1235]: invalid (NULL) pointer instance
[   88.025176] fedora gnome-shell[1235]: g_signal_handler_disconnect: assertion 'G_TYPE_CHECK_INSTANCE (instance)' failed
[   88.028944] fedora dbus-broker-launch[827]: Activation request for 'org.freedesktop.ColorManager' failed.
[   88.224617] fedora dbus-broker-launch[827]: Activation request for 'org.freedesktop.nm_dispatcher' failed.
