[    1.882640] fedora kernel: virt/tdx: TDX not supported by the host platform
[    2.145515] fedora rpc.statd[412]: Failed to open directory sm: No such file or directory
[    2.145541] fedora rpc.statd[412]: Failed to create /var/lib/nfs/statd/.state.new: No such file or directory
[    2.148707] fedora rpc.idmapd[417]: Setting log level to 0
[    2.148881] fedora rpc.idmapd[417]: libnfsidmap: Unable to determine the NFSv4 domain; Using 'localdomain' as the NFSv4 domain which means UIDs will be mapped to the 'Nobody-User' user defined in /etc/idmapd.conf
[    3.099080] fedora rpc.idmapd[417]: exiting on signal 15
[    3.101140] fedora rpcbind[408]: cannot open file = /run/rpcbind/rpcbind.xdr for writing
[    3.101165] fedora rpcbind[408]: cannot save any registration
[    3.101174] fedora rpcbind[408]: cannot open file = /run/rpcbind/portmap.xdr for writing
[    3.101174] fedora rpcbind[408]: cannot save any registration
[    5.239039] fedora systemd-oomd[693]: No swap; memory pressure usage will be degraded
[    5.241593] fedora kernel: kauditd_printk_skb: 13 callbacks suppressed
[    5.605088] fedora (udev-worker)[719]: sr0: Process '/usr/sbin/pktsetup -i -d 11:0' failed with exit code 1.
[    5.830871] fedora sm-notify[777]: Failed to open sm: No such file or directory
[    5.830875] fedora sm-notify[777]: Failed to open directory sm.bak: No such file or directory
[    5.896043] fedora systemd-tmpfiles[779]: Failed to create directory or subvolume "/usr/local/sbin": Read-only file system
[    7.318446] fedora irqbalance[866]: thermal: failed to receive messages.
[    7.318939] fedora irqbalance[866]: Failed to initialize thermal events.
[    7.403206] fedora avahi-daemon[845]: WARNING: No NSS support for mDNS detected, consider installing nss-mdns!
[    7.518787] fedora systemd-logind[954]: Failed to open '/boot/loader/entries': Remote address changed
[    7.737877] fedora (udev-worker)[719]: sr0: Process '/usr/sbin/pktsetup -i -d 11:0' failed with exit code 1.
[    7.956812] fedora systemd-logind[954]: Failed to open '/boot/loader/entries': Remote address changed
[    8.068635] fedora systemd-logind[954]: Failed to open '/boot/loader/entries': Remote address changed
[    8.896602] fedora systemd-logind[954]: Failed to open '/boot/loader/entries': Remote address changed
[    8.969428] fedora gnome-shell[1180]: Could not issue 'GetUnit' systemd call
[    9.012022] fedora systemd-logind[954]: Failed to open '/boot/loader/entries': Remote address changed
[    9.049353] fedora systemd-logind[954]: Failed to open '/boot/loader/entries': Remote address changed
[    9.061987] fedora gsd-media-keys[1298]: Failed to grab accelerator for keybinding settings:playback-repeat
[    9.063483] fedora gsd-sharing[1310]: Failed to stop gnome-user-share-webdav.service: GDBus.Error:org.freedesktop.systemd1.NoSuchUnit: Unit gnome-user-share-webdav.service not loaded.
[    9.063542] fedora gsd-sharing[1310]: Failed to stop rygel.service: GDBus.Error:org.freedesktop.systemd1.NoSuchUnit: Unit rygel.service not loaded.
[    9.065454] fedora gsd-media-keys[1298]: Failed to grab accelerator for keybinding settings:hibernate
[    9.090576] fedora (bunny-first-boot)[1384]: bunny-first-boot.service: Failed to set up mount namespacing: /run/gdm/home/gnome-initial-setup/.config/bunny-os: No such file or directory
[    9.090597] fedora (bunny-first-boot)[1384]: bunny-first-boot.service: Failed at step NAMESPACE spawning /usr/libexec/bunny-first-boot: No such file or directory
[    9.093933] fedora systemd[1083]: bunny-first-boot.service: Failed with result 'exit-code'.
[    9.094152] fedora systemd[1083]: Failed to start bunny-first-boot.service - Bunny OS per-user first-boot preferences.
[    9.260171] fedora gsd-usb-protection[1313]: Failed to fetch USBGuard parameters: GDBus.Error:org.freedesktop.DBus.Error.ServiceUnknown: The name is not activatable
[    9.311792] fedora gnome-shell[1180]: Failed to record usage: GDBus.Error:org.freedesktop.MalcontentTimer1.Child.Error.IdentifyingUser: Error identifying user: Invalid or unknown user
[   10.167878] fedora wireplumber[1532]: spa.bluez5: BlueZ system service is not available
[   10.395364] fedora gnome-keyring-daemon[1646]: discover_other_daemon: 0
[   10.479982] fedora gnome-initial-setup[1388]: Could not read list of available locales from libc, guessing possible locales from available translations, but list may be incomplete!
[   10.662512] fedora kernel: kauditd_printk_skb: 137 callbacks suppressed
[   10.981420] fedora gnome-shell[1180]: Could not issue 'GetUnit' systemd call
[   11.016831] fedora gsd-xsettings[1696]: Failed to get current UI scaling factor: GDBus.Error:org.freedesktop.DBus.Error.NameHasNoOwner: Destination does not exist
[   11.197260] fedora chronyd[854]: System clock wrong by 1.545476 seconds
[   12.742908] fedora chronyd[854]: System clock was stepped by 1.545476 seconds
[   18.002320] fedora irqbalance[866]: Cannot change IRQ 25 affinity: Permission denied
[   18.002387] fedora irqbalance[866]: IRQ 25 affinity is now unmanaged
[   18.002457] fedora irqbalance[866]: Cannot change IRQ 28 affinity: Permission denied
[   18.002462] fedora irqbalance[866]: IRQ 28 affinity is now unmanaged
[   70.009529] fedora kernel: kauditd_printk_skb: 4 callbacks suppressed
[   78.010449] fedora irqbalance[866]: Cannot change IRQ 27 affinity: Permission denied
[   78.010521] fedora irqbalance[866]: IRQ 27 affinity is now unmanaged
[   84.463639] fedora gsd-media-keys[1298]: Virtual machines only honor the 'nothing' power-button-action, and will shutdown otherwise
[   84.556155] fedora gdm[1040]: Gdm: Failed to list cached users: GDBus.Error:org.freedesktop.DBus.Error.ServiceUnknown: The name is not activatable
[   84.603350] fedora systemd[1]: gdm.service: Failed with result 'exit-code'.
[   84.605058] fedora systemd[1]: gdm.service: Failed to enqueue OnFailure=plymouth-quit.service job, ignoring: Unit plymouth-quit.service not found.
[   84.627794] fedora gnome-shell[1180]: Connection to xwayland lost
[   84.631595] fedora gnome-shell[1180]: Could not issue 'GetUnit' systemd call
[   85.000669] fedora systemd[1]: sys-devices-virtual-misc-rfkill.device: Failed to enqueue SYSTEMD_WANTS job, ignoring: Transaction for systemd-rfkill.socket/start is destructive (shutdown.target has 'start' job queued, but 'stop' is included in transaction).
[   85.041045] fedora gnome-shell[1180]: Could not release device '/dev/input/event0' (13,64): GDBus.Error:org.freedesktop.DBus.Error.UnknownObject: Unknown object '/org/freedesktop/login1/session/c1'.
[   85.046687] fedora gnome-shell[1180]: Could not release device '/dev/input/event1' (13,65): GDBus.Error:org.freedesktop.DBus.Error.UnknownObject: Unknown object '/org/freedesktop/login1/session/c1'.
[   85.063732] fedora gnome-shell[1180]: Could not release device '/dev/input/event3' (13,67): GDBus.Error:org.freedesktop.DBus.Error.UnknownObject: Unknown object '/org/freedesktop/login1/session/c1'.
[   85.082748] fedora gnome-shell[1180]: Could not release device '/dev/input/event2' (13,66): GDBus.Error:org.freedesktop.DBus.Error.UnknownObject: Unknown object '/org/freedesktop/login1/session/c1'.
[   85.115422] fedora (udev-worker)[1782]: sr0: Process '/usr/sbin/pktsetup -i -d 11:0' failed with exit code 1.
[   85.117383] fedora gnome-shell[1180]: Could not release device '/dev/dri/card1' (226,1): GDBus.Error:org.freedesktop.DBus.Error.UnknownObject: Unknown object '/org/freedesktop/login1/session/c1'.
[   85.120346] fedora dbus-broker-launch[813]: Activation request for 'org.freedesktop.ColorManager' failed.
[   85.147437] fedora gnome-session-service[1174]: Failed to log out: Logout has been locked down
[  130.351207] fedora systemd[1083]: gnome-session-manager@gnome-initial-setup.service: State 'stop-sigterm' timed out. Aborting.
[  130.354498] fedora kernel: kauditd_printk_skb: 18 callbacks suppressed
[  130.361447] fedora systemd[1083]: gnome-session-manager@gnome-initial-setup.service: Main process exited, code=dumped, status=6/ABRT
[  130.376690] fedora systemd[1083]: gnome-session-manager@gnome-initial-setup.service: Failed with result 'timeout'.
[  130.390977] fedora gnome-session-ctl[1906]: Couldn't connect to session bus: Could not connect: Connection refused
[  130.510890] fedora dbus-broker-launch[813]: Activation request for 'org.freedesktop.nm_dispatcher' failed.
[  130.798748] fedora systemd-udevd[703]: Failed to remove file descriptor "config-serialization" from the store, ignoring: Connection refused
