[    1.899106] fedora kernel: virt/tdx: TDX not supported by the host platform
[    2.181073] fedora rpc.statd[413]: Failed to open directory sm: No such file or directory
[    2.181083] fedora rpc.statd[413]: Failed to create /var/lib/nfs/statd/.state.new: No such file or directory
[    2.184287] fedora rpc.idmapd[418]: Setting log level to 0
[    2.184516] fedora rpc.idmapd[418]: libnfsidmap: Unable to determine the NFSv4 domain; Using 'localdomain' as the NFSv4 domain which means UIDs will be mapped to the 'Nobody-User' user defined in /etc/idmapd.conf
[    3.110660] fedora rpc.idmapd[418]: exiting on signal 15
[    3.112878] fedora rpcbind[409]: cannot open file = /run/rpcbind/rpcbind.xdr for writing
[    3.112909] fedora rpcbind[409]: cannot save any registration
[    3.112919] fedora rpcbind[409]: cannot open file = /run/rpcbind/portmap.xdr for writing
[    3.112922] fedora rpcbind[409]: cannot save any registration
[    5.232349] fedora kernel: kauditd_printk_skb: 6 callbacks suppressed
[    5.372666] fedora systemd-oomd[697]: No swap; memory pressure usage will be degraded
[    5.700126] fedora (udev-worker)[710]: sr0: Process '/usr/sbin/pktsetup -i -d 11:0' failed with exit code 1.
[    5.939217] fedora sm-notify[780]: Failed to open sm: No such file or directory
[    5.939219] fedora sm-notify[780]: Failed to open directory sm.bak: No such file or directory
[    6.000239] fedora systemd-tmpfiles[782]: Failed to create directory or subvolume "/usr/local/sbin": Read-only file system
[    7.426788] fedora irqbalance[866]: thermal: failed to receive messages.
[    7.426817] fedora irqbalance[866]: Failed to initialize thermal events.
[    7.508535] fedora avahi-daemon[844]: WARNING: No NSS support for mDNS detected, consider installing nss-mdns!
[    7.628632] fedora udisksd[907]: g_hash_table_contains: assertion 'hash_table != NULL' failed
[    7.631883] fedora systemd-logind[958]: Failed to open '/boot/loader/entries': Remote address changed
[    7.883717] fedora (udev-worker)[709]: sr0: Process '/usr/sbin/pktsetup -i -d 11:0' failed with exit code 1.
[    8.117758] fedora systemd-logind[958]: Failed to open '/boot/loader/entries': Remote address changed
[    8.219543] fedora systemd-logind[958]: Failed to open '/boot/loader/entries': Remote address changed
[    9.086800] fedora systemd-logind[958]: Failed to open '/boot/loader/entries': Remote address changed
[    9.168468] fedora gnome-shell[1183]: Could not issue 'GetUnit' systemd call
[    9.222981] fedora systemd-logind[958]: Failed to open '/boot/loader/entries': Remote address changed
[    9.259407] fedora systemd-logind[958]: Failed to open '/boot/loader/entries': Remote address changed
[    9.298737] fedora (bunny-first-boot)[1379]: bunny-first-boot.service: Failed to set up mount namespacing: /run/gdm/home/gnome-initial-setup/.config/bunny-os: No such file or directory
[    9.298760] fedora (bunny-first-boot)[1379]: bunny-first-boot.service: Failed at step NAMESPACE spawning /usr/libexec/bunny-first-boot: No such file or directory
[    9.301282] fedora systemd[1093]: bunny-first-boot.service: Failed with result 'exit-code'.
[    9.301638] fedora systemd[1093]: Failed to start bunny-first-boot.service - Bunny OS per-user first-boot preferences.
[    9.318680] fedora gsd-sharing[1302]: Failed to stop gnome-user-share-webdav.service: GDBus.Error:org.freedesktop.systemd1.NoSuchUnit: Unit gnome-user-share-webdav.service not loaded.
[    9.318702] fedora gsd-sharing[1302]: Failed to stop rygel.service: GDBus.Error:org.freedesktop.systemd1.NoSuchUnit: Unit rygel.service not loaded.
[    9.339516] fedora gsd-media-keys[1297]: Failed to grab accelerator for keybinding settings:playback-repeat
[    9.339527] fedora gsd-media-keys[1297]: Failed to grab accelerator for keybinding settings:hibernate
[    9.413715] fedora malcontent-timerd[1413]: mct_time_span_new: assertion 'start_time_secs < end_time_secs' failed
[    9.417120] fedora malcontent-timerd[1413]: mct_time_span_free: assertion 'self != NULL' failed
[    9.545872] fedora gsd-usb-protection[1305]: Failed to fetch USBGuard parameters: GDBus.Error:org.freedesktop.DBus.Error.ServiceUnknown: The name is not activatable
[    9.554234] fedora gnome-shell[1183]: Failed to record usage: GDBus.Error:org.freedesktop.MalcontentTimer1.Child.Error.IdentifyingUser: Error identifying user: Invalid or unknown user
[    9.714518] fedora wireplumber[1530]: spa.bluez5: BlueZ system service is not available
[    9.951216] fedora gnome-keyring-daemon[1631]: discover_other_daemon: 0
[   10.028378] fedora gnome-initial-setup[1381]: Could not read list of available locales from libc, guessing possible locales from available translations, but list may be incomplete!
[   10.250284] fedora kernel: kauditd_printk_skb: 145 callbacks suppressed
[   10.534078] fedora gnome-shell[1183]: Could not issue 'GetUnit' systemd call
[   10.576707] fedora gsd-xsettings[1681]: Failed to get current UI scaling factor: GDBus.Error:org.freedesktop.DBus.Error.NameHasNoOwner: Destination does not exist
[   10.404376] fedora chronyd[853]: System clock wrong by 2.396391 seconds
[   12.800842] fedora chronyd[853]: System clock was stepped by 2.396391 seconds
[   18.010433] fedora irqbalance[866]: Cannot change IRQ 25 affinity: Permission denied
[   18.010465] fedora irqbalance[866]: IRQ 25 affinity is now unmanaged
[   18.010481] fedora irqbalance[866]: Cannot change IRQ 28 affinity: Permission denied
[   18.010482] fedora irqbalance[866]: IRQ 28 affinity is now unmanaged
[   48.006780] fedora irqbalance[866]: Cannot change IRQ 27 affinity: Permission denied
[   48.006789] fedora irqbalance[866]: IRQ 27 affinity is now unmanaged
[   70.009291] fedora kernel: kauditd_printk_skb: 4 callbacks suppressed
[   85.469318] fedora gsd-media-keys[1297]: Virtual machines only honor the 'nothing' power-button-action, and will shutdown otherwise
[   85.639450] fedora gnome-shell[1183]: Connection to xwayland lost
[   85.645704] fedora gnome-shell[1183]: Could not issue 'GetUnit' systemd call
[   85.984616] fedora dbus-broker-launch[816]: Activation request for 'org.freedesktop.Accounts' failed.
[   85.984783] fedora gdm[1045]: Gdm: Failed to list cached users: GDBus.Error:org.freedesktop.DBus.Error.NameHasNoOwner: Could not activate remote peer 'org.freedesktop.Accounts': activation request failed: unit is invalid
[   85.985900] fedora systemd[1]: gdm.service: Failed with result 'exit-code'.
[   85.987506] fedora systemd[1]: gdm.service: Failed to enqueue OnFailure=plymouth-quit.service job, ignoring: Unit plymouth-quit.service not found.
[   86.042337] fedora systemd[1]: sys-devices-virtual-misc-rfkill.device: Failed to enqueue SYSTEMD_WANTS job, ignoring: Transaction for systemd-rfkill.socket/start is destructive (shutdown.target has 'start' job queued, but 'stop' is included in transaction).
[   86.043284] fedora gnome-shell[1183]: Could not release device '/dev/input/event0' (13,64): GDBus.Error:org.freedesktop.DBus.Error.UnknownObject: Unknown object '/org/freedesktop/login1/session/c1'.
[   86.046482] fedora gnome-shell[1183]: Could not release device '/dev/input/event1' (13,65): GDBus.Error:org.freedesktop.DBus.Error.UnknownObject: Unknown object '/org/freedesktop/login1/session/c1'.
[   86.050508] fedora gnome-shell[1183]: Could not release device '/dev/input/event3' (13,67): GDBus.Error:org.freedesktop.DBus.Error.UnknownObject: Unknown object '/org/freedesktop/login1/session/c1'.
[   86.059221] fedora gnome-shell[1183]: Could not release device '/dev/input/event2' (13,66): GDBus.Error:org.freedesktop.DBus.Error.UnknownObject: Unknown object '/org/freedesktop/login1/session/c1'.
[   86.070786] fedora (udev-worker)[1879]: sr0: Process '/usr/sbin/pktsetup -i -d 11:0' failed with exit code 1.
[   86.077639] fedora gnome-shell[1183]: Could not release device '/dev/dri/card1' (226,1): GDBus.Error:org.freedesktop.DBus.Error.UnknownObject: Unknown object '/org/freedesktop/login1/session/c1'.
[   86.078690] fedora dbus-broker-launch[816]: Activation request for 'org.freedesktop.ColorManager' failed.
[   86.124809] fedora gnome-session-service[1177]: Failed to log out: Logout has been locked down
[  131.230252] fedora systemd[1093]: gnome-session-manager@gnome-initial-setup.service: State 'stop-sigterm' timed out. Aborting.
[  131.233317] fedora kernel: kauditd_printk_skb: 18 callbacks suppressed
[  131.243331] fedora systemd[1093]: gnome-session-manager@gnome-initial-setup.service: Main process exited, code=dumped, status=6/ABRT
[  131.257211] fedora systemd[1093]: gnome-session-manager@gnome-initial-setup.service: Failed with result 'timeout'.
[  131.270855] fedora gnome-session-ctl[1917]: Couldn't connect to session bus: Could not connect: Connection refused
[  131.415408] fedora dbus-broker-launch[816]: Activation request for 'org.freedesktop.nm_dispatcher' failed.
[  131.683367] fedora systemd-udevd[707]: Failed to remove file descriptor "config-serialization" from the store, ignoring: Connection refused
