[    7.330439] fedora systemd[1]: Listening on avahi-daemon.socket - Avahi mDNS/DNS-SD Stack Activation Socket.
[    7.410458] fedora systemd[1]: Starting avahi-daemon.service - Avahi mDNS/DNS-SD Stack...
[    7.636773] fedora avahi-daemon[838]: Found user 'avahi' (UID 70) and group 'avahi' (GID 70).
[    7.638426] fedora avahi-daemon[838]: Successfully dropped root privileges.
[    7.638677] fedora avahi-daemon[838]: avahi-daemon 0.8 starting up.
[    7.638836] fedora avahi-daemon[838]: WARNING: No NSS support for mDNS detected, consider installing nss-mdns!
[    7.640420] fedora avahi-daemon[838]: Successfully called chroot().
[    7.640426] fedora avahi-daemon[838]: Successfully dropped remaining capabilities.
[    7.640990] fedora avahi-daemon[838]: No service file found in /etc/avahi/services.
[    7.641707] fedora avahi-daemon[838]: Joining mDNS multicast group on interface lo.IPv6 with address ::1.
[    7.641717] fedora avahi-daemon[838]: New relevant interface lo.IPv6 for mDNS.
[    7.641719] fedora avahi-daemon[838]: Joining mDNS multicast group on interface lo.IPv4 with address 127.0.0.1.
[    7.641725] fedora avahi-daemon[838]: New relevant interface lo.IPv4 for mDNS.
[    7.641726] fedora avahi-daemon[838]: Network interface enumeration completed.
[    7.641730] fedora avahi-daemon[838]: Registering new address record for ::1 on lo.*.
[    7.641746] fedora avahi-daemon[838]: Registering new address record for 127.0.0.1 on lo.IPv4.
[    7.645704] fedora systemd[1]: Started avahi-daemon.service - Avahi mDNS/DNS-SD Stack.
[    8.531156] fedora avahi-daemon[838]: Server startup complete. Host name is fedora.local. Local service cookie is 1184431993.
[   84.557753] fedora avahi-daemon[838]: Got SIGTERM, quitting.
[   84.557847] fedora avahi-daemon[838]: Leaving mDNS multicast group on interface lo.IPv6 with address ::1.
[   84.557944] fedora avahi-daemon[838]: Leaving mDNS multicast group on interface lo.IPv4 with address 127.0.0.1.
[   84.597691] fedora avahi-daemon[838]: avahi-daemon 0.8 exiting.
[   84.544711] fedora systemd[1]: Stopping avahi-daemon.service - Avahi mDNS/DNS-SD Stack...
[   84.603518] fedora systemd[1]: avahi-daemon.service: Deactivated successfully.
[   84.606517] fedora systemd[1]: Stopped avahi-daemon.service - Avahi mDNS/DNS-SD Stack.
[  130.439706] fedora systemd[1]: avahi-daemon.socket: Deactivated successfully.
[  130.439850] fedora systemd[1]: Closed avahi-daemon.socket - Avahi mDNS/DNS-SD Stack Activation Socket.
