[    1.913150] fedora kernel: virt/tdx: TDX not supported by the host platform
[    2.190656] fedora rpc.statd[409]: Failed to open directory sm: No such file or directory
[    2.190683] fedora rpc.statd[409]: Failed to create /var/lib/nfs/statd/.state.new: No such file or directory
[    2.194358] fedora rpc.idmapd[414]: Setting log level to 0
[    2.194540] fedora rpc.idmapd[414]: libnfsidmap: Unable to determine the NFSv4 domain; Using 'localdomain' as the NFSv4 domain which means UIDs will be mapped to the 'Nobody-User' user defined in /etc/idmapd.conf
[    3.132994] fedora rpc.idmapd[414]: exiting on signal 15
[    3.135392] fedora rpcbind[405]: cannot open file = /run/rpcbind/rpcbind.xdr for writing
[    3.135417] fedora rpcbind[405]: cannot save any registration
[    3.135424] fedora rpcbind[405]: cannot open file = /run/rpcbind/portmap.xdr for writing
[    3.135425] fedora rpcbind[405]: cannot save any registration
[    5.227185] fedora kernel: kauditd_printk_skb: 6 callbacks suppressed
[    5.357416] fedora systemd-oomd[691]: No swap; memory pressure usage will be degraded
[    5.726409] fedora (udev-worker)[710]: sr0: Process '/usr/sbin/pktsetup -i -d 11:0' failed with exit code 1.
[    5.945716] fedora sm-notify[776]: Failed to open sm: No such file or directory
[    5.945719] fedora sm-notify[776]: Failed to open directory sm.bak: No such file or directory
[    6.014460] fedora systemd-tmpfiles[778]: Failed to create directory or subvolume "/usr/local/sbin": Read-only file system
[    7.345312] fedora irqbalance[861]: thermal: failed to receive messages.
[    7.346547] fedora irqbalance[861]: Failed to initialize thermal events.
[    7.433498] fedora avahi-daemon[841]: WARNING: No NSS support for mDNS detected, consider installing nss-mdns!
[    7.578627] fedora systemd-logind[952]: Failed to open '/boot/loader/entries': Remote address changed
[    7.805508] fedora (udev-worker)[718]: sr0: Process '/usr/sbin/pktsetup -i -d 11:0' failed with exit code 1.
[    8.019097] fedora systemd-logind[952]: Failed to open '/boot/loader/entries': Remote address changed
[    8.111705] fedora systemd-logind[952]: Failed to open '/boot/loader/entries': Remote address changed
[    8.966708] fedora systemd-logind[952]: Failed to open '/boot/loader/entries': Remote address changed
[    9.043244] fedora gnome-shell[1177]: Could not issue 'GetUnit' systemd call
[    9.085112] fedora systemd-logind[952]: Failed to open '/boot/loader/entries': Remote address changed
[    9.140789] fedora gsd-sharing[1300]: Failed to stop gnome-user-share-webdav.service: GDBus.Error:org.freedesktop.systemd1.NoSuchUnit: Unit gnome-user-share-webdav.service not loaded.
[    9.141869] fedora gsd-sharing[1300]: Failed to stop rygel.service: GDBus.Error:org.freedesktop.systemd1.NoSuchUnit: Unit rygel.service not loaded.
[    9.146913] fedora systemd-logind[952]: Failed to open '/boot/loader/entries': Remote address changed
[    9.175796] fedora (bunny-first-boot)[1372]: bunny-first-boot.service: Failed to set up mount namespacing: /run/gdm/home/gnome-initial-setup/.config/bunny-os: No such file or directory
[    9.175824] fedora (bunny-first-boot)[1372]: bunny-first-boot.service: Failed at step NAMESPACE spawning /usr/libexec/bunny-first-boot: No such file or directory
[    9.177106] fedora gsd-media-keys[1294]: Failed to grab accelerator for keybinding settings:playback-repeat
[    9.177115] fedora gsd-media-keys[1294]: Failed to grab accelerator for keybinding settings:hibernate
[    9.178727] fedora systemd[1082]: bunny-first-boot.service: Failed with result 'exit-code'.
[    9.178923] fedora systemd[1082]: Failed to start bunny-first-boot.service - Bunny OS per-user first-boot preferences.
[    9.301175] fedora gnome-shell[1177]: Failed to record usage: GDBus.Error:org.freedesktop.MalcontentTimer1.Child.Error.IdentifyingUser: Error identifying user: Invalid or unknown user
[    9.302980] fedora gsd-usb-protection[1306]: Failed to fetch USBGuard parameters: GDBus.Error:org.freedesktop.DBus.Error.ServiceUnknown: The name is not activatable
[    9.409322] fedora wireplumber[1407]: spa.bluez5: BlueZ system service is not available
[    9.759680] fedora gnome-keyring-daemon[1623]: discover_other_daemon: 0
[    9.842391] fedora gnome-initial-setup[1378]: Could not read list of available locales from libc, guessing possible locales from available translations, but list may be incomplete!
[   10.345869] fedora gnome-shell[1177]: Could not issue 'GetUnit' systemd call
[   10.378935] fedora gsd-xsettings[1675]: Failed to get current UI scaling factor: GDBus.Error:org.freedesktop.DBus.Error.NameHasNoOwner: Destination does not exist
[   12.888450] fedora chronyd[850]: System clock wrong by 1.458125 seconds
[   14.346692] fedora chronyd[850]: System clock was stepped by 1.458125 seconds
[   17.818595] fedora kernel: kauditd_printk_skb: 148 callbacks suppressed
[   18.001717] fedora irqbalance[861]: Cannot change IRQ 25 affinity: Permission denied
[   18.001765] fedora irqbalance[861]: IRQ 25 affinity is now unmanaged
[   18.001786] fedora irqbalance[861]: Cannot change IRQ 28 affinity: Permission denied
[   18.001788] fedora irqbalance[861]: IRQ 28 affinity is now unmanaged
[   48.005160] fedora irqbalance[861]: Cannot change IRQ 27 affinity: Permission denied
[   48.005249] fedora irqbalance[861]: IRQ 27 affinity is now unmanaged
[   70.035902] fedora kernel: kauditd_printk_skb: 4 callbacks suppressed
[   84.443908] fedora gsd-media-keys[1294]: Virtual machines only honor the 'nothing' power-button-action, and will shutdown otherwise
[   84.521094] fedora gdm[1038]: Gdm: Failed to list cached users: GDBus.Error:org.freedesktop.DBus.Error.ServiceUnknown: The name is not activatable
[   84.588483] fedora systemd[1]: gdm.service: Failed with result 'exit-code'.
[   84.589994] fedora systemd[1]: gdm.service: Failed to enqueue OnFailure=plymouth-quit.service job, ignoring: Unit plymouth-quit.service not found.
[   84.598511] fedora gnome-shell[1177]: Connection to xwayland lost
[   84.603863] fedora gnome-shell[1177]: Could not issue 'GetUnit' systemd call
[   84.992555] fedora systemd[1]: sys-devices-virtual-misc-rfkill.device: Failed to enqueue SYSTEMD_WANTS job, ignoring: Transaction for systemd-rfkill.socket/start is destructive (poweroff.target has 'start' job queued, but 'stop' is included in transaction).
[   85.033638] fedora gnome-shell[1177]: Could not release device '/dev/input/event0' (13,64): GDBus.Error:org.freedesktop.DBus.Error.UnknownObject: Unknown object '/org/freedesktop/login1/session/c1'.
[   85.042630] fedora gnome-shell[1177]: Could not release device '/dev/input/event1' (13,65): GDBus.Error:org.freedesktop.DBus.Error.UnknownObject: Unknown object '/org/freedesktop/login1/session/c1'.
[   85.050659] fedora gnome-shell[1177]: Could not release device '/dev/input/event3' (13,67): GDBus.Error:org.freedesktop.DBus.Error.UnknownObject: Unknown object '/org/freedesktop/login1/session/c1'.
[   85.062678] fedora gnome-shell[1177]: Could not release device '/dev/input/event2' (13,66): GDBus.Error:org.freedesktop.DBus.Error.UnknownObject: Unknown object '/org/freedesktop/login1/session/c1'.
[   85.090713] fedora (udev-worker)[1884]: sr0: Process '/usr/sbin/pktsetup -i -d 11:0' failed with exit code 1.
[   85.095040] fedora gnome-shell[1177]: Could not release device '/dev/dri/card1' (226,1): GDBus.Error:org.freedesktop.DBus.Error.UnknownObject: Unknown object '/org/freedesktop/login1/session/c1'.
[   85.095189] fedora dbus-broker-launch[811]: Activation request for 'org.freedesktop.ColorManager' failed.
[   85.135488] fedora gnome-session-service[1170]: Failed to log out: Logout has been locked down
[  130.181916] fedora systemd[1082]: gnome-session-manager@gnome-initial-setup.service: State 'stop-sigterm' timed out. Aborting.
[  130.183879] fedora kernel: kauditd_printk_skb: 18 callbacks suppressed
[  130.190698] fedora systemd[1082]: gnome-session-manager@gnome-initial-setup.service: Main process exited, code=dumped, status=6/ABRT
[  130.202843] fedora systemd[1082]: gnome-session-manager@gnome-initial-setup.service: Failed with result 'timeout'.
[  130.230429] fedora gnome-session-ctl[1914]: Couldn't connect to session bus: Could not connect: Connection refused
[  130.340958] fedora dbus-broker-launch[811]: Activation request for 'org.freedesktop.nm_dispatcher' failed.
