[    1.918614] fedora kernel: virt/tdx: TDX not supported by the host platform
[    2.176996] fedora rpc.statd[410]: Failed to open directory sm: No such file or directory
[    2.177050] fedora rpc.statd[410]: Failed to create /var/lib/nfs/statd/.state.new: No such file or directory
[    2.180335] fedora rpc.idmapd[415]: Setting log level to 0
[    2.180518] fedora rpc.idmapd[415]: libnfsidmap: Unable to determine the NFSv4 domain; Using 'localdomain' as the NFSv4 domain which means UIDs will be mapped to the 'Nobody-User' user defined in /etc/idmapd.conf
[    3.133698] fedora rpc.idmapd[415]: exiting on signal 15
[    3.136165] fedora rpcbind[406]: cannot open file = /run/rpcbind/rpcbind.xdr for writing
[    3.136195] fedora rpcbind[406]: cannot save any registration
[    3.136204] fedora rpcbind[406]: cannot open file = /run/rpcbind/portmap.xdr for writing
[    3.136207] fedora rpcbind[406]: cannot save any registration
[    5.209627] fedora kernel: kauditd_printk_skb: 5 callbacks suppressed
[    5.392858] fedora systemd-oomd[692]: No swap; memory pressure usage will be degraded
[    5.750078] fedora (udev-worker)[710]: sr0: Process '/usr/sbin/pktsetup -i -d 11:0' failed with exit code 1.
[    5.944727] fedora sm-notify[774]: Failed to open sm: No such file or directory
[    5.944730] fedora sm-notify[774]: Failed to open directory sm.bak: No such file or directory
[    6.013628] fedora systemd-tmpfiles[776]: Failed to create directory or subvolume "/usr/local/sbin": Read-only file system
[    7.416244] fedora irqbalance[860]: thermal: failed to receive messages.
[    7.421196] fedora irqbalance[860]: Failed to initialize thermal events.
[    7.499477] fedora avahi-daemon[839]: WARNING: No NSS support for mDNS detected, consider installing nss-mdns!
[    7.635536] fedora systemd-logind[952]: Failed to open '/boot/loader/entries': Remote address changed
[    7.866967] fedora (udev-worker)[706]: sr0: Process '/usr/sbin/pktsetup -i -d 11:0' failed with exit code 1.
[    8.084855] fedora systemd-logind[952]: Failed to open '/boot/loader/entries': Remote address changed
[    8.187403] fedora systemd-logind[952]: Failed to open '/boot/loader/entries': Remote address changed
[    9.043603] fedora systemd-logind[952]: Failed to open '/boot/loader/entries': Remote address changed
[    9.122187] fedora gnome-shell[1176]: Could not issue 'GetUnit' systemd call
[    9.189299] fedora systemd-logind[952]: Failed to open '/boot/loader/entries': Remote address changed
[    9.204238] fedora gsd-sharing[1301]: Failed to stop gnome-user-share-webdav.service: GDBus.Error:org.freedesktop.systemd1.NoSuchUnit: Unit gnome-user-share-webdav.service not loaded.
[    9.204259] fedora gsd-sharing[1301]: Failed to stop rygel.service: GDBus.Error:org.freedesktop.systemd1.NoSuchUnit: Unit rygel.service not loaded.
[    9.207821] fedora systemd-logind[952]: Failed to open '/boot/loader/entries': Remote address changed
[    9.243127] fedora (bunny-first-boot)[1367]: bunny-first-boot.service: Failed to set up mount namespacing: /run/gdm/home/gnome-initial-setup/.config/bunny-os: No such file or directory
[    9.243146] fedora (bunny-first-boot)[1367]: bunny-first-boot.service: Failed at step NAMESPACE spawning /usr/libexec/bunny-first-boot: No such file or directory
[    9.244857] fedora systemd[1105]: bunny-first-boot.service: Failed with result 'exit-code'.
[    9.245152] fedora systemd[1105]: Failed to start bunny-first-boot.service - Bunny OS per-user first-boot preferences.
[    9.431340] fedora gsd-usb-protection[1311]: Failed to fetch USBGuard parameters: GDBus.Error:org.freedesktop.DBus.Error.ServiceUnknown: The name is not activatable
[    9.442390] fedora gsd-media-keys[1293]: Failed to grab accelerator for keybinding settings:playback-repeat
[    9.443234] fedora gsd-media-keys[1293]: Failed to grab accelerator for keybinding settings:hibernate
[    9.562362] fedora gnome-shell[1176]: Failed to record usage: GDBus.Error:org.freedesktop.MalcontentTimer1.Child.Error.IdentifyingUser: Error identifying user: Invalid or unknown user
[    9.659420] fedora wireplumber[1526]: spa.bluez5: BlueZ system service is not available
[    9.882790] fedora gnome-keyring-daemon[1634]: discover_other_daemon: 0
[    9.968237] fedora gnome-initial-setup[1370]: Could not read list of available locales from libc, guessing possible locales from available translations, but list may be incomplete!
[   10.483594] fedora gnome-shell[1176]: Could not issue 'GetUnit' systemd call
[   10.517544] fedora gsd-xsettings[1688]: Failed to get current UI scaling factor: GDBus.Error:org.freedesktop.DBus.Error.NameHasNoOwner: Destination does not exist
[    9.276345] fedora chronyd[852]: System clock wrong by 3.587442 seconds
[   12.863865] fedora chronyd[852]: System clock was stepped by 3.587442 seconds
[   17.857756] fedora kernel: kauditd_printk_skb: 149 callbacks suppressed
[   18.001773] fedora irqbalance[860]: Cannot change IRQ 25 affinity: Permission denied
[   18.001848] fedora irqbalance[860]: IRQ 25 affinity is now unmanaged
[   18.001875] fedora irqbalance[860]: Cannot change IRQ 28 affinity: Permission denied
[   18.001879] fedora irqbalance[860]: IRQ 28 affinity is now unmanaged
[   70.034839] fedora kernel: kauditd_printk_skb: 4 callbacks suppressed
[   85.195610] fedora gsd-media-keys[1293]: Virtual machines only honor the 'nothing' power-button-action, and will shutdown otherwise
[   85.352824] fedora gnome-shell[1176]: Connection to xwayland lost
[   85.357759] fedora gnome-shell[1176]: Could not issue 'GetUnit' systemd call
[   85.716789] fedora systemd[1]: sys-devices-virtual-misc-rfkill.device: Failed to enqueue SYSTEMD_WANTS job, ignoring: Transaction for systemd-rfkill.socket/start is destructive (systemd-poweroff.service has 'start' job queued, but 'stop' is included in transaction).
[   85.744711] fedora gnome-shell[1176]: Could not release device '/dev/input/event0' (13,64): GDBus.Error:org.freedesktop.DBus.Error.UnknownObject: Unknown object '/org/freedesktop/login1/session/c1'.
[   85.749825] fedora gnome-shell[1176]: Could not release device '/dev/input/event1' (13,65): GDBus.Error:org.freedesktop.DBus.Error.UnknownObject: Unknown object '/org/freedesktop/login1/session/c1'.
[   85.758623] fedora gnome-shell[1176]: Could not release device '/dev/input/event3' (13,67): GDBus.Error:org.freedesktop.DBus.Error.UnknownObject: Unknown object '/org/freedesktop/login1/session/c1'.
[   85.775854] fedora gnome-shell[1176]: Could not release device '/dev/input/event2' (13,66): GDBus.Error:org.freedesktop.DBus.Error.UnknownObject: Unknown object '/org/freedesktop/login1/session/c1'.
[   85.808080] fedora gnome-shell[1176]: Could not release device '/dev/dri/card1' (226,1): GDBus.Error:org.freedesktop.DBus.Error.UnknownObject: Unknown object '/org/freedesktop/login1/session/c1'.
[   85.809573] fedora dbus-broker-launch[811]: Activation request for 'org.freedesktop.ColorManager' failed.
[   85.812783] fedora (udev-worker)[1784]: sr0: Process '/usr/sbin/pktsetup -i -d 11:0' failed with exit code 1.
[   85.847957] fedora gnome-session-service[1170]: Failed to log out: Logout has been locked down
[  131.050245] fedora systemd[1105]: gnome-session-manager@gnome-initial-setup.service: State 'stop-sigterm' timed out. Aborting.
[  131.053251] fedora kernel: kauditd_printk_skb: 16 callbacks suppressed
[  131.060942] fedora systemd[1105]: gnome-session-manager@gnome-initial-setup.service: Main process exited, code=dumped, status=6/ABRT
[  131.075031] fedora systemd[1105]: gnome-session-manager@gnome-initial-setup.service: Failed with result 'timeout'.
[  131.091583] fedora gnome-session-ctl[1908]: Couldn't connect to session bus: Could not connect: Connection refused
[  131.234712] fedora dbus-broker-launch[811]: Activation request for 'org.freedesktop.nm_dispatcher' failed.
[  131.504651] fedora systemd-udevd[701]: Failed to remove file descriptor "config-serialization" from the store, ignoring: Connection refused
