[    1.877650] fedora kernel: virt/tdx: TDX not supported by the host platform
[    2.154213] fedora rpc.statd[410]: Failed to open directory sm: No such file or directory
[    2.154240] fedora rpc.statd[410]: Failed to create /var/lib/nfs/statd/.state.new: No such file or directory
[    2.157587] fedora rpc.idmapd[415]: Setting log level to 0
[    2.157771] fedora rpc.idmapd[415]: libnfsidmap: Unable to determine the NFSv4 domain; Using 'localdomain' as the NFSv4 domain which means UIDs will be mapped to the 'Nobody-User' user defined in /etc/idmapd.conf
[    3.095179] fedora rpc.idmapd[415]: exiting on signal 15
[    3.097338] fedora rpcbind[406]: cannot open file = /run/rpcbind/rpcbind.xdr for writing
[    3.097360] fedora rpcbind[406]: cannot save any registration
[    3.097368] fedora rpcbind[406]: cannot open file = /run/rpcbind/portmap.xdr for writing
[    3.097369] fedora rpcbind[406]: cannot save any registration
[    5.252395] fedora kernel: kauditd_printk_skb: 8 callbacks suppressed
[    5.295489] fedora systemd-oomd[691]: No swap; memory pressure usage will be degraded
[    5.658885] fedora (udev-worker)[722]: sr0: Process '/usr/sbin/pktsetup -i -d 11:0' failed with exit code 1.
[    5.891548] fedora sm-notify[774]: Failed to open sm: No such file or directory
[    5.891589] fedora sm-notify[774]: Failed to open directory sm.bak: No such file or directory
[    5.942985] fedora systemd-tmpfiles[776]: Failed to create directory or subvolume "/usr/local/sbin": Read-only file system
[    7.294567] fedora irqbalance[859]: thermal: failed to receive messages.
[    7.296215] fedora irqbalance[859]: Failed to initialize thermal events.
[    7.391940] fedora avahi-daemon[839]: WARNING: No NSS support for mDNS detected, consider installing nss-mdns!
[    7.519941] fedora systemd-logind[939]: Failed to open '/boot/loader/entries': Remote address changed
[    7.730112] fedora (udev-worker)[708]: sr0: Process '/usr/sbin/pktsetup -i -d 11:0' failed with exit code 1.
[    7.978551] fedora systemd-logind[939]: Failed to open '/boot/loader/entries': Remote address changed
[    8.073049] fedora systemd-logind[939]: Failed to open '/boot/loader/entries': Remote address changed
[    8.940452] fedora systemd-logind[939]: Failed to open '/boot/loader/entries': Remote address changed
[    9.014816] fedora gnome-shell[1176]: Could not issue 'GetUnit' systemd call
[    9.088154] fedora systemd-logind[939]: Failed to open '/boot/loader/entries': Remote address changed
[    9.091067] fedora systemd-logind[939]: Failed to open '/boot/loader/entries': Remote address changed
[    9.111374] fedora gsd-sharing[1298]: Failed to stop gnome-user-share-webdav.service: GDBus.Error:org.freedesktop.systemd1.NoSuchUnit: Unit gnome-user-share-webdav.service not loaded.
[    9.115762] fedora gsd-sharing[1298]: Failed to stop rygel.service: GDBus.Error:org.freedesktop.systemd1.NoSuchUnit: Unit rygel.service not loaded.
[    9.133766] fedora (bunny-first-boot)[1378]: bunny-first-boot.service: Failed to set up mount namespacing: /run/gdm/home/gnome-initial-setup/.config/bunny-os: No such file or directory
[    9.134627] fedora (bunny-first-boot)[1378]: bunny-first-boot.service: Failed at step NAMESPACE spawning /usr/libexec/bunny-first-boot: No such file or directory
[    9.136566] fedora systemd[1088]: bunny-first-boot.service: Failed with result 'exit-code'.
[    9.136773] fedora systemd[1088]: Failed to start bunny-first-boot.service - Bunny OS per-user first-boot preferences.
[    9.295727] fedora gsd-media-keys[1294]: Failed to grab accelerator for keybinding settings:playback-repeat
[    9.295735] fedora gsd-media-keys[1294]: Failed to grab accelerator for keybinding settings:hibernate
[    9.306581] fedora gsd-usb-protection[1300]: Failed to fetch USBGuard parameters: GDBus.Error:org.freedesktop.DBus.Error.ServiceUnknown: The name is not activatable
[    9.398734] fedora gnome-shell[1176]: Failed to record usage: GDBus.Error:org.freedesktop.MalcontentTimer1.Child.Error.IdentifyingUser: Error identifying user: Invalid or unknown user
[    9.502865] fedora wireplumber[1523]: spa.bluez5: BlueZ system service is not available
[    9.738175] fedora gnome-keyring-daemon[1637]: discover_other_daemon: 0
[    9.827653] fedora gnome-initial-setup[1380]: Could not read list of available locales from libc, guessing possible locales from available translations, but list may be incomplete!
[   10.320442] fedora gnome-shell[1176]: Could not issue 'GetUnit' systemd call
[   10.350837] fedora gsd-xsettings[1698]: Failed to get current UI scaling factor: GDBus.Error:org.freedesktop.DBus.Error.NameHasNoOwner: Destination does not exist
[   10.696363] fedora chronyd[847]: System clock wrong by 2.001415 seconds
[   12.698096] fedora chronyd[847]: System clock was stepped by 2.001415 seconds
[   17.743957] fedora kernel: kauditd_printk_skb: 144 callbacks suppressed
[   18.018492] fedora irqbalance[859]: Cannot change IRQ 25 affinity: Permission denied
[   18.018679] fedora irqbalance[859]: IRQ 25 affinity is now unmanaged
[   18.018957] fedora irqbalance[859]: Cannot change IRQ 28 affinity: Permission denied
[   18.018964] fedora irqbalance[859]: IRQ 28 affinity is now unmanaged
[   38.004473] fedora irqbalance[859]: Cannot change IRQ 27 affinity: Permission denied
[   38.004528] fedora irqbalance[859]: IRQ 27 affinity is now unmanaged
[   70.029069] fedora kernel: kauditd_printk_skb: 4 callbacks suppressed
[   85.805914] fedora gsd-media-keys[1294]: Virtual machines only honor the 'nothing' power-button-action, and will shutdown otherwise
[   85.966768] fedora gnome-shell[1176]: Connection to xwayland lost
[   85.972460] fedora gnome-shell[1176]: Could not issue 'GetUnit' systemd call
[   86.326103] fedora dbus-broker-launch[809]: Activation request for 'org.freedesktop.Accounts' failed.
[   86.326313] fedora gdm[1033]: Gdm: Failed to list cached users: GDBus.Error:org.freedesktop.DBus.Error.NameHasNoOwner: Could not activate remote peer 'org.freedesktop.Accounts': activation request failed: unit is invalid
[   86.366345] fedora gnome-shell[1176]: Could not release device '/dev/input/event0' (13,64): GDBus.Error:org.freedesktop.DBus.Error.UnknownObject: Unknown object '/org/freedesktop/login1/session/c1'.
[   86.367268] fedora gnome-shell[1176]: Could not release device '/dev/input/event1' (13,65): GDBus.Error:org.freedesktop.DBus.Error.UnknownObject: Unknown object '/org/freedesktop/login1/session/c1'.
[   86.367850] fedora gnome-shell[1176]: Could not release device '/dev/input/event3' (13,67): GDBus.Error:org.freedesktop.DBus.Error.UnknownObject: Unknown object '/org/freedesktop/login1/session/c1'.
[   86.368169] fedora gnome-shell[1176]: Could not release device '/dev/input/event2' (13,66): GDBus.Error:org.freedesktop.DBus.Error.UnknownObject: Unknown object '/org/freedesktop/login1/session/c1'.
[   86.372800] fedora systemd[1]: gdm.service: Failed with result 'exit-code'.
[   86.374356] fedora systemd[1]: gdm.service: Failed to enqueue OnFailure=plymouth-quit.service job, ignoring: Unit plymouth-quit.service not found.
[   86.375885] fedora systemd[1]: sys-devices-virtual-misc-rfkill.device: Failed to enqueue SYSTEMD_WANTS job, ignoring: Transaction for systemd-rfkill.socket/start is destructive (shutdown.target has 'start' job queued, but 'stop' is included in transaction).
[   86.385111] fedora gnome-shell[1176]: Could not release device '/dev/dri/card1' (226,1): GDBus.Error:org.freedesktop.DBus.Error.UnknownObject: Unknown object '/org/freedesktop/login1/session/c1'.
[   86.392688] fedora dbus-broker-launch[809]: Activation request for 'org.freedesktop.ColorManager' failed.
[   86.405751] fedora (udev-worker)[1789]: sr0: Process '/usr/sbin/pktsetup -i -d 11:0' failed with exit code 1.
[   86.438797] fedora gnome-session-service[1170]: Failed to log out: Logout has been locked down
[  131.513746] fedora systemd[1088]: gnome-session-manager@gnome-initial-setup.service: State 'stop-sigterm' timed out. Aborting.
[  131.516096] fedora kernel: kauditd_printk_skb: 18 callbacks suppressed
[  131.523663] fedora systemd[1088]: gnome-session-manager@gnome-initial-setup.service: Main process exited, code=dumped, status=6/ABRT
[  131.537507] fedora systemd[1088]: gnome-session-manager@gnome-initial-setup.service: Failed with result 'timeout'.
[  131.550995] fedora gnome-session-ctl[1915]: Couldn't connect to session bus: Could not connect: Connection refused
[  131.680474] fedora dbus-broker-launch[809]: Activation request for 'org.freedesktop.nm_dispatcher' failed.
[  131.942399] fedora systemd-udevd[700]: Failed to remove file descriptor "config-serialization" from the store, ignoring: Connection refused
