[    1.835015] fedora kernel: virt/tdx: TDX not supported by the host platform
[    2.089875] fedora rpc.statd[409]: Failed to open directory sm: No such file or directory
[    2.089910] fedora rpc.statd[409]: Failed to create /var/lib/nfs/statd/.state.new: No such file or directory
[    2.092975] fedora rpc.idmapd[414]: Setting log level to 0
[    2.093190] fedora rpc.idmapd[414]: libnfsidmap: Unable to determine the NFSv4 domain; Using 'localdomain' as the NFSv4 domain which means UIDs will be mapped to the 'Nobody-User' user defined in /etc/idmapd.conf
[    3.039978] fedora rpc.idmapd[414]: exiting on signal 15
[    3.042084] fedora rpcbind[405]: cannot open file = /run/rpcbind/rpcbind.xdr for writing
[    3.042093] fedora rpcbind[405]: cannot save any registration
[    3.042100] fedora rpcbind[405]: cannot open file = /run/rpcbind/portmap.xdr for writing
[    3.042102] fedora rpcbind[405]: cannot save any registration
[    5.199184] fedora systemd-oomd[692]: No swap; memory pressure usage will be degraded
[    5.203916] fedora kernel: kauditd_printk_skb: 13 callbacks suppressed
[    5.552683] fedora (udev-worker)[705]: sr0: Process '/usr/sbin/pktsetup -i -d 11:0' failed with exit code 1.
[    5.783212] fedora sm-notify[775]: Failed to open sm: No such file or directory
[    5.783214] fedora sm-notify[775]: Failed to open directory sm.bak: No such file or directory
[    5.858117] fedora systemd-tmpfiles[777]: Failed to create directory or subvolume "/usr/local/sbin": Read-only file system
[    7.211623] fedora irqbalance[860]: thermal: failed to receive messages.
[    7.211669] fedora irqbalance[860]: Failed to initialize thermal events.
[    7.292944] fedora avahi-daemon[839]: WARNING: No NSS support for mDNS detected, consider installing nss-mdns!
[    7.455336] fedora systemd-logind[946]: Failed to open '/boot/loader/entries': Remote address changed
[    7.684289] fedora (udev-worker)[713]: sr0: Process '/usr/sbin/pktsetup -i -d 11:0' failed with exit code 1.
[    7.891475] fedora systemd-logind[946]: Failed to open '/boot/loader/entries': Remote address changed
[    7.986662] fedora systemd-logind[946]: Failed to open '/boot/loader/entries': Remote address changed
[    8.798299] fedora systemd-logind[946]: Failed to open '/boot/loader/entries': Remote address changed
[    8.866853] fedora gnome-shell[1178]: Could not issue 'GetUnit' systemd call
[    8.918754] fedora systemd-logind[946]: Failed to open '/boot/loader/entries': Remote address changed
[    8.944139] fedora systemd-logind[946]: Failed to open '/boot/loader/entries': Remote address changed
[    8.945537] fedora gsd-sharing[1296]: Failed to stop gnome-user-share-webdav.service: GDBus.Error:org.freedesktop.systemd1.NoSuchUnit: Unit gnome-user-share-webdav.service not loaded.
[    8.947876] fedora gsd-sharing[1296]: Failed to stop rygel.service: GDBus.Error:org.freedesktop.systemd1.NoSuchUnit: Unit rygel.service not loaded.
[    8.983262] fedora (bunny-first-boot)[1367]: bunny-first-boot.service: Failed to set up mount namespacing: /run/gdm/home/gnome-initial-setup/.config/bunny-os: No such file or directory
[    8.985444] fedora (bunny-first-boot)[1367]: bunny-first-boot.service: Failed at step NAMESPACE spawning /usr/libexec/bunny-first-boot: No such file or directory
[    8.996276] fedora systemd[1080]: bunny-first-boot.service: Failed with result 'exit-code'.
[    8.996632] fedora systemd[1080]: Failed to start bunny-first-boot.service - Bunny OS per-user first-boot preferences.
[    9.344222] fedora gsd-media-keys[1291]: Failed to grab accelerator for keybinding settings:hibernate
[    9.344233] fedora gsd-media-keys[1291]: Failed to grab accelerator for keybinding settings:playback-repeat
[    9.350599] fedora gsd-usb-protection[1301]: Failed to fetch USBGuard parameters: GDBus.Error:org.freedesktop.DBus.Error.ServiceUnknown: The name is not activatable
[    9.642471] fedora wireplumber[1406]: spa.bluez5: BlueZ system service is not available
[    9.777803] fedora gnome-shell[1178]: Failed to record usage: GDBus.Error:org.freedesktop.MalcontentTimer1.Child.Error.IdentifyingUser: Error identifying user: Invalid or unknown user
[   10.397263] fedora gnome-keyring-daemon[1627]: discover_other_daemon: 0
[   10.585526] fedora gnome-initial-setup[1368]: Could not read list of available locales from libc, guessing possible locales from available translations, but list may be incomplete!
[   10.777609] fedora kernel: kauditd_printk_skb: 135 callbacks suppressed
[   11.086404] fedora gnome-shell[1178]: Could not issue 'GetUnit' systemd call
[   11.122385] fedora gsd-xsettings[1679]: Failed to get current UI scaling factor: GDBus.Error:org.freedesktop.DBus.Error.NameHasNoOwner: Destination does not exist
[   12.618852] fedora chronyd[851]: System clock wrong by 1.452044 seconds
[   14.071072] fedora chronyd[851]: System clock was stepped by 1.452044 seconds
[   17.001371] fedora irqbalance[860]: Cannot change IRQ 25 affinity: Permission denied
[   17.001421] fedora irqbalance[860]: IRQ 25 affinity is now unmanaged
[   17.001445] fedora irqbalance[860]: Cannot change IRQ 28 affinity: Permission denied
[   17.001448] fedora irqbalance[860]: IRQ 28 affinity is now unmanaged
[   70.018347] fedora kernel: kauditd_printk_skb: 4 callbacks suppressed
[   84.596602] fedora gsd-media-keys[1291]: Virtual machines only honor the 'nothing' power-button-action, and will shutdown otherwise
[   84.751376] fedora gnome-shell[1178]: Connection to xwayland lost
[   84.756481] fedora gnome-shell[1178]: Could not issue 'GetUnit' systemd call
[   85.141396] fedora systemd[1]: sys-devices-virtual-misc-rfkill.device: Failed to enqueue SYSTEMD_WANTS job, ignoring: Transaction for systemd-rfkill.socket/start is destructive (shutdown.target has 'start' job queued, but 'stop' is included in transaction).
[   85.182948] fedora gnome-shell[1178]: Could not release device '/dev/input/event0' (13,64): GDBus.Error:org.freedesktop.DBus.Error.UnknownObject: Unknown object '/org/freedesktop/login1/session/c1'.
[   85.188546] fedora gnome-shell[1178]: Could not release device '/dev/input/event1' (13,65): GDBus.Error:org.freedesktop.DBus.Error.UnknownObject: Unknown object '/org/freedesktop/login1/session/c1'.
[   85.196525] fedora gnome-shell[1178]: Could not release device '/dev/input/event3' (13,67): GDBus.Error:org.freedesktop.DBus.Error.UnknownObject: Unknown object '/org/freedesktop/login1/session/c1'.
[   85.212588] fedora gnome-shell[1178]: Could not release device '/dev/input/event2' (13,66): GDBus.Error:org.freedesktop.DBus.Error.UnknownObject: Unknown object '/org/freedesktop/login1/session/c1'.
[   85.230084] fedora (udev-worker)[1869]: sr0: Process '/usr/sbin/pktsetup -i -d 11:0' failed with exit code 1.
[   85.243480] fedora gnome-shell[1178]: Could not release device '/dev/dri/card1' (226,1): GDBus.Error:org.freedesktop.DBus.Error.UnknownObject: Unknown object '/org/freedesktop/login1/session/c1'.
[   85.251110] fedora dbus-broker-launch[812]: Activation request for 'org.freedesktop.ColorManager' failed.
[   85.278819] fedora gnome-session-service[1172]: Failed to log out: Logout has been locked down
[  130.428357] fedora systemd[1080]: gnome-session-manager@gnome-initial-setup.service: State 'stop-sigterm' timed out. Aborting.
[  130.436837] fedora kernel: kauditd_printk_skb: 18 callbacks suppressed
[  130.438380] fedora systemd[1080]: gnome-session-manager@gnome-initial-setup.service: Main process exited, code=dumped, status=6/ABRT
[  130.453304] fedora systemd[1080]: gnome-session-manager@gnome-initial-setup.service: Failed with result 'timeout'.
[  130.464128] fedora gnome-session-ctl[1904]: Couldn't connect to session bus: Could not connect: Connection refused
[  130.602906] fedora dbus-broker-launch[812]: Activation request for 'org.freedesktop.nm_dispatcher' failed.
[  130.868826] fedora systemd-udevd[702]: Failed to remove file descriptor "config-serialization" from the store, ignoring: Connection refused
