[    1.888795] fedora kernel: virt/tdx: TDX not supported by the host platform
[    2.149209] fedora rpc.statd[410]: Failed to open directory sm: No such file or directory
[    2.149233] fedora rpc.statd[410]: Failed to create /var/lib/nfs/statd/.state.new: No such file or directory
[    2.152486] fedora rpc.idmapd[415]: Setting log level to 0
[    2.152682] fedora rpc.idmapd[415]: libnfsidmap: Unable to determine the NFSv4 domain; Using 'localdomain' as the NFSv4 domain which means UIDs will be mapped to the 'Nobody-User' user defined in /etc/idmapd.conf
[    3.083093] fedora rpc.idmapd[415]: exiting on signal 15
[    3.084874] fedora rpcbind[406]: cannot open file = /run/rpcbind/rpcbind.xdr for writing
[    3.084901] fedora rpcbind[406]: cannot save any registration
[    3.084910] fedora rpcbind[406]: cannot open file = /run/rpcbind/portmap.xdr for writing
[    3.084912] fedora rpcbind[406]: cannot save any registration
[    5.269227] fedora kernel: kauditd_printk_skb: 8 callbacks suppressed
[    5.313944] fedora systemd-oomd[692]: No swap; memory pressure usage will be degraded
[    5.701251] fedora (udev-worker)[725]: sr0: Process '/usr/sbin/pktsetup -i -d 11:0' failed with exit code 1.
[    5.870983] fedora sm-notify[774]: Failed to open sm: No such file or directory
[    5.870993] fedora sm-notify[774]: Failed to open directory sm.bak: No such file or directory
[    5.962206] fedora systemd-tmpfiles[781]: Failed to create directory or subvolume "/usr/local/sbin": Read-only file system
[    7.507241] fedora irqbalance[866]: thermal: failed to receive messages.
[    7.508064] fedora irqbalance[866]: Failed to initialize thermal events.
[    7.589367] fedora avahi-daemon[841]: WARNING: No NSS support for mDNS detected, consider installing nss-mdns!
[    7.721051] fedora systemd-logind[941]: Failed to open '/boot/loader/entries': Remote address changed
[    8.429945] fedora (udev-worker)[725]: sr0: Process '/usr/sbin/pktsetup -i -d 11:0' failed with exit code 1.
[    8.672118] fedora systemd-logind[941]: Failed to open '/boot/loader/entries': Remote address changed
[    8.774158] fedora systemd-logind[941]: Failed to open '/boot/loader/entries': Remote address changed
[   10.746921] fedora kernel: kauditd_printk_skb: 131 callbacks suppressed
[   10.947790] fedora systemd-logind[941]: Failed to open '/boot/loader/entries': Remote address changed
[   11.026657] fedora gnome-shell[1179]: Could not issue 'GetUnit' systemd call
[   11.078957] fedora systemd-logind[941]: Failed to open '/boot/loader/entries': Remote address changed
[   11.105173] fedora systemd-logind[941]: Failed to open '/boot/loader/entries': Remote address changed
[   11.152370] fedora gsd-sharing[1303]: Failed to stop gnome-user-share-webdav.service: GDBus.Error:org.freedesktop.systemd1.NoSuchUnit: Unit gnome-user-share-webdav.service not loaded.
[   11.152385] fedora gsd-sharing[1303]: Failed to stop rygel.service: GDBus.Error:org.freedesktop.systemd1.NoSuchUnit: Unit rygel.service not loaded.
[   11.160704] fedora (bunny-first-boot)[1377]: bunny-first-boot.service: Failed to set up mount namespacing: /run/gdm/home/gnome-initial-setup/.config/bunny-os: No such file or directory
[   11.160806] fedora (bunny-first-boot)[1377]: bunny-first-boot.service: Failed at step NAMESPACE spawning /usr/libexec/bunny-first-boot: No such file or directory
[   11.165527] fedora systemd[1118]: bunny-first-boot.service: Failed with result 'exit-code'.
[   11.165833] fedora systemd[1118]: Failed to start bunny-first-boot.service - Bunny OS per-user first-boot preferences.
[   11.231548] fedora gsd-media-keys[1296]: Failed to grab accelerator for keybinding settings:hibernate
[   11.232751] fedora gsd-media-keys[1296]: Failed to grab accelerator for keybinding settings:playback-repeat
[   11.237674] fedora gsd-usb-protection[1307]: Failed to fetch USBGuard parameters: GDBus.Error:org.freedesktop.DBus.Error.ServiceUnknown: The name is not activatable
[   11.370345] fedora gnome-shell[1179]: Failed to record usage: GDBus.Error:org.freedesktop.MalcontentTimer1.Child.Error.IdentifyingUser: Error identifying user: Invalid or unknown user
[   11.497128] fedora wireplumber[1469]: spa.bluez5: BlueZ system service is not available
[   11.892272] fedora gnome-keyring-daemon[1649]: discover_other_daemon: 0
[   11.968191] fedora gnome-initial-setup[1379]: Could not read list of available locales from libc, guessing possible locales from available translations, but list may be incomplete!
[   11.411863] fedora chronyd[855]: System clock wrong by 1.889076 seconds
[   13.302654] fedora chronyd[855]: System clock was stepped by 1.889076 seconds
[   14.706881] fedora gnome-shell[1179]: Could not issue 'GetUnit' systemd call
[   14.738748] fedora gsd-xsettings[1703]: Failed to get current UI scaling factor: GDBus.Error:org.freedesktop.DBus.Error.NameHasNoOwner: Destination does not exist
[   18.013144] fedora irqbalance[866]: Cannot change IRQ 25 affinity: Permission denied
[   18.013171] fedora irqbalance[866]: IRQ 25 affinity is now unmanaged
[   18.013209] fedora irqbalance[866]: Cannot change IRQ 28 affinity: Permission denied
[   18.013212] fedora irqbalance[866]: IRQ 28 affinity is now unmanaged
[   18.354127] fedora kernel: kauditd_printk_skb: 5 callbacks suppressed
[   72.007123] fedora kernel: kauditd_printk_skb: 4 callbacks suppressed
[   78.010831] fedora irqbalance[866]: Cannot change IRQ 27 affinity: Permission denied
[   78.010883] fedora irqbalance[866]: IRQ 27 affinity is now unmanaged
[   86.426531] fedora gsd-media-keys[1296]: Virtual machines only honor the 'nothing' power-button-action, and will shutdown otherwise
[   86.537822] fedora gdm[1049]: Gdm: Failed to list cached users: GDBus.Error:org.freedesktop.DBus.Error.ServiceUnknown: The name is not activatable
[   86.587538] fedora systemd[1]: gdm.service: Failed with result 'exit-code'.
[   86.588956] fedora systemd[1]: gdm.service: Failed to enqueue OnFailure=plymouth-quit.service job, ignoring: Unit plymouth-quit.service not found.
[   86.590658] fedora gnome-shell[1179]: Connection to xwayland lost
[   86.612134] fedora gnome-shell[1179]: Could not issue 'GetUnit' systemd call
[   87.030778] fedora gnome-shell[1179]: Could not release device '/dev/input/event0' (13,64): GDBus.Error:org.freedesktop.DBus.Error.UnknownObject: Unknown object '/org/freedesktop/login1/session/c1'.
[   87.033541] fedora gnome-shell[1179]: Could not release device '/dev/input/event1' (13,65): GDBus.Error:org.freedesktop.DBus.Error.UnknownObject: Unknown object '/org/freedesktop/login1/session/c1'.
[   87.037419] fedora systemd[1]: sys-devices-virtual-misc-rfkill.device: Failed to enqueue SYSTEMD_WANTS job, ignoring: Transaction for systemd-rfkill.socket/start is destructive (poweroff.target has 'start' job queued, but 'stop' is included in transaction).
[   87.037573] fedora gnome-shell[1179]: Could not release device '/dev/input/event3' (13,67): GDBus.Error:org.freedesktop.DBus.Error.UnknownObject: Unknown object '/org/freedesktop/login1/session/c1'.
[   87.044484] fedora gnome-shell[1179]: Could not release device '/dev/input/event2' (13,66): GDBus.Error:org.freedesktop.DBus.Error.UnknownObject: Unknown object '/org/freedesktop/login1/session/c1'.
[   87.070893] fedora (udev-worker)[1791]: sr0: Process '/usr/sbin/pktsetup -i -d 11:0' failed with exit code 1.
[   87.072997] fedora gnome-shell[1179]: Could not release device '/dev/dri/card1' (226,1): GDBus.Error:org.freedesktop.DBus.Error.UnknownObject: Unknown object '/org/freedesktop/login1/session/c1'.
[   87.075524] fedora dbus-broker-launch[813]: Activation request for 'org.freedesktop.ColorManager' failed.
[   87.105117] fedora gnome-session-service[1173]: Failed to log out: Logout has been locked down
[  132.224173] fedora systemd[1118]: gnome-session-manager@gnome-initial-setup.service: State 'stop-sigterm' timed out. Aborting.
[  132.232805] fedora kernel: kauditd_printk_skb: 18 callbacks suppressed
[  132.233311] fedora systemd[1118]: gnome-session-manager@gnome-initial-setup.service: Main process exited, code=dumped, status=6/ABRT
[  132.248625] fedora systemd[1118]: gnome-session-manager@gnome-initial-setup.service: Failed with result 'timeout'.
[  132.266064] fedora gnome-session-ctl[1914]: Couldn't connect to session bus: Could not connect: Connection refused
[  132.423162] fedora dbus-broker-launch[813]: Activation request for 'org.freedesktop.nm_dispatcher' failed.
[  132.729527] fedora systemd-udevd[701]: Failed to remove file descriptor "config-serialization" from the store, ignoring: Connection refused
