[    7.037835] fedora systemd[1]: Listening on avahi-daemon.socket - Avahi mDNS/DNS-SD Stack Activation Socket.
[    7.123242] fedora systemd[1]: Starting avahi-daemon.service - Avahi mDNS/DNS-SD Stack...
[    7.409712] fedora avahi-daemon[843]: Found user 'avahi' (UID 70) and group 'avahi' (GID 70).
[    7.411761] fedora avahi-daemon[843]: Successfully dropped root privileges.
[    7.412959] fedora avahi-daemon[843]: avahi-daemon 0.8 starting up.
[    7.413135] fedora avahi-daemon[843]: WARNING: No NSS support for mDNS detected, consider installing nss-mdns!
[    7.413669] fedora avahi-daemon[843]: Successfully called chroot().
[    7.413699] fedora avahi-daemon[843]: Successfully dropped remaining capabilities.
[    7.413974] fedora avahi-daemon[843]: No service file found in /etc/avahi/services.
[    7.414378] fedora systemd[1]: Started avahi-daemon.service - Avahi mDNS/DNS-SD Stack.
[    7.414543] fedora avahi-daemon[843]: Joining mDNS multicast group on interface lo.IPv6 with address ::1.
[    7.414564] fedora avahi-daemon[843]: New relevant interface lo.IPv6 for mDNS.
[    7.414566] fedora avahi-daemon[843]: Joining mDNS multicast group on interface lo.IPv4 with address 127.0.0.1.
[    7.414573] fedora avahi-daemon[843]: New relevant interface lo.IPv4 for mDNS.
[    7.414575] fedora avahi-daemon[843]: Network interface enumeration completed.
[    7.414577] fedora avahi-daemon[843]: Registering new address record for ::1 on lo.*.
[    7.414592] fedora avahi-daemon[843]: Registering new address record for 127.0.0.1 on lo.IPv4.
[    7.536732] fedora avahi-daemon[843]: Joining mDNS multicast group on interface enp0s2.IPv6 with address fe80::2e91:b34c:8777:af45.
[    7.536746] fedora avahi-daemon[843]: New relevant interface enp0s2.IPv6 for mDNS.
[    7.536751] fedora avahi-daemon[843]: Registering new address record for fe80::2e91:b34c:8777:af45 on enp0s2.*.
[    7.689050] fedora avahi-daemon[843]: Joining mDNS multicast group on interface enp0s2.IPv4 with address 10.0.2.15.
[    7.689250] fedora avahi-daemon[843]: New relevant interface enp0s2.IPv4 for mDNS.
[    7.689308] fedora avahi-daemon[843]: Registering new address record for 10.0.2.15 on enp0s2.IPv4.
[    8.455449] fedora avahi-daemon[843]: Server startup complete. Host name is fedora.local. Local service cookie is 1861285308.
[    9.217509] fedora avahi-daemon[843]: Leaving mDNS multicast group on interface enp0s2.IPv6 with address fe80::2e91:b34c:8777:af45.
[    9.218087] fedora avahi-daemon[843]: Joining mDNS multicast group on interface enp0s2.IPv6 with address fec0::88c4:32d8:e45c:4b79.
[    9.218101] fedora avahi-daemon[843]: Registering new address record for fec0::88c4:32d8:e45c:4b79 on enp0s2.*.
[    9.218124] fedora avahi-daemon[843]: Withdrawing address record for fe80::2e91:b34c:8777:af45 on enp0s2.
[   14.755589] fedora avahi-daemon[843]: Missed message org.freedesktop.DBus.Properties::GetAll()
[   14.756302] fedora avahi-daemon[843]: Missed message org.freedesktop.DBus.Properties::GetAll()
[   85.210655] fedora systemd[1]: Stopping avahi-daemon.service - Avahi mDNS/DNS-SD Stack...
[   85.211132] fedora avahi-daemon[843]: Got SIGTERM, quitting.
[   85.211360] fedora avahi-daemon[843]: Leaving mDNS multicast group on interface enp0s2.IPv6 with address fec0::88c4:32d8:e45c:4b79.
[   85.211827] fedora avahi-daemon[843]: Leaving mDNS multicast group on interface enp0s2.IPv4 with address 10.0.2.15.
[   85.212448] fedora avahi-daemon[843]: Leaving mDNS multicast group on interface lo.IPv6 with address ::1.
[   85.212493] fedora avahi-daemon[843]: Leaving mDNS multicast group on interface lo.IPv4 with address 127.0.0.1.
[   85.219080] fedora avahi-daemon[843]: avahi-daemon 0.8 exiting.
[   85.224713] fedora systemd[1]: avahi-daemon.service: Deactivated successfully.
[   85.224917] fedora systemd[1]: Stopped avahi-daemon.service - Avahi mDNS/DNS-SD Stack.
[   86.180834] fedora systemd[1]: avahi-daemon.socket: Deactivated successfully.
[   86.180965] fedora systemd[1]: Closed avahi-daemon.socket - Avahi mDNS/DNS-SD Stack Activation Socket.
