[    1.885373] fedora kernel: virt/tdx: TDX not supported by the host platform
[    2.207990] fedora rpc.statd[393]: Failed to open directory sm: No such file or directory
[    2.208064] fedora rpc.statd[393]: Failed to create /var/lib/nfs/statd/.state.new: No such file or directory
[    2.211424] fedora rpc.idmapd[398]: Setting log level to 0
[    2.211628] fedora rpc.idmapd[398]: libnfsidmap: Unable to determine the NFSv4 domain; Using 'localdomain' as the NFSv4 domain which means UIDs will be mapped to the 'Nobody-User' user defined in /etc/idmapd.conf
[    3.100603] fedora rpc.idmapd[398]: exiting on signal 15
[    3.102254] fedora rpcbind[389]: cannot open file = /run/rpcbind/rpcbind.xdr for writing
[    3.102259] fedora rpcbind[389]: cannot save any registration
[    3.102265] fedora rpcbind[389]: cannot open file = /run/rpcbind/portmap.xdr for writing
[    3.102267] fedora rpcbind[389]: cannot save any registration
[    5.177860] fedora kernel: kauditd_printk_skb: 2 callbacks suppressed
[    5.443953] fedora systemd-oomd[666]: No swap; memory pressure usage will be degraded
[    5.794827] fedora (udev-worker)[694]: sr0: Process '/usr/sbin/pktsetup -i -d 11:0' failed with exit code 1.
[    6.015601] fedora sm-notify[735]: Failed to open sm: No such file or directory
[    6.015605] fedora sm-notify[735]: Failed to open directory sm.bak: No such file or directory
[    6.193140] fedora systemd-tmpfiles[750]: Failed to create directory or subvolume "/usr/local/sbin": Read-only file system
[    7.806702] fedora irqbalance[831]: thermal: failed to receive messages.
[    7.807239] fedora irqbalance[831]: Failed to initialize thermal events.
[    7.966400] fedora avahi-daemon[812]: WARNING: No NSS support for mDNS detected, consider installing nss-mdns!
[    8.219769] fedora systemd-logind[922]: Failed to open '/boot/loader/entries': Remote address changed
[    8.652304] fedora (udev-worker)[691]: sr0: Process '/usr/sbin/pktsetup -i -d 11:0' failed with exit code 1.
[    8.947170] fedora systemd-logind[922]: Failed to open '/boot/loader/entries': Remote address changed
[    9.061745] fedora systemd-logind[922]: Failed to open '/boot/loader/entries': Remote address changed
[    9.950259] fedora systemd-logind[922]: Failed to open '/boot/loader/entries': Remote address changed
[   10.051619] fedora gnome-shell[1149]: Could not issue 'GetUnit' systemd call
[   10.161640] fedora systemd-logind[922]: Failed to open '/boot/loader/entries': Remote address changed
[   10.211780] fedora kernel: kauditd_printk_skb: 142 callbacks suppressed
[   10.235316] fedora systemd-logind[922]: Failed to open '/boot/loader/entries': Remote address changed
[   10.260670] fedora gsd-sharing[1262]: Failed to stop gnome-user-share-webdav.service: GDBus.Error:org.freedesktop.systemd1.NoSuchUnit: Unit gnome-user-share-webdav.service not loaded.
[   10.260685] fedora gsd-sharing[1262]: Failed to stop rygel.service: GDBus.Error:org.freedesktop.systemd1.NoSuchUnit: Unit rygel.service not loaded.
[   10.286528] fedora (bunny-first-boot)[1342]: bunny-first-boot.service: Failed to set up mount namespacing: /run/gdm/home/gnome-initial-setup/.config/bunny-os: No such file or directory
[   10.286542] fedora (bunny-first-boot)[1342]: bunny-first-boot.service: Failed at step NAMESPACE spawning /usr/libexec/bunny-first-boot: No such file or directory
[   10.289746] fedora systemd[1042]: bunny-first-boot.service: Failed with result 'exit-code'.
[   10.290297] fedora systemd[1042]: Failed to start bunny-first-boot.service - Bunny OS per-user first-boot preferences.
[   10.439365] fedora gsd-media-keys[1258]: Failed to grab accelerator for keybinding settings:playback-repeat
[   10.439633] fedora gsd-media-keys[1258]: Failed to grab accelerator for keybinding settings:hibernate
[   10.441397] fedora gsd-usb-protection[1264]: Failed to fetch USBGuard parameters: GDBus.Error:org.freedesktop.DBus.Error.ServiceUnknown: The name is not activatable
[   10.678428] fedora gnome-shell[1149]: Failed to record usage: GDBus.Error:org.freedesktop.MalcontentTimer1.Child.Error.IdentifyingUser: Error identifying user: Invalid or unknown user
[   10.911288] fedora wireplumber[1494]: spa.bluez5: BlueZ system service is not available
[   11.197728] fedora gnome-keyring-daemon[1578]: discover_other_daemon: 0
[   11.284565] fedora gnome-initial-setup[1343]: Could not read list of available locales from libc, guessing possible locales from available translations, but list may be incomplete!
[   11.895204] fedora gnome-shell[1149]: Could not issue 'GetUnit' systemd call
[   11.943057] fedora gsd-xsettings[1623]: Failed to get current UI scaling factor: GDBus.Error:org.freedesktop.DBus.Error.NameHasNoOwner: Destination does not exist
[   11.546693] fedora chronyd[820]: System clock wrong by 2.019502 seconds
[   13.566526] fedora chronyd[820]: System clock was stepped by 2.019502 seconds
[   18.709148] fedora kernel: kauditd_printk_skb: 1 callbacks suppressed
[   38.010972] fedora irqbalance[831]: Cannot change IRQ 26 affinity: Permission denied
[   38.010995] fedora irqbalance[831]: IRQ 26 affinity is now unmanaged
[   71.011404] fedora kernel: kauditd_printk_skb: 4 callbacks suppressed
[   86.216784] fedora gsd-media-keys[1258]: Virtual machines only honor the 'nothing' power-button-action, and will shutdown otherwise
[   86.474171] fedora gnome-shell[1149]: Connection to xwayland lost
[   86.482074] fedora gnome-shell[1149]: Could not issue 'GetUnit' systemd call
[   86.850322] fedora systemd[1]: sys-devices-virtual-misc-rfkill.device: Failed to enqueue SYSTEMD_WANTS job, ignoring: Transaction for systemd-rfkill.socket/start is destructive (poweroff.target has 'start' job queued, but 'stop' is included in transaction).
[   86.896457] fedora gnome-shell[1149]: Could not release device '/dev/input/event0' (13,64): GDBus.Error:org.freedesktop.DBus.Error.UnknownObject: Unknown object '/org/freedesktop/login1/session/c1'.
[   86.900294] fedora gnome-shell[1149]: Could not release device '/dev/input/event1' (13,65): GDBus.Error:org.freedesktop.DBus.Error.UnknownObject: Unknown object '/org/freedesktop/login1/session/c1'.
[   86.904301] fedora gnome-shell[1149]: Could not release device '/dev/input/event3' (13,67): GDBus.Error:org.freedesktop.DBus.Error.UnknownObject: Unknown object '/org/freedesktop/login1/session/c1'.
[   86.909303] fedora (udev-worker)[1698]: sr0: Process '/usr/sbin/pktsetup -i -d 11:0' failed with exit code 1.
[   86.913417] fedora gnome-shell[1149]: Could not release device '/dev/input/event2' (13,66): GDBus.Error:org.freedesktop.DBus.Error.UnknownObject: Unknown object '/org/freedesktop/login1/session/c1'.
[   86.934172] fedora gnome-shell[1149]: Could not release device '/dev/dri/card1' (226,1): GDBus.Error:org.freedesktop.DBus.Error.UnknownObject: Unknown object '/org/freedesktop/login1/session/c1'.
[   86.937662] fedora dbus-broker-launch[778]: Activation request for 'org.freedesktop.ColorManager' failed.
[   86.966392] fedora gnome-session-service[1141]: Failed to log out: Logout has been locked down
[  132.056820] fedora systemd[1042]: gnome-session-manager@gnome-initial-setup.service: State 'stop-sigterm' timed out. Aborting.
[  132.065464] fedora kernel: kauditd_printk_skb: 18 callbacks suppressed
[  132.084639] fedora systemd[1042]: gnome-session-manager@gnome-initial-setup.service: Main process exited, code=dumped, status=6/ABRT
[  132.099167] fedora systemd[1042]: gnome-session-manager@gnome-initial-setup.service: Failed with result 'timeout'.
[  132.112711] fedora gnome-session-ctl[1828]: Couldn't connect to session bus: Could not connect: Connection refused
[  132.228275] fedora dbus-broker-launch[778]: Activation request for 'org.freedesktop.nm_dispatcher' failed.
[  132.519719] fedora systemd-udevd[675]: Failed to remove file descriptor "config-serialization" from the store, ignoring: Connection refused
