[    7.219022] fedora systemd[1]: Listening on avahi-daemon.socket - Avahi mDNS/DNS-SD Stack Activation Socket.
[    7.303753] fedora systemd[1]: Starting avahi-daemon.service - Avahi mDNS/DNS-SD Stack...
[    7.507593] fedora avahi-daemon[846]: Found user 'avahi' (UID 70) and group 'avahi' (GID 70).
[    7.509771] fedora avahi-daemon[846]: Successfully dropped root privileges.
[    7.509948] fedora avahi-daemon[846]: avahi-daemon 0.8 starting up.
[    7.510113] fedora avahi-daemon[846]: WARNING: No NSS support for mDNS detected, consider installing nss-mdns!
[    7.510563] fedora avahi-daemon[846]: Successfully called chroot().
[    7.510569] fedora avahi-daemon[846]: Successfully dropped remaining capabilities.
[    7.511538] fedora avahi-daemon[846]: No service file found in /etc/avahi/services.
[    7.512204] fedora avahi-daemon[846]: Joining mDNS multicast group on interface lo.IPv6 with address ::1.
[    7.512213] fedora avahi-daemon[846]: New relevant interface lo.IPv6 for mDNS.
[    7.512216] fedora avahi-daemon[846]: Joining mDNS multicast group on interface lo.IPv4 with address 127.0.0.1.
[    7.512227] fedora avahi-daemon[846]: New relevant interface lo.IPv4 for mDNS.
[    7.512228] fedora avahi-daemon[846]: Network interface enumeration completed.
[    7.512231] fedora avahi-daemon[846]: Registering new address record for ::1 on lo.*.
[    7.512248] fedora avahi-daemon[846]: Registering new address record for 127.0.0.1 on lo.IPv4.
[    7.512704] fedora systemd[1]: Started avahi-daemon.service - Avahi mDNS/DNS-SD Stack.
[    7.635843] fedora avahi-daemon[846]: Joining mDNS multicast group on interface enp0s2.IPv6 with address fe80::4fd6:4435:7034:9674.
[    7.635855] fedora avahi-daemon[846]: New relevant interface enp0s2.IPv6 for mDNS.
[    7.635859] fedora avahi-daemon[846]: Registering new address record for fe80::4fd6:4435:7034:9674 on enp0s2.*.
[    7.791593] fedora avahi-daemon[846]: Joining mDNS multicast group on interface enp0s2.IPv4 with address 10.0.2.15.
[    7.791768] fedora avahi-daemon[846]: New relevant interface enp0s2.IPv4 for mDNS.
[    7.791793] fedora avahi-daemon[846]: Registering new address record for 10.0.2.15 on enp0s2.IPv4.
[    8.609568] fedora avahi-daemon[846]: Server startup complete. Host name is fedora.local. Local service cookie is 3043217864.
[    9.630375] fedora avahi-daemon[846]: Leaving mDNS multicast group on interface enp0s2.IPv6 with address fe80::4fd6:4435:7034:9674.
[    9.630630] fedora avahi-daemon[846]: Joining mDNS multicast group on interface enp0s2.IPv6 with address fec0::e150:81af:5920:b256.
[    9.630696] fedora avahi-daemon[846]: Registering new address record for fec0::e150:81af:5920:b256 on enp0s2.*.
[    9.630715] fedora avahi-daemon[846]: Withdrawing address record for fe80::4fd6:4435:7034:9674 on enp0s2.
[   84.886260] fedora avahi-daemon[846]: Got SIGTERM, quitting.
[   84.886620] fedora avahi-daemon[846]: Leaving mDNS multicast group on interface enp0s2.IPv6 with address fec0::e150:81af:5920:b256.
[   84.887148] fedora avahi-daemon[846]: Leaving mDNS multicast group on interface enp0s2.IPv4 with address 10.0.2.15.
[   84.904049] fedora avahi-daemon[846]: Leaving mDNS multicast group on interface lo.IPv6 with address ::1.
[   84.904108] fedora avahi-daemon[846]: Leaving mDNS multicast group on interface lo.IPv4 with address 127.0.0.1.
[   84.910975] fedora avahi-daemon[846]: avahi-daemon 0.8 exiting.
[   84.872145] fedora systemd[1]: Stopping avahi-daemon.service - Avahi mDNS/DNS-SD Stack...
[   84.943174] fedora systemd[1]: avahi-daemon.service: Deactivated successfully.
[   84.943425] fedora systemd[1]: Stopped avahi-daemon.service - Avahi mDNS/DNS-SD Stack.
[  130.836104] fedora systemd[1]: avahi-daemon.socket: Deactivated successfully.
[  130.836230] fedora systemd[1]: Closed avahi-daemon.socket - Avahi mDNS/DNS-SD Stack Activation Socket.
