[    7.161326] fedora systemd[1]: Listening on avahi-daemon.socket - Avahi mDNS/DNS-SD Stack Activation Socket.
[    7.250800] fedora systemd[1]: Starting avahi-daemon.service - Avahi mDNS/DNS-SD Stack...
[    7.462650] fedora avahi-daemon[836]: Found user 'avahi' (UID 70) and group 'avahi' (GID 70).
[    7.463704] fedora avahi-daemon[836]: Successfully dropped root privileges.
[    7.464966] fedora avahi-daemon[836]: avahi-daemon 0.8 starting up.
[    7.465134] fedora avahi-daemon[836]: WARNING: No NSS support for mDNS detected, consider installing nss-mdns!
[    7.466061] fedora avahi-daemon[836]: Successfully called chroot().
[    7.466110] fedora avahi-daemon[836]: Successfully dropped remaining capabilities.
[    7.466637] fedora avahi-daemon[836]: No service file found in /etc/avahi/services.
[    7.466700] fedora systemd[1]: Started avahi-daemon.service - Avahi mDNS/DNS-SD Stack.
[    7.467120] fedora avahi-daemon[836]: Joining mDNS multicast group on interface lo.IPv6 with address ::1.
[    7.467126] fedora avahi-daemon[836]: New relevant interface lo.IPv6 for mDNS.
[    7.467129] fedora avahi-daemon[836]: Joining mDNS multicast group on interface lo.IPv4 with address 127.0.0.1.
[    7.467134] fedora avahi-daemon[836]: New relevant interface lo.IPv4 for mDNS.
[    7.467137] fedora avahi-daemon[836]: Network interface enumeration completed.
[    7.467140] fedora avahi-daemon[836]: Registering new address record for ::1 on lo.*.
[    7.467172] fedora avahi-daemon[836]: Registering new address record for 127.0.0.1 on lo.IPv4.
[    8.452270] fedora avahi-daemon[836]: Server startup complete. Host name is fedora.local. Local service cookie is 2087196104.
[   84.622065] fedora systemd[1]: Stopping avahi-daemon.service - Avahi mDNS/DNS-SD Stack...
[   84.643794] fedora avahi-daemon[836]: Got SIGTERM, quitting.
[   84.643926] fedora avahi-daemon[836]: Leaving mDNS multicast group on interface lo.IPv6 with address ::1.
[   84.644068] fedora avahi-daemon[836]: Leaving mDNS multicast group on interface lo.IPv4 with address 127.0.0.1.
[   84.669153] fedora avahi-daemon[836]: avahi-daemon 0.8 exiting.
[   84.689364] fedora systemd[1]: avahi-daemon.service: Deactivated successfully.
[   84.689573] fedora systemd[1]: Stopped avahi-daemon.service - Avahi mDNS/DNS-SD Stack.
[  130.530986] fedora systemd[1]: avahi-daemon.socket: Deactivated successfully.
[  130.531136] fedora systemd[1]: Closed avahi-daemon.socket - Avahi mDNS/DNS-SD Stack Activation Socket.
