[    1.864671] fedora kernel: virt/tdx: TDX not supported by the host platform
[    2.143892] fedora rpc.statd[409]: Failed to open directory sm: No such file or directory
[    2.143927] fedora rpc.statd[409]: Failed to create /var/lib/nfs/statd/.state.new: No such file or directory
[    2.147340] fedora rpc.idmapd[414]: Setting log level to 0
[    2.147564] fedora rpc.idmapd[414]: libnfsidmap: Unable to determine the NFSv4 domain; Using 'localdomain' as the NFSv4 domain which means UIDs will be mapped to the 'Nobody-User' user defined in /etc/idmapd.conf
[    3.074741] fedora rpc.idmapd[414]: exiting on signal 15
[    3.076712] fedora rpcbind[405]: cannot open file = /run/rpcbind/rpcbind.xdr for writing
[    3.076735] fedora rpcbind[405]: cannot save any registration
[    3.076743] fedora rpcbind[405]: cannot open file = /run/rpcbind/portmap.xdr for writing
[    3.076744] fedora rpcbind[405]: cannot save any registration
[    5.218915] fedora systemd-oomd[694]: No swap; memory pressure usage will be degraded
[    5.224599] fedora kernel: kauditd_printk_skb: 13 callbacks suppressed
[    5.587758] fedora (udev-worker)[723]: sr0: Process '/usr/sbin/pktsetup -i -d 11:0' failed with exit code 1.
[    5.807840] fedora sm-notify[780]: Failed to open sm: No such file or directory
[    5.807844] fedora sm-notify[780]: Failed to open directory sm.bak: No such file or directory
[    5.868713] fedora systemd-tmpfiles[790]: Failed to create directory or subvolume "/usr/local/sbin": Read-only file system
[    7.190249] fedora irqbalance[863]: thermal: failed to receive messages.
[    7.192454] fedora irqbalance[863]: Failed to initialize thermal events.
[    7.292026] fedora avahi-daemon[848]: WARNING: No NSS support for mDNS detected, consider installing nss-mdns!
[    7.396925] fedora systemd-logind[949]: Failed to open '/boot/loader/entries': Remote address changed
[    7.613808] fedora (udev-worker)[718]: sr0: Process '/usr/sbin/pktsetup -i -d 11:0' failed with exit code 1.
[    7.831568] fedora systemd-logind[949]: Failed to open '/boot/loader/entries': Remote address changed
[    7.926729] fedora systemd-logind[949]: Failed to open '/boot/loader/entries': Remote address changed
[    8.735394] fedora systemd-logind[949]: Failed to open '/boot/loader/entries': Remote address changed
[    8.808295] fedora gnome-shell[1182]: Could not issue 'GetUnit' systemd call
[    8.851439] fedora systemd-logind[949]: Failed to open '/boot/loader/entries': Remote address changed
[    8.855472] fedora systemd-logind[949]: Failed to open '/boot/loader/entries': Remote address changed
[    8.915903] fedora gsd-sharing[1305]: Failed to stop gnome-user-share-webdav.service: GDBus.Error:org.freedesktop.systemd1.NoSuchUnit: Unit gnome-user-share-webdav.service not loaded.
[    8.915914] fedora gsd-sharing[1305]: Failed to stop rygel.service: GDBus.Error:org.freedesktop.systemd1.NoSuchUnit: Unit rygel.service not loaded.
[    8.932778] fedora (bunny-first-boot)[1384]: bunny-first-boot.service: Failed to set up mount namespacing: /run/gdm/home/gnome-initial-setup/.config/bunny-os: No such file or directory
[    8.934512] fedora (bunny-first-boot)[1384]: bunny-first-boot.service: Failed at step NAMESPACE spawning /usr/libexec/bunny-first-boot: No such file or directory
[    8.938152] fedora systemd[1083]: bunny-first-boot.service: Failed with result 'exit-code'.
[    8.938509] fedora systemd[1083]: Failed to start bunny-first-boot.service - Bunny OS per-user first-boot preferences.
[    8.944361] fedora gsd-media-keys[1297]: Failed to grab accelerator for keybinding settings:hibernate
[    8.944373] fedora gsd-media-keys[1297]: Failed to grab accelerator for keybinding settings:playback-repeat
[    9.070670] fedora gsd-usb-protection[1314]: Failed to fetch USBGuard parameters: GDBus.Error:org.freedesktop.DBus.Error.ServiceUnknown: The name is not activatable
[    9.148713] fedora malcontent-timerd[1529]: mct_time_span_new: assertion 'start_time_secs < end_time_secs' failed
[    9.151732] fedora malcontent-timerd[1529]: mct_time_span_free: assertion 'self != NULL' failed
[    9.231065] fedora gnome-shell[1182]: Failed to record usage: GDBus.Error:org.freedesktop.MalcontentTimer1.Child.Error.IdentifyingUser: Error identifying user: Invalid or unknown user
[    9.232083] fedora wireplumber[1455]: spa.bluez5: BlueZ system service is not available
[    9.534671] fedora gnome-keyring-daemon[1657]: discover_other_daemon: 0
[    9.621910] fedora gnome-initial-setup[1385]: Could not read list of available locales from libc, guessing possible locales from available translations, but list may be incomplete!
[   10.108169] fedora gnome-shell[1182]: Could not issue 'GetUnit' systemd call
[   11.571371] fedora chronyd[855]: System clock wrong by 2.352459 seconds
[   13.923984] fedora chronyd[855]: System clock was stepped by 2.352459 seconds
[   17.010289] fedora irqbalance[863]: Cannot change IRQ 25 affinity: Permission denied
[   17.010322] fedora irqbalance[863]: IRQ 25 affinity is now unmanaged
[   17.010341] fedora irqbalance[863]: Cannot change IRQ 28 affinity: Permission denied
[   17.010344] fedora irqbalance[863]: IRQ 28 affinity is now unmanaged
[   17.641617] fedora kernel: kauditd_printk_skb: 141 callbacks suppressed
[   37.010652] fedora irqbalance[863]: Cannot change IRQ 27 affinity: Permission denied
[   37.010726] fedora irqbalance[863]: IRQ 27 affinity is now unmanaged
[   69.034172] fedora kernel: kauditd_printk_skb: 4 callbacks suppressed
[   83.984933] fedora gsd-media-keys[1297]: Virtual machines only honor the 'nothing' power-button-action, and will shutdown otherwise
[   84.143818] fedora gnome-shell[1182]: Connection to xwayland lost
[   84.149024] fedora gnome-shell[1182]: Could not issue 'GetUnit' systemd call
[   84.507481] fedora systemd[1]: sys-devices-virtual-misc-rfkill.device: Failed to enqueue SYSTEMD_WANTS job, ignoring: Transaction for systemd-rfkill.socket/start is destructive (poweroff.target has 'start' job queued, but 'stop' is included in transaction).
[   84.558915] fedora gnome-shell[1182]: Could not release device '/dev/input/event0' (13,64): GDBus.Error:org.freedesktop.DBus.Error.UnknownObject: Unknown object '/org/freedesktop/login1/session/c1'.
[   84.561604] fedora gnome-shell[1182]: Could not release device '/dev/input/event1' (13,65): GDBus.Error:org.freedesktop.DBus.Error.UnknownObject: Unknown object '/org/freedesktop/login1/session/c1'.
[   84.569674] fedora gnome-shell[1182]: Could not release device '/dev/input/event3' (13,67): GDBus.Error:org.freedesktop.DBus.Error.UnknownObject: Unknown object '/org/freedesktop/login1/session/c1'.
[   84.580571] fedora gnome-shell[1182]: Could not release device '/dev/input/event2' (13,66): GDBus.Error:org.freedesktop.DBus.Error.UnknownObject: Unknown object '/org/freedesktop/login1/session/c1'.
[   84.593081] fedora (udev-worker)[1804]: sr0: Process '/usr/sbin/pktsetup -i -d 11:0' failed with exit code 1.
[   84.608038] fedora gnome-shell[1182]: Could not release device '/dev/dri/card1' (226,1): GDBus.Error:org.freedesktop.DBus.Error.UnknownObject: Unknown object '/org/freedesktop/login1/session/c1'.
[   84.611382] fedora dbus-broker-launch[814]: Activation request for 'org.freedesktop.ColorManager' failed.
[   84.636135] fedora gnome-session-service[1176]: Failed to log out: Logout has been locked down
[  129.780824] fedora systemd[1083]: gnome-session-manager@gnome-initial-setup.service: State 'stop-sigterm' timed out. Aborting.
[  129.786987] fedora kernel: kauditd_printk_skb: 18 callbacks suppressed
[  129.805846] fedora systemd[1083]: gnome-session-manager@gnome-initial-setup.service: Main process exited, code=dumped, status=6/ABRT
[  129.818607] fedora systemd[1083]: gnome-session-manager@gnome-initial-setup.service: Failed with result 'timeout'.
[  129.832980] fedora gnome-session-ctl[1934]: Couldn't connect to session bus: Could not connect: Connection refused
[  129.953514] fedora dbus-broker-launch[814]: Activation request for 'org.freedesktop.nm_dispatcher' failed.
[  130.188053] fedora systemd-udevd[703]: Failed to remove file descriptor "config-serialization" from the store, ignoring: Connection refused
