BUNNY WAYLAND SHELL EXPERIMENT
NOT RELEASE QUALIFIED
DO NOT USE AS THE DEFAULT SESSION
[2m2026-08-03T12:22:55.463318Z[0m [32m INFO[0m [1mbackend_winit[0m[2m:[0m [2msmithay::backend::winit[0m[2m:[0m Initializing a winit backend
[2m2026-08-03T12:22:55.478951Z[0m [32m INFO[0m [1mbackend_winit[0m[1m{[0m[3mwindow[0m[2m=[0m110599834225184[1m}[0m[2m:[0m [2msmithay::backend::egl::display[0m[2m:[0m Successfully selected EGL platform: PLATFORM_WAYLAND_KHR
libEGL warning: failed to get driver name for fd -1

libEGL warning: MESA-LOADER: failed to retrieve device information

libEGL warning: failed to get driver name for fd -1

[2m2026-08-03T12:22:55.496747Z[0m [31mERROR[0m [1mbackend_winit[0m[1m{[0m[3mwindow[0m[2m=[0m110599834225184[1m}[0m[2m:[0m [2msmithay::backend::egl::ffi[0m[2m:[0m [EGL] 0x3003 (BAD_ALLOC) eglInitialize: DRI2: failed to get driver name
WARNING: dzn is not a conformant Vulkan implementation, testing use only.
WARNING: dzn is not a conformant Vulkan implementation, testing use only.
MESA: error: Zink requires the nullDescriptor feature of KHR/EXT robustness2.
libEGL warning: egl: failed to create dri2 screen
[2m2026-08-03T12:22:56.269429Z[0m [32m INFO[0m [1mbackend_winit[0m[1m{[0m[3mwindow[0m[2m=[0m110599834225184[1m}[0m[2m:[0m [2msmithay::backend::egl::display[0m[2m:[0m EGL Initialized
[2m2026-08-03T12:22:56.270056Z[0m [32m INFO[0m [1mbackend_winit[0m[1m{[0m[3mwindow[0m[2m=[0m110599834225184[1m}[0m[2m:[0m [2msmithay::backend::egl::display[0m[2m:[0m EGL Version: (1, 5)
[2m2026-08-03T12:22:56.270491Z[0m [32m INFO[0m [1mbackend_winit[0m[1m{[0m[3mwindow[0m[2m=[0m110599834225184[1m}[0m[2m:[0m [2msmithay::backend::egl::display[0m[2m:[0m Supported EGL display extensions: ["EGL_ANDROID_blob_cache", "EGL_EXT_buffer_age", "EGL_EXT_config_select_group", "EGL_EXT_create_context_robustness", "EGL_EXT_image_dma_buf_import", "EGL_EXT_image_dma_buf_import_modifiers", "EGL_EXT_present_opaque", "EGL_EXT_query_reset_notification_strategy", "EGL_EXT_surface_compression", "EGL_EXT_swap_buffers_with_damage", "EGL_KHR_cl_event2", "EGL_KHR_config_attribs", "EGL_KHR_context_flush_control", "EGL_KHR_create_context", "EGL_KHR_create_context_no_error", "EGL_KHR_fence_sync", "EGL_KHR_get_all_proc_addresses", "EGL_KHR_gl_colorspace", "EGL_KHR_gl_renderbuffer_image", "EGL_KHR_gl_texture_2D_image", "EGL_KHR_gl_texture_3D_image", "EGL_KHR_gl_texture_cubemap_image", "EGL_KHR_image_base", "EGL_KHR_no_config_context", "EGL_KHR_reusable_sync", "EGL_KHR_surfaceless_context", "EGL_KHR_swap_buffers_with_damage", "EGL_EXT_pixel_format_float", "EGL_KHR_wait_sync", "EGL_MESA_configless_context", "EGL_MESA_gl_interop", "EGL_MESA_query_driver", "EGL_MESA_x11_native_visual_id", ""]
[2m2026-08-03T12:22:56.270976Z[0m [32m INFO[0m [1mbackend_winit[0m[1m{[0m[3mwindow[0m[2m=[0m110599834225184[1m}[0m[2m:[0m[1megl[0m[1m{[0m[3mplatform[0m[2m=[0m"PLATFORM_WAYLAND_KHR" [3mversion[0m[2m=[0m(1, 5)[1m}[0m[2m:[0m[1megl_context[0m[2m:[0m [2msmithay::backend::egl::display[0m[2m:[0m Selected color format: PixelFormat { hardware_accelerated: true, color_bits: 24, alpha_bits: 8, depth_bits: 24, stencil_bits: 8, stereoscopy: false, multisampling: None, srgb: false }
[2m2026-08-03T12:22:56.282312Z[0m [32m INFO[0m [1mbackend_winit[0m[1m{[0m[3mwindow[0m[2m=[0m110599834225184[1m}[0m[2m:[0m[1megl[0m[1m{[0m[3mplatform[0m[2m=[0m"PLATFORM_WAYLAND_KHR" [3mversion[0m[2m=[0m(1, 5)[1m}[0m[2m:[0m[1megl_context[0m[1m{[0m[3mptr[0m[2m=[0m110599838383328[1m}[0m[2m:[0m [2msmithay::backend::egl::context[0m[2m:[0m EGL context created [3mpriority[0m[2m=[0mNone
[2m2026-08-03T12:22:56.283999Z[0m [32m INFO[0m [1mbackend_winit[0m[1m{[0m[3mwindow[0m[2m=[0m110599834225184[1m}[0m[2m:[0m[1megl[0m[1m{[0m[3mplatform[0m[2m=[0m"PLATFORM_WAYLAND_KHR" [3mversion[0m[2m=[0m(1, 5)[1m}[0m[2m:[0m[1megl_context[0m[1m{[0m[3mptr[0m[2m=[0m110599838383328[1m}[0m[2m:[0m[1mrenderer_gles2[0m[2m:[0m [2msmithay::backend::renderer::gles[0m[2m:[0m Initializing OpenGL ES Renderer
[2m2026-08-03T12:22:56.284574Z[0m [32m INFO[0m [1mbackend_winit[0m[1m{[0m[3mwindow[0m[2m=[0m110599834225184[1m}[0m[2m:[0m[1megl[0m[1m{[0m[3mplatform[0m[2m=[0m"PLATFORM_WAYLAND_KHR" [3mversion[0m[2m=[0m(1, 5)[1m}[0m[2m:[0m[1megl_context[0m[1m{[0m[3mptr[0m[2m=[0m110599838383328[1m}[0m[2m:[0m[1mrenderer_gles2[0m[2m:[0m [2msmithay::backend::renderer::gles[0m[2m:[0m GL Version: "OpenGL ES 3.2 Mesa 26.1.5"
[2m2026-08-03T12:22:56.285099Z[0m [32m INFO[0m [1mbackend_winit[0m[1m{[0m[3mwindow[0m[2m=[0m110599834225184[1m}[0m[2m:[0m[1megl[0m[1m{[0m[3mplatform[0m[2m=[0m"PLATFORM_WAYLAND_KHR" [3mversion[0m[2m=[0m(1, 5)[1m}[0m[2m:[0m[1megl_context[0m[1m{[0m[3mptr[0m[2m=[0m110599838383328[1m}[0m[2m:[0m[1mrenderer_gles2[0m[2m:[0m [2msmithay::backend::renderer::gles[0m[2m:[0m GL Vendor: "Mesa"
[2m2026-08-03T12:22:56.285526Z[0m [32m INFO[0m [1mbackend_winit[0m[1m{[0m[3mwindow[0m[2m=[0m110599834225184[1m}[0m[2m:[0m[1megl[0m[1m{[0m[3mplatform[0m[2m=[0m"PLATFORM_WAYLAND_KHR" [3mversion[0m[2m=[0m(1, 5)[1m}[0m[2m:[0m[1megl_context[0m[1m{[0m[3mptr[0m[2m=[0m110599838383328[1m}[0m[2m:[0m[1mrenderer_gles2[0m[2m:[0m [2msmithay::backend::renderer::gles[0m[2m:[0m GL Renderer: "llvmpipe (LLVM 22.1.8, 256 bits)"
[2m2026-08-03T12:22:56.285986Z[0m [32m INFO[0m [1mbackend_winit[0m[1m{[0m[3mwindow[0m[2m=[0m110599834225184[1m}[0m[2m:[0m[1megl[0m[1m{[0m[3mplatform[0m[2m=[0m"PLATFORM_WAYLAND_KHR" [3mversion[0m[2m=[0m(1, 5)[1m}[0m[2m:[0m[1megl_context[0m[1m{[0m[3mptr[0m[2m=[0m110599838383328[1m}[0m[2m:[0m[1mrenderer_gles2[0m[2m:[0m [2msmithay::backend::renderer::gles[0m[2m:[0m Supported GL Extensions: ["GL_EXT_blend_minmax", "GL_EXT_multi_draw_arrays", "GL_EXT_texture_filter_anisotropic", "GL_EXT_texture_compression_s3tc", "GL_EXT_texture_compression_dxt1", "GL_EXT_texture_compression_rgtc", "GL_EXT_texture_format_BGRA8888", "GL_OES_compressed_ETC1_RGB8_texture", "GL_OES_depth24", "GL_OES_element_index_uint", "GL_OES_fbo_render_mipmap", "GL_OES_mapbuffer", "GL_OES_rgb8_rgba8", "GL_OES_standard_derivatives", "GL_OES_stencil8", "GL_OES_texture_3D", "GL_OES_texture_float", "GL_OES_texture_float_linear", "GL_OES_texture_half_float", "GL_OES_texture_half_float_linear", "GL_OES_texture_npot", "GL_OES_vertex_half_float", "GL_EXT_draw_instanced", "GL_EXT_texture_sRGB_decode", "GL_OES_EGL_image", "GL_OES_depth_texture", "GL_OES_packed_depth_stencil", "GL_EXT_texture_type_2_10_10_10_REV", "GL_NV_conditional_render", "GL_OES_get_program_binary", "GL_APPLE_texture_max_level", "GL_EXT_discard_framebuffer", "GL_EXT_read_format_bgra", "GL_EXT_texture_storage", "GL_NV_pack_subimage", "GL_NV_texture_barrier", "GL_EXT_frag_depth", "GL_NV_fbo_color_attachments", "GL_OES_EGL_image_external", "GL_OES_EGL_sync", "GL_OES_vertex_array_object", "GL_OES_viewport_array", "GL_ANGLE_pack_reverse_row_order", "GL_ANGLE_texture_compression_dxt3", "GL_ANGLE_texture_compression_dxt5", "GL_EXT_occlusion_query_boolean", "GL_EXT_robustness", "GL_EXT_sRGB", "GL_EXT_texture_rg", "GL_EXT_unpack_subimage", "GL_NV_draw_buffers", "GL_NV_read_buffer", "GL_NV_read_depth", "GL_NV_read_depth_stencil", "GL_NV_read_stencil", "GL_APPLE_sync", "GL_EXT_draw_buffers", "GL_EXT_instanced_arrays", "GL_EXT_map_buffer_range", "GL_EXT_shadow_samplers", "GL_KHR_debug", "GL_KHR_robustness", "GL_KHR_texture_compression_astc_ldr", "GL_NV_generate_mipmap_sRGB", "GL_NV_pixel_buffer_object", "GL_OES_depth_texture_cube_map", "GL_OES_required_internalformat", "GL_OES_surfaceless_context", "GL_EXT_color_buffer_float", "GL_EXT_debug_label", "GL_EXT_sRGB_write_control", "GL_EXT_separate_shader_objects", "GL_EXT_shader_framebuffer_fetch", "GL_EXT_shader_group_vote", "GL_EXT_shader_implicit_conversions", "GL_EXT_shader_integer_mix", "GL_EXT_tessellation_point_size", "GL_EXT_tessellation_shader", "GL_ANDROID_extension_pack_es31a", "GL_ARM_shader_framebuffer_fetch_depth_stencil", "GL_EXT_base_instance", "GL_EXT_compressed_ETC1_RGB8_sub_texture", "GL_EXT_copy_image", "GL_EXT_draw_buffers_indexed", "GL_EXT_draw_elements_base_vertex", "GL_EXT_gpu_shader5", "GL_EXT_multi_draw_indirect", "GL_EXT_polygon_offset_clamp", "GL_EXT_primitive_bounding_box", "GL_EXT_render_snorm", "GL_EXT_shader_io_blocks", "GL_EXT_texture_border_clamp", "GL_EXT_texture_buffer", "GL_EXT_texture_cube_map_array", "GL_EXT_texture_norm16", "GL_EXT_texture_view", "GL_KHR_blend_equation_advanced", "GL_KHR_blend_equation_advanced_coherent", "GL_KHR_context_flush_control", "GL_KHR_robust_buffer_access_behavior", "GL_NV_image_formats", "GL_NV_shader_noperspective_interpolation", "GL_OES_copy_image", "GL_OES_draw_buffers_indexed", "GL_OES_draw_elements_base_vertex", "GL_OES_gpu_shader5", "GL_OES_primitive_bounding_box", "GL_OES_sample_shading", "GL_OES_sample_variables", "GL_OES_shader_io_blocks", "GL_OES_shader_multisample_interpolation", "GL_OES_tessellation_point_size", "GL_OES_tessellation_shader", "GL_OES_texture_border_clamp", "GL_OES_texture_buffer", "GL_OES_texture_cube_map_array", "GL_OES_texture_stencil8", "GL_OES_texture_storage_multisample_2d_array", "GL_OES_texture_view", "GL_EXT_blend_func_extended", "GL_EXT_buffer_storage", "GL_EXT_float_blend", "GL_EXT_geometry_point_size", "GL_EXT_geometry_shader", "GL_EXT_texture_filter_minmax", "GL_EXT_texture_sRGB_R8", "GL_EXT_texture_sRGB_RG8", "GL_KHR_no_error", "GL_KHR_texture_compression_astc_sliced_3d", "GL_NV_sample_locations", "GL_OES_EGL_image_external_essl3", "GL_OES_geometry_point_size", "GL_OES_geometry_shader", "GL_OES_shader_image_atomic", "GL_EXT_clear_texture", "GL_EXT_clip_cull_distance", "GL_EXT_conservative_depth", "GL_EXT_disjoint_timer_query", "GL_EXT_texture_compression_s3tc_srgb", "GL_MESA_shader_integer_functions", "GL_EXT_clip_control", "GL_EXT_color_buffer_half_float", "GL_EXT_memory_object", "GL_EXT_memory_object_fd", "GL_EXT_texture_compression_bptc", "GL_EXT_texture_mirror_clamp_to_edge", "GL_KHR_parallel_shader_compile", "GL_NV_alpha_to_coverage_dither_control", "GL_EXT_EGL_image_storage", "GL_EXT_shader_framebuffer_fetch_non_coherent", "GL_EXT_texture_shadow_lod", "GL_MESA_framebuffer_flip_y", "GL_OVR_multiview", "GL_OVR_multiview2", "GL_EXT_depth_clamp", "GL_EXT_texture_query_lod", "GL_MESA_sampler_objects", "GL_EXT_EGL_image_storage_compression", "GL_EXT_texture_storage_compression", "GL_MESA_bgra", "GL_EXT_mesh_shader", "GL_EXT_shader_clock", ""]
[2m2026-08-03T12:22:56.292652Z[0m [32m INFO[0m [1mnew[0m[1m{[0m[3mname[0m[2m=[0m"bunny-nested-0" [3mphysical[0m[2m=[0mPhysicalProperties { size: Size<smithay::utils::geometry::Raw> { w: 0, h: 0 }, subpixel: Unknown, make: "Bunny OS", model: "Experimental Shell" }[1m}[0m[2m:[0m [2msmithay::output[0m[2m:[0m Creating new Output [3mname[0m[2m=[0m"bunny-nested-0"
[2m2026-08-03T12:22:56.293132Z[0m [32m INFO[0m [2msmithay::wayland::output[0m[2m:[0m Creating new wl_output [3moutput[0m[2m=[0m"bunny-nested-0"
bunny-shell: listening on WAYLAND_DISPLAY=bunny-dbg6
[2m2026-08-03T12:22:56.294728Z[0m [32m INFO[0m [1minput_seat[0m[1m{[0m[3mname[0m[2m=[0m"bunny-seat"[1m}[0m[2m:[0m[1madd_keyboard[0m[1m{[0m[3mxkb_config[0m[2m=[0mXkbConfig { rules: "", model: "", layout: "", variant: "", options: None } [3mrepeat_delay[0m[2m=[0m200 [3mrepeat_rate[0m[2m=[0m25[1m}[0m[2m:[0m[1minput_keyboard[0m[2m:[0m [2msmithay::input::keyboard[0m[2m:[0m Initializing a xkbcommon handler with keymap query
[2m2026-08-03T12:22:56.296641Z[0m [32m INFO[0m [1minput_seat[0m[1m{[0m[3mname[0m[2m=[0m"bunny-seat"[1m}[0m[2m:[0m[1madd_keyboard[0m[1m{[0m[3mxkb_config[0m[2m=[0mXkbConfig { rules: "", model: "", layout: "", variant: "", options: None } [3mrepeat_delay[0m[2m=[0m200 [3mrepeat_rate[0m[2m=[0m25[1m}[0m[2m:[0m[1minput_keyboard[0m[2m:[0m [2msmithay::input::keyboard[0m[2m:[0m Loaded Keymap [3mname[0m[2m=[0m"English (US)"
bunny-shell: first frame at 847.5 ms after start
Io error: Connection reset by peer (os error 104)
Io error: Connection reset by peer (os error 104)
Io error: Connection reset by peer (os error 104)
Io error: Connection reset by peer (os error 104)
Io error: Connection reset by peer (os error 104)
Io error: Connection reset by peer (os error 104)
Io error: Connection reset by peer (os error 104)
Io error: Connection reset by peer (os error 104)
Io error: Connection reset by peer (os error 104)
Io error: Connection reset by peer (os error 104)
Io error: Connection reset by peer (os error 104)
Io error: Connection reset by peer (os error 104)
Io error: Connection reset by peer (os error 104)
bunny-shell: diagnostics written to /mnt/c/Users/allam/Documents/new/bunny-os/visual-v3/reports/bunny-dbg6-diagnostics.json
Io error: Connection reset by peer (os error 104)
Io error: Connection reset by peer (os error 104)
Io error: Connection reset by peer (os error 104)
Io error: Connection reset by peer (os error 104)
Io error: Connection reset by peer (os error 104)
Io error: Connection reset by peer (os error 104)
Io error: Connection reset by peer (os error 104)
Io error: Connection reset by peer (os error 104)
Io error: Connection reset by peer (os error 104)
Io error: Connection reset by peer (os error 104)
Io error: Connection reset by peer (os error 104)
Io error: Connection reset by peer (os error 104)
Io error: Connection reset by peer (os error 104)
Io error: Connection reset by peer (os error 104)
Io error: Connection reset by peer (os error 104)
Io error: Connection reset by peer (os error 104)
Io error: Connection reset by peer (os error 104)
Io error: Connection reset by peer (os error 104)
Io error: Connection reset by peer (os error 104)
Io error: Connection reset by peer (os error 104)
Io error: Connection reset by peer (os error 104)
Io error: Connection reset by peer (os error 104)
Io error: Connection reset by peer (os error 104)
Io error: Connection reset by peer (os error 104)
Io error: Connection reset by peer (os error 104)
Io error: Connection reset by peer (os error 104)
Io error: Connection reset by peer (os error 104)
Io error: Connection reset by peer (os error 104)
Io error: Connection reset by peer (os error 104)
