[    1.827716] fedora kernel: virt/tdx: TDX not supported by the host platform
[    2.095679] fedora rpc.statd[412]: Failed to open directory sm: No such file or directory
[    2.095709] fedora rpc.statd[412]: Failed to create /var/lib/nfs/statd/.state.new: No such file or directory
[    2.099078] fedora rpc.idmapd[417]: Setting log level to 0
[    2.099264] fedora rpc.idmapd[417]: libnfsidmap: Unable to determine the NFSv4 domain; Using 'localdomain' as the NFSv4 domain which means UIDs will be mapped to the 'Nobody-User' user defined in /etc/idmapd.conf
[    3.030070] fedora rpc.idmapd[417]: exiting on signal 15
[    3.032134] fedora rpcbind[408]: cannot open file = /run/rpcbind/rpcbind.xdr for writing
[    3.032157] fedora rpcbind[408]: cannot save any registration
[    3.032165] fedora rpcbind[408]: cannot open file = /run/rpcbind/portmap.xdr for writing
[    3.032166] fedora rpcbind[408]: cannot save any registration
[    5.220693] fedora systemd-oomd[693]: No swap; memory pressure usage will be degraded
[    5.229758] fedora kernel: kauditd_printk_skb: 13 callbacks suppressed
[    5.591243] fedora (udev-worker)[706]: sr0: Process '/usr/sbin/pktsetup -i -d 11:0' failed with exit code 1.
[    5.806390] fedora sm-notify[776]: Failed to open sm: No such file or directory
[    5.806394] fedora sm-notify[776]: Failed to open directory sm.bak: No such file or directory
[    5.858441] fedora systemd-tmpfiles[778]: Failed to create directory or subvolume "/usr/local/sbin": Read-only file system
[    7.392244] fedora irqbalance[864]: thermal: failed to receive messages.
[    7.393124] fedora irqbalance[864]: Failed to initialize thermal events.
[    7.449313] fedora avahi-daemon[837]: WARNING: No NSS support for mDNS detected, consider installing nss-mdns!
[    7.579904] fedora systemd-logind[955]: Failed to open '/boot/loader/entries': Remote address changed
[    7.825213] fedora (udev-worker)[720]: sr0: Process '/usr/sbin/pktsetup -i -d 11:0' failed with exit code 1.
[    8.037168] fedora systemd-logind[955]: Failed to open '/boot/loader/entries': Remote address changed
[    8.144756] fedora systemd-logind[955]: Failed to open '/boot/loader/entries': Remote address changed
[    9.803684] fedora systemd-logind[955]: Failed to open '/boot/loader/entries': Remote address changed
[    9.885181] fedora gnome-shell[1123]: Could not issue 'GetUnit' systemd call
[    9.952391] fedora systemd-logind[955]: Failed to open '/boot/loader/entries': Remote address changed
[    9.955931] fedora systemd-logind[955]: Failed to open '/boot/loader/entries': Remote address changed
[   10.020127] fedora (bunny-first-boot)[1317]: bunny-first-boot.service: Failed to set up mount namespacing: /run/gdm/home/gnome-initial-setup/.config/bunny-os: No such file or directory
[   10.021175] fedora (bunny-first-boot)[1317]: bunny-first-boot.service: Failed at step NAMESPACE spawning /usr/libexec/bunny-first-boot: No such file or directory
[   10.025346] fedora gsd-sharing[1262]: Failed to stop gnome-user-share-webdav.service: GDBus.Error:org.freedesktop.systemd1.NoSuchUnit: Unit gnome-user-share-webdav.service not loaded.
[   10.025731] fedora systemd[1063]: bunny-first-boot.service: Failed with result 'exit-code'.
[   10.025981] fedora systemd[1063]: Failed to start bunny-first-boot.service - Bunny OS per-user first-boot preferences.
[   10.027245] fedora gsd-sharing[1262]: Failed to stop rygel.service: GDBus.Error:org.freedesktop.systemd1.NoSuchUnit: Unit rygel.service not loaded.
[   10.239740] fedora gsd-usb-protection[1266]: Failed to fetch USBGuard parameters: GDBus.Error:org.freedesktop.DBus.Error.ServiceUnknown: The name is not activatable
[   10.240902] fedora gsd-media-keys[1238]: Failed to grab accelerator for keybinding settings:playback-repeat
[   10.240953] fedora gsd-media-keys[1238]: Failed to grab accelerator for keybinding settings:hibernate
[   10.249703] fedora kernel: kauditd_printk_skb: 119 callbacks suppressed
[   10.357638] fedora gnome-shell[1123]: Failed to record usage: GDBus.Error:org.freedesktop.MalcontentTimer1.Child.Error.IdentifyingUser: Error identifying user: Invalid or unknown user
[   10.453778] fedora wireplumber[1475]: spa.bluez5: BlueZ system service is not available
[   10.676970] fedora gnome-keyring-daemon[1570]: discover_other_daemon: 0
[   10.759865] fedora gnome-initial-setup[1319]: Could not read list of available locales from libc, guessing possible locales from available translations, but list may be incomplete!
[   11.278479] fedora gnome-shell[1123]: Could not issue 'GetUnit' systemd call
[   11.312113] fedora gsd-xsettings[1623]: Failed to get current UI scaling factor: GDBus.Error:org.freedesktop.DBus.Error.NameHasNoOwner: Destination does not exist
[   18.011273] fedora irqbalance[864]: Cannot change IRQ 25 affinity: Permission denied
[   18.011309] fedora irqbalance[864]: IRQ 25 affinity is now unmanaged
[   18.011331] fedora irqbalance[864]: Cannot change IRQ 28 affinity: Permission denied
[   18.011334] fedora irqbalance[864]: IRQ 28 affinity is now unmanaged
[   18.011347] fedora irqbalance[864]: Cannot change IRQ 26 affinity: Permission denied
[   18.011349] fedora irqbalance[864]: IRQ 26 affinity is now unmanaged
[   18.011378] fedora irqbalance[864]: Cannot change IRQ 27 affinity: Permission denied
[   18.011380] fedora irqbalance[864]: IRQ 27 affinity is now unmanaged
[   71.010752] fedora kernel: kauditd_printk_skb: 4 callbacks suppressed
[   84.558177] fedora gsd-media-keys[1238]: Virtual machines only honor the 'nothing' power-button-action, and will shutdown otherwise
[   84.732954] fedora gnome-shell[1123]: Connection to xwayland lost
[   84.737772] fedora gnome-shell[1123]: Could not issue 'GetUnit' systemd call
[   85.111429] fedora systemd[1]: sys-devices-virtual-misc-rfkill.device: Failed to enqueue SYSTEMD_WANTS job, ignoring: Transaction for systemd-rfkill.socket/start is destructive (poweroff.target has 'start' job queued, but 'stop' is included in transaction).
[   85.163163] fedora gnome-shell[1123]: Could not release device '/dev/input/event0' (13,64): GDBus.Error:org.freedesktop.DBus.Error.UnknownObject: Unknown object '/org/freedesktop/login1/session/c1'.
[   85.173722] fedora gnome-shell[1123]: Could not release device '/dev/input/event1' (13,65): GDBus.Error:org.freedesktop.DBus.Error.UnknownObject: Unknown object '/org/freedesktop/login1/session/c1'.
[   85.181762] fedora gnome-shell[1123]: Could not release device '/dev/input/event3' (13,67): GDBus.Error:org.freedesktop.DBus.Error.UnknownObject: Unknown object '/org/freedesktop/login1/session/c1'.
[   85.191230] fedora (udev-worker)[1698]: sr0: Process '/usr/sbin/pktsetup -i -d 11:0' failed with exit code 1.
[   85.194719] fedora gnome-shell[1123]: Could not release device '/dev/input/event2' (13,66): GDBus.Error:org.freedesktop.DBus.Error.UnknownObject: Unknown object '/org/freedesktop/login1/session/c1'.
[   85.218239] fedora gnome-shell[1123]: Could not release device '/dev/dri/card1' (226,1): GDBus.Error:org.freedesktop.DBus.Error.UnknownObject: Unknown object '/org/freedesktop/login1/session/c1'.
[   85.219758] fedora dbus-broker-launch[811]: Activation request for 'org.freedesktop.ColorManager' failed.
[   85.251502] fedora gnome-session-service[1117]: Failed to log out: Logout has been locked down
[  130.479739] fedora systemd[1063]: gnome-session-manager@gnome-initial-setup.service: State 'stop-sigterm' timed out. Aborting.
[  130.483066] fedora kernel: kauditd_printk_skb: 18 callbacks suppressed
[  130.490097] fedora systemd[1063]: gnome-session-manager@gnome-initial-setup.service: Main process exited, code=dumped, status=6/ABRT
[  130.507628] fedora systemd[1063]: gnome-session-manager@gnome-initial-setup.service: Failed with result 'timeout'.
[  130.527662] fedora gnome-session-ctl[1829]: Couldn't connect to session bus: Could not connect: Connection refused
[  130.965401] fedora systemd-udevd[702]: Failed to remove file descriptor "config-serialization" from the store, ignoring: Connection refused
