[2J[001;001H[=3h[2J[001;001H[2J[001;001H[8;042;160t[2J[001;001H[2J[001;001H[8;056;240t[2J[001;001HBdsDxe: loading Boot0002 "UEFI QEMU DVD-ROM QM00005 " from PciRoot(0x0)/Pci(0x1F,0x2)/Sata(0x2,0xFFFF,0x0)
BdsDxe: starting Boot0002 "UEFI QEMU DVD-ROM QM00005 " from PciRoot(0x0)/Pci(0x1F,0x2)/Sata(0x2,0xFFFF,0x0)
[0m[30m[40m[2J[001;001H[0m[37m[40m[002;072HGRUB version 2.12

[004;002H┌────────────────────────────────────────────────────────────────────────────────────────────────────────────────────────────────────────────────────────────┐[005;002H│[005;159H│[006;002H│[006;159H│[007;002H│[007;159H│[008;002H│[008;159H│[009;002H│[009;159H│[010;002H│[010;159H│[011;002H│[011;159H│[012;002H│[012;159H│[013;002H│[013;159H│[014;002H│[014;159H│[015;002H│[015;159H│[016;002H│[016;159H│[017;002H│[017;159H│[018;002H│[018;159H│[019;002H│[019;159H│[020;002H│[020;159H│[021;002H│[021;159H│[022;002H│[022;159H│[023;002H│[023;159H│[024;002H│[024;159H│[025;002H│[025;159H│[026;002H│[026;159H│[027;002H│[027;159H│[028;002H│[028;159H│[029;002H│[029;159H│[030;002H│[030;159H│[031;002H│[031;159H│[032;002H│[032;159H│[033;002H│[033;159H│[034;002H│[034;159H│[035;002H│[035;159H│[036;002H└────────────────────────────────────────────────────────────────────────────────────────────────────────────────────────────────────────────────────────────┘[037;002H[038;002H     Use the ▲ and ▼ keys to select which entry is highlighted.                                                                                          
      Press enter to boot the selected OS, `e' to edit the commands before booting or `c' for a command-line.                                             [005;160H [0m[30m[47m[005;003H*Try or Install Bunny OS                                                                                                                                    [0m[37m[40m[005;158H[006;003H Safe Graphics                                                                                                                                              [006;158H[007;003H Recovery Tools                                                                                                                                             [007;158H[008;003H Verify Installation Media                                                                                                                                  [008;158H[009;003H Try or Install Bunny OS (serial console)                                                                                                                   [009;158H[010;003H                                                                                                                                                            [010;158H[011;003H                                                                                                                                                            [011;158H[012;003H                                                                                                                                                            [012;158H[013;003H                                                                                                                                                            [013;158H[014;003H                                                                                                                                                            [014;158H[015;003H                                                                                                                                                            [015;158H[016;003H                                                                                                                                                            [016;158H[017;003H                                                                                                                                                            [017;158H[018;003H                                                                                                                                                            [018;158H[019;003H                                                                                                                                                            [019;158H[020;003H                                                                                                                                                            [020;158H[021;003H                                                                                                                                                            [021;158H[022;003H                                                                                                                                                            [022;158H[023;003H                                                                                                                                                            [023;158H[024;003H                                                                                                                                                            [024;158H[025;003H                                                                                                                                                            [025;158H[026;003H                                                                                                                                                            [026;158H[027;003H                                                                                                                                                            [027;158H[028;003H                                                                                                                                                            [028;158H[029;003H                                                                                                                                                            [029;158H[030;003H                                                                                                                                                            [030;158H[031;003H                                                                                                                                                            [031;158H[032;003H                                                                                                                                                            [032;158H[033;003H                                                                                                                                                            [033;158H[034;003H                                                                                                                                                            [034;158H[035;003H                                                                                                                                                            [035;158H[035;160H [005;158H[040;001H   The highlighted entry will be executed automatically in 60s.                                                                                                [005;158H[040;001H   The highlighted entry will be executed automatically in 59s.                                                                                                [005;158H[040;001H   The highlighted entry will be executed automatically in 58s.                                                                                                [005;158H[040;001H   The highlighted entry will be executed automatically in 57s.                                                                                                [005;158H[040;001H   The highlighted entry will be executed automatically in 56s.                                                                                                [005;158H[040;001H   The highlighted entry will be executed automatically in 55s.                                                                                                [005;158H[040;001H   The highlighted entry will be executed automatically in 54s.                                                                                                [005;158H[040;001H   The highlighted entry will be executed automatically in 53s.                                                                                                [005;158H[040;001H   The highlighted entry will be executed automatically in 52s.                                                                                                [005;158H[040;001H   The highlighted entry will be executed automatically in 51s.                                                                                                [005;158H[040;001H   The highlighted entry will be executed automatically in 50s.                                                                                                [005;158H[040;001H                                                                                                                                                               [041;001H                                                                                                                                                               [005;158H[0m[30m[40m[2J[001;001H[0m[37m[40m[0m[30m[40m[2J[001;001H[0m[37m[40mBUNNY-BACKEND {"event": "listening", "liveUid": 1000, "path": "/run/bunny-installer/backend.sock"}
BUNNY-INSTALL {"arguments": "--passphrase=bunny-disk-passphrase --device-name=warren", "event": "driver-arguments", "source": "/run/bunny-setup/drive.args"}
BUNNY-INSTALL {"device_name": "warren", "disk_device": "/dev/vda", "disk_gib": 80.0, "disk_model": "QEMU HARDDISK", "display_name": "Alex", "event": "start", "expect_refusal": false, "high_contrast": false, "install_timeout": 2400.0, "reduced_motion": false, "text_scale": 1.0, "timeout": 180.0, "username": "alex"}
BUNNY-INSTALL {"event": "window", "title": "Set up Bunny OS"}
BUNNY-INSTALL {"event": "stage", "name": "welcome"}
BUNNY-INSTALL {"action": "click", "control": "Get started", "event": "activated", "role": "button"}
BUNNY-INSTALL {"event": "page-turned", "presses": 1, "shows": ["frame:Set up Bunny OS", "scroll pane:", "panel:", "grouping:", "grouping:", "paragraph:"]}
BUNNY-INSTALL {"event": "stage", "name": "accessibility"}
BUNNY-INSTALL {"action": "click", "control": "Continue", "event": "activated", "role": "button"}
BUNNY-INSTALL {"event": "page-turned", "presses": 1, "shows": ["frame:Set up Bunny OS", "scroll pane:", "panel:", "grouping:", "grouping:", "paragraph:"]}
BUNNY-INSTALL {"event": "stage", "name": "language_region"}
BUNNY-INSTALL {"action": "click", "control": "Continue", "event": "activated", "role": "button"}
BUNNY-INSTALL {"event": "page-turned", "presses": 1, "shows": ["frame:Set up Bunny OS", "scroll pane:", "panel:", "alert:", "alert:", "paragraph:"]}
BUNNY-INSTALL {"event": "stage", "name": "keyboard"}
BUNNY-INSTALL {"characters": 18, "event": "typed", "field": "Type here to check it. What you type is not saved and is not sent anywhere."}
BUNNY-INSTALL {"action": "click", "control": "Continue", "event": "activated", "role": "button"}
BUNNY-INSTALL {"event": "page-turned", "presses": 1, "shows": ["frame:Set up Bunny OS", "scroll pane:", "panel:", "grouping:", "grouping:", "paragraph:"]}
BUNNY-INSTALL {"event": "stage", "name": "network"}
BUNNY-INSTALL {"action": "click", "control": "Continue without network", "event": "activated", "role": "button"}
BUNNY-INSTALL {"event": "page-turned", "presses": 1, "shows": ["frame:Set up Bunny OS", "scroll pane:", "panel:", "grouping:", "grouping:", "paragraph:"]}
BUNNY-INSTALL {"event": "stage", "name": "storage"}
BUNNY-INSTALL {"all": ["Unknown model \u2014 5.4 GiB \u2014 /dev/loop0", "Unknown model \u2014 5.8 GiB \u2014 /dev/zram0", "Unknown model \u2014 80.0 GiB \u2014 /dev/vda", "Back", "Review what happens", "Installation details, technical information about this step", "Close"], "candidates": ["Unknown model \u2014 80.0 GiB \u2014 /dev/vda"], "event": "storage-candidates", "media": []}
BUNNY-INSTALL {"detail": "the bus exposes no model string; identity carried by device and size", "event": "model-unreported"}
BUNNY-INSTALL {"disk": "Unknown model \u2014 80.0 GiB \u2014 /dev/vda", "event": "target-verified", "sizeGiB": 80.0}
BUNNY-INSTALL {"action": "click", "control": "Unknown model \u2014 80.0 GiB \u2014 /dev/vda", "event": "activated", "role": "button"}
BUNNY-INSTALL {"disk": "Unknown model \u2014 80.0 GiB \u2014 /dev/vda \u2014 selected", "event": "target-selected"}
BUNNY-INSTALL {"action": "click", "control": "Review what happens", "event": "activated", "role": "button"}
BUNNY-INSTALL {"event": "page-turned", "presses": 1, "shows": ["frame:Set up Bunny OS", "scroll pane:", "panel:", "grouping:", "grouping:", "paragraph:"]}
BUNNY-INSTALL {"event": "stage", "name": "encryption"}
BUNNY-INSTALL {"action": "toggle", "control": "Encrypt this disk. Protects what is on the disk if the computer is lost or stolen. It does not protect you while you are logged in.", "event": "activated", "role": "switch"}
BUNNY-INSTALL {"control": "Encrypt this disk. Protects what is on the disk if the computer is lost or stolen. It does not protect you while you are logged in.", "event": "encryption-enabled"}
BUNNY-INSTALL {"characters": 21, "event": "typed", "field": "Passphrase. You will type this every time the computer starts."}
BUNNY-INSTALL {"characters": 21, "event": "typed", "field": "Passphrase again."}
BUNNY-INSTALL {"action": "click", "control": "Continue", "event": "activated", "role": "button"}
BUNNY-INSTALL {"event": "page-turned", "presses": 1, "shows": ["frame:Set up Bunny OS", "scroll pane:", "panel:", "grouping:", "grouping:", "paragraph:"]}
BUNNY-INSTALL {"event": "stage", "name": "account"}
BUNNY-INSTALL {"characters": 4, "event": "typed", "field": "Your name. What Bunny calls you."}
BUNNY-INSTALL {"characters": 4, "event": "typed", "field": "Username. Lower-case letters, digits, dash and underscore."}
BUNNY-INSTALL {"characters": 19, "event": "typed", "field": "Password."}
BUNNY-INSTALL {"characters": 19, "event": "typed", "field": "Password again."}
BUNNY-INSTALL {"characters": 6, "event": "typed", "field": "Device name. Optional. Used on networks. No hardware serial number is included."}
BUNNY-INSTALL {"action": "click", "control": "Continue", "event": "activated", "role": "button"}
BUNNY-INSTALL {"event": "page-turned", "presses": 1, "shows": ["frame:Set up Bunny OS", "scroll pane:", "panel:", "grouping:", "grouping:", "paragraph:"]}
BUNNY-INSTALL {"event": "expected-choices", "record": {"accessibility": {"captions": false, "highContrast": false, "reducedMotion": false, "screenReader": false, "textScale": 1.0}, "account": {"deviceName": "warren", "displayName": "Alex", "username": "alex"}, "appearance": {"accent": "violet", "colourScheme": "system", "wallpaper": "bunny-default"}, "applications": {"activities": [], "selected": []}, "companion": {"atLogin": true, "captions": true, "mode": "full", "voice": false}, "encryption": {"enabled": true}, "locale": {"keyboardLayout": "gb", "language": "en-GB", "region": "GB", "timezone": "Europe/London"}, "privacy": {"camera": false, "crashReports": false, "diagnostics": false, "feedback": false, "location": false, "microphone": false, "onlineAI": false, "remoteProcessing": false}, "schemaVersion": 1}}
BUNNY-INSTALL {"event": "stage", "name": "privacy"}
BUNNY-INSTALL {"action": "click", "control": "Continue", "event": "activated", "role": "button"}
BUNNY-INSTALL {"event": "page-turned", "presses": 1, "shows": ["frame:Set up Bunny OS", "scroll pane:", "panel:", "grouping:", "grouping:", "paragraph:"]}
BUNNY-INSTALL {"event": "stage", "name": "appearance"}
BUNNY-INSTALL {"action": "click", "control": "Continue", "event": "activated", "role": "button"}
BUNNY-INSTALL {"event": "page-turned", "presses": 1, "shows": ["frame:Set up Bunny OS", "scroll pane:", "panel:", "grouping:", "grouping:", "paragraph:"]}
BUNNY-INSTALL {"event": "stage", "name": "companion"}
BUNNY-INSTALL {"action": "click", "control": "Continue", "event": "activated", "role": "button"}
BUNNY-INSTALL {"event": "page-turned", "presses": 1, "shows": ["frame:Set up Bunny OS", "scroll pane:", "panel:", "grouping:", "grouping:", "paragraph:"]}
BUNNY-INSTALL {"event": "stage", "name": "applications"}
BUNNY-INSTALL {"action": "click", "control": "Skip apps", "event": "activated", "role": "button"}
BUNNY-INSTALL {"event": "page-turned", "presses": 1, "shows": ["frame:Set up Bunny OS", "scroll pane:", "panel:", "alert:", "alert:", "paragraph:"]}
BUNNY-INSTALL {"event": "stage", "name": "review"}
BUNNY-INSTALL {"event": "review-consequence", "text": ["Everything on Unknown model \u2014 80.0 GiB \u2014 /dev/vda will be erased. This cannot be undone."]}
BUNNY-INSTALL {"action": "click", "control": "Install Bunny OS, erasing Unknown model \u2014 80.0 GiB \u2014 /dev/vda", "event": "activated", "role": "button"}
BUNNY-INSTALL {"event": "page-turned", "presses": 1, "shows": ["frame:Set up Bunny OS", "scroll pane:", "panel:", "alert:", "alert:", "paragraph:"]}
BUNNY-INSTALL {"event": "stage", "name": "confirm_erase"}
BUNNY-INSTALL {"event": "confirmation-phrase", "phrase": "ERASE /dev/vda A0EDDF"}
BUNNY-INSTALL {"characters": 21, "event": "typed", "field": "Type ERASE /dev/vda A0EDDF to confirm. Typed by hand, so that a mis-click cannot erase a disk."}
BUNNY-INSTALL {"action": "click", "control": "Erase Unknown model \u2014 80.0 GiB \u2014 /dev/vda and install Bunny OS", "event": "activated", "role": "button"}
BUNNY-INSTALL {"event": "page-turned", "presses": 1, "shows": ["frame:Set up Bunny OS", "scroll pane:", "panel:", "grouping:", "grouping:", "paragraph:"]}
BUNNY-INSTALL {"event": "stage", "name": "installing"}
BUNNY-INSTALL {"event": "progress", "stages": "\u25c6  Getting the disk ready"}
BUNNY-INSTALL {"event": "done", "outcome": "complete"}
