[    1.850576] fedora kernel: virt/tdx: TDX not supported by the host platform
[    2.125527] fedora rpc.statd[409]: Failed to open directory sm: No such file or directory
[    2.125557] fedora rpc.statd[409]: Failed to create /var/lib/nfs/statd/.state.new: No such file or directory
[    2.128812] fedora rpc.idmapd[414]: Setting log level to 0
[    2.129069] fedora rpc.idmapd[414]: libnfsidmap: Unable to determine the NFSv4 domain; Using 'localdomain' as the NFSv4 domain which means UIDs will be mapped to the 'Nobody-User' user defined in /etc/idmapd.conf
[    3.060650] fedora rpc.idmapd[414]: exiting on signal 15
[    3.062763] fedora rpcbind[405]: cannot open file = /run/rpcbind/rpcbind.xdr for writing
[    3.062788] fedora rpcbind[405]: cannot save any registration
[    3.062796] fedora rpcbind[405]: cannot open file = /run/rpcbind/portmap.xdr for writing
[    3.062797] fedora rpcbind[405]: cannot save any registration
[    5.212252] fedora kernel: kauditd_printk_skb: 7 callbacks suppressed
[    5.315246] fedora systemd-oomd[693]: No swap; memory pressure usage will be degraded
[    5.674300] fedora (udev-worker)[724]: sr0: Process '/usr/sbin/pktsetup -i -d 11:0' failed with exit code 1.
[    5.854984] fedora sm-notify[774]: Failed to open sm: No such file or directory
[    5.854992] fedora sm-notify[774]: Failed to open directory sm.bak: No such file or directory
[    5.928639] fedora systemd-tmpfiles[776]: Failed to create directory or subvolume "/usr/local/sbin": Read-only file system
[    7.324347] fedora irqbalance[861]: thermal: failed to receive messages.
[    7.324487] fedora irqbalance[861]: Failed to initialize thermal events.
[    7.422326] fedora avahi-daemon[838]: WARNING: No NSS support for mDNS detected, consider installing nss-mdns!
[    7.512171] fedora systemd-logind[953]: Failed to open '/boot/loader/entries': Remote address changed
[    7.719604] fedora (udev-worker)[712]: sr0: Process '/usr/sbin/pktsetup -i -d 11:0' failed with exit code 1.
[    7.932249] fedora systemd-logind[953]: Failed to open '/boot/loader/entries': Remote address changed
[    8.036229] fedora systemd-logind[953]: Failed to open '/boot/loader/entries': Remote address changed
[    8.903343] fedora systemd-logind[953]: Failed to open '/boot/loader/entries': Remote address changed
[    8.984819] fedora gnome-shell[1178]: Could not issue 'GetUnit' systemd call
[    9.031066] fedora systemd-logind[953]: Failed to open '/boot/loader/entries': Remote address changed
[    9.053622] fedora systemd-logind[953]: Failed to open '/boot/loader/entries': Remote address changed
[    9.092699] fedora gsd-sharing[1296]: Failed to stop gnome-user-share-webdav.service: GDBus.Error:org.freedesktop.systemd1.NoSuchUnit: Unit gnome-user-share-webdav.service not loaded.
[    9.092717] fedora gsd-sharing[1296]: Failed to stop rygel.service: GDBus.Error:org.freedesktop.systemd1.NoSuchUnit: Unit rygel.service not loaded.
[    9.093300] fedora (bunny-first-boot)[1372]: bunny-first-boot.service: Failed to set up mount namespacing: /run/gdm/home/gnome-initial-setup/.config/bunny-os: No such file or directory
[    9.093315] fedora (bunny-first-boot)[1372]: bunny-first-boot.service: Failed at step NAMESPACE spawning /usr/libexec/bunny-first-boot: No such file or directory
[    9.098381] fedora systemd[1073]: bunny-first-boot.service: Failed with result 'exit-code'.
[    9.100308] fedora systemd[1073]: Failed to start bunny-first-boot.service - Bunny OS per-user first-boot preferences.
[    9.301442] fedora gnome-shell[1178]: Failed to record usage: GDBus.Error:org.freedesktop.MalcontentTimer1.Child.Error.IdentifyingUser: Error identifying user: Invalid or unknown user
[    9.302174] fedora gsd-usb-protection[1299]: Failed to fetch USBGuard parameters: GDBus.Error:org.freedesktop.DBus.Error.ServiceUnknown: The name is not activatable
[    9.303778] fedora gsd-media-keys[1291]: Failed to grab accelerator for keybinding settings:hibernate
[    9.303785] fedora gsd-media-keys[1291]: Failed to grab accelerator for keybinding settings:playback-repeat
[    9.465270] fedora wireplumber[1524]: spa.bluez5: BlueZ system service is not available
[    9.697529] fedora gnome-keyring-daemon[1627]: discover_other_daemon: 0
[    9.777095] fedora gnome-initial-setup[1373]: Could not read list of available locales from libc, guessing possible locales from available translations, but list may be incomplete!
[   10.295590] fedora gnome-shell[1178]: Could not issue 'GetUnit' systemd call
[   10.327196] fedora gsd-xsettings[1678]: Failed to get current UI scaling factor: GDBus.Error:org.freedesktop.DBus.Error.NameHasNoOwner: Destination does not exist
[   11.052050] fedora chronyd[846]: System clock wrong by 1.815299 seconds
[   12.867452] fedora chronyd[846]: System clock was stepped by 1.815299 seconds
[   17.759369] fedora kernel: kauditd_printk_skb: 145 callbacks suppressed
[   18.001788] fedora irqbalance[861]: Cannot change IRQ 25 affinity: Permission denied
[   18.001860] fedora irqbalance[861]: IRQ 25 affinity is now unmanaged
[   18.001902] fedora irqbalance[861]: Cannot change IRQ 28 affinity: Permission denied
[   18.001906] fedora irqbalance[861]: IRQ 28 affinity is now unmanaged
[   70.011907] fedora kernel: kauditd_printk_skb: 4 callbacks suppressed
[   84.409780] fedora gsd-media-keys[1291]: Virtual machines only honor the 'nothing' power-button-action, and will shutdown otherwise
[   84.483689] fedora gdm[1040]: Gdm: Failed to list cached users: GDBus.Error:org.freedesktop.DBus.Error.NoReply: Remote peer disconnected
[   84.564423] fedora systemd[1]: gdm.service: Failed with result 'exit-code'.
[   84.565846] fedora systemd[1]: gdm.service: Failed to enqueue OnFailure=plymouth-quit.service job, ignoring: Unit plymouth-quit.service not found.
[   84.571958] fedora gnome-shell[1178]: Connection to xwayland lost
[   84.577175] fedora gnome-shell[1178]: Could not issue 'GetUnit' systemd call
[   84.992888] fedora systemd[1]: sys-devices-virtual-misc-rfkill.device: Failed to enqueue SYSTEMD_WANTS job, ignoring: Transaction for systemd-rfkill.socket/start is destructive (systemd-poweroff.service has 'start' job queued, but 'stop' is included in transaction).
[   84.995824] fedora gnome-shell[1178]: Could not release device '/dev/input/event0' (13,64): GDBus.Error:org.freedesktop.DBus.Error.UnknownObject: Unknown object '/org/freedesktop/login1/session/c1'.
[   84.999533] fedora gnome-shell[1178]: Could not release device '/dev/input/event1' (13,65): GDBus.Error:org.freedesktop.DBus.Error.UnknownObject: Unknown object '/org/freedesktop/login1/session/c1'.
[   85.007633] fedora gnome-shell[1178]: Could not release device '/dev/input/event3' (13,67): GDBus.Error:org.freedesktop.DBus.Error.UnknownObject: Unknown object '/org/freedesktop/login1/session/c1'.
[   85.015498] fedora gnome-shell[1178]: Could not release device '/dev/input/event2' (13,66): GDBus.Error:org.freedesktop.DBus.Error.UnknownObject: Unknown object '/org/freedesktop/login1/session/c1'.
[   85.042541] fedora gnome-shell[1178]: Could not release device '/dev/dri/card1' (226,1): GDBus.Error:org.freedesktop.DBus.Error.UnknownObject: Unknown object '/org/freedesktop/login1/session/c1'.
[   85.043732] fedora (udev-worker)[1873]: sr0: Process '/usr/sbin/pktsetup -i -d 11:0' failed with exit code 1.
[   85.046118] fedora dbus-broker-launch[811]: Activation request for 'org.freedesktop.ColorManager' failed.
[   85.080526] fedora gnome-session-service[1171]: Failed to log out: Logout has been locked down
[  130.210167] fedora systemd[1073]: gnome-session-manager@gnome-initial-setup.service: State 'stop-sigterm' timed out. Aborting.
[  130.214689] fedora kernel: kauditd_printk_skb: 18 callbacks suppressed
[  130.221763] fedora systemd[1073]: gnome-session-manager@gnome-initial-setup.service: Main process exited, code=dumped, status=6/ABRT
[  130.235856] fedora systemd[1073]: gnome-session-manager@gnome-initial-setup.service: Failed with result 'timeout'.
[  130.249228] fedora gnome-session-ctl[1900]: Couldn't connect to session bus: Could not connect: Connection refused
[  130.394235] fedora dbus-broker-launch[811]: Activation request for 'org.freedesktop.nm_dispatcher' failed.
[  130.689967] fedora systemd-udevd[702]: Failed to remove file descriptor "config-serialization" from the store, ignoring: Connection refused
