[    7.170929] fedora systemd[1]: Listening on avahi-daemon.socket - Avahi mDNS/DNS-SD Stack Activation Socket.
[    7.254558] fedora systemd[1]: Starting avahi-daemon.service - Avahi mDNS/DNS-SD Stack...
[    7.440307] fedora avahi-daemon[844]: Found user 'avahi' (UID 70) and group 'avahi' (GID 70).
[    7.441164] fedora avahi-daemon[844]: Successfully dropped root privileges.
[    7.441398] fedora avahi-daemon[844]: avahi-daemon 0.8 starting up.
[    7.441573] fedora avahi-daemon[844]: WARNING: No NSS support for mDNS detected, consider installing nss-mdns!
[    7.442556] fedora avahi-daemon[844]: Successfully called chroot().
[    7.442598] fedora avahi-daemon[844]: Successfully dropped remaining capabilities.
[    7.442785] fedora systemd[1]: Started avahi-daemon.service - Avahi mDNS/DNS-SD Stack.
[    7.443184] fedora avahi-daemon[844]: No service file found in /etc/avahi/services.
[    7.443654] fedora avahi-daemon[844]: Joining mDNS multicast group on interface lo.IPv6 with address ::1.
[    7.443703] fedora avahi-daemon[844]: New relevant interface lo.IPv6 for mDNS.
[    7.443721] fedora avahi-daemon[844]: Joining mDNS multicast group on interface lo.IPv4 with address 127.0.0.1.
[    7.443744] fedora avahi-daemon[844]: New relevant interface lo.IPv4 for mDNS.
[    7.443759] fedora avahi-daemon[844]: Network interface enumeration completed.
[    7.443773] fedora avahi-daemon[844]: Registering new address record for ::1 on lo.*.
[    7.443801] fedora avahi-daemon[844]: Registering new address record for 127.0.0.1 on lo.IPv4.
[    7.579723] fedora avahi-daemon[844]: Joining mDNS multicast group on interface enp0s2.IPv6 with address fe80::2ef7:733c:c20b:406d.
[    7.579882] fedora avahi-daemon[844]: New relevant interface enp0s2.IPv6 for mDNS.
[    7.579890] fedora avahi-daemon[844]: Registering new address record for fe80::2ef7:733c:c20b:406d on enp0s2.*.
[    7.754918] fedora avahi-daemon[844]: Joining mDNS multicast group on interface enp0s2.IPv4 with address 10.0.2.15.
[    7.754940] fedora avahi-daemon[844]: New relevant interface enp0s2.IPv4 for mDNS.
[    7.754949] fedora avahi-daemon[844]: Registering new address record for 10.0.2.15 on enp0s2.IPv4.
[    8.652127] fedora avahi-daemon[844]: Server startup complete. Host name is fedora.local. Local service cookie is 3377574328.
[    9.004440] fedora avahi-daemon[844]: Leaving mDNS multicast group on interface enp0s2.IPv6 with address fe80::2ef7:733c:c20b:406d.
[    9.004459] fedora avahi-daemon[844]: Joining mDNS multicast group on interface enp0s2.IPv6 with address fec0::e06:3b29:3769:7bf0.
[    9.004465] fedora avahi-daemon[844]: Registering new address record for fec0::e06:3b29:3769:7bf0 on enp0s2.*.
[    9.004493] fedora avahi-daemon[844]: Withdrawing address record for fe80::2ef7:733c:c20b:406d on enp0s2.
[   12.477700] fedora avahi-daemon[844]: Missed message org.freedesktop.DBus.Properties::GetAll()
[   12.479146] fedora avahi-daemon[844]: Missed message org.freedesktop.DBus.Properties::GetAll()
[   85.156235] fedora avahi-daemon[844]: Got SIGTERM, quitting.
[   85.156205] fedora systemd[1]: Stopping avahi-daemon.service - Avahi mDNS/DNS-SD Stack...
[   85.157899] fedora avahi-daemon[844]: Leaving mDNS multicast group on interface enp0s2.IPv6 with address fec0::e06:3b29:3769:7bf0.
[   85.158230] fedora avahi-daemon[844]: Leaving mDNS multicast group on interface enp0s2.IPv4 with address 10.0.2.15.
[   85.159311] fedora avahi-daemon[844]: Leaving mDNS multicast group on interface lo.IPv6 with address ::1.
[   85.159349] fedora avahi-daemon[844]: Leaving mDNS multicast group on interface lo.IPv4 with address 127.0.0.1.
[   85.163189] fedora avahi-daemon[844]: avahi-daemon 0.8 exiting.
[   85.164182] fedora systemd[1]: avahi-daemon.service: Deactivated successfully.
[   85.164432] fedora systemd[1]: Stopped avahi-daemon.service - Avahi mDNS/DNS-SD Stack.
[   86.029714] fedora systemd[1]: avahi-daemon.socket: Deactivated successfully.
[   86.029822] fedora systemd[1]: Closed avahi-daemon.socket - Avahi mDNS/DNS-SD Stack Activation Socket.
